# phase elapsed_s device_used_mib chronon3d_cli_used_mib gpu_util_pct
idle 0.04 282 232 0
idle 0.07 282 232 0
idle 0.16 282 232 0
idle 0.26 282 232 0
idle 0.34 282 232 0
idle 0.44 291 232 0
idle 0.51 294 232 0
idle 0.59 294 232 0
idle 0.67 282 232 0
idle 0.75 282 232 0
idle 0.83 291 232 0
idle 0.91 294 232 0
idle 1.00 299 237 0
idle 1.09 308 240 0
idle 1.17 308 240 0
idle 1.25 308 240 0
idle 1.33 308 240 0
idle 1.43 320 240 0
idle 1.51 320 240 0
idle 1.60 309 240 0
idle 1.67 308 240 0
idle 1.75 308 240 0
idle 1.85 320 240 0
idle 1.96 324 244 0
idle 2.05 332 248 0
warm_pools 2.13 334 248 0
warm_pools 2.20 334 248 0
warm_pools 2.27 334 248 0
warm_pools 2.35 334 248 0
warm_pools 2.42 334 248 0
warm_pools 2.49 334 248 0
warm_pools 2.58 334 248 0
warm_pools 2.66 334 248 0
warm_pools 2.74 334 248 0
warm_pools 2.82 334 248 0
warm_pools 2.90 334 248 0
warm_pools 2.98 334 248 0
warm_pools 3.07 334 248 0
warm_pools 3.14 334 248 0
warm_pools 3.23 334 248 0
warm_pools 3.32 334 248 0
warm_pools 3.40 334 248 0
warm_pools 3.48 334 248 0
warm_pools 3.56 334 248 0
warm_pools 3.64 334 248 0
warm_pools 3.73 334 248 0
warm_pools 3.80 334 248 0
warm_pools 3.89 334 248 0
warm_pools 3.97 334 248 0
warm_pools 4.05 334 248 0
warm_pools 4.14 334 248 0
warm_pools 4.23 334 248 0
warm_pools 4.31 334 248 0
warm_pools 4.39 334 248 0
warm_pools 4.47 334 248 0
warm_pools 4.55 334 248 0
warm_pools 4.63 334 248 0
warm_pools 4.72 334 248 0
warm_pools 4.80 334 248 0
warm_pools 4.89 334 248 0
warm_pools 4.98 334 248 0
warm_pools 5.06 334 248 0
rendering 5.14 334 268 0
rendering 5.49 364 268 0
rendering 5.57 384 634 0
rendering 5.66 787 690 0
rendering 5.74 787 690 0
rendering 5.81 787 690 0
rendering 5.89 787 690 0
rendering 6.06 798 702 0
rendering 6.18 820 706 0
rendering 6.25 829 706 0
rendering 6.35 829 706 2
rendering 6.59 893 770 2
rendering 6.68 893 770 2
rendering 6.76 893 770 2
rendering 6.85 893 770 0
rendering 6.93 1097 1182 0
rendering 7.01 1305 1524 0
rendering 7.10 1817 1694 0
rendering 7.18 1945 1822 0
rendering 7.26 1945 1822 0
rendering 7.34 1945 1822 60
rendering 7.42 1843 1618 60
rendering 7.51 1741 1571 60
rendering 7.61 1152 678 60
resident_hold 7.71 768 672 60
resident_hold 7.79 768 672 60
resident_hold 7.87 768 672 0
resident_hold 7.95 768 672 0
resident_hold 8.04 768 672 0
resident_hold 8.12 768 672 0
resident_hold 8.19 768 672 0
resident_hold 8.28 768 672 0
resident_hold 8.36 768 672 0
resident_hold 8.44 768 672 0
resident_hold 8.52 768 672 0
resident_hold 8.59 768 672 0
resident_hold 8.67 768 672 0
resident_hold 8.74 768 672 0
resident_hold 8.82 768 672 0
resident_hold 8.90 768 672 0
resident_hold 8.97 768 672 0
resident_hold 9.05 768 672 0
resident_hold 9.12 768 672 0
resident_hold 9.20 768 672 0
resident_hold 9.28 768 672 0
resident_hold 9.35 768 672 0
resident_hold 9.43 768 672 0
resident_hold 9.51 768 672 0
resident_hold 9.59 768 672 0
resident_hold 9.67 768 672 0
resident_hold 9.74 768 672 0
resident_hold 9.81 768 672 0
resident_hold 9.88 768 672 0
resident_hold 9.95 768 672 0
resident_hold 10.02 768 672 0
resident_hold 10.10 768 672 0
resident_hold 10.17 768 672 0
resident_hold 10.24 768 672 0
resident_hold 10.31 768 672 0
resident_hold 10.39 768 672 0
resident_hold 10.46 768 672 0
resident_hold 10.53 768 672 0
resident_hold 10.60 768 672 0
resident_hold 10.68 768 672 0
resident_hold 10.75 768 672 0
resident_hold 10.83 768 672 0
resident_hold 10.91 768 672 0
resident_hold 10.99 768 672 0
resident_hold 11.07 768 672 0
resident_hold 11.15 768 672 0
resident_hold 11.22 768 672 0
resident_hold 11.29 768 672 0
resident_hold 11.38 768 672 0
resident_hold 11.46 768 672 0
resident_hold 11.54 768 672 0
resident_hold 11.62 768 672 0
resident_hold 11.69 768 672 0
resident_hold 11.77 768 672 0
resident_hold 11.85 768 672 0
resident_hold 11.93 768 672 0
resident_hold 12.00 768 672 0
resident_hold 12.08 768 672 0
resident_hold 12.15 768 672 0
resident_hold 12.24 768 672 0
resident_hold 12.32 768 672 0
resident_hold 12.40 768 672 0
resident_hold 12.48 768 672 0
resident_hold 12.57 768 672 0
resident_hold 12.65 768 672 0
resident_hold 12.73 768 672 0
resident_hold 12.81 768 672 0
resident_hold 12.90 768 672 0
resident_hold 12.97 768 672 0
resident_hold 13.04 768 672 0
resident_hold 13.12 768 672 0
resident_hold 13.20 768 672 0
resident_hold 13.28 768 672 0
resident_hold 13.36 768 672 0
resident_hold 13.43 768 672 0
resident_hold 13.52 768 672 0
resident_hold 13.60 768 672 0
resident_hold 13.68 768 672 0
resident_hold 13.75 768 672 0
resident_hold 13.82 768 672 0
resident_hold 13.90 768 672 0
resident_hold 13.98 768 672 0
resident_hold 14.06 768 672 0
resident_hold 14.13 768 672 0
resident_hold 14.22 768 672 0
resident_hold 14.30 768 672 0
resident_hold 14.38 768 672 0
resident_hold 14.45 768 672 0
resident_hold 14.53 768 672 0
resident_hold 14.60 768 672 0
resident_hold 14.68 768 672 0
resident_hold 14.75 768 672 0
resident_hold 14.83 768 672 0
resident_hold 14.91 768 672 0
resident_hold 14.99 768 672 0
resident_hold 15.08 768 672 0
resident_hold 15.16 768 672 0
resident_hold 15.23 768 672 0
resident_hold 15.31 768 672 0
resident_hold 15.38 768 672 0
resident_hold 15.46 768 672 0
resident_hold 15.55 768 672 0
resident_hold 15.64 768 672 0
resident_hold 15.72 768 672 0
resident_hold 15.80 768 672 0
resident_hold 15.88 768 672 0
resident_hold 15.95 768 672 0
resident_hold 16.04 768 672 0
resident_hold 16.12 768 672 0
resident_hold 16.20 768 672 0
resident_hold 16.28 768 672 0
resident_hold 16.35 768 672 0
resident_hold 16.42 768 672 0
resident_hold 16.50 768 672 0
resident_hold 16.58 768 672 0
resident_hold 16.65 768 672 0
resident_hold 16.73 768 672 0
resident_hold 16.81 768 672 0
resident_hold 16.89 768 672 0
resident_hold 16.96 768 672 0
resident_hold 17.03 768 672 0
resident_hold 17.11 768 672 0
resident_hold 17.19 768 672 0
resident_hold 17.28 768 672 0
resident_hold 17.36 768 672 0
resident_hold 17.44 768 672 0
resident_hold 17.53 768 672 0
resident_hold 17.60 768 672 0
resident_hold 17.68 768 672 0
resident_hold 17.77 768 672 0
resident_hold 17.84 768 672 0
resident_hold 17.91 768 672 0
resident_hold 17.99 768 672 0
resident_hold 18.07 768 672 0
resident_hold 18.15 768 672 0
resident_hold 18.23 768 672 0
resident_hold 18.31 768 672 0
resident_hold 18.39 768 672 0
resident_hold 18.46 768 672 0
resident_hold 18.53 768 672 0
resident_hold 18.60 768 672 0
resident_hold 18.67 768 672 0
resident_hold 18.75 768 672 0
resident_hold 18.83 768 672 0
resident_hold 18.91 768 672 0
resident_hold 19.00 768 672 0
resident_hold 19.08 768 672 0
resident_hold 19.17 768 672 0
resident_hold 19.25 768 672 0
resident_hold 19.32 768 672 0
resident_hold 19.40 768 672 0
resident_hold 19.48 768 672 0
resident_hold 19.56 768 672 0
resident_hold 19.65 768 672 0
resident_hold 19.72 768 672 0
resident_hold 19.81 768 669 0
resident_hold 19.91 738 452 0
resident_hold 20.04 525 452 0
resident_hold 20.12 525 449 0
resident_hold 20.22 495 232 0
after_shutdown 20.34 282 232 1
after_shutdown 20.42 282 232 1
after_shutdown 20.50 282 232 1
after_shutdown 20.57 282 232 1
after_shutdown 20.67 282 232 1
after_shutdown 20.75 282 232 1
after_shutdown 20.83 282 232 0
after_shutdown 20.93 282 232 0
after_shutdown 21.01 282 232 0
after_shutdown 21.09 282 232 0
after_shutdown 21.17 282 232 0
after_shutdown 21.24 282 232 0
after_shutdown 21.32 282 232 0
after_shutdown 21.40 282 232 0
after_shutdown 21.48 282 232 0
after_shutdown 21.56 282 232 0
after_shutdown 21.65 282 232 0
after_shutdown 21.72 282 232 0
after_shutdown 21.82 282 232 0
after_shutdown 21.91 282 232 0
after_shutdown 21.98 282 232 0
after_shutdown 22.06 282 232 0
after_shutdown 22.14 282 232 0
after_shutdown 22.22 282 232 0
after_shutdown 22.30 282 232 0
after_shutdown 22.38 282 232 0
after_shutdown 22.47 282 232 0
after_shutdown 22.56 282 232 0
after_shutdown 22.65 282 232 0
after_shutdown 22.72 282 232 0
after_shutdown 22.82 282 232 0
after_shutdown 22.91 282 232 0
after_shutdown 23.00 282 232 0
after_shutdown 23.08 282 232 0
after_shutdown 23.17 282 232 0
after_shutdown 23.26 282 232 0
after_shutdown 23.35 282 232 0
