# phase elapsed_s device_used_mib chronon3d_cli_used_mib gpu_util_pct
idle 0.04 8808 3967 11
idle 0.06 8808 3967 11
idle 0.25 8820 3977 11
idle 0.37 8843 4159 11
idle 0.47 9051 4192 0
idle 0.55 9051 4192 0
idle 0.64 9039 4192 0
idle 0.73 9051 4195 0
idle 0.82 9061 4195 0
idle 0.93 9067 4197 1
idle 1.05 9080 4205 1
idle 1.17 9099 4208 1
idle 1.24 9091 4208 1
idle 1.32 9091 4240 1
idle 1.49 9202 4378 0
idle 1.58 9343 4448 0
idle 1.68 9343 4720 0
idle 1.78 9643 4956 0
idle 1.88 9839 4956 0
idle 1.99 9851 4956 23
idle 2.11 9855 4962 23
idle 2.21 9873 4964 23
warm_pools 2.30 9865 4964 23
warm_pools 2.39 9865 4964 23
warm_pools 2.49 9865 4964 15
warm_pools 2.58 9865 4964 15
warm_pools 2.67 9865 4964 15
warm_pools 2.76 9865 4964 15
warm_pools 2.84 9865 4964 15
warm_pools 2.92 9865 4964 15
warm_pools 3.01 9661 4756 15
warm_pools 3.10 9620 4647 15
warm_pools 3.21 9171 4275 15
warm_pools 3.32 9157 3983 15
warm_pools 3.44 8860 3983 1
warm_pools 3.52 8860 3983 1
warm_pools 3.68 8874 3993 1
warm_pools 3.77 8887 4177 1
warm_pools 3.85 9091 4208 1
warm_pools 3.94 9091 4208 1
warm_pools 4.01 9091 4208 1
warm_pools 4.09 9091 4209 1
warm_pools 4.18 9103 4211 1
warm_pools 4.26 9103 4211 1
warm_pools 4.33 9103 4211 1
warm_pools 4.43 9108 4215 0
warm_pools 4.51 9125 4216 0
warm_pools 4.59 9125 4216 0
warm_pools 4.74 9157 4318 0
warm_pools 4.83 9365 4456 0
warm_pools 4.91 9365 4456 2
warm_pools 5.01 9661 4932 2
warm_pools 5.09 9873 4964 2
warm_pools 5.17 9873 4964 2
warm_pools 5.25 9873 4964 2
rendering 5.61 9899 4984 13
rendering 5.76 9903 4992 13
rendering 5.87 10057 5410 13
rendering 6.01 10535 5718 13
rendering 6.13 10639 5718 13
rendering 6.20 10639 5718 13
rendering 6.32 10440 5518 13
rendering 6.45 10453 5526 5
rendering 6.67 10497 5517 5
rendering 6.77 10015 5114 5
rendering 6.91 10022 4817 10
rendering 7.05 9853 5459 10
rendering 7.14 10497 5589 10
rendering 7.23 10497 5973 10
rendering 7.31 11269 6361 10
rendering 7.39 11269 6361 10
rendering 7.47 11269 6361 3
rendering 7.56 11269 6361 3
rendering 7.64 11269 6361 3
rendering 7.71 11269 6361 3
rendering 7.79 11269 6361 3
rendering 7.86 11269 6361 3
rendering 7.96 13350 8853 0
rendering 8.06 14017 9365 0
rendering 8.16 14529 9621 0
rendering 8.26 14529 9621 0
rendering 8.35 14529 9621 0
rendering 8.44 14529 9621 100
rendering 8.54 14529 9621 100
rendering 8.64 14529 9621 100
rendering 8.76 14529 9621 100
rendering 8.85 14529 8725 100
rendering 8.94 12737 7817 99
rendering 9.02 12577 7559 99
resident_hold 9.11 12465 7559 99
resident_hold 9.19 12465 7559 99
resident_hold 9.27 12465 7559 99
resident_hold 9.34 12465 7559 99
resident_hold 9.42 12465 7559 0
resident_hold 9.50 12465 7559 0
resident_hold 9.58 12465 7559 0
resident_hold 9.65 12465 7559 0
resident_hold 9.74 12465 7559 0
resident_hold 9.82 12465 7559 0
resident_hold 9.90 12465 7559 0
resident_hold 9.97 12465 7559 0
resident_hold 10.05 12465 7559 0
resident_hold 10.13 12465 7559 0
resident_hold 10.21 12465 7559 0
resident_hold 10.28 12465 7559 0
resident_hold 10.36 12465 7559 0
resident_hold 10.44 12465 7559 0
resident_hold 10.53 12465 7559 0
resident_hold 10.61 12465 7559 0
resident_hold 10.69 12465 7559 0
resident_hold 10.77 12465 7559 0
resident_hold 10.85 12465 7559 0
resident_hold 10.94 12465 7559 0
resident_hold 11.02 12465 7559 0
resident_hold 11.10 12465 7559 0
resident_hold 11.19 12465 7559 0
resident_hold 11.27 12465 7559 0
resident_hold 11.36 12465 7559 0
resident_hold 11.44 12465 7559 0
resident_hold 11.53 12465 7559 0
resident_hold 11.63 12465 7559 0
resident_hold 11.72 12465 7559 0
resident_hold 11.82 12465 7559 0
resident_hold 11.91 12465 7559 0
resident_hold 12.00 12465 7559 0
resident_hold 12.09 12465 7559 0
resident_hold 12.18 12465 7559 0
resident_hold 12.27 12465 7559 0
resident_hold 12.36 12465 7559 0
resident_hold 12.44 12465 7559 0
resident_hold 12.54 12465 7559 0
resident_hold 12.63 12465 7559 0
resident_hold 12.72 12465 7559 0
resident_hold 12.81 12465 7559 0
resident_hold 12.90 12465 7559 0
resident_hold 12.99 12465 7559 0
resident_hold 13.07 12465 7559 0
resident_hold 13.16 12465 7559 0
resident_hold 13.25 12465 7559 0
resident_hold 13.33 12465 7559 0
resident_hold 13.42 12465 7559 0
resident_hold 13.50 12465 7559 0
resident_hold 13.58 12465 7559 0
resident_hold 13.67 12465 7559 0
resident_hold 13.75 12465 7559 0
resident_hold 13.84 12465 7559 0
resident_hold 13.92 12465 7559 0
resident_hold 13.99 12465 7559 0
resident_hold 14.07 12465 7559 0
resident_hold 14.15 12465 7559 0
resident_hold 14.23 12465 7559 0
resident_hold 14.31 12465 7559 0
resident_hold 14.39 12465 7559 0
resident_hold 14.47 12465 7559 0
resident_hold 14.56 12465 7559 0
resident_hold 14.64 12465 7559 0
resident_hold 14.71 12465 7559 0
resident_hold 14.80 12465 7559 0
resident_hold 14.88 12465 7559 0
resident_hold 14.97 12465 7559 0
resident_hold 15.05 12465 7559 0
resident_hold 15.13 12465 7559 0
resident_hold 15.21 12465 7559 0
resident_hold 15.30 12465 7559 0
resident_hold 15.39 12465 7559 0
resident_hold 15.47 12465 7559 0
resident_hold 15.56 12465 7559 0
resident_hold 15.64 12465 7559 0
resident_hold 15.73 12465 7559 0
resident_hold 15.82 12465 7559 0
resident_hold 15.90 12465 7559 0
resident_hold 15.99 12465 7559 0
resident_hold 16.07 12465 7559 0
resident_hold 16.16 12465 7559 0
resident_hold 16.26 12465 7559 0
resident_hold 16.34 12465 7559 0
resident_hold 16.43 12465 7559 0
resident_hold 16.52 12465 7559 0
resident_hold 16.59 12465 7559 0
resident_hold 16.68 12465 7559 0
resident_hold 16.77 12465 7559 0
resident_hold 16.86 12465 7559 0
resident_hold 16.94 12465 7559 0
resident_hold 17.02 12465 7559 0
resident_hold 17.11 12465 7559 0
resident_hold 17.20 12465 7559 0
resident_hold 17.28 12465 7559 0
resident_hold 17.37 12465 7559 0
resident_hold 17.45 12465 7559 0
resident_hold 17.53 12465 7559 0
resident_hold 17.61 12465 7559 0
resident_hold 17.69 12465 7559 0
resident_hold 17.77 12465 7559 0
resident_hold 17.85 12465 7559 0
resident_hold 17.93 12465 7559 0
resident_hold 18.02 12465 7559 0
resident_hold 18.09 12465 7559 0
resident_hold 18.18 12465 7559 0
resident_hold 18.27 12465 7559 0
resident_hold 18.35 12465 7559 0
resident_hold 18.43 12465 7559 0
resident_hold 18.51 12465 7559 0
resident_hold 18.59 12465 7559 0
resident_hold 18.67 12465 7559 0
resident_hold 18.75 12465 7559 0
resident_hold 18.83 12465 7559 0
resident_hold 18.91 12465 7559 0
resident_hold 18.99 12465 7559 0
resident_hold 19.07 12465 7559 0
resident_hold 19.15 12465 7559 0
resident_hold 19.23 12465 7559 0
resident_hold 19.31 12465 7559 0
resident_hold 19.39 12465 7559 0
resident_hold 19.47 12465 7559 0
resident_hold 19.55 12465 7559 0
resident_hold 19.63 12465 7559 0
resident_hold 19.70 12465 7559 0
resident_hold 19.78 12465 7559 0
resident_hold 19.86 12465 7559 0
resident_hold 19.93 12465 7559 0
resident_hold 20.01 12465 7559 0
resident_hold 20.08 12465 7559 0
resident_hold 20.16 12465 7559 0
resident_hold 20.25 12465 7559 0
resident_hold 20.32 12465 7559 0
resident_hold 20.39 12465 7559 0
resident_hold 20.47 12465 7559 0
resident_hold 20.55 12465 7559 0
resident_hold 20.63 12465 7559 0
resident_hold 20.71 12465 7559 0
resident_hold 20.79 12465 7559 0
resident_hold 20.87 12465 7559 0
resident_hold 20.95 12465 7559 0
resident_hold 21.04 12465 7559 0
resident_hold 21.11 12465 7559 0
resident_hold 21.20 12465 7559 0
resident_hold 21.29 12465 7559 0
resident_hold 21.38 12465 7559 0
resident_hold 21.47 12465 7559 0
resident_hold 21.55 12465 7559 0
resident_hold 21.64 12465 7559 0
resident_hold 21.73 12465 7559 0
resident_hold 21.82 12465 7559 0
resident_hold 21.91 12465 7559 0
resident_hold 21.99 12465 7559 0
resident_hold 22.07 12465 7559 0
resident_hold 22.16 12465 7559 0
resident_hold 22.24 12465 7559 0
resident_hold 22.33 12465 7559 0
resident_hold 22.43 12465 7559 0
resident_hold 22.52 12465 7559 0
resident_hold 22.60 12465 7559 0
resident_hold 22.68 12465 7559 0
resident_hold 22.76 12465 7559 0
resident_hold 22.85 12465 7559 0
resident_hold 22.93 12465 7559 0
resident_hold 23.02 12465 7559 0
resident_hold 23.11 12465 7559 0
resident_hold 23.19 12465 7559 0
resident_hold 23.27 12465 7559 0
resident_hold 23.36 12465 7559 0
resident_hold 23.46 12465 7559 0
resident_hold 23.54 12465 7559 0
resident_hold 23.62 12465 7559 0
resident_hold 23.70 12465 7559 0
resident_hold 23.78 12465 7559 0
resident_hold 23.86 12465 7559 0
resident_hold 23.95 12465 7559 0
resident_hold 24.02 12465 7559 0
resident_hold 24.10 12465 7559 0
resident_hold 24.19 12465 6083 0
resident_hold 24.30 10944 6038 0
resident_hold 24.43 10914 5763 1
resident_hold 24.55 10636 5763 1
resident_hold 24.64 10636 4255 1
resident_hold 24.75 9115 4241 1
resident_hold 24.86 9085 3967 1
after_shutdown 25.00 8808 3967 0
after_shutdown 25.08 8808 3967 0
after_shutdown 25.16 8808 3967 0
after_shutdown 25.25 8808 3967 0
after_shutdown 25.33 8808 3967 0
after_shutdown 25.41 8808 3967 0
after_shutdown 25.49 8808 3967 0
after_shutdown 25.58 8808 3967 0
after_shutdown 25.66 8808 3967 0
after_shutdown 25.75 8808 3967 0
after_shutdown 25.84 8808 3967 0
after_shutdown 25.92 8808 3967 0
after_shutdown 26.00 8808 3967 0
after_shutdown 26.09 8808 3967 0
after_shutdown 26.18 8808 3967 0
after_shutdown 26.26 8808 3967 0
after_shutdown 26.35 8808 3967 0
after_shutdown 26.44 8808 3967 0
after_shutdown 26.52 8808 3967 0
after_shutdown 26.62 8808 3967 0
after_shutdown 26.71 8808 3967 0
after_shutdown 26.81 8808 3967 0
after_shutdown 26.90 8808 3967 0
after_shutdown 26.99 8808 3967 0
after_shutdown 27.10 8808 3967 0
after_shutdown 27.19 8808 3967 0
after_shutdown 27.29 8808 3967 0
after_shutdown 27.38 8808 3967 0
after_shutdown 27.48 8808 3967 0
after_shutdown 27.57 8808 3967 0
after_shutdown 27.67 8808 3967 0
after_shutdown 27.76 8808 3967 0
after_shutdown 27.87 8808 3967 0
after_shutdown 27.96 8808 3967 0
after_shutdown 28.05 8808 3967 0
after_shutdown 28.19 8808 3967 0
