# phase elapsed_s device_used_mib chronon3d_cli_used_mib gpu_util_pct
idle 0.04 270 218 0
idle 0.06 270 218 0
idle 0.15 270 218 0
idle 0.24 270 218 0
idle 0.34 270 218 0
idle 0.46 282 218 0
idle 0.53 282 218 0
idle 0.61 282 218 0
idle 0.69 270 218 0
idle 0.77 270 218 0
idle 0.86 282 218 0
idle 0.94 282 222 0
idle 1.07 294 226 0
idle 1.16 296 226 0
idle 1.25 296 226 0
idle 1.32 296 226 0
idle 1.46 308 226 0
idle 1.55 308 226 0
idle 1.65 296 226 0
idle 1.72 296 226 0
idle 1.83 308 226 0
idle 1.94 312 230 0
idle 2.02 320 234 0
warm_pools 2.11 322 234 0
warm_pools 2.20 322 234 0
warm_pools 2.28 322 234 0
warm_pools 2.37 322 234 0
warm_pools 2.45 322 234 0
warm_pools 2.53 322 234 0
warm_pools 2.61 322 234 0
warm_pools 2.68 322 234 0
warm_pools 2.76 322 234 0
warm_pools 2.84 322 234 0
warm_pools 2.94 322 234 0
warm_pools 3.03 322 234 0
warm_pools 3.10 322 234 0
warm_pools 3.17 322 234 0
warm_pools 3.27 322 234 0
warm_pools 3.35 322 234 0
warm_pools 3.45 322 234 0
warm_pools 3.55 322 234 0
warm_pools 3.66 322 234 0
warm_pools 3.75 322 234 0
warm_pools 3.85 322 234 0
warm_pools 3.93 322 234 0
warm_pools 4.00 322 234 0
warm_pools 4.09 322 234 0
warm_pools 4.19 322 234 0
warm_pools 4.28 322 234 0
warm_pools 4.36 322 234 0
warm_pools 4.44 322 234 0
warm_pools 4.55 322 234 0
warm_pools 4.64 322 234 0
warm_pools 4.72 322 234 0
warm_pools 4.81 322 234 0
warm_pools 4.90 322 234 0
warm_pools 4.97 322 234 0
warm_pools 5.05 322 234 0
rendering 5.13 322 234 0
rendering 5.22 322 234 0
rendering 5.33 322 234 0
rendering 5.41 322 254 0
rendering 5.69 351 254 0
rendering 5.82 514 642 0
rendering 5.91 779 680 5
rendering 6.04 1001 980 5
rendering 6.15 1095 1000 5
rendering 6.24 1099 1000 5
rendering 6.32 1099 1000 14
rendering 6.42 1103 1012 14
rendering 6.51 1111 1012 14
rendering 6.61 931 630 14
resident_hold 6.69 728 630 14
resident_hold 6.76 728 630 14
resident_hold 6.86 728 630 0
resident_hold 6.96 728 630 0
resident_hold 7.03 728 630 0
resident_hold 7.13 728 630 0
resident_hold 7.23 728 630 0
resident_hold 7.32 728 630 0
resident_hold 7.40 728 630 0
resident_hold 7.47 728 630 0
resident_hold 7.55 728 630 0
resident_hold 7.63 728 630 0
resident_hold 7.71 728 630 0
resident_hold 7.78 728 630 0
resident_hold 7.86 728 630 0
resident_hold 7.93 728 630 0
resident_hold 8.01 728 630 0
resident_hold 8.10 728 630 0
resident_hold 8.19 728 630 0
resident_hold 8.27 728 630 0
resident_hold 8.37 728 630 0
resident_hold 8.45 728 630 0
resident_hold 8.55 728 630 0
resident_hold 8.63 728 630 0
resident_hold 8.72 728 630 0
resident_hold 8.81 728 630 0
resident_hold 8.89 728 630 0
resident_hold 8.96 728 630 0
resident_hold 9.03 728 630 0
resident_hold 9.11 728 630 0
resident_hold 9.19 728 630 0
resident_hold 9.28 728 630 0
resident_hold 9.38 728 630 0
resident_hold 9.48 728 630 0
resident_hold 9.57 728 630 0
resident_hold 9.66 728 630 0
resident_hold 9.74 728 630 0
resident_hold 9.83 728 630 0
resident_hold 9.90 728 630 0
resident_hold 9.99 728 630 0
resident_hold 10.07 728 630 0
resident_hold 10.16 728 630 0
resident_hold 10.25 728 630 0
resident_hold 10.35 728 630 0
resident_hold 10.46 728 630 0
resident_hold 10.57 728 630 0
resident_hold 10.65 728 630 0
resident_hold 10.78 728 630 0
resident_hold 10.89 728 630 0
resident_hold 10.98 728 630 0
resident_hold 11.06 728 630 0
resident_hold 11.15 728 630 0
resident_hold 11.24 728 630 0
resident_hold 11.33 728 630 0
resident_hold 11.43 728 630 0
resident_hold 11.54 728 630 0
resident_hold 11.62 728 630 0
resident_hold 11.70 728 630 0
resident_hold 11.80 728 630 0
resident_hold 11.89 728 630 0
resident_hold 11.98 728 630 0
resident_hold 12.09 728 630 0
resident_hold 12.17 728 630 0
resident_hold 12.26 728 630 0
resident_hold 12.35 728 630 0
resident_hold 12.44 728 630 0
resident_hold 12.56 728 630 0
resident_hold 12.65 728 630 0
resident_hold 12.75 728 630 0
resident_hold 12.85 728 630 0
resident_hold 12.97 728 630 0
resident_hold 13.06 728 630 0
resident_hold 13.14 728 630 0
resident_hold 13.24 728 630 0
resident_hold 13.32 728 630 0
resident_hold 13.41 728 630 0
resident_hold 13.48 728 630 0
resident_hold 13.56 728 630 0
resident_hold 13.64 728 630 0
resident_hold 13.73 728 630 0
resident_hold 13.81 728 630 0
resident_hold 13.91 728 630 0
resident_hold 14.00 728 630 0
resident_hold 14.07 728 630 0
resident_hold 14.14 728 630 0
resident_hold 14.23 728 630 0
resident_hold 14.31 728 630 0
resident_hold 14.38 728 630 0
resident_hold 14.45 728 630 0
resident_hold 14.55 728 630 0
resident_hold 14.65 728 630 0
resident_hold 14.74 728 630 0
resident_hold 14.85 728 630 0
resident_hold 14.94 728 630 0
resident_hold 15.04 728 630 0
resident_hold 15.14 728 630 0
resident_hold 15.22 728 630 0
resident_hold 15.31 728 630 0
resident_hold 15.40 728 630 0
resident_hold 15.48 728 630 0
resident_hold 15.56 728 630 0
resident_hold 15.64 728 630 0
resident_hold 15.75 728 630 0
resident_hold 15.82 728 630 0
resident_hold 15.92 728 630 0
resident_hold 16.00 728 630 0
resident_hold 16.07 728 630 0
resident_hold 16.17 728 630 0
resident_hold 16.26 728 630 0
resident_hold 16.35 728 630 0
resident_hold 16.45 728 630 0
resident_hold 16.53 728 630 0
resident_hold 16.62 728 630 0
resident_hold 16.70 728 630 0
resident_hold 16.81 728 630 0
resident_hold 16.90 728 630 0
resident_hold 16.97 728 630 0
resident_hold 17.05 728 630 0
resident_hold 17.13 728 630 0
resident_hold 17.22 728 630 0
resident_hold 17.31 728 630 0
resident_hold 17.40 728 630 0
resident_hold 17.48 728 630 0
resident_hold 17.58 728 630 0
resident_hold 17.67 728 630 0
resident_hold 17.75 728 630 0
resident_hold 17.83 728 630 0
resident_hold 17.91 728 630 0
resident_hold 18.00 728 630 0
resident_hold 18.07 728 630 0
resident_hold 18.16 728 630 0
resident_hold 18.25 728 630 0
resident_hold 18.35 728 630 0
resident_hold 18.43 728 630 0
resident_hold 18.51 728 630 0
resident_hold 18.60 728 630 0
resident_hold 18.68 728 630 0
resident_hold 18.80 728 630 0
resident_hold 18.88 728 630 0
resident_hold 18.97 728 630 0
resident_hold 19.06 728 630 0
resident_hold 19.15 728 630 0
resident_hold 19.24 728 630 0
resident_hold 19.32 728 630 0
resident_hold 19.40 728 630 0
resident_hold 19.48 728 630 0
resident_hold 19.57 728 630 0
resident_hold 19.64 728 630 0
resident_hold 19.75 728 630 0
resident_hold 19.83 728 630 0
resident_hold 19.92 728 630 0
resident_hold 20.01 728 630 0
resident_hold 20.11 728 630 0
resident_hold 20.19 728 630 0
resident_hold 20.27 728 630 0
resident_hold 20.35 728 630 0
resident_hold 20.44 728 630 0
resident_hold 20.53 728 630 0
resident_hold 20.62 728 630 0
resident_hold 20.70 728 630 0
resident_hold 20.78 728 630 0
resident_hold 20.87 728 630 0
resident_hold 20.96 728 630 0
resident_hold 21.04 728 630 0
resident_hold 21.12 728 630 0
resident_hold 21.19 728 630 0
resident_hold 21.28 728 630 0
resident_hold 21.38 728 630 0
resident_hold 21.48 728 630 0
resident_hold 21.57 728 630 0
resident_hold 21.67 728 630 0
resident_hold 21.74 728 625 0
resident_hold 21.88 700 428 3
resident_hold 22.03 503 425 3
resident_hold 22.13 476 218 3
after_shutdown 22.28 270 218 3
after_shutdown 22.46 270 218 6
after_shutdown 22.69 270 218 6
after_shutdown 22.84 270 218 0
after_shutdown 23.08 270 218 0
after_shutdown 23.28 270 218 0
after_shutdown 23.51 270 218 0
after_shutdown 23.67 270 218 0
after_shutdown 23.85 270 218 0
after_shutdown 24.05 270 218 0
after_shutdown 24.35 270 218 0
after_shutdown 24.54 270 218 0
after_shutdown 24.71 270 218 0
after_shutdown 24.85 270 218 0
after_shutdown 25.01 270 218 0
after_shutdown 25.18 270 218 0
after_shutdown 25.32 270 218 0
