0.04 3517
0.14 3517
0.22 3517
0.31 3517
0.40 3517
0.50 3517
0.59 3517
0.68 3517
0.77 3517
0.86 3517
0.95 3517
1.04 3517
1.14 3517
1.23 3517
1.33 3517
1.42 3517
1.51 3517
1.60 3517
1.70 3517
1.79 3517
1.88 3517
1.98 3517
2.07 3517
2.19 3517
2.49 3546
2.62 3547
2.72 3916
2.82 3970
2.91 3970
3.03 3987
3.15 3994
3.25 3994
3.33 3994
3.43 4002
3.53 4006
3.66 4021
3.75 4030
3.83 4030
3.97 4062
4.13 4094
4.23 4094
4.32 4230
4.41 4300
4.52 4542
4.61 4726
4.71 5065
4.79 5461
4.89 6065
5.00 6307
5.09 6319
5.19 6319
5.29 6319
5.39 6319
5.50 6319
5.59 6319
5.68 6319
5.77 5862
5.87 5622
5.96 5579
6.06 4783
6.15 4721
6.25 3934
6.35 3716
6.44 3716
6.53 3716
6.63 3716
6.71 3716
6.80 3716
6.89 3716
6.98 3716
7.07 3716
7.16 3716
7.25 3716
7.34 3517
7.43 3517
7.53 3517
7.61 3517
7.72 3517
7.81 3517
7.89 3517
7.98 3517
8.07 3517
8.16 3517
8.25 3517
