# phase elapsed_s device_used_mib chronon3d_cli_used_mib gpu_util_pct
idle 0.05 8808 3967 0
idle 0.07 8808 3967 0
idle 0.15 8808 3967 0
idle 0.24 8808 3967 0
idle 0.34 8808 3967 0
idle 0.44 8817 3967 0
idle 0.52 8820 3967 0
idle 0.61 8820 3967 0
idle 0.70 8808 3967 0
idle 0.79 8817 3967 0
idle 0.88 8820 3967 0
idle 0.98 8825 3972 0
idle 1.08 8842 3975 0
idle 1.17 8834 3975 2
idle 1.25 8834 3975 2
idle 1.35 8843 3975 2
idle 1.44 8846 3975 2
idle 1.52 8846 3975 2
idle 1.61 8834 3975 2
idle 1.71 8843 3975 0
idle 1.80 8846 3975 0
idle 1.92 8852 3982 0
idle 2.03 8868 3983 0
warm_pools 2.14 8860 3983 0
warm_pools 2.22 8860 3983 0
warm_pools 2.30 8860 3983 0
warm_pools 2.38 8860 3983 0
warm_pools 2.46 8860 3983 0
warm_pools 2.56 8860 3983 0
warm_pools 2.65 8860 3983 0
warm_pools 2.74 8860 3983 0
warm_pools 2.83 8860 3983 0
warm_pools 2.92 8860 3983 0
warm_pools 3.01 8860 3983 0
warm_pools 3.09 8860 3983 0
warm_pools 3.18 8860 3983 0
warm_pools 3.26 8860 3983 0
warm_pools 3.34 8860 3983 0
warm_pools 3.43 8860 3983 0
warm_pools 3.51 8860 3983 0
warm_pools 3.61 8860 3983 0
warm_pools 3.69 8860 3983 0
warm_pools 3.78 8860 3983 0
warm_pools 3.88 8860 3983 0
warm_pools 3.97 8860 3983 0
warm_pools 4.05 8860 3983 0
warm_pools 4.13 8860 3983 0
warm_pools 4.21 8860 3983 0
warm_pools 4.30 8860 3983 0
warm_pools 4.40 8860 3983 0
warm_pools 4.48 8860 3983 0
warm_pools 4.56 8860 3983 0
warm_pools 4.65 8860 3983 0
warm_pools 4.73 8860 3983 0
warm_pools 4.83 8860 3983 0
warm_pools 4.91 8860 3983 0
warm_pools 5.00 8860 3983 0
rendering 5.08 8860 4003 0
rendering 5.43 8889 4003 0
rendering 5.54 8910 4527 0
rendering 5.63 9443 4737 0
rendering 5.72 9626 4737 6
rendering 5.80 9626 4737 6
rendering 5.88 9626 4737 6
rendering 6.01 9634 4740 6
rendering 6.14 9651 4753 3
rendering 6.25 9668 4753 3
rendering 6.31 9668 4817 3
rendering 6.54 9732 4817 3
rendering 6.61 9732 4817 3
rendering 6.69 9732 4817 0
rendering 6.76 9732 4817 0
rendering 6.84 9860 5459 0
rendering 6.92 11018 6361 0
rendering 7.01 11276 6361 0
rendering 7.10 11276 6361 0
rendering 7.19 11276 6361 0
rendering 7.26 11276 6361 0
rendering 7.35 11276 6361 0
rendering 7.43 11276 6361 0
rendering 7.51 11276 6361 0
rendering 7.60 11276 7479 0
rendering 7.70 12650 7735 10
rendering 7.81 12906 7991 10
rendering 7.90 14024 9365 10
rendering 7.99 14280 9365 10
rendering 8.09 14536 9621 10
rendering 8.17 14536 9621 100
rendering 8.25 14536 9621 100
rendering 8.34 14536 9621 100
rendering 8.42 14536 8725 100
rendering 8.51 13640 8592 100
rendering 8.61 13504 8590 100
rendering 8.70 12608 7694 74
rendering 8.80 12472 7559 74
resident_hold 8.88 12472 7559 74
resident_hold 8.96 12472 7559 74
resident_hold 9.05 12472 7559 74
resident_hold 9.13 12472 7559 74
resident_hold 9.21 12472 7559 0
resident_hold 9.30 12472 7559 0
resident_hold 9.38 12472 7559 0
resident_hold 9.47 12472 7559 0
resident_hold 9.55 12472 7559 0
resident_hold 9.64 12472 7559 0
resident_hold 9.73 12472 7559 0
resident_hold 9.82 12472 7559 0
resident_hold 9.90 12472 7559 0
resident_hold 9.99 12472 7559 0
resident_hold 10.07 12472 7559 0
resident_hold 10.15 12472 7559 0
resident_hold 10.24 12472 7559 0
resident_hold 10.32 12472 7559 0
resident_hold 10.40 12472 7559 0
resident_hold 10.49 12472 7559 0
resident_hold 10.58 12472 7559 0
resident_hold 10.67 12472 7559 0
resident_hold 10.75 12472 7559 0
resident_hold 10.84 12472 7559 0
resident_hold 10.93 12472 7559 0
resident_hold 11.02 12472 7559 0
resident_hold 11.10 12472 7559 0
resident_hold 11.19 12472 7559 0
resident_hold 11.28 12472 7559 0
resident_hold 11.36 12472 7559 0
resident_hold 11.44 12472 7559 0
resident_hold 11.52 12472 7559 0
resident_hold 11.61 12472 7559 0
resident_hold 11.69 12472 7559 0
resident_hold 11.78 12472 7559 0
resident_hold 11.86 12472 7559 0
resident_hold 11.95 12472 7559 0
resident_hold 12.03 12472 7559 0
resident_hold 12.12 12472 7559 0
resident_hold 12.21 12472 7559 0
resident_hold 12.29 12472 7559 0
resident_hold 12.38 12472 7559 0
resident_hold 12.46 12472 7559 0
resident_hold 12.55 12472 7559 0
resident_hold 12.64 12472 7559 0
resident_hold 12.73 12472 7559 0
resident_hold 12.82 12472 7559 0
resident_hold 12.91 12472 7559 0
resident_hold 12.98 12472 7559 0
resident_hold 13.08 12472 7559 0
resident_hold 13.16 12472 7559 0
resident_hold 13.24 12472 7559 0
resident_hold 13.32 12472 7559 0
resident_hold 13.40 12472 7559 0
resident_hold 13.49 12472 7559 0
resident_hold 13.58 12472 7559 0
resident_hold 13.67 12472 7559 0
resident_hold 13.75 12472 7559 0
resident_hold 13.84 12472 7559 0
resident_hold 13.93 12472 7559 0
resident_hold 14.02 12472 7559 0
resident_hold 14.11 12472 7559 0
resident_hold 14.19 12472 7559 0
resident_hold 14.28 12472 7559 0
resident_hold 14.37 12472 7559 0
resident_hold 14.46 12472 7559 0
resident_hold 14.55 12472 7559 0
resident_hold 14.63 12472 7559 0
resident_hold 14.72 12472 7559 0
resident_hold 14.80 12472 7559 0
resident_hold 14.88 12472 7559 0
resident_hold 14.97 12472 7559 0
resident_hold 15.06 12472 7559 0
resident_hold 15.15 12472 7559 0
resident_hold 15.23 12472 7559 0
resident_hold 15.32 12472 7559 0
resident_hold 15.41 12472 7559 0
resident_hold 15.51 12472 7559 0
resident_hold 15.60 12472 7559 0
resident_hold 15.68 12472 7559 0
resident_hold 15.76 12472 7559 0
resident_hold 15.85 12472 7559 0
resident_hold 15.93 12472 7559 0
resident_hold 16.02 12472 7559 0
resident_hold 16.11 12472 7559 0
resident_hold 16.19 12472 7559 0
resident_hold 16.27 12472 7559 0
resident_hold 16.34 12472 7559 0
resident_hold 16.42 12472 7559 0
resident_hold 16.49 12472 7559 0
resident_hold 16.58 12472 7559 0
resident_hold 16.66 12472 7559 0
resident_hold 16.74 12472 7559 0
resident_hold 16.83 12472 7559 0
resident_hold 16.90 12472 7559 0
resident_hold 16.99 12472 7559 0
resident_hold 17.08 12472 7559 0
resident_hold 17.16 12472 7559 0
resident_hold 17.24 12472 7559 0
resident_hold 17.33 12472 7559 0
resident_hold 17.42 12472 7559 0
resident_hold 17.50 12472 7559 0
resident_hold 17.59 12472 7559 0
resident_hold 17.67 12472 7559 0
resident_hold 17.76 12472 7559 0
resident_hold 17.85 12472 7559 0
resident_hold 17.93 12472 7559 0
resident_hold 18.03 12472 7559 0
resident_hold 18.11 12472 7559 0
resident_hold 18.19 12472 7559 0
resident_hold 18.27 12472 7559 0
resident_hold 18.35 12472 7559 0
resident_hold 18.44 12472 7559 0
resident_hold 18.52 12472 7559 0
resident_hold 18.63 12472 7559 0
resident_hold 18.72 12472 7559 0
resident_hold 18.80 12472 7559 0
resident_hold 18.89 12472 7559 0
resident_hold 18.96 12472 7559 0
resident_hold 19.04 12472 7559 0
resident_hold 19.13 12472 7559 0
resident_hold 19.22 12472 7559 0
resident_hold 19.30 12472 7559 0
resident_hold 19.38 12472 7559 0
resident_hold 19.47 12472 7559 0
resident_hold 19.55 12472 7559 0
resident_hold 19.63 12472 7559 0
resident_hold 19.71 12472 7559 0
resident_hold 19.79 12472 7559 0
resident_hold 19.88 12472 7559 0
resident_hold 19.96 12472 7559 0
resident_hold 20.04 12472 7559 0
resident_hold 20.12 12472 7559 0
resident_hold 20.20 12472 7559 0
resident_hold 20.28 12472 7559 0
resident_hold 20.37 12472 7559 0
resident_hold 20.47 12472 7559 0
resident_hold 20.56 12472 7559 0
resident_hold 20.64 12472 7559 0
resident_hold 20.73 12472 7559 0
resident_hold 20.82 12472 7559 0
resident_hold 20.91 12472 7559 0
resident_hold 21.00 12472 7559 0
resident_hold 21.09 12472 7559 0
resident_hold 21.17 12472 7559 0
resident_hold 21.26 12472 7559 0
resident_hold 21.34 12472 7559 0
resident_hold 21.43 12472 7559 0
resident_hold 21.51 12472 7559 0
resident_hold 21.60 12472 7559 0
resident_hold 21.68 12472 7559 0
resident_hold 21.76 12472 7559 0
resident_hold 21.85 12472 7559 0
resident_hold 21.93 12472 7559 0
resident_hold 22.01 12472 7559 0
resident_hold 22.09 12472 7559 0
resident_hold 22.17 12472 7559 0
resident_hold 22.25 12472 7559 0
resident_hold 22.34 12472 7559 0
resident_hold 22.42 12472 7559 0
resident_hold 22.50 12472 7559 0
resident_hold 22.59 12472 7559 0
resident_hold 22.68 12472 7559 0
resident_hold 22.76 12472 7559 0
resident_hold 22.85 12472 7559 0
resident_hold 22.93 12472 7559 0
resident_hold 23.02 12472 7559 0
resident_hold 23.10 12472 7559 0
resident_hold 23.19 12472 7559 0
resident_hold 23.27 12472 7559 0
resident_hold 23.36 12472 7559 0
resident_hold 23.44 12472 7559 0
resident_hold 23.53 12472 7559 0
resident_hold 23.61 12472 7559 0
resident_hold 23.71 12472 7559 0
resident_hold 23.79 12472 7559 0
resident_hold 23.87 12472 7559 0
resident_hold 23.96 12472 6051 0
resident_hold 24.06 10944 6039 0
resident_hold 24.16 10914 5763 1
resident_hold 24.27 10636 5763 1
resident_hold 24.36 10636 5763 1
resident_hold 24.47 9128 4251 1
resident_hold 24.56 9097 3967 1
resident_hold 24.65 9085 3967 1
after_shutdown 24.76 8808 3967 1
after_shutdown 24.84 8808 3967 1
after_shutdown 24.93 8808 3967 1
after_shutdown 25.01 8808 3967 1
after_shutdown 25.09 8808 3967 1
after_shutdown 25.17 8808 3967 0
after_shutdown 25.25 8808 3967 0
after_shutdown 25.34 8808 3967 0
after_shutdown 25.43 8808 3967 0
after_shutdown 25.52 8808 3967 0
after_shutdown 25.61 8808 3967 0
after_shutdown 25.70 8808 3967 0
after_shutdown 25.79 8808 3967 0
after_shutdown 25.88 8808 3967 0
after_shutdown 25.98 8808 3967 0
after_shutdown 26.08 8808 3967 0
after_shutdown 26.17 8808 3967 0
after_shutdown 26.25 8808 3967 0
after_shutdown 26.34 8808 3967 0
after_shutdown 26.43 8808 3967 0
after_shutdown 26.53 8808 3967 0
after_shutdown 26.63 8808 3967 0
after_shutdown 26.72 8808 3967 0
after_shutdown 26.80 8808 3967 0
after_shutdown 26.89 8808 3967 0
after_shutdown 26.98 8808 3967 0
after_shutdown 27.07 8808 3967 0
after_shutdown 27.16 8808 3967 0
after_shutdown 27.25 8808 3967 0
after_shutdown 27.35 8808 3967 0
after_shutdown 27.45 8808 3967 0
after_shutdown 27.55 8808 3967 0
after_shutdown 27.64 8808 3967 0
after_shutdown 27.72 8808 3967 0
