# phase elapsed_s device_used_mib chronon3d_cli_used_mib gpu_util_pct
idle 0.04 8006 3166 0
idle 0.06 8006 3166 0
idle 0.14 8006 3166 0
idle 0.22 8006 3166 0
idle 0.30 8006 3166 0
idle 0.39 8015 3166 0
idle 0.47 8018 3166 0
idle 0.55 8018 3166 0
idle 0.64 8006 3166 0
idle 0.71 8006 3166 0
idle 0.80 8015 3166 0
idle 0.88 8018 3166 1
idle 0.98 8024 3172 1
idle 1.08 8040 3174 1
idle 1.16 8032 3174 1
idle 1.25 8032 3174 1
idle 1.33 8041 3174 1
idle 1.42 8044 3174 0
idle 1.50 8044 3174 0
idle 1.59 8032 3174 0
idle 1.67 8032 3174 0
idle 1.76 8041 3174 0
idle 1.83 8044 3174 0
idle 1.95 8050 3181 1
idle 2.05 8066 3182 1
warm_pools 2.13 8058 3182 1
warm_pools 2.21 8058 3182 1
warm_pools 2.30 8058 3182 1
warm_pools 2.38 8058 3182 0
warm_pools 2.47 8058 3182 0
warm_pools 2.55 8058 3182 0
warm_pools 2.63 8058 3182 0
warm_pools 2.71 8058 3182 0
warm_pools 2.78 8058 3182 0
warm_pools 2.86 8058 3182 0
warm_pools 2.94 8058 3182 0
warm_pools 3.03 8058 3182 0
warm_pools 3.11 8058 3182 0
warm_pools 3.20 8058 3182 0
warm_pools 3.29 8058 3182 0
warm_pools 3.36 8058 3182 0
warm_pools 3.45 8058 3182 0
warm_pools 3.55 8058 3182 0
warm_pools 3.64 8058 3182 0
warm_pools 3.75 8058 3182 0
warm_pools 3.84 8058 3182 0
warm_pools 3.94 8058 3182 0
warm_pools 4.03 8058 3182 0
warm_pools 4.14 8058 3182 0
warm_pools 4.24 8058 3182 0
warm_pools 4.35 8058 3182 0
warm_pools 4.46 8058 3182 0
warm_pools 4.55 8058 3182 0
warm_pools 4.63 8058 3182 0
warm_pools 4.72 8058 3182 0
warm_pools 4.82 8058 3182 0
warm_pools 4.90 8058 3182 0
warm_pools 4.97 8058 3182 0
warm_pools 5.05 8058 3182 0
rendering 5.34 8087 3202 0
rendering 5.48 8089 3220 0
rendering 5.57 8613 3852 0
rendering 5.72 8824 3936 0
rendering 5.81 8824 3936 0
rendering 5.89 8824 3936 0
rendering 5.96 8824 3936 0
rendering 6.06 8830 3944 0
rendering 6.23 8857 3952 0
rendering 6.32 8867 3952 0
rendering 6.62 8943 4050 4
rendering 6.71 8992 4077 4
rendering 6.80 8992 4111 4
rendering 6.87 9130 4285 0
rendering 6.99 9456 5605 0
rendering 7.11 10884 6157 0
rendering 7.26 11192 6355 0
rendering 7.38 11270 6355 15
rendering 7.48 11270 6355 15
rendering 7.58 11270 6355 15
rendering 7.71 11270 6355 15
rendering 7.89 11270 6355 60
rendering 8.10 10996 6744 60
rendering 8.29 12325 7410 60
rendering 8.44 13696 9040 47
rendering 8.58 14210 9296 47
rendering 8.71 14210 9296 47
rendering 8.86 14210 9296 96
rendering 8.99 14210 9296 96
rendering 9.16 14210 9296 96
rendering 9.32 13314 8400 96
rendering 9.50 12312 7263 69
resident_hold 9.65 12176 7263 69
resident_hold 9.78 12176 7263 69
resident_hold 9.90 12176 7263 0
resident_hold 10.00 12176 7263 0
resident_hold 10.10 12176 7263 0
resident_hold 10.22 12176 7263 0
resident_hold 10.67 12223 7317 0
resident_hold 10.81 12227 7321 0
resident_hold 10.95 12295 7461 2
resident_hold 11.78 12579 7673 100
resident_hold 11.98 12579 7673 100
resident_hold 12.13 12579 7673 100
resident_hold 12.31 12579 7673 100
resident_hold 12.43 12579 7673 100
resident_hold 12.57 12579 7673 100
resident_hold 12.72 12579 7673 100
resident_hold 12.89 12579 7673 100
resident_hold 13.03 12579 7673 100
resident_hold 13.17 12579 7673 100
resident_hold 13.32 12579 7673 100
resident_hold 13.45 12579 7673 100
resident_hold 13.59 12579 7673 100
resident_hold 13.74 12579 7673 100
resident_hold 13.90 12579 7673 100
resident_hold 14.03 12579 7673 100
resident_hold 14.20 12579 7673 100
resident_hold 14.34 12579 7673 100
resident_hold 14.47 12579 7673 100
resident_hold 14.60 12579 7673 100
resident_hold 14.76 12579 7673 100
resident_hold 14.91 12579 7673 100
resident_hold 15.04 12579 7673 100
resident_hold 15.21 12579 7673 100
resident_hold 15.37 12579 7673 100
resident_hold 15.50 12579 7673 100
resident_hold 15.63 12579 7673 100
resident_hold 15.82 12579 7673 100
resident_hold 15.97 12579 7673 100
resident_hold 16.10 12579 7673 100
resident_hold 16.25 12579 7673 100
resident_hold 16.41 12579 7673 100
resident_hold 16.54 12579 7673 100
resident_hold 16.71 12579 7673 100
resident_hold 16.88 12579 7673 100
resident_hold 17.01 12579 7673 100
resident_hold 17.14 12579 7673 100
resident_hold 17.32 12579 7673 100
resident_hold 17.45 12579 7673 100
resident_hold 17.59 12579 7673 100
resident_hold 17.80 12579 7673 100
resident_hold 17.94 12579 7673 100
resident_hold 18.08 12579 7673 100
resident_hold 18.23 12579 7673 100
resident_hold 18.38 12579 7673 100
resident_hold 18.52 12579 7673 100
resident_hold 18.66 12579 7673 100
resident_hold 18.84 12579 7673 100
resident_hold 18.97 12579 7673 100
resident_hold 19.10 12579 7673 100
resident_hold 19.28 12579 7673 100
resident_hold 19.41 12579 7673 100
resident_hold 19.54 12579 7673 100
resident_hold 19.71 12579 7673 100
resident_hold 19.89 12579 7673 100
resident_hold 20.01 12579 7673 100
resident_hold 20.14 12579 7673 100
resident_hold 20.33 12579 7673 100
resident_hold 20.47 12579 7673 100
resident_hold 20.60 12579 7673 100
resident_hold 20.77 12579 7673 100
resident_hold 20.92 12579 7673 100
resident_hold 21.05 12579 7673 100
resident_hold 21.21 12579 7673 100
resident_hold 21.36 12579 7673 100
resident_hold 22.31 12579 7673 100
resident_hold 22.38 12579 7673 100
resident_hold 22.46 12579 7673 100
resident_hold 22.55 12579 7673 100
resident_hold 22.63 12579 7673 100
resident_hold 22.71 12579 7673 100
resident_hold 22.78 12579 7673 100
resident_hold 22.86 12579 7673 0
resident_hold 22.94 12579 7673 0
resident_hold 23.02 12579 7673 0
resident_hold 23.10 12457 7526 0
resident_hold 23.19 12461 7557 0
resident_hold 23.27 12465 7526 0
resident_hold 23.38 12433 7555 1
resident_hold 23.46 12465 7555 1
resident_hold 23.54 12431 7555 1
resident_hold 23.63 12463 7559 1
resident_hold 23.70 12465 7559 1
resident_hold 23.78 12465 7559 1
resident_hold 23.85 12465 7559 1
resident_hold 23.92 12465 7559 1
resident_hold 24.01 12465 7559 1
resident_hold 24.09 12465 7559 1
resident_hold 24.19 12465 7559 1
resident_hold 24.28 12465 7559 1
resident_hold 24.36 12465 7559 0
resident_hold 24.44 12465 7559 0
resident_hold 24.52 12465 7559 0
resident_hold 24.60 12465 7559 0
resident_hold 24.79 12223 6097 0
resident_hold 24.93 10969 6068 0
resident_hold 25.01 11127 5961 0
resident_hold 25.12 11144 5988 0
resident_hold 25.26 10867 5988 0
resident_hold 25.36 10611 4480 8
resident_hold 25.46 9354 4478 8
resident_hold 25.57 9340 4195 8
resident_hold 25.65 9328 4195 8
after_shutdown 25.78 9051 4195 8
after_shutdown 25.86 9057 4200 8
after_shutdown 25.95 9073 4200 8
after_shutdown 26.03 9073 4200 8
after_shutdown 26.11 9073 4200 8
after_shutdown 26.19 9073 4200 8
after_shutdown 26.27 9073 4200 8
after_shutdown 26.34 9073 4200 0
after_shutdown 26.42 9073 4200 0
after_shutdown 26.49 9073 4200 0
after_shutdown 26.57 9073 4200 0
after_shutdown 26.66 9073 4200 0
after_shutdown 26.74 9073 4200 0
after_shutdown 26.83 9073 4200 0
after_shutdown 26.91 9073 4232 0
after_shutdown 27.04 9209 4440 0
after_shutdown 27.12 9313 4440 0
after_shutdown 27.22 9585 4888 0
after_shutdown 27.33 9821 4948 1
after_shutdown 27.41 9821 4948 1
after_shutdown 27.49 9821 4948 1
after_shutdown 27.57 9821 4948 1
after_shutdown 27.65 9821 4948 1
after_shutdown 27.73 9821 4948 1
after_shutdown 27.83 9821 4948 15
after_shutdown 27.92 9821 4948 15
after_shutdown 28.00 9821 4948 15
after_shutdown 28.09 9821 4948 15
after_shutdown 28.18 9821 4948 15
after_shutdown 28.27 9821 4948 15
after_shutdown 28.36 9821 4948 14
after_shutdown 28.44 9821 4948 14
after_shutdown 28.53 9617 4740 14
after_shutdown 28.63 9573 4529 14
after_shutdown 28.73 9118 4259 14
after_shutdown 28.82 9105 3967 11
