[2026-10-02 18:59:11.140] [info] [overlay-prepare] validated package=/tmp/velox-image-gpu-cert-small/inputs/image_neon_trace/prepared.json hash=bfd7080648bb9da8472019cb331cebf1c56bc6c1f2eb8153056e80bf0919942f assets=1 text_runs=1 overlays=3
[2026-10-02 18:59:11.144] [info] [asset-profile] kind=3 path=assets/fonts/Poppins-Bold.ttf bytes=155996 cache=miss invalidated=0 stat=0.01ms hash=3.69ms hashed_bytes=155996 total=3.84ms
[2026-10-02 18:59:11.145] [info] [asset-profile] kind=0 path=assets/semantic/certification-image.jpg bytes=4146 cache=miss invalidated=0 stat=0.01ms hash=0.12ms hashed_bytes=4146 total=0.24ms
[2026-10-02 18:59:11.145] [info] [asset-digest-cache] hits=0 misses=2 invalidations=0 bytes_hashed=160142 lookup_ms=0.01 write_ms=0.03 full_hash_ms=3.81
[2026-10-02 18:59:11.146] [info] [plan-profile] read=0.12ms parse=1.32ms decode=396.70ms resolver=0.03ms compile_validate=5.73ms total=405.52ms
[2026-10-02 18:59:11.147] [info] [asset-profile] kind=3 path=assets/fonts/Poppins-Bold.ttf bytes=155996 cache=hit invalidated=0 stat=0.01ms hash=0.00ms hashed_bytes=0 total=0.10ms
[2026-10-02 18:59:11.147] [info] [asset-profile] kind=0 path=assets/semantic/certification-image.jpg bytes=4146 cache=hit invalidated=0 stat=0.01ms hash=0.00ms hashed_bytes=0 total=0.10ms
[2026-10-02 18:59:11.147] [info] [asset-digest-cache] hits=2 misses=0 invalidations=0 bytes_hashed=0 lookup_ms=0.01 write_ms=0.00 full_hash_ms=0.00
[2026-10-02 18:59:11.149] [info] [plan-compile-profile] assets=0.48ms fingerprint=1.47ms media_resolution=0.00ms materialize=0.19ms composition_compile=0.00ms compatibility_view=0.07ms total=2.59ms
[2026-10-02 18:59:11.150] [info] [video] Auto-selecting yuv420p pipe pixel format for 1280x720 output
[2026-10-02 18:59:11.150] [info] [video] execution plan resolved (reason: required_gpu_native_full_graph); decode=1 composite=2 encode=1 interop=2 handoff=1 codec=3
[2026-10-02 18:59:11.168] [info] [video-runtime] created persistent runtime for device 0 (CUDA ordinal 0)
[2026-10-02 18:59:11.168] [info] [video] encoder feed capability: host_frame=false direct_yuv=false native_surface=true
[2026-10-02 18:59:11.463] [info] [native_av] CUDA context contract: native=0x560bda55f970 ffmpeg=0x560bda55f970
[2026-10-02 18:59:11.482] [info] [native_av] NVENC tuning applied: rc=constqp preset=p1 async_depth=4 nvenc_surfaces=8 qp=23 bitrate=0
[2026-10-02 18:59:11.514] [info] [native_av] encoder bitstream contract: codec=27 profile=100 level=-99 pix_fmt=119 parameter_sets=49 materialized=true
[2026-10-02 18:59:11.515] [info] [native_av] Opened native encoder: 1280x720 @ 24fps, codec=h264_nvenc, rc=constqp, preset=p1, output='/tmp/velox-image-gpu-cert-small/inputs/image_neon_trace/catalog-motions.partial.mp4'
[2026-10-02 18:59:13.398] [info] ImageCache: loaded 'assets/semantic/certification-image.jpg' (480x360) in 774.272ms
[2026-10-02 18:59:13.511] [info] [pool-warm] Pre-allocated and pre-imported 6 execution slots (1280x720) for native NVENC
[2026-10-02 18:59:13.585] [info] chronon3d::vulkan text batch formats: dst_image.format=109 atlas_image.format=44 atlas_encoding=2 (shader contract: dst rgba32f, atlas rgba8)
[2026-10-02 18:59:13.585] [info] [temp-lifetime] frame=0 after_level=0 live=[0,1,4,6,] retired=[]
[2026-10-02 18:59:13.585] [info] [exec-level-diag] frame=0 level=0 nodes=4 input_ms=0.006 dispatch_ms=4.904 fb_release_ms=0.005
[2026-10-02 18:59:13.585] [info] [graph-edge] frame=0 level=1 consumer_id=2 input_index=0 producer_id=0 producer_level=0
[2026-10-02 18:59:13.585] [info] [graph-edge] frame=0 level=1 consumer_id=2 input_index=1 producer_id=1 producer_level=0
[2026-10-02 18:59:13.586] [info] [temp-lifetime] frame=0 after_level=1 live=[2,4,6,] retired=[0,1,]
[2026-10-02 18:59:13.586] [info] [exec-level-diag] frame=0 level=1 nodes=1 input_ms=0.121 dispatch_ms=0.667 fb_release_ms=0.013
[2026-10-02 18:59:13.586] [info] [graph-edge] frame=0 level=2 consumer_id=5 input_index=0 producer_id=2 producer_level=1
[2026-10-02 18:59:13.586] [info] [graph-edge] frame=0 level=2 consumer_id=5 input_index=1 producer_id=4 producer_level=0
[2026-10-02 18:59:13.586] [error] [native-surface] cannot upload from framebuffer without CPU pixel backing
[2026-10-02 18:59:13.586] [error] [native-residency] CompositeNode cannot keep frame 0 on GPU (destination=12 source=0)
[2026-10-02 18:59:13.586] [info] [temp-lifetime] frame=0 after_level=2 live=[6,] retired=[2,4,]
[2026-10-02 18:59:13.586] [info] [exec-level-diag] frame=0 level=2 nodes=1 input_ms=0.070 dispatch_ms=0.199 fb_release_ms=0.009
[2026-10-02 18:59:13.587] [warning] [input-unresolved] frame=0 level=3 consumer_id=7 input_index=0 producer_id=5 producer_level=2
[2026-10-02 18:59:13.587] [info] [graph-edge] frame=0 level=3 consumer_id=7 input_index=1 producer_id=6 producer_level=0
[2026-10-02 18:59:13.587] [info] [temp-lifetime] frame=0 after_level=3 live=[] retired=[5,6,]
[2026-10-02 18:59:13.587] [info] [exec-level-diag] frame=0 level=3 nodes=1 input_ms=0.090 dispatch_ms=0.045 fb_release_ms=0.007
[2026-10-02 18:59:13.587] [error] [executor] frame 0 failed: node 'CompositeNode' error [ExecutionFailure] native residency violation: composite inputs could not be materialized
[2026-10-02 18:59:13.587] [error] [tile-exec] frame 0 single-pass execution failed (executor returned null — check frame_error for details)
[2026-10-02 18:59:13.587] [error] [backend] native encode copy has no source surface for frame 0
[2026-10-02 18:59:13.587] [error] [video] Failed to render frame 0
[2026-10-02 18:59:13.589] [info] [video] writer join complete
[2026-10-02 18:59:13.589] [info] [drain-debug] start drain, capacity=6
[2026-10-02 18:59:13.589] [info] [drain-debug] reap done, busy_count=0
[2026-10-02 18:59:13.589] [info] [video] trimming framebuffer pool
[2026-10-02 18:59:13.589] [info] [video] Released framebuffer pool — memory trimmed
[2026-10-02 18:59:13.589] [info] [video] frame-loop cleanup complete
[2026-10-02 18:59:13.589] [info] [video] Encoder write blocked duration: 0.00 ms
[2026-10-02 18:59:13.589] [info] [video_diag] conversion_and_copy_duration_ms: 0 ms
[2026-10-02 18:59:13.589] [info] [video_diag] conversion_bytes_written=0 encoder_staging_copy_bytes=0 encoder_slot_reuses=0
[2026-10-02 18:59:13.589] [info] [native_av] close: sending encoder flush
[2026-10-02 18:59:13.589] [info] [native_av] close: encoder flush accepted
[2026-10-02 18:59:13.589] [info] [native_av] close: packets drained=true
[2026-10-02 18:59:13.589] [info] [native_av] close: finalizing mux session
[2026-10-02 18:59:13.589] [info] [native_av] close: mux session finalized
[2026-10-02 18:59:13.589] [info] [native_av] Closed native encoder — 0 frames accepted, encoder_packets=0 mux_packets=0 packet_pts=-1..-1, YUV cache: 0 hits / 0 misses
[2026-10-02 18:59:13.589] [info] [video_native] convert=0.00ms  send_frame=0.00ms  backpressure=0.00ms  flush=0.35ms  receive_packet=0.00ms  mux_write=0.00ms  trailer=0.16ms
[2026-10-02 18:59:13.589] [warning] [vulkan] GPU timing completion has no telemetry frame: frame=0 slot=0
[2026-10-02 18:59:13.590] [info] [video] render_ms=51.96 encode_ms=3.03 writer_encode_ms=0.00 wall_ms=2440.32 nvml_stop_ms=0.13
[2026-10-02 18:59:13.591] [info] [video] FFmpeg queue wait duration: 0.00 ms
[2026-10-02 18:59:13.591] [error] [video] Export incomplete: cancelled=false render_failed=true writer_error=false exception=false
[2026-10-02 18:59:13.591] [info] [startup-profile] total=1317.36ms logger=0.10ms cli_bootstrap=9.63ms cli_parse=0.00ms composition=0.31ms plan_read=0.12ms json_parse=1.32ms plan_decode_validate=396.70ms asset_resolve=0.03ms plan_compile=5.73ms other=0.00ms
[2026-10-02 18:59:13.615] [info] [INFO] job-lifecycle: slot_pool_close_ms=0.0 surface_release_ms=0.0
[2026-10-02 18:59:13.740] [info] [INFO] job-lifecycle: queue_close_ms=0.0 writer_join_ms=0.0 encoder_reset_ms=23.9 decoder_reset_ms=0.0 full_graph_reset_ms=125.4 sink_ctx_reset_ms=0.0 device_runtime_reset_ms=0.0 device_reservation_reset_ms=0.0
[2026-10-02 18:59:13.741] [info] [INFO] job-lifecycle: sidecar_write_ms=0.0 session_teardown_ms=149.7
[2026-10-02 18:59:13.749] [error] Render plan job failed: EncoderFailed: video encoder failed for composition 'catalog-motions-gpu-012' using codec 'auto' output '/tmp/velox-image-gpu-cert-small/inputs/image_neon_trace/catalog-motions.mp4'
