[2026-10-02 18:48:20.685] [info] [overlay-prepare] validated package=/tmp/velox-phrase-runtime-cert/inputs/air_rise_type_on/prepared.json hash=857a5764462e51032a1fc8f62b704d3fa8b629e204a98ba2a3ee4b0ecfc00a71 assets=0 text_runs=1 overlays=2
[2026-10-02 18:48:20.690] [info] [asset-profile] kind=3 path=assets/fonts/Poppins-Bold.ttf bytes=155996 cache=miss invalidated=0 stat=0.01ms hash=3.65ms hashed_bytes=155996 total=3.79ms
[2026-10-02 18:48:20.690] [info] [asset-digest-cache] hits=0 misses=1 invalidations=0 bytes_hashed=155996 lookup_ms=0.01 write_ms=0.02 full_hash_ms=3.65
[2026-10-02 18:48:20.692] [info] [plan-profile] read=0.16ms parse=2.33ms decode=54.11ms resolver=0.02ms compile_validate=5.88ms total=65.57ms
[2026-10-02 18:48:20.692] [info] [asset-profile] kind=3 path=assets/fonts/Poppins-Bold.ttf bytes=155996 cache=hit invalidated=0 stat=0.01ms hash=0.00ms hashed_bytes=0 total=0.10ms
[2026-10-02 18:48:20.692] [info] [asset-digest-cache] hits=1 misses=0 invalidations=0 bytes_hashed=0 lookup_ms=0.01 write_ms=0.00 full_hash_ms=0.00
[2026-10-02 18:48:20.695] [info] [plan-compile-profile] assets=0.21ms fingerprint=2.53ms media_resolution=0.00ms materialize=0.18ms composition_compile=0.00ms compatibility_view=0.12ms total=3.39ms
[2026-10-02 18:48:20.696] [info] [video] Auto-selecting yuv420p pipe pixel format for 1280x720 output
[2026-10-02 18:48:20.696] [info] [video] execution plan resolved (reason: required_gpu_native_full_graph); decode=1 composite=2 encode=1 interop=2 handoff=1 codec=3
[2026-10-02 18:48:20.714] [info] [video-runtime] created persistent runtime for device 0 (CUDA ordinal 0)
[2026-10-02 18:48:20.714] [info] [video] encoder feed capability: host_frame=false direct_yuv=false native_surface=true
[2026-10-02 18:48:20.988] [info] [native_av] CUDA context contract: native=0x560f69782740 ffmpeg=0x560f69782740
[2026-10-02 18:48:21.007] [info] [native_av] NVENC tuning applied: rc=constqp preset=p1 async_depth=4 nvenc_surfaces=8 qp=23 bitrate=0
[2026-10-02 18:48:21.040] [info] [native_av] encoder bitstream contract: codec=27 profile=100 level=-99 pix_fmt=119 parameter_sets=49 materialized=true
[2026-10-02 18:48:21.041] [info] [native_av] Opened native encoder: 1280x720 @ 24fps, codec=h264_nvenc, rc=constqp, preset=p1, output='/tmp/velox-phrase-runtime-cert/inputs/air_rise_type_on/catalog-motions.partial.mp4'
[2026-10-02 18:48:22.306] [info] [pool-warm] Pre-allocated and pre-imported 6 execution slots (1280x720) for native NVENC
[2026-10-02 18:48:22.403] [info] chronon3d::vulkan text batch formats: dst_image.format=109 atlas_image.format=44 atlas_encoding=2 (shader contract: dst rgba32f, atlas rgba8)
[2026-10-02 18:48:22.404] [info] [temp-lifetime] frame=0 after_level=0 live=[0,1,3,] retired=[]
[2026-10-02 18:48:22.404] [info] [exec-level-diag] frame=0 level=0 nodes=3 input_ms=0.008 dispatch_ms=6.183 fb_release_ms=0.006
[2026-10-02 18:48:22.404] [info] [graph-edge] frame=0 level=1 consumer_id=2 input_index=0 producer_id=0 producer_level=0
[2026-10-02 18:48:22.404] [info] [graph-edge] frame=0 level=1 consumer_id=2 input_index=1 producer_id=1 producer_level=0
[2026-10-02 18:48:22.404] [info] [graph-edge] frame=0 level=1 consumer_id=4 input_index=0 producer_id=3 producer_level=0
[2026-10-02 18:48:22.411] [info] [temp-lifetime] frame=0 after_level=1 live=[2,4,] retired=[0,1,3,]
[2026-10-02 18:48:22.412] [info] [exec-level-diag] frame=0 level=1 nodes=2 input_ms=0.033 dispatch_ms=7.687 fb_release_ms=0.022
[2026-10-02 18:48:22.412] [info] [graph-edge] frame=0 level=2 consumer_id=5 input_index=0 producer_id=2 producer_level=1
[2026-10-02 18:48:22.412] [info] [graph-edge] frame=0 level=2 consumer_id=5 input_index=1 producer_id=4 producer_level=1
[2026-10-02 18:48:22.412] [info] [temp-lifetime] frame=0 after_level=2 live=[5,] retired=[2,4,]
[2026-10-02 18:48:22.412] [info] [exec-level-diag] frame=0 level=2 nodes=1 input_ms=0.020 dispatch_ms=0.185 fb_release_ms=0.008
[2026-10-02 18:48:22.413] [info] [video] Exporting via Arena-backed SIMD pipeline
[2026-10-02 18:48:22.422] [info] [temp-lifetime] frame=1 after_level=0 live=[0,1,3,] retired=[]
[2026-10-02 18:48:22.423] [info] [exec-level-diag] frame=1 level=0 nodes=3 input_ms=0.003 dispatch_ms=1.022 fb_release_ms=0.003
[2026-10-02 18:48:22.423] [info] [graph-edge] frame=1 level=1 consumer_id=2 input_index=0 producer_id=0 producer_level=0
[2026-10-02 18:48:22.423] [info] [graph-edge] frame=1 level=1 consumer_id=2 input_index=1 producer_id=1 producer_level=0
[2026-10-02 18:48:22.423] [info] [graph-edge] frame=1 level=1 consumer_id=4 input_index=0 producer_id=3 producer_level=0
[2026-10-02 18:48:22.423] [info] [temp-lifetime] frame=1 after_level=1 live=[2,4,] retired=[0,1,3,]
[2026-10-02 18:48:22.423] [info] [exec-level-diag] frame=1 level=1 nodes=2 input_ms=0.027 dispatch_ms=0.460 fb_release_ms=0.012
[2026-10-02 18:48:22.423] [info] [graph-edge] frame=1 level=2 consumer_id=5 input_index=0 producer_id=2 producer_level=1
[2026-10-02 18:48:22.423] [info] [graph-edge] frame=1 level=2 consumer_id=5 input_index=1 producer_id=4 producer_level=1
[2026-10-02 18:48:22.423] [info] [temp-lifetime] frame=1 after_level=2 live=[5,] retired=[2,4,]
[2026-10-02 18:48:22.423] [info] [exec-level-diag] frame=1 level=2 nodes=1 input_ms=0.019 dispatch_ms=0.171 fb_release_ms=0.008
[2026-10-02 18:48:22.438] [info] [temp-lifetime] frame=2 after_level=0 live=[0,1,3,] retired=[]
[2026-10-02 18:48:22.438] [info] [exec-level-diag] frame=2 level=0 nodes=3 input_ms=0.003 dispatch_ms=0.951 fb_release_ms=0.003
[2026-10-02 18:48:22.438] [info] [graph-edge] frame=2 level=1 consumer_id=2 input_index=0 producer_id=0 producer_level=0
[2026-10-02 18:48:22.438] [info] [graph-edge] frame=2 level=1 consumer_id=2 input_index=1 producer_id=1 producer_level=0
[2026-10-02 18:48:22.438] [info] [graph-edge] frame=2 level=1 consumer_id=4 input_index=0 producer_id=3 producer_level=0
[2026-10-02 18:48:22.438] [info] [temp-lifetime] frame=2 after_level=1 live=[2,4,] retired=[0,1,3,]
[2026-10-02 18:48:22.438] [info] [exec-level-diag] frame=2 level=1 nodes=2 input_ms=0.028 dispatch_ms=0.319 fb_release_ms=0.013
[2026-10-02 18:48:22.438] [info] [graph-edge] frame=2 level=2 consumer_id=5 input_index=0 producer_id=2 producer_level=1
[2026-10-02 18:48:22.438] [info] [graph-edge] frame=2 level=2 consumer_id=5 input_index=1 producer_id=4 producer_level=1
[2026-10-02 18:48:22.438] [info] [temp-lifetime] frame=2 after_level=2 live=[5,] retired=[2,4,]
[2026-10-02 18:48:22.438] [info] [exec-level-diag] frame=2 level=2 nodes=1 input_ms=0.019 dispatch_ms=0.190 fb_release_ms=0.008
[2026-10-02 18:48:22.439] [info] [video]   4/48 frames
[2026-10-02 18:48:22.487] [info] [video]   8/48 frames
[2026-10-02 18:48:22.529] [info] [video]   12/48 frames
[2026-10-02 18:48:22.574] [info] [video]   16/48 frames
[2026-10-02 18:48:22.624] [info] [video]   20/48 frames
[2026-10-02 18:48:22.669] [info] [video]   24/48 frames
[2026-10-02 18:48:22.696] [info] [vulkan-lifecycle] frame=25 vram_bytes=333283328 live_surfaces=13 surface_bindings=7 registry_live_handles=107 physical_images=13 deferred_releases=2 vma_allocations=45 surfaces_created=157 surfaces_released=150 queue_packages=1 execution_slots_busy=2 command_batch_active=false
[2026-10-02 18:48:22.718] [info] [video]   28/48 frames
[2026-10-02 18:48:22.766] [info] [video]   32/48 frames
[2026-10-02 18:48:22.810] [info] [video]   36/48 frames
[2026-10-02 18:48:22.852] [info] [video]   40/48 frames
[2026-10-02 18:48:22.898] [info] [video]   44/48 frames
[2026-10-02 18:48:22.942] [info] [video]   48/48 frames
[2026-10-02 18:48:22.959] [info] [video] writer join complete
[2026-10-02 18:48:22.959] [info] [drain-debug] start drain, capacity=6
[2026-10-02 18:48:22.959] [info] [drain-debug] slot_id=4 has completion, waiting
[2026-10-02 18:48:22.959] [info] [drain-debug] slot_id=4 wait complete
[2026-10-02 18:48:22.959] [info] [drain-debug] slot_id=5 has completion, waiting
[2026-10-02 18:48:22.960] [info] [drain-debug] slot_id=5 wait complete
[2026-10-02 18:48:22.960] [info] [drain-debug] reap done, busy_count=0
[2026-10-02 18:48:22.960] [info] [video] trimming framebuffer pool
[2026-10-02 18:48:22.960] [info] [video] Released framebuffer pool — memory trimmed
[2026-10-02 18:48:22.960] [info] [video] frame-loop cleanup complete
[2026-10-02 18:48:22.960] [info] [video] Encoder write blocked duration: 0.00 ms
[2026-10-02 18:48:22.960] [info] [video_diag] conversion_and_copy_duration_ms: 0 ms
[2026-10-02 18:48:22.960] [info] [video_diag] conversion_bytes_written=0 encoder_staging_copy_bytes=0 encoder_slot_reuses=0
[2026-10-02 18:48:22.960] [info] [native_av] close: sending encoder flush
[2026-10-02 18:48:22.960] [info] [native_av] close: encoder flush accepted
[2026-10-02 18:48:22.961] [info] [native_av] close: packets drained=true
[2026-10-02 18:48:22.961] [info] [native_av] close: finalizing mux session
[2026-10-02 18:48:22.961] [info] [native_av] close: mux session finalized
[2026-10-02 18:48:22.961] [info] [native_av] Closed native encoder — 48 frames accepted, encoder_packets=48 mux_packets=48 packet_pts=0..47, YUV cache: 0 hits / 0 misses
[2026-10-02 18:48:22.961] [info] [video_native] convert=112.62ms  send_frame=13.89ms  backpressure=0.00ms  flush=0.76ms  receive_packet=0.21ms  mux_write=0.84ms  trailer=0.35ms
[2026-10-02 18:48:22.963] [info] [video] render_ms=622.37 encode_ms=7.94 writer_encode_ms=128.91 wall_ms=2266.84 nvml_stop_ms=0.15
[2026-10-02 18:48:22.963] [info] [video] FFmpeg queue wait duration: 0.50 ms
[2026-10-02 18:48:22.970] [info] [video] copy_eligible=true sha256=5c8185ba52c4d69fb566308f7e9f5c44d5597c1661d1fef7b639f2f91f7a1255
[2026-10-02 18:48:22.970] [info] [video] Wrote /tmp/velox-phrase-runtime-cert/inputs/air_rise_type_on/catalog-motions.mp4
[2026-10-02 18:48:22.971] [info] [startup-profile] total=985.75ms logger=0.11ms cli_bootstrap=10.11ms cli_parse=0.00ms composition=0.31ms plan_read=0.16ms json_parse=2.33ms plan_decode_validate=54.11ms asset_resolve=0.02ms plan_compile=5.88ms other=0.00ms
[2026-10-02 18:48:23.001] [info] [video] Wrote exact per-frame timing sidecar: /tmp/velox-phrase-runtime-cert/inputs/air_rise_type_on/catalog-motions.mp4.timing.json
[2026-10-02 18:48:23.030] [info] [INFO] job-lifecycle: slot_pool_close_ms=0.0 surface_release_ms=0.1
[2026-10-02 18:48:23.165] [info] [INFO] job-lifecycle: queue_close_ms=0.0 writer_join_ms=0.0 encoder_reset_ms=25.7 decoder_reset_ms=0.0 full_graph_reset_ms=134.9 sink_ctx_reset_ms=0.0 device_runtime_reset_ms=0.0 device_reservation_reset_ms=0.0
[2026-10-02 18:48:23.165] [info] [INFO] job-lifecycle: sidecar_write_ms=33.3 session_teardown_ms=161.1
[2026-10-02 18:48:23.174] [info] [INFO] job-lifecycle: execute_ms=2478.3 receipt_build_ms=0.0 receipt_write_ms=0.0 caller_tail_ms=0.0
