[2026-10-02 18:50:57.894] [info] [overlay-prepare] validated package=/tmp/velox-phrase-runtime-cert/inputs/apple_word_cascade/prepared.json hash=20cda501372d60dc8f93ce9f6b3bea1048f98d4b4c24e685a55304f99178b529 assets=0 text_runs=1 overlays=2
[2026-10-02 18:50:57.898] [info] [asset-profile] kind=3 path=assets/fonts/Poppins-Bold.ttf bytes=155996 cache=miss invalidated=0 stat=0.01ms hash=3.72ms hashed_bytes=155996 total=3.87ms
[2026-10-02 18:50:57.899] [info] [asset-digest-cache] hits=0 misses=1 invalidations=0 bytes_hashed=155996 lookup_ms=0.01 write_ms=0.01 full_hash_ms=3.72
[2026-10-02 18:50:57.901] [info] [plan-profile] read=0.18ms parse=2.55ms decode=55.28ms resolver=0.03ms compile_validate=6.35ms total=68.08ms
[2026-10-02 18:50:57.901] [info] [asset-profile] kind=3 path=assets/fonts/Poppins-Bold.ttf bytes=155996 cache=hit invalidated=0 stat=0.01ms hash=0.00ms hashed_bytes=0 total=0.10ms
[2026-10-02 18:50:57.901] [info] [asset-digest-cache] hits=1 misses=0 invalidations=0 bytes_hashed=0 lookup_ms=0.01 write_ms=0.00 full_hash_ms=0.00
[2026-10-02 18:50:57.905] [info] [plan-compile-profile] assets=0.32ms fingerprint=2.94ms media_resolution=0.01ms materialize=0.17ms composition_compile=0.00ms compatibility_view=0.15ms total=3.96ms
[2026-10-02 18:50:57.906] [info] [video] Auto-selecting yuv420p pipe pixel format for 1280x720 output
[2026-10-02 18:50:57.906] [info] [video] execution plan resolved (reason: required_gpu_native_full_graph); decode=1 composite=2 encode=1 interop=2 handoff=1 codec=3
[2026-10-02 18:50:57.924] [info] [video-runtime] created persistent runtime for device 0 (CUDA ordinal 0)
[2026-10-02 18:50:57.924] [info] [video] encoder feed capability: host_frame=false direct_yuv=false native_surface=true
[2026-10-02 18:50:58.133] [info] [native_av] CUDA context contract: native=0x556ee15d8490 ffmpeg=0x556ee15d8490
[2026-10-02 18:50:58.153] [info] [native_av] NVENC tuning applied: rc=constqp preset=p1 async_depth=4 nvenc_surfaces=8 qp=23 bitrate=0
[2026-10-02 18:50:58.186] [info] [native_av] encoder bitstream contract: codec=27 profile=100 level=-99 pix_fmt=119 parameter_sets=49 materialized=true
[2026-10-02 18:50:58.187] [info] [native_av] Opened native encoder: 1280x720 @ 24fps, codec=h264_nvenc, rc=constqp, preset=p1, output='/tmp/velox-phrase-runtime-cert/inputs/apple_word_cascade/catalog-motions.partial.mp4'
[2026-10-02 18:50:59.396] [info] [pool-warm] Pre-allocated and pre-imported 6 execution slots (1280x720) for native NVENC
[2026-10-02 18:50:59.484] [info] chronon3d::vulkan text batch formats: dst_image.format=109 atlas_image.format=44 atlas_encoding=2 (shader contract: dst rgba32f, atlas rgba8)
[2026-10-02 18:50:59.484] [info] [temp-lifetime] frame=0 after_level=0 live=[0,1,3,] retired=[]
[2026-10-02 18:50:59.484] [info] [exec-level-diag] frame=0 level=0 nodes=3 input_ms=0.006 dispatch_ms=5.152 fb_release_ms=0.006
[2026-10-02 18:50:59.484] [info] [graph-edge] frame=0 level=1 consumer_id=2 input_index=0 producer_id=0 producer_level=0
[2026-10-02 18:50:59.484] [info] [graph-edge] frame=0 level=1 consumer_id=2 input_index=1 producer_id=1 producer_level=0
[2026-10-02 18:50:59.484] [info] [graph-edge] frame=0 level=1 consumer_id=4 input_index=0 producer_id=3 producer_level=0
[2026-10-02 18:50:59.489] [info] [temp-lifetime] frame=0 after_level=1 live=[2,4,] retired=[0,1,3,]
[2026-10-02 18:50:59.489] [info] [exec-level-diag] frame=0 level=1 nodes=2 input_ms=0.138 dispatch_ms=4.096 fb_release_ms=0.017
[2026-10-02 18:50:59.489] [info] [graph-edge] frame=0 level=2 consumer_id=5 input_index=0 producer_id=2 producer_level=1
[2026-10-02 18:50:59.489] [info] [graph-edge] frame=0 level=2 consumer_id=5 input_index=1 producer_id=4 producer_level=1
[2026-10-02 18:50:59.489] [info] [temp-lifetime] frame=0 after_level=2 live=[5,] retired=[2,4,]
[2026-10-02 18:50:59.489] [info] [exec-level-diag] frame=0 level=2 nodes=1 input_ms=0.105 dispatch_ms=0.202 fb_release_ms=0.008
[2026-10-02 18:50:59.490] [info] [video] Exporting via Arena-backed SIMD pipeline
[2026-10-02 18:50:59.501] [info] [temp-lifetime] frame=1 after_level=0 live=[0,1,3,] retired=[]
[2026-10-02 18:50:59.501] [info] [exec-level-diag] frame=1 level=0 nodes=3 input_ms=0.005 dispatch_ms=1.575 fb_release_ms=0.004
[2026-10-02 18:50:59.501] [info] [graph-edge] frame=1 level=1 consumer_id=2 input_index=0 producer_id=0 producer_level=0
[2026-10-02 18:50:59.501] [info] [graph-edge] frame=1 level=1 consumer_id=2 input_index=1 producer_id=1 producer_level=0
[2026-10-02 18:50:59.502] [info] [graph-edge] frame=1 level=1 consumer_id=4 input_index=0 producer_id=3 producer_level=0
[2026-10-02 18:50:59.502] [info] [temp-lifetime] frame=1 after_level=1 live=[2,4,] retired=[0,1,3,]
[2026-10-02 18:50:59.502] [info] [exec-level-diag] frame=1 level=1 nodes=2 input_ms=0.119 dispatch_ms=0.484 fb_release_ms=0.020
[2026-10-02 18:50:59.502] [info] [graph-edge] frame=1 level=2 consumer_id=5 input_index=0 producer_id=2 producer_level=1
[2026-10-02 18:50:59.502] [info] [graph-edge] frame=1 level=2 consumer_id=5 input_index=1 producer_id=4 producer_level=1
[2026-10-02 18:50:59.503] [info] [temp-lifetime] frame=1 after_level=2 live=[5,] retired=[2,4,]
[2026-10-02 18:50:59.503] [info] [exec-level-diag] frame=1 level=2 nodes=1 input_ms=0.128 dispatch_ms=0.257 fb_release_ms=0.012
[2026-10-02 18:50:59.518] [info] [temp-lifetime] frame=2 after_level=0 live=[0,1,3,] retired=[]
[2026-10-02 18:50:59.519] [info] [exec-level-diag] frame=2 level=0 nodes=3 input_ms=0.006 dispatch_ms=1.743 fb_release_ms=0.004
[2026-10-02 18:50:59.519] [info] [graph-edge] frame=2 level=1 consumer_id=2 input_index=0 producer_id=0 producer_level=0
[2026-10-02 18:50:59.519] [info] [graph-edge] frame=2 level=1 consumer_id=2 input_index=1 producer_id=1 producer_level=0
[2026-10-02 18:50:59.519] [info] [graph-edge] frame=2 level=1 consumer_id=4 input_index=0 producer_id=3 producer_level=0
[2026-10-02 18:50:59.519] [info] [temp-lifetime] frame=2 after_level=1 live=[2,4,] retired=[0,1,3,]
[2026-10-02 18:50:59.519] [info] [exec-level-diag] frame=2 level=1 nodes=2 input_ms=0.127 dispatch_ms=0.497 fb_release_ms=0.021
[2026-10-02 18:50:59.519] [info] [graph-edge] frame=2 level=2 consumer_id=5 input_index=0 producer_id=2 producer_level=1
[2026-10-02 18:50:59.520] [info] [graph-edge] frame=2 level=2 consumer_id=5 input_index=1 producer_id=4 producer_level=1
[2026-10-02 18:50:59.520] [info] [temp-lifetime] frame=2 after_level=2 live=[5,] retired=[2,4,]
[2026-10-02 18:50:59.520] [info] [exec-level-diag] frame=2 level=2 nodes=1 input_ms=0.126 dispatch_ms=0.272 fb_release_ms=0.013
[2026-10-02 18:50:59.520] [info] [video]   4/48 frames
[2026-10-02 18:50:59.574] [info] [video]   8/48 frames
[2026-10-02 18:50:59.626] [info] [video]   12/48 frames
[2026-10-02 18:50:59.677] [info] [video]   16/48 frames
[2026-10-02 18:50:59.731] [info] [video]   20/48 frames
[2026-10-02 18:50:59.780] [info] [video]   24/48 frames
[2026-10-02 18:50:59.805] [info] [vulkan-lifecycle] frame=25 vram_bytes=333283328 live_surfaces=13 surface_bindings=7 registry_live_handles=107 physical_images=13 deferred_releases=2 vma_allocations=45 surfaces_created=157 surfaces_released=150 queue_packages=0 execution_slots_busy=2 command_batch_active=false
[2026-10-02 18:50:59.834] [info] [video]   28/48 frames
[2026-10-02 18:50:59.875] [info] [video]   32/48 frames
[2026-10-02 18:50:59.919] [info] [video]   36/48 frames
[2026-10-02 18:50:59.964] [info] [video]   40/48 frames
[2026-10-02 18:51:00.009] [info] [video]   44/48 frames
[2026-10-02 18:51:00.068] [info] [video]   48/48 frames
[2026-10-02 18:51:00.085] [info] [video] writer join complete
[2026-10-02 18:51:00.085] [info] [drain-debug] start drain, capacity=6
[2026-10-02 18:51:00.085] [info] [drain-debug] slot_id=4 has completion, waiting
[2026-10-02 18:51:00.085] [info] [drain-debug] slot_id=4 wait complete
[2026-10-02 18:51:00.085] [info] [drain-debug] slot_id=5 has completion, waiting
[2026-10-02 18:51:00.086] [info] [drain-debug] slot_id=5 wait complete
[2026-10-02 18:51:00.086] [info] [drain-debug] reap done, busy_count=0
[2026-10-02 18:51:00.086] [info] [video] trimming framebuffer pool
[2026-10-02 18:51:00.086] [info] [video] Released framebuffer pool — memory trimmed
[2026-10-02 18:51:00.086] [info] [video] frame-loop cleanup complete
[2026-10-02 18:51:00.086] [info] [video] Encoder write blocked duration: 0.00 ms
[2026-10-02 18:51:00.086] [info] [video_diag] conversion_and_copy_duration_ms: 0 ms
[2026-10-02 18:51:00.086] [info] [video_diag] conversion_bytes_written=0 encoder_staging_copy_bytes=0 encoder_slot_reuses=0
[2026-10-02 18:51:00.086] [info] [native_av] close: sending encoder flush
[2026-10-02 18:51:00.086] [info] [native_av] close: encoder flush accepted
[2026-10-02 18:51:00.087] [info] [native_av] close: packets drained=true
[2026-10-02 18:51:00.087] [info] [native_av] close: finalizing mux session
[2026-10-02 18:51:00.087] [info] [native_av] close: mux session finalized
[2026-10-02 18:51:00.087] [info] [native_av] Closed native encoder — 48 frames accepted, encoder_packets=48 mux_packets=48 packet_pts=0..47, YUV cache: 0 hits / 0 misses
[2026-10-02 18:51:00.087] [info] [video_native] convert=103.56ms  send_frame=18.89ms  backpressure=0.00ms  flush=1.07ms  receive_packet=0.62ms  mux_write=1.25ms  trailer=0.33ms
[2026-10-02 18:51:00.089] [info] [video] render_ms=660.95 encode_ms=8.10 writer_encode_ms=128.06 wall_ms=2182.77 nvml_stop_ms=0.16
[2026-10-02 18:51:00.089] [info] [video] FFmpeg queue wait duration: 0.64 ms
[2026-10-02 18:51:00.097] [info] [video] copy_eligible=true sha256=67d964805df9b57a1b223d021b6a02cb9debda49e819353295786c27d613515d
[2026-10-02 18:51:00.097] [info] [video] Wrote /tmp/velox-phrase-runtime-cert/inputs/apple_word_cascade/catalog-motions.mp4
[2026-10-02 18:51:00.097] [info] [startup-profile] total=893.60ms logger=0.11ms cli_bootstrap=10.66ms cli_parse=0.00ms composition=0.30ms plan_read=0.18ms json_parse=2.55ms plan_decode_validate=55.28ms asset_resolve=0.03ms plan_compile=6.35ms other=0.00ms
[2026-10-02 18:51:00.128] [info] [video] Wrote exact per-frame timing sidecar: /tmp/velox-phrase-runtime-cert/inputs/apple_word_cascade/catalog-motions.mp4.timing.json
[2026-10-02 18:51:00.162] [info] [INFO] job-lifecycle: slot_pool_close_ms=0.0 surface_release_ms=0.1
[2026-10-02 18:51:00.300] [info] [INFO] job-lifecycle: queue_close_ms=0.0 writer_join_ms=0.0 encoder_reset_ms=30.5 decoder_reset_ms=0.0 full_graph_reset_ms=138.4 sink_ctx_reset_ms=0.0 device_runtime_reset_ms=0.0 device_reservation_reset_ms=0.0
[2026-10-02 18:51:00.301] [info] [INFO] job-lifecycle: sidecar_write_ms=34.2 session_teardown_ms=169.3
[2026-10-02 18:51:00.311] [info] [INFO] job-lifecycle: execute_ms=2405.0 receipt_build_ms=0.0 receipt_write_ms=0.0 caller_tail_ms=0.0
