[2026-10-02 18:50:40.782] [info] [overlay-prepare] validated package=/tmp/velox-phrase-runtime-cert/inputs/apple_scale_push/prepared.json hash=8dfeb856668ea62b10d9252faa4a081f4843ade98fe718375d7a69ef06443d03 assets=0 text_runs=1 overlays=2
[2026-10-02 18:50:40.787] [info] [asset-profile] kind=3 path=assets/fonts/Poppins-Bold.ttf bytes=155996 cache=miss invalidated=0 stat=0.01ms hash=4.02ms hashed_bytes=155996 total=4.18ms
[2026-10-02 18:50:40.787] [info] [asset-digest-cache] hits=0 misses=1 invalidations=0 bytes_hashed=155996 lookup_ms=0.01 write_ms=0.02 full_hash_ms=4.02
[2026-10-02 18:50:40.788] [info] [plan-profile] read=0.11ms parse=0.70ms decode=48.64ms resolver=0.04ms compile_validate=5.58ms total=56.60ms
[2026-10-02 18:50:40.788] [info] [asset-profile] kind=3 path=assets/fonts/Poppins-Bold.ttf bytes=155996 cache=hit invalidated=0 stat=0.01ms hash=0.00ms hashed_bytes=0 total=0.14ms
[2026-10-02 18:50:40.789] [info] [asset-digest-cache] hits=1 misses=0 invalidations=0 bytes_hashed=0 lookup_ms=0.01 write_ms=0.00 full_hash_ms=0.00
[2026-10-02 18:50:40.791] [info] [plan-compile-profile] assets=0.33ms fingerprint=1.30ms media_resolution=0.00ms materialize=0.20ms composition_compile=0.00ms compatibility_view=0.10ms total=2.30ms
[2026-10-02 18:50:40.791] [info] [video] Auto-selecting yuv420p pipe pixel format for 1280x720 output
[2026-10-02 18:50:40.791] [info] [video] execution plan resolved (reason: required_gpu_native_full_graph); decode=1 composite=2 encode=1 interop=2 handoff=1 codec=3
[2026-10-02 18:50:40.813] [info] [video-runtime] created persistent runtime for device 0 (CUDA ordinal 0)
[2026-10-02 18:50:40.813] [info] [video] encoder feed capability: host_frame=false direct_yuv=false native_surface=true
[2026-10-02 18:50:41.041] [info] [native_av] CUDA context contract: native=0x5641d7075dd0 ffmpeg=0x5641d7075dd0
[2026-10-02 18:50:41.069] [info] [native_av] NVENC tuning applied: rc=constqp preset=p1 async_depth=4 nvenc_surfaces=8 qp=23 bitrate=0
[2026-10-02 18:50:41.112] [info] [native_av] encoder bitstream contract: codec=27 profile=100 level=-99 pix_fmt=119 parameter_sets=49 materialized=true
[2026-10-02 18:50:41.113] [info] [native_av] Opened native encoder: 1280x720 @ 24fps, codec=h264_nvenc, rc=constqp, preset=p1, output='/tmp/velox-phrase-runtime-cert/inputs/apple_scale_push/catalog-motions.partial.mp4'
[2026-10-02 18:50:42.647] [info] [pool-warm] Pre-allocated and pre-imported 6 execution slots (1280x720) for native NVENC
[2026-10-02 18:50:42.731] [info] chronon3d::vulkan text batch formats: dst_image.format=109 atlas_image.format=44 atlas_encoding=2 (shader contract: dst rgba32f, atlas rgba8)
[2026-10-02 18:50:42.732] [info] [temp-lifetime] frame=0 after_level=0 live=[0,1,3,] retired=[]
[2026-10-02 18:50:42.732] [info] [exec-level-diag] frame=0 level=0 nodes=3 input_ms=0.006 dispatch_ms=4.635 fb_release_ms=0.004
[2026-10-02 18:50:42.732] [info] [graph-edge] frame=0 level=1 consumer_id=2 input_index=0 producer_id=0 producer_level=0
[2026-10-02 18:50:42.732] [info] [graph-edge] frame=0 level=1 consumer_id=2 input_index=1 producer_id=1 producer_level=0
[2026-10-02 18:50:42.732] [info] [graph-edge] frame=0 level=1 consumer_id=4 input_index=0 producer_id=3 producer_level=0
[2026-10-02 18:50:42.738] [info] [temp-lifetime] frame=0 after_level=1 live=[2,4,] retired=[0,1,3,]
[2026-10-02 18:50:42.738] [info] [exec-level-diag] frame=0 level=1 nodes=2 input_ms=0.040 dispatch_ms=5.975 fb_release_ms=0.020
[2026-10-02 18:50:42.738] [info] [graph-edge] frame=0 level=2 consumer_id=5 input_index=0 producer_id=2 producer_level=1
[2026-10-02 18:50:42.738] [info] [graph-edge] frame=0 level=2 consumer_id=5 input_index=1 producer_id=4 producer_level=1
[2026-10-02 18:50:42.738] [info] [temp-lifetime] frame=0 after_level=2 live=[5,] retired=[2,4,]
[2026-10-02 18:50:42.738] [info] [exec-level-diag] frame=0 level=2 nodes=1 input_ms=0.020 dispatch_ms=0.174 fb_release_ms=0.008
[2026-10-02 18:50:42.738] [info] [video] Exporting via Arena-backed SIMD pipeline
[2026-10-02 18:50:42.747] [info] [temp-lifetime] frame=1 after_level=0 live=[0,1,3,] retired=[]
[2026-10-02 18:50:42.747] [info] [exec-level-diag] frame=1 level=0 nodes=3 input_ms=0.003 dispatch_ms=1.118 fb_release_ms=0.004
[2026-10-02 18:50:42.747] [info] [graph-edge] frame=1 level=1 consumer_id=2 input_index=0 producer_id=0 producer_level=0
[2026-10-02 18:50:42.747] [info] [graph-edge] frame=1 level=1 consumer_id=2 input_index=1 producer_id=1 producer_level=0
[2026-10-02 18:50:42.747] [info] [graph-edge] frame=1 level=1 consumer_id=4 input_index=0 producer_id=3 producer_level=0
[2026-10-02 18:50:42.748] [info] [temp-lifetime] frame=1 after_level=1 live=[2,4,] retired=[0,1,3,]
[2026-10-02 18:50:42.748] [info] [exec-level-diag] frame=1 level=1 nodes=2 input_ms=0.028 dispatch_ms=0.368 fb_release_ms=0.013
[2026-10-02 18:50:42.748] [info] [graph-edge] frame=1 level=2 consumer_id=5 input_index=0 producer_id=2 producer_level=1
[2026-10-02 18:50:42.748] [info] [graph-edge] frame=1 level=2 consumer_id=5 input_index=1 producer_id=4 producer_level=1
[2026-10-02 18:50:42.748] [info] [temp-lifetime] frame=1 after_level=2 live=[5,] retired=[2,4,]
[2026-10-02 18:50:42.748] [info] [exec-level-diag] frame=1 level=2 nodes=1 input_ms=0.019 dispatch_ms=0.166 fb_release_ms=0.008
[2026-10-02 18:50:42.761] [info] [temp-lifetime] frame=2 after_level=0 live=[0,1,3,] retired=[]
[2026-10-02 18:50:42.761] [info] [exec-level-diag] frame=2 level=0 nodes=3 input_ms=0.003 dispatch_ms=0.971 fb_release_ms=0.004
[2026-10-02 18:50:42.761] [info] [graph-edge] frame=2 level=1 consumer_id=2 input_index=0 producer_id=0 producer_level=0
[2026-10-02 18:50:42.761] [info] [graph-edge] frame=2 level=1 consumer_id=2 input_index=1 producer_id=1 producer_level=0
[2026-10-02 18:50:42.761] [info] [graph-edge] frame=2 level=1 consumer_id=4 input_index=0 producer_id=3 producer_level=0
[2026-10-02 18:50:42.762] [info] [temp-lifetime] frame=2 after_level=1 live=[2,4,] retired=[0,1,3,]
[2026-10-02 18:50:42.762] [info] [exec-level-diag] frame=2 level=1 nodes=2 input_ms=0.028 dispatch_ms=0.338 fb_release_ms=0.013
[2026-10-02 18:50:42.762] [info] [graph-edge] frame=2 level=2 consumer_id=5 input_index=0 producer_id=2 producer_level=1
[2026-10-02 18:50:42.762] [info] [graph-edge] frame=2 level=2 consumer_id=5 input_index=1 producer_id=4 producer_level=1
[2026-10-02 18:50:42.762] [info] [temp-lifetime] frame=2 after_level=2 live=[5,] retired=[2,4,]
[2026-10-02 18:50:42.762] [info] [exec-level-diag] frame=2 level=2 nodes=1 input_ms=0.019 dispatch_ms=0.171 fb_release_ms=0.008
[2026-10-02 18:50:42.762] [info] [video]   4/48 frames
[2026-10-02 18:50:42.809] [info] [video]   8/48 frames
[2026-10-02 18:50:42.851] [info] [video]   12/48 frames
[2026-10-02 18:50:42.887] [info] [video]   16/48 frames
[2026-10-02 18:50:42.922] [info] [video]   20/48 frames
[2026-10-02 18:50:42.966] [info] [video]   24/48 frames
[2026-10-02 18:50:42.987] [info] [vulkan-lifecycle] frame=25 vram_bytes=333283328 live_surfaces=13 surface_bindings=7 registry_live_handles=107 physical_images=13 deferred_releases=2 vma_allocations=65 surfaces_created=157 surfaces_released=150 queue_packages=1 execution_slots_busy=2 command_batch_active=false
[2026-10-02 18:50:43.005] [info] [video]   28/48 frames
[2026-10-02 18:50:43.044] [info] [video]   32/48 frames
[2026-10-02 18:50:43.086] [info] [video]   36/48 frames
[2026-10-02 18:50:43.124] [info] [video]   40/48 frames
[2026-10-02 18:50:43.166] [info] [video]   44/48 frames
[2026-10-02 18:50:43.204] [info] [video]   48/48 frames
[2026-10-02 18:50:43.219] [info] [video] writer join complete
[2026-10-02 18:50:43.219] [info] [drain-debug] start drain, capacity=6
[2026-10-02 18:50:43.219] [info] [drain-debug] slot_id=4 has completion, waiting
[2026-10-02 18:50:43.219] [info] [drain-debug] slot_id=4 wait complete
[2026-10-02 18:50:43.219] [info] [drain-debug] slot_id=5 has completion, waiting
[2026-10-02 18:50:43.219] [info] [drain-debug] slot_id=5 wait complete
[2026-10-02 18:50:43.219] [info] [drain-debug] reap done, busy_count=0
[2026-10-02 18:50:43.219] [info] [video] trimming framebuffer pool
[2026-10-02 18:50:43.219] [info] [video] Released framebuffer pool — memory trimmed
[2026-10-02 18:50:43.219] [info] [video] frame-loop cleanup complete
[2026-10-02 18:50:43.219] [info] [video] Encoder write blocked duration: 0.00 ms
[2026-10-02 18:50:43.219] [info] [video_diag] conversion_and_copy_duration_ms: 0 ms
[2026-10-02 18:50:43.219] [info] [video_diag] conversion_bytes_written=0 encoder_staging_copy_bytes=0 encoder_slot_reuses=0
[2026-10-02 18:50:43.219] [info] [native_av] close: sending encoder flush
[2026-10-02 18:50:43.219] [info] [native_av] close: encoder flush accepted
[2026-10-02 18:50:43.220] [info] [native_av] close: packets drained=true
[2026-10-02 18:50:43.220] [info] [native_av] close: finalizing mux session
[2026-10-02 18:50:43.220] [info] [native_av] close: mux session finalized
[2026-10-02 18:50:43.221] [info] [native_av] Closed native encoder — 48 frames accepted, encoder_packets=48 mux_packets=48 packet_pts=0..47, YUV cache: 0 hits / 0 misses
[2026-10-02 18:50:43.221] [info] [video_native] convert=117.05ms  send_frame=12.11ms  backpressure=0.00ms  flush=1.12ms  receive_packet=0.84ms  mux_write=0.69ms  trailer=0.25ms
[2026-10-02 18:50:43.222] [info] [video] render_ms=543.61 encode_ms=7.05 writer_encode_ms=129.88 wall_ms=2430.36 nvml_stop_ms=0.14
[2026-10-02 18:50:43.222] [info] [video] FFmpeg queue wait duration: 0.41 ms
[2026-10-02 18:50:43.229] [info] [video] copy_eligible=true sha256=08784eaed4c4db341bf8f2fcb6dbd3b0d4644ff4dada1bafc04a507708dba351
[2026-10-02 18:50:43.229] [info] [video] Wrote /tmp/velox-phrase-runtime-cert/inputs/apple_scale_push/catalog-motions.mp4
[2026-10-02 18:50:43.229] [info] [startup-profile] total=1166.20ms logger=0.10ms cli_bootstrap=10.06ms cli_parse=0.00ms composition=0.30ms plan_read=0.11ms json_parse=0.70ms plan_decode_validate=48.64ms asset_resolve=0.04ms plan_compile=5.58ms other=0.00ms
[2026-10-02 18:50:43.259] [info] [video] Wrote exact per-frame timing sidecar: /tmp/velox-phrase-runtime-cert/inputs/apple_scale_push/catalog-motions.mp4.timing.json
[2026-10-02 18:50:43.286] [info] [INFO] job-lifecycle: slot_pool_close_ms=0.0 surface_release_ms=0.1
[2026-10-02 18:50:43.413] [info] [INFO] job-lifecycle: queue_close_ms=0.0 writer_join_ms=0.0 encoder_reset_ms=25.2 decoder_reset_ms=0.0 full_graph_reset_ms=126.3 sink_ctx_reset_ms=0.0 device_runtime_reset_ms=0.0 device_reservation_reset_ms=0.0
[2026-10-02 18:50:43.413] [info] [INFO] job-lifecycle: sidecar_write_ms=31.9 session_teardown_ms=151.8
[2026-10-02 18:50:43.421] [info] [INFO] job-lifecycle: execute_ms=2629.9 receipt_build_ms=0.0 receipt_write_ms=0.0 caller_tail_ms=0.0
