[2026-10-02 18:50:46.390] [info] [overlay-prepare] validated package=/tmp/velox-phrase-runtime-cert/inputs/apple_soft_scale/prepared.json hash=78b025afac98a6e00663258a66edb3871d8c00b861da6668fe8b5196c912b256 assets=0 text_runs=1 overlays=2
[2026-10-02 18:50:46.394] [info] [asset-profile] kind=3 path=assets/fonts/Poppins-Bold.ttf bytes=155996 cache=miss invalidated=0 stat=0.01ms hash=3.46ms hashed_bytes=155996 total=3.60ms
[2026-10-02 18:50:46.394] [info] [asset-digest-cache] hits=0 misses=1 invalidations=0 bytes_hashed=155996 lookup_ms=0.01 write_ms=0.01 full_hash_ms=3.46
[2026-10-02 18:50:46.395] [info] [plan-profile] read=0.17ms parse=1.10ms decode=55.50ms resolver=0.03ms compile_validate=4.65ms total=62.75ms
[2026-10-02 18:50:46.396] [info] [asset-profile] kind=3 path=assets/fonts/Poppins-Bold.ttf bytes=155996 cache=hit invalidated=0 stat=0.01ms hash=0.00ms hashed_bytes=0 total=0.10ms
[2026-10-02 18:50:46.396] [info] [asset-digest-cache] hits=1 misses=0 invalidations=0 bytes_hashed=0 lookup_ms=0.01 write_ms=0.00 full_hash_ms=0.00
[2026-10-02 18:50:46.397] [info] [plan-compile-profile] assets=0.28ms fingerprint=0.93ms media_resolution=0.00ms materialize=0.22ms composition_compile=0.00ms compatibility_view=0.09ms total=1.84ms
[2026-10-02 18:50:46.398] [info] [video] Auto-selecting yuv420p pipe pixel format for 1280x720 output
[2026-10-02 18:50:46.399] [info] [video] execution plan resolved (reason: required_gpu_native_full_graph); decode=1 composite=2 encode=1 interop=2 handoff=1 codec=3
[2026-10-02 18:50:46.419] [info] [video-runtime] created persistent runtime for device 0 (CUDA ordinal 0)
[2026-10-02 18:50:46.419] [info] [video] encoder feed capability: host_frame=false direct_yuv=false native_surface=true
[2026-10-02 18:50:46.722] [info] [native_av] CUDA context contract: native=0x55cf9d3ea390 ffmpeg=0x55cf9d3ea390
[2026-10-02 18:50:46.750] [info] [native_av] NVENC tuning applied: rc=constqp preset=p1 async_depth=4 nvenc_surfaces=8 qp=23 bitrate=0
[2026-10-02 18:50:46.823] [info] [native_av] encoder bitstream contract: codec=27 profile=100 level=-99 pix_fmt=119 parameter_sets=49 materialized=true
[2026-10-02 18:50:46.823] [info] [native_av] Opened native encoder: 1280x720 @ 24fps, codec=h264_nvenc, rc=constqp, preset=p1, output='/tmp/velox-phrase-runtime-cert/inputs/apple_soft_scale/catalog-motions.partial.mp4'
[2026-10-02 18:50:48.155] [info] [pool-warm] Pre-allocated and pre-imported 6 execution slots (1280x720) for native NVENC
[2026-10-02 18:50:48.239] [info] chronon3d::vulkan text batch formats: dst_image.format=109 atlas_image.format=44 atlas_encoding=2 (shader contract: dst rgba32f, atlas rgba8)
[2026-10-02 18:50:48.240] [info] [temp-lifetime] frame=0 after_level=0 live=[0,1,3,] retired=[]
[2026-10-02 18:50:48.240] [info] [exec-level-diag] frame=0 level=0 nodes=3 input_ms=0.006 dispatch_ms=4.710 fb_release_ms=0.005
[2026-10-02 18:50:48.240] [info] [graph-edge] frame=0 level=1 consumer_id=2 input_index=0 producer_id=0 producer_level=0
[2026-10-02 18:50:48.240] [info] [graph-edge] frame=0 level=1 consumer_id=2 input_index=1 producer_id=1 producer_level=0
[2026-10-02 18:50:48.240] [info] [graph-edge] frame=0 level=1 consumer_id=4 input_index=0 producer_id=3 producer_level=0
[2026-10-02 18:50:48.246] [info] [temp-lifetime] frame=0 after_level=1 live=[2,4,] retired=[0,1,3,]
[2026-10-02 18:50:48.246] [info] [exec-level-diag] frame=0 level=1 nodes=2 input_ms=0.040 dispatch_ms=5.759 fb_release_ms=0.021
[2026-10-02 18:50:48.246] [info] [graph-edge] frame=0 level=2 consumer_id=5 input_index=0 producer_id=2 producer_level=1
[2026-10-02 18:50:48.246] [info] [graph-edge] frame=0 level=2 consumer_id=5 input_index=1 producer_id=4 producer_level=1
[2026-10-02 18:50:48.246] [info] [temp-lifetime] frame=0 after_level=2 live=[5,] retired=[2,4,]
[2026-10-02 18:50:48.246] [info] [exec-level-diag] frame=0 level=2 nodes=1 input_ms=0.117 dispatch_ms=0.184 fb_release_ms=0.009
[2026-10-02 18:50:48.247] [info] [video] Exporting via Arena-backed SIMD pipeline
[2026-10-02 18:50:48.256] [info] [temp-lifetime] frame=1 after_level=0 live=[0,1,3,] retired=[]
[2026-10-02 18:50:48.257] [info] [exec-level-diag] frame=1 level=0 nodes=3 input_ms=0.003 dispatch_ms=1.180 fb_release_ms=0.005
[2026-10-02 18:50:48.257] [info] [graph-edge] frame=1 level=1 consumer_id=2 input_index=0 producer_id=0 producer_level=0
[2026-10-02 18:50:48.257] [info] [graph-edge] frame=1 level=1 consumer_id=2 input_index=1 producer_id=1 producer_level=0
[2026-10-02 18:50:48.257] [info] [graph-edge] frame=1 level=1 consumer_id=4 input_index=0 producer_id=3 producer_level=0
[2026-10-02 18:50:48.257] [info] [temp-lifetime] frame=1 after_level=1 live=[2,4,] retired=[0,1,3,]
[2026-10-02 18:50:48.257] [info] [exec-level-diag] frame=1 level=1 nodes=2 input_ms=0.144 dispatch_ms=0.496 fb_release_ms=0.020
[2026-10-02 18:50:48.257] [info] [graph-edge] frame=1 level=2 consumer_id=5 input_index=0 producer_id=2 producer_level=1
[2026-10-02 18:50:48.258] [info] [graph-edge] frame=1 level=2 consumer_id=5 input_index=1 producer_id=4 producer_level=1
[2026-10-02 18:50:48.258] [info] [temp-lifetime] frame=1 after_level=2 live=[5,] retired=[2,4,]
[2026-10-02 18:50:48.258] [info] [exec-level-diag] frame=1 level=2 nodes=1 input_ms=0.127 dispatch_ms=0.261 fb_release_ms=0.013
[2026-10-02 18:50:48.272] [info] [temp-lifetime] frame=2 after_level=0 live=[0,1,3,] retired=[]
[2026-10-02 18:50:48.272] [info] [exec-level-diag] frame=2 level=0 nodes=3 input_ms=0.003 dispatch_ms=1.295 fb_release_ms=0.005
[2026-10-02 18:50:48.272] [info] [graph-edge] frame=2 level=1 consumer_id=2 input_index=0 producer_id=0 producer_level=0
[2026-10-02 18:50:48.272] [info] [graph-edge] frame=2 level=1 consumer_id=2 input_index=1 producer_id=1 producer_level=0
[2026-10-02 18:50:48.272] [info] [graph-edge] frame=2 level=1 consumer_id=4 input_index=0 producer_id=3 producer_level=0
[2026-10-02 18:50:48.273] [info] [temp-lifetime] frame=2 after_level=1 live=[2,4,] retired=[0,1,3,]
[2026-10-02 18:50:48.273] [info] [exec-level-diag] frame=2 level=1 nodes=2 input_ms=0.152 dispatch_ms=0.526 fb_release_ms=0.019
[2026-10-02 18:50:48.273] [info] [graph-edge] frame=2 level=2 consumer_id=5 input_index=0 producer_id=2 producer_level=1
[2026-10-02 18:50:48.273] [info] [graph-edge] frame=2 level=2 consumer_id=5 input_index=1 producer_id=4 producer_level=1
[2026-10-02 18:50:48.273] [info] [temp-lifetime] frame=2 after_level=2 live=[5,] retired=[2,4,]
[2026-10-02 18:50:48.273] [info] [exec-level-diag] frame=2 level=2 nodes=1 input_ms=0.123 dispatch_ms=0.257 fb_release_ms=0.013
[2026-10-02 18:50:48.274] [info] [video]   4/48 frames
[2026-10-02 18:50:48.323] [info] [video]   8/48 frames
[2026-10-02 18:50:48.374] [info] [video]   12/48 frames
[2026-10-02 18:50:48.418] [info] [video]   16/48 frames
[2026-10-02 18:50:48.464] [info] [video]   20/48 frames
[2026-10-02 18:50:48.511] [info] [video]   24/48 frames
[2026-10-02 18:50:48.532] [info] [vulkan-lifecycle] frame=25 vram_bytes=333283328 live_surfaces=13 surface_bindings=7 registry_live_handles=107 physical_images=13 deferred_releases=2 vma_allocations=70 surfaces_created=157 surfaces_released=150 queue_packages=1 execution_slots_busy=2 command_batch_active=false
[2026-10-02 18:50:48.551] [info] [video]   28/48 frames
[2026-10-02 18:50:48.593] [info] [video]   32/48 frames
[2026-10-02 18:50:48.639] [info] [video]   36/48 frames
[2026-10-02 18:50:48.682] [info] [video]   40/48 frames
[2026-10-02 18:50:48.729] [info] [video]   44/48 frames
[2026-10-02 18:50:48.775] [info] [video]   48/48 frames
[2026-10-02 18:50:48.789] [info] [video] writer join complete
[2026-10-02 18:50:48.789] [info] [drain-debug] start drain, capacity=6
[2026-10-02 18:50:48.789] [info] [drain-debug] slot_id=4 has completion, waiting
[2026-10-02 18:50:48.789] [info] [drain-debug] slot_id=4 wait complete
[2026-10-02 18:50:48.789] [info] [drain-debug] slot_id=5 has completion, waiting
[2026-10-02 18:50:48.789] [info] [drain-debug] slot_id=5 wait complete
[2026-10-02 18:50:48.789] [info] [drain-debug] reap done, busy_count=0
[2026-10-02 18:50:48.789] [info] [video] trimming framebuffer pool
[2026-10-02 18:50:48.789] [info] [video] Released framebuffer pool — memory trimmed
[2026-10-02 18:50:48.789] [info] [video] frame-loop cleanup complete
[2026-10-02 18:50:48.789] [info] [video] Encoder write blocked duration: 0.00 ms
[2026-10-02 18:50:48.789] [info] [video_diag] conversion_and_copy_duration_ms: 0 ms
[2026-10-02 18:50:48.789] [info] [video_diag] conversion_bytes_written=0 encoder_staging_copy_bytes=0 encoder_slot_reuses=0
[2026-10-02 18:50:48.789] [info] [native_av] close: sending encoder flush
[2026-10-02 18:50:48.790] [info] [native_av] close: encoder flush accepted
[2026-10-02 18:50:48.790] [info] [native_av] close: packets drained=true
[2026-10-02 18:50:48.790] [info] [native_av] close: finalizing mux session
[2026-10-02 18:50:48.790] [info] [native_av] close: mux session finalized
[2026-10-02 18:50:48.791] [info] [native_av] Closed native encoder — 48 frames accepted, encoder_packets=48 mux_packets=48 packet_pts=0..47, YUV cache: 0 hits / 0 misses
[2026-10-02 18:50:48.791] [info] [video_native] convert=103.81ms  send_frame=17.11ms  backpressure=0.00ms  flush=1.09ms  receive_packet=0.60ms  mux_write=1.24ms  trailer=0.37ms
[2026-10-02 18:50:48.792] [info] [video] render_ms=605.47 encode_ms=7.42 writer_encode_ms=125.52 wall_ms=2393.03 nvml_stop_ms=0.12
[2026-10-02 18:50:48.792] [info] [video] FFmpeg queue wait duration: 0.64 ms
[2026-10-02 18:50:48.799] [info] [video] copy_eligible=true sha256=343055ed658f75fc7b83694ab4248de676b66fd4c8aca0a79461def9c6286787
[2026-10-02 18:50:48.799] [info] [video] Wrote /tmp/velox-phrase-runtime-cert/inputs/apple_soft_scale/catalog-motions.mp4
[2026-10-02 18:50:48.800] [info] [startup-profile] total=1089.97ms logger=0.14ms cli_bootstrap=16.41ms cli_parse=0.00ms composition=0.41ms plan_read=0.17ms json_parse=1.10ms plan_decode_validate=55.50ms asset_resolve=0.03ms plan_compile=4.65ms other=0.00ms
[2026-10-02 18:50:48.829] [info] [video] Wrote exact per-frame timing sidecar: /tmp/velox-phrase-runtime-cert/inputs/apple_soft_scale/catalog-motions.mp4.timing.json
[2026-10-02 18:50:48.919] [info] [INFO] job-lifecycle: slot_pool_close_ms=0.0 surface_release_ms=0.1
[2026-10-02 18:50:49.055] [info] [INFO] job-lifecycle: queue_close_ms=0.0 writer_join_ms=0.0 encoder_reset_ms=87.2 decoder_reset_ms=0.0 full_graph_reset_ms=136.1 sink_ctx_reset_ms=0.0 device_runtime_reset_ms=0.0 device_reservation_reset_ms=0.0
[2026-10-02 18:50:49.056] [info] [INFO] job-lifecycle: sidecar_write_ms=31.8 session_teardown_ms=223.8
[2026-10-02 18:50:49.066] [info] [INFO] job-lifecycle: execute_ms=2668.3 receipt_build_ms=0.0 receipt_write_ms=0.0 caller_tail_ms=0.0
