[2026-10-02 18:50:37.724] [info] [overlay-prepare] validated package=/tmp/velox-phrase-runtime-cert/inputs/apple_precision_type/prepared.json hash=87ce5faf381a930c747c2bb731519919a39989b7d445039d430a8858b973c90a assets=0 text_runs=1 overlays=2
[2026-10-02 18:50:37.727] [info] [asset-profile] kind=3 path=assets/fonts/Poppins-Bold.ttf bytes=155996 cache=miss invalidated=0 stat=0.01ms hash=3.54ms hashed_bytes=155996 total=3.67ms
[2026-10-02 18:50:37.728] [info] [asset-digest-cache] hits=0 misses=1 invalidations=0 bytes_hashed=155996 lookup_ms=0.01 write_ms=0.01 full_hash_ms=3.54
[2026-10-02 18:50:37.729] [info] [plan-profile] read=0.18ms parse=2.00ms decode=55.53ms resolver=0.03ms compile_validate=5.58ms total=66.04ms
[2026-10-02 18:50:37.730] [info] [asset-profile] kind=3 path=assets/fonts/Poppins-Bold.ttf bytes=155996 cache=hit invalidated=0 stat=0.01ms hash=0.00ms hashed_bytes=0 total=0.10ms
[2026-10-02 18:50:37.730] [info] [asset-digest-cache] hits=1 misses=0 invalidations=0 bytes_hashed=0 lookup_ms=0.01 write_ms=0.00 full_hash_ms=0.00
[2026-10-02 18:50:37.732] [info] [plan-compile-profile] assets=0.22ms fingerprint=2.18ms media_resolution=0.00ms materialize=0.19ms composition_compile=0.00ms compatibility_view=0.11ms total=3.06ms
[2026-10-02 18:50:37.733] [info] [video] Auto-selecting yuv420p pipe pixel format for 1280x720 output
[2026-10-02 18:50:37.733] [info] [video] execution plan resolved (reason: required_gpu_native_full_graph); decode=1 composite=2 encode=1 interop=2 handoff=1 codec=3
[2026-10-02 18:50:37.754] [info] [video-runtime] created persistent runtime for device 0 (CUDA ordinal 0)
[2026-10-02 18:50:37.754] [info] [video] encoder feed capability: host_frame=false direct_yuv=false native_surface=true
[2026-10-02 18:50:37.971] [info] [native_av] CUDA context contract: native=0x564fe0786210 ffmpeg=0x564fe0786210
[2026-10-02 18:50:37.990] [info] [native_av] NVENC tuning applied: rc=constqp preset=p1 async_depth=4 nvenc_surfaces=8 qp=23 bitrate=0
[2026-10-02 18:50:38.023] [info] [native_av] encoder bitstream contract: codec=27 profile=100 level=-99 pix_fmt=119 parameter_sets=49 materialized=true
[2026-10-02 18:50:38.024] [info] [native_av] Opened native encoder: 1280x720 @ 24fps, codec=h264_nvenc, rc=constqp, preset=p1, output='/tmp/velox-phrase-runtime-cert/inputs/apple_precision_type/catalog-motions.partial.mp4'
[2026-10-02 18:50:39.513] [info] [pool-warm] Pre-allocated and pre-imported 6 execution slots (1280x720) for native NVENC
[2026-10-02 18:50:39.600] [info] chronon3d::vulkan text batch formats: dst_image.format=109 atlas_image.format=44 atlas_encoding=2 (shader contract: dst rgba32f, atlas rgba8)
[2026-10-02 18:50:39.601] [info] [temp-lifetime] frame=0 after_level=0 live=[0,1,3,] retired=[]
[2026-10-02 18:50:39.601] [info] [exec-level-diag] frame=0 level=0 nodes=3 input_ms=0.008 dispatch_ms=5.321 fb_release_ms=0.018
[2026-10-02 18:50:39.601] [info] [graph-edge] frame=0 level=1 consumer_id=2 input_index=0 producer_id=0 producer_level=0
[2026-10-02 18:50:39.601] [info] [graph-edge] frame=0 level=1 consumer_id=2 input_index=1 producer_id=1 producer_level=0
[2026-10-02 18:50:39.601] [info] [graph-edge] frame=0 level=1 consumer_id=4 input_index=0 producer_id=3 producer_level=0
[2026-10-02 18:50:39.608] [info] [temp-lifetime] frame=0 after_level=1 live=[2,4,] retired=[0,1,3,]
[2026-10-02 18:50:39.608] [info] [exec-level-diag] frame=0 level=1 nodes=2 input_ms=0.105 dispatch_ms=6.592 fb_release_ms=0.026
[2026-10-02 18:50:39.608] [info] [graph-edge] frame=0 level=2 consumer_id=5 input_index=0 producer_id=2 producer_level=1
[2026-10-02 18:50:39.608] [info] [graph-edge] frame=0 level=2 consumer_id=5 input_index=1 producer_id=4 producer_level=1
[2026-10-02 18:50:39.608] [info] [temp-lifetime] frame=0 after_level=2 live=[5,] retired=[2,4,]
[2026-10-02 18:50:39.609] [info] [exec-level-diag] frame=0 level=2 nodes=1 input_ms=0.203 dispatch_ms=0.287 fb_release_ms=0.013
[2026-10-02 18:50:39.616] [info] [video] Exporting via Arena-backed SIMD pipeline
[2026-10-02 18:50:39.620] [info] [temp-lifetime] frame=1 after_level=0 live=[0,1,3,] retired=[]
[2026-10-02 18:50:39.620] [info] [exec-level-diag] frame=1 level=0 nodes=3 input_ms=0.003 dispatch_ms=1.448 fb_release_ms=0.005
[2026-10-02 18:50:39.620] [info] [graph-edge] frame=1 level=1 consumer_id=2 input_index=0 producer_id=0 producer_level=0
[2026-10-02 18:50:39.620] [info] [graph-edge] frame=1 level=1 consumer_id=2 input_index=1 producer_id=1 producer_level=0
[2026-10-02 18:50:39.620] [info] [graph-edge] frame=1 level=1 consumer_id=4 input_index=0 producer_id=3 producer_level=0
[2026-10-02 18:50:39.621] [info] [temp-lifetime] frame=1 after_level=1 live=[2,4,] retired=[0,1,3,]
[2026-10-02 18:50:39.621] [info] [exec-level-diag] frame=1 level=1 nodes=2 input_ms=0.105 dispatch_ms=0.508 fb_release_ms=0.022
[2026-10-02 18:50:39.621] [info] [graph-edge] frame=1 level=2 consumer_id=5 input_index=0 producer_id=2 producer_level=1
[2026-10-02 18:50:39.621] [info] [graph-edge] frame=1 level=2 consumer_id=5 input_index=1 producer_id=4 producer_level=1
[2026-10-02 18:50:39.621] [info] [temp-lifetime] frame=1 after_level=2 live=[5,] retired=[2,4,]
[2026-10-02 18:50:39.622] [info] [exec-level-diag] frame=1 level=2 nodes=1 input_ms=0.136 dispatch_ms=0.270 fb_release_ms=0.013
[2026-10-02 18:50:39.641] [info] [temp-lifetime] frame=2 after_level=0 live=[0,1,3,] retired=[]
[2026-10-02 18:50:39.642] [info] [exec-level-diag] frame=2 level=0 nodes=3 input_ms=0.005 dispatch_ms=1.770 fb_release_ms=0.006
[2026-10-02 18:50:39.642] [info] [graph-edge] frame=2 level=1 consumer_id=2 input_index=0 producer_id=0 producer_level=0
[2026-10-02 18:50:39.642] [info] [graph-edge] frame=2 level=1 consumer_id=2 input_index=1 producer_id=1 producer_level=0
[2026-10-02 18:50:39.642] [info] [graph-edge] frame=2 level=1 consumer_id=4 input_index=0 producer_id=3 producer_level=0
[2026-10-02 18:50:39.643] [info] [temp-lifetime] frame=2 after_level=1 live=[2,4,] retired=[0,1,3,]
[2026-10-02 18:50:39.643] [info] [exec-level-diag] frame=2 level=1 nodes=2 input_ms=0.213 dispatch_ms=0.533 fb_release_ms=0.025
[2026-10-02 18:50:39.643] [info] [graph-edge] frame=2 level=2 consumer_id=5 input_index=0 producer_id=2 producer_level=1
[2026-10-02 18:50:39.643] [info] [graph-edge] frame=2 level=2 consumer_id=5 input_index=1 producer_id=4 producer_level=1
[2026-10-02 18:50:39.643] [info] [temp-lifetime] frame=2 after_level=2 live=[5,] retired=[2,4,]
[2026-10-02 18:50:39.643] [info] [exec-level-diag] frame=2 level=2 nodes=1 input_ms=0.149 dispatch_ms=0.273 fb_release_ms=0.013
[2026-10-02 18:50:39.645] [info] [video]   4/48 frames
[2026-10-02 18:50:39.710] [info] [video]   8/48 frames
[2026-10-02 18:50:39.759] [info] [video]   12/48 frames
[2026-10-02 18:50:39.810] [info] [video]   16/48 frames
[2026-10-02 18:50:39.862] [info] [video]   20/48 frames
[2026-10-02 18:50:39.918] [info] [video]   24/48 frames
[2026-10-02 18:50:39.961] [info] [vulkan-lifecycle] frame=25 vram_bytes=333283328 live_surfaces=13 surface_bindings=7 registry_live_handles=107 physical_images=13 deferred_releases=2 vma_allocations=45 surfaces_created=157 surfaces_released=150 queue_packages=1 execution_slots_busy=2 command_batch_active=false
[2026-10-02 18:50:39.984] [info] [video]   28/48 frames
[2026-10-02 18:50:40.039] [info] [video]   32/48 frames
[2026-10-02 18:50:40.104] [info] [video]   36/48 frames
[2026-10-02 18:50:40.177] [info] [video]   40/48 frames
[2026-10-02 18:50:40.233] [info] [video]   44/48 frames
[2026-10-02 18:50:40.279] [info] [video]   48/48 frames
[2026-10-02 18:50:40.292] [info] [video] writer join complete
[2026-10-02 18:50:40.292] [info] [drain-debug] start drain, capacity=6
[2026-10-02 18:50:40.292] [info] [drain-debug] slot_id=4 has completion, waiting
[2026-10-02 18:50:40.292] [info] [drain-debug] slot_id=4 wait complete
[2026-10-02 18:50:40.292] [info] [drain-debug] slot_id=5 has completion, waiting
[2026-10-02 18:50:40.293] [info] [drain-debug] slot_id=5 wait complete
[2026-10-02 18:50:40.293] [info] [drain-debug] reap done, busy_count=0
[2026-10-02 18:50:40.293] [info] [video] trimming framebuffer pool
[2026-10-02 18:50:40.293] [info] [video] Released framebuffer pool — memory trimmed
[2026-10-02 18:50:40.293] [info] [video] frame-loop cleanup complete
[2026-10-02 18:50:40.293] [info] [video] Encoder write blocked duration: 0.00 ms
[2026-10-02 18:50:40.293] [info] [video_diag] conversion_and_copy_duration_ms: 0 ms
[2026-10-02 18:50:40.293] [info] [video_diag] conversion_bytes_written=0 encoder_staging_copy_bytes=0 encoder_slot_reuses=0
[2026-10-02 18:50:40.293] [info] [native_av] close: sending encoder flush
[2026-10-02 18:50:40.293] [info] [native_av] close: encoder flush accepted
[2026-10-02 18:50:40.294] [info] [native_av] close: packets drained=true
[2026-10-02 18:50:40.294] [info] [native_av] close: finalizing mux session
[2026-10-02 18:50:40.294] [info] [native_av] close: mux session finalized
[2026-10-02 18:50:40.294] [info] [native_av] Closed native encoder — 48 frames accepted, encoder_packets=48 mux_packets=48 packet_pts=0..47, YUV cache: 0 hits / 0 misses
[2026-10-02 18:50:40.294] [info] [video_native] convert=107.55ms  send_frame=17.43ms  backpressure=0.00ms  flush=0.97ms  receive_packet=0.59ms  mux_write=0.96ms  trailer=0.25ms
[2026-10-02 18:50:40.295] [info] [video] render_ms=751.12 encode_ms=7.36 writer_encode_ms=128.27 wall_ms=2562.02 nvml_stop_ms=0.12
[2026-10-02 18:50:40.296] [info] [video] FFmpeg queue wait duration: 0.60 ms
[2026-10-02 18:50:40.301] [info] [video] copy_eligible=true sha256=015d29d83b3e0e5e8ed1c1f4f678af6cb7d4d1022563f8116de6d9da683da12d
[2026-10-02 18:50:40.301] [info] [video] Wrote /tmp/velox-phrase-runtime-cert/inputs/apple_precision_type/catalog-motions.mp4
[2026-10-02 18:50:40.301] [info] [startup-profile] total=1090.33ms logger=0.10ms cli_bootstrap=10.30ms cli_parse=0.00ms composition=0.38ms plan_read=0.18ms json_parse=2.00ms plan_decode_validate=55.53ms asset_resolve=0.03ms plan_compile=5.58ms other=0.00ms
[2026-10-02 18:50:40.332] [info] [video] Wrote exact per-frame timing sidecar: /tmp/velox-phrase-runtime-cert/inputs/apple_precision_type/catalog-motions.mp4.timing.json
[2026-10-02 18:50:40.369] [info] [INFO] job-lifecycle: slot_pool_close_ms=0.0 surface_release_ms=0.1
[2026-10-02 18:50:40.526] [info] [INFO] job-lifecycle: queue_close_ms=0.0 writer_join_ms=0.0 encoder_reset_ms=34.3 decoder_reset_ms=0.0 full_graph_reset_ms=157.2 sink_ctx_reset_ms=0.0 device_runtime_reset_ms=0.0 device_reservation_reset_ms=0.0
[2026-10-02 18:50:40.527] [info] [INFO] job-lifecycle: sidecar_write_ms=33.7 session_teardown_ms=192.0
[2026-10-02 18:50:40.538] [info] [INFO] job-lifecycle: execute_ms=2804.8 receipt_build_ms=0.0 receipt_write_ms=0.0 caller_tail_ms=0.0
