[2026-10-02 18:50:19.507] [info] [overlay-prepare] validated package=/tmp/velox-phrase-runtime-cert/inputs/apple_compress_in/prepared.json hash=f955306f5732890dd9ede451fe1f912d1a697b9a831e78874922c01b90ed3f97 assets=0 text_runs=1 overlays=2
[2026-10-02 18:50:19.512] [info] [asset-profile] kind=3 path=assets/fonts/Poppins-Bold.ttf bytes=155996 cache=miss invalidated=0 stat=0.01ms hash=3.87ms hashed_bytes=155996 total=4.02ms
[2026-10-02 18:50:19.512] [info] [asset-digest-cache] hits=0 misses=1 invalidations=0 bytes_hashed=155996 lookup_ms=0.01 write_ms=0.01 full_hash_ms=3.87
[2026-10-02 18:50:19.513] [info] [plan-profile] read=0.14ms parse=0.76ms decode=56.32ms resolver=0.02ms compile_validate=5.15ms total=63.79ms
[2026-10-02 18:50:19.513] [info] [asset-profile] kind=3 path=assets/fonts/Poppins-Bold.ttf bytes=155996 cache=hit invalidated=0 stat=0.01ms hash=0.00ms hashed_bytes=0 total=0.10ms
[2026-10-02 18:50:19.513] [info] [asset-digest-cache] hits=1 misses=0 invalidations=0 bytes_hashed=0 lookup_ms=0.01 write_ms=0.00 full_hash_ms=0.00
[2026-10-02 18:50:19.514] [info] [plan-compile-profile] assets=0.30ms fingerprint=0.89ms media_resolution=0.00ms materialize=0.17ms composition_compile=0.00ms compatibility_view=0.07ms total=1.72ms
[2026-10-02 18:50:19.515] [info] [video] Auto-selecting yuv420p pipe pixel format for 1280x720 output
[2026-10-02 18:50:19.515] [info] [video] execution plan resolved (reason: required_gpu_native_full_graph); decode=1 composite=2 encode=1 interop=2 handoff=1 codec=3
[2026-10-02 18:50:19.533] [info] [video-runtime] created persistent runtime for device 0 (CUDA ordinal 0)
[2026-10-02 18:50:19.533] [info] [video] encoder feed capability: host_frame=false direct_yuv=false native_surface=true
[2026-10-02 18:50:19.746] [info] [native_av] CUDA context contract: native=0x563a54e41dd0 ffmpeg=0x563a54e41dd0
[2026-10-02 18:50:19.769] [info] [native_av] NVENC tuning applied: rc=constqp preset=p1 async_depth=4 nvenc_surfaces=8 qp=23 bitrate=0
[2026-10-02 18:50:19.803] [info] [native_av] encoder bitstream contract: codec=27 profile=100 level=-99 pix_fmt=119 parameter_sets=49 materialized=true
[2026-10-02 18:50:19.803] [info] [native_av] Opened native encoder: 1280x720 @ 24fps, codec=h264_nvenc, rc=constqp, preset=p1, output='/tmp/velox-phrase-runtime-cert/inputs/apple_compress_in/catalog-motions.partial.mp4'
[2026-10-02 18:50:21.124] [info] [pool-warm] Pre-allocated and pre-imported 6 execution slots (1280x720) for native NVENC
[2026-10-02 18:50:21.220] [info] chronon3d::vulkan text batch formats: dst_image.format=109 atlas_image.format=44 atlas_encoding=2 (shader contract: dst rgba32f, atlas rgba8)
[2026-10-02 18:50:21.224] [info] [temp-lifetime] frame=0 after_level=0 live=[0,1,3,] retired=[]
[2026-10-02 18:50:21.224] [info] [exec-level-diag] frame=0 level=0 nodes=3 input_ms=0.007 dispatch_ms=8.821 fb_release_ms=0.007
[2026-10-02 18:50:21.225] [info] [graph-edge] frame=0 level=1 consumer_id=2 input_index=0 producer_id=0 producer_level=0
[2026-10-02 18:50:21.225] [info] [graph-edge] frame=0 level=1 consumer_id=2 input_index=1 producer_id=1 producer_level=0
[2026-10-02 18:50:21.225] [info] [graph-edge] frame=0 level=1 consumer_id=4 input_index=0 producer_id=3 producer_level=0
[2026-10-02 18:50:21.232] [info] [temp-lifetime] frame=0 after_level=1 live=[2,4,] retired=[0,1,3,]
[2026-10-02 18:50:21.232] [info] [exec-level-diag] frame=0 level=1 nodes=2 input_ms=0.101 dispatch_ms=7.712 fb_release_ms=0.024
[2026-10-02 18:50:21.232] [info] [graph-edge] frame=0 level=2 consumer_id=5 input_index=0 producer_id=2 producer_level=1
[2026-10-02 18:50:21.233] [info] [graph-edge] frame=0 level=2 consumer_id=5 input_index=1 producer_id=4 producer_level=1
[2026-10-02 18:50:21.233] [info] [temp-lifetime] frame=0 after_level=2 live=[5,] retired=[2,4,]
[2026-10-02 18:50:21.233] [info] [exec-level-diag] frame=0 level=2 nodes=1 input_ms=0.095 dispatch_ms=0.201 fb_release_ms=0.008
[2026-10-02 18:50:21.233] [info] [video] Exporting via Arena-backed SIMD pipeline
[2026-10-02 18:50:21.243] [info] [temp-lifetime] frame=1 after_level=0 live=[0,1,3,] retired=[]
[2026-10-02 18:50:21.243] [info] [exec-level-diag] frame=1 level=0 nodes=3 input_ms=0.003 dispatch_ms=1.175 fb_release_ms=0.005
[2026-10-02 18:50:21.243] [info] [graph-edge] frame=1 level=1 consumer_id=2 input_index=0 producer_id=0 producer_level=0
[2026-10-02 18:50:21.243] [info] [graph-edge] frame=1 level=1 consumer_id=2 input_index=1 producer_id=1 producer_level=0
[2026-10-02 18:50:21.243] [info] [graph-edge] frame=1 level=1 consumer_id=4 input_index=0 producer_id=3 producer_level=0
[2026-10-02 18:50:21.244] [info] [temp-lifetime] frame=1 after_level=1 live=[2,4,] retired=[0,1,3,]
[2026-10-02 18:50:21.244] [info] [exec-level-diag] frame=1 level=1 nodes=2 input_ms=0.184 dispatch_ms=0.571 fb_release_ms=0.022
[2026-10-02 18:50:21.244] [info] [graph-edge] frame=1 level=2 consumer_id=5 input_index=0 producer_id=2 producer_level=1
[2026-10-02 18:50:21.244] [info] [graph-edge] frame=1 level=2 consumer_id=5 input_index=1 producer_id=4 producer_level=1
[2026-10-02 18:50:21.245] [info] [temp-lifetime] frame=1 after_level=2 live=[5,] retired=[2,4,]
[2026-10-02 18:50:21.245] [info] [exec-level-diag] frame=1 level=2 nodes=1 input_ms=0.119 dispatch_ms=0.237 fb_release_ms=0.012
[2026-10-02 18:50:21.261] [info] [temp-lifetime] frame=2 after_level=0 live=[0,1,3,] retired=[]
[2026-10-02 18:50:21.261] [info] [exec-level-diag] frame=2 level=0 nodes=3 input_ms=0.007 dispatch_ms=1.425 fb_release_ms=0.005
[2026-10-02 18:50:21.261] [info] [graph-edge] frame=2 level=1 consumer_id=2 input_index=0 producer_id=0 producer_level=0
[2026-10-02 18:50:21.262] [info] [graph-edge] frame=2 level=1 consumer_id=2 input_index=1 producer_id=1 producer_level=0
[2026-10-02 18:50:21.262] [info] [graph-edge] frame=2 level=1 consumer_id=4 input_index=0 producer_id=3 producer_level=0
[2026-10-02 18:50:21.262] [info] [temp-lifetime] frame=2 after_level=1 live=[2,4,] retired=[0,1,3,]
[2026-10-02 18:50:21.262] [info] [exec-level-diag] frame=2 level=1 nodes=2 input_ms=0.195 dispatch_ms=0.561 fb_release_ms=0.021
[2026-10-02 18:50:21.262] [info] [graph-edge] frame=2 level=2 consumer_id=5 input_index=0 producer_id=2 producer_level=1
[2026-10-02 18:50:21.262] [info] [graph-edge] frame=2 level=2 consumer_id=5 input_index=1 producer_id=4 producer_level=1
[2026-10-02 18:50:21.263] [info] [temp-lifetime] frame=2 after_level=2 live=[5,] retired=[2,4,]
[2026-10-02 18:50:21.263] [info] [exec-level-diag] frame=2 level=2 nodes=1 input_ms=0.117 dispatch_ms=0.246 fb_release_ms=0.012
[2026-10-02 18:50:21.263] [info] [video]   4/48 frames
[2026-10-02 18:50:21.312] [info] [video]   8/48 frames
[2026-10-02 18:50:21.375] [info] [video]   12/48 frames
[2026-10-02 18:50:21.440] [info] [video]   16/48 frames
[2026-10-02 18:50:21.510] [info] [video]   20/48 frames
[2026-10-02 18:50:21.573] [info] [video]   24/48 frames
[2026-10-02 18:50:21.603] [info] [vulkan-lifecycle] frame=25 vram_bytes=333283328 live_surfaces=13 surface_bindings=7 registry_live_handles=107 physical_images=13 deferred_releases=2 vma_allocations=65 surfaces_created=157 surfaces_released=150 queue_packages=0 execution_slots_busy=2 command_batch_active=false
[2026-10-02 18:50:21.634] [info] [video]   28/48 frames
[2026-10-02 18:50:21.694] [info] [video]   32/48 frames
[2026-10-02 18:50:21.757] [info] [video]   36/48 frames
[2026-10-02 18:50:21.816] [info] [video]   40/48 frames
[2026-10-02 18:50:21.872] [info] [video]   44/48 frames
[2026-10-02 18:50:21.945] [info] [video]   48/48 frames
[2026-10-02 18:50:21.968] [info] [video] writer join complete
[2026-10-02 18:50:21.968] [info] [drain-debug] start drain, capacity=6
[2026-10-02 18:50:21.968] [info] [drain-debug] slot_id=4 has completion, waiting
[2026-10-02 18:50:21.968] [info] [drain-debug] slot_id=4 wait complete
[2026-10-02 18:50:21.968] [info] [drain-debug] slot_id=5 has completion, waiting
[2026-10-02 18:50:21.968] [info] [drain-debug] slot_id=5 wait complete
[2026-10-02 18:50:21.968] [info] [drain-debug] reap done, busy_count=0
[2026-10-02 18:50:21.968] [info] [video] trimming framebuffer pool
[2026-10-02 18:50:21.968] [info] [video] Released framebuffer pool — memory trimmed
[2026-10-02 18:50:21.968] [info] [video] frame-loop cleanup complete
[2026-10-02 18:50:21.968] [info] [video] Encoder write blocked duration: 0.00 ms
[2026-10-02 18:50:21.968] [info] [video_diag] conversion_and_copy_duration_ms: 0 ms
[2026-10-02 18:50:21.968] [info] [video_diag] conversion_bytes_written=0 encoder_staging_copy_bytes=0 encoder_slot_reuses=0
[2026-10-02 18:50:21.968] [info] [native_av] close: sending encoder flush
[2026-10-02 18:50:21.968] [info] [native_av] close: encoder flush accepted
[2026-10-02 18:50:21.969] [info] [native_av] close: packets drained=true
[2026-10-02 18:50:21.969] [info] [native_av] close: finalizing mux session
[2026-10-02 18:50:21.969] [info] [native_av] close: mux session finalized
[2026-10-02 18:50:21.969] [info] [native_av] Closed native encoder — 48 frames accepted, encoder_packets=48 mux_packets=48 packet_pts=0..47, YUV cache: 0 hits / 0 misses
[2026-10-02 18:50:21.969] [info] [video_native] convert=90.31ms  send_frame=20.81ms  backpressure=0.00ms  flush=1.05ms  receive_packet=0.72ms  mux_write=1.52ms  trailer=0.33ms
[2026-10-02 18:50:21.971] [info] [video] render_ms=813.01 encode_ms=8.23 writer_encode_ms=121.33 wall_ms=2456.08 nvml_stop_ms=0.20
[2026-10-02 18:50:21.971] [info] [video] FFmpeg queue wait duration: 0.77 ms
[2026-10-02 18:50:21.980] [info] [video] copy_eligible=true sha256=b89df0dddde37891fa557763952517df32f54734bc5ccde1cf98d663239dcef8
[2026-10-02 18:50:21.980] [info] [video] Wrote /tmp/velox-phrase-runtime-cert/inputs/apple_compress_in/catalog-motions.mp4
[2026-10-02 18:50:21.981] [info] [startup-profile] total=929.30ms logger=0.16ms cli_bootstrap=14.06ms cli_parse=0.00ms composition=0.52ms plan_read=0.14ms json_parse=0.76ms plan_decode_validate=56.32ms asset_resolve=0.02ms plan_compile=5.15ms other=0.00ms
[2026-10-02 18:50:22.011] [info] [video] Wrote exact per-frame timing sidecar: /tmp/velox-phrase-runtime-cert/inputs/apple_compress_in/catalog-motions.mp4.timing.json
[2026-10-02 18:50:22.046] [info] [INFO] job-lifecycle: slot_pool_close_ms=0.0 surface_release_ms=0.1
[2026-10-02 18:50:22.173] [info] [INFO] job-lifecycle: queue_close_ms=0.0 writer_join_ms=0.0 encoder_reset_ms=32.6 decoder_reset_ms=0.0 full_graph_reset_ms=126.8 sink_ctx_reset_ms=0.0 device_runtime_reset_ms=0.0 device_reservation_reset_ms=0.0
[2026-10-02 18:50:22.173] [info] [INFO] job-lifecycle: sidecar_write_ms=32.7 session_teardown_ms=159.8
[2026-10-02 18:50:22.181] [info] [INFO] job-lifecycle: execute_ms=2665.9 receipt_build_ms=0.0 receipt_write_ms=0.0 caller_tail_ms=0.0
