[2026-10-02 18:50:55.218] [info] [overlay-prepare] validated package=/tmp/velox-phrase-runtime-cert/inputs/apple_vertical_glyph_lift/prepared.json hash=40a3e73c267ee8ffeade513c8aff4aae28a2e4a73113f5a7e1c7fcf755e1c38e assets=0 text_runs=1 overlays=2
[2026-10-02 18:50:55.222] [info] [asset-profile] kind=3 path=assets/fonts/Poppins-Bold.ttf bytes=155996 cache=miss invalidated=0 stat=0.01ms hash=3.56ms hashed_bytes=155996 total=3.70ms
[2026-10-02 18:50:55.222] [info] [asset-digest-cache] hits=0 misses=1 invalidations=0 bytes_hashed=155996 lookup_ms=0.01 write_ms=0.01 full_hash_ms=3.56
[2026-10-02 18:50:55.224] [info] [plan-profile] read=0.18ms parse=2.59ms decode=55.17ms resolver=0.03ms compile_validate=6.06ms total=67.67ms
[2026-10-02 18:50:55.224] [info] [asset-profile] kind=3 path=assets/fonts/Poppins-Bold.ttf bytes=155996 cache=hit invalidated=0 stat=0.01ms hash=0.00ms hashed_bytes=0 total=0.10ms
[2026-10-02 18:50:55.224] [info] [asset-digest-cache] hits=1 misses=0 invalidations=0 bytes_hashed=0 lookup_ms=0.01 write_ms=0.00 full_hash_ms=0.00
[2026-10-02 18:50:55.228] [info] [plan-compile-profile] assets=0.28ms fingerprint=2.84ms media_resolution=0.00ms materialize=0.17ms composition_compile=0.00ms compatibility_view=0.13ms total=3.77ms
[2026-10-02 18:50:55.229] [info] [video] Auto-selecting yuv420p pipe pixel format for 1280x720 output
[2026-10-02 18:50:55.229] [info] [video] execution plan resolved (reason: required_gpu_native_full_graph); decode=1 composite=2 encode=1 interop=2 handoff=1 codec=3
[2026-10-02 18:50:55.252] [info] [video-runtime] created persistent runtime for device 0 (CUDA ordinal 0)
[2026-10-02 18:50:55.252] [info] [video] encoder feed capability: host_frame=false direct_yuv=false native_surface=true
[2026-10-02 18:50:55.462] [info] [native_av] CUDA context contract: native=0x5623ad8717c0 ffmpeg=0x5623ad8717c0
[2026-10-02 18:50:55.482] [info] [native_av] NVENC tuning applied: rc=constqp preset=p1 async_depth=4 nvenc_surfaces=8 qp=23 bitrate=0
[2026-10-02 18:50:55.514] [info] [native_av] encoder bitstream contract: codec=27 profile=100 level=-99 pix_fmt=119 parameter_sets=49 materialized=true
[2026-10-02 18:50:55.515] [info] [native_av] Opened native encoder: 1280x720 @ 24fps, codec=h264_nvenc, rc=constqp, preset=p1, output='/tmp/velox-phrase-runtime-cert/inputs/apple_vertical_glyph_lift/catalog-motions.partial.mp4'
[2026-10-02 18:50:56.706] [info] [pool-warm] Pre-allocated and pre-imported 6 execution slots (1280x720) for native NVENC
[2026-10-02 18:50:56.793] [info] chronon3d::vulkan text batch formats: dst_image.format=109 atlas_image.format=44 atlas_encoding=2 (shader contract: dst rgba32f, atlas rgba8)
[2026-10-02 18:50:56.794] [info] [temp-lifetime] frame=0 after_level=0 live=[0,1,3,] retired=[]
[2026-10-02 18:50:56.794] [info] [exec-level-diag] frame=0 level=0 nodes=3 input_ms=0.006 dispatch_ms=5.092 fb_release_ms=0.005
[2026-10-02 18:50:56.794] [info] [graph-edge] frame=0 level=1 consumer_id=2 input_index=0 producer_id=0 producer_level=0
[2026-10-02 18:50:56.794] [info] [graph-edge] frame=0 level=1 consumer_id=2 input_index=1 producer_id=1 producer_level=0
[2026-10-02 18:50:56.794] [info] [graph-edge] frame=0 level=1 consumer_id=4 input_index=0 producer_id=3 producer_level=0
[2026-10-02 18:50:56.799] [info] [temp-lifetime] frame=0 after_level=1 live=[2,4,] retired=[0,1,3,]
[2026-10-02 18:50:56.799] [info] [exec-level-diag] frame=0 level=1 nodes=2 input_ms=0.103 dispatch_ms=4.334 fb_release_ms=0.021
[2026-10-02 18:50:56.799] [info] [graph-edge] frame=0 level=2 consumer_id=5 input_index=0 producer_id=2 producer_level=1
[2026-10-02 18:50:56.799] [info] [graph-edge] frame=0 level=2 consumer_id=5 input_index=1 producer_id=4 producer_level=1
[2026-10-02 18:50:56.799] [info] [temp-lifetime] frame=0 after_level=2 live=[5,] retired=[2,4,]
[2026-10-02 18:50:56.799] [info] [exec-level-diag] frame=0 level=2 nodes=1 input_ms=0.106 dispatch_ms=0.200 fb_release_ms=0.008
[2026-10-02 18:50:56.800] [info] [video] Exporting via Arena-backed SIMD pipeline
[2026-10-02 18:50:56.811] [info] [temp-lifetime] frame=1 after_level=0 live=[0,1,3,] retired=[]
[2026-10-02 18:50:56.811] [info] [exec-level-diag] frame=1 level=0 nodes=3 input_ms=0.004 dispatch_ms=1.586 fb_release_ms=0.004
[2026-10-02 18:50:56.811] [info] [graph-edge] frame=1 level=1 consumer_id=2 input_index=0 producer_id=0 producer_level=0
[2026-10-02 18:50:56.811] [info] [graph-edge] frame=1 level=1 consumer_id=2 input_index=1 producer_id=1 producer_level=0
[2026-10-02 18:50:56.811] [info] [graph-edge] frame=1 level=1 consumer_id=4 input_index=0 producer_id=3 producer_level=0
[2026-10-02 18:50:56.812] [info] [temp-lifetime] frame=1 after_level=1 live=[2,4,] retired=[0,1,3,]
[2026-10-02 18:50:56.812] [info] [exec-level-diag] frame=1 level=1 nodes=2 input_ms=0.122 dispatch_ms=0.517 fb_release_ms=0.021
[2026-10-02 18:50:56.812] [info] [graph-edge] frame=1 level=2 consumer_id=5 input_index=0 producer_id=2 producer_level=1
[2026-10-02 18:50:56.812] [info] [graph-edge] frame=1 level=2 consumer_id=5 input_index=1 producer_id=4 producer_level=1
[2026-10-02 18:50:56.812] [info] [temp-lifetime] frame=1 after_level=2 live=[5,] retired=[2,4,]
[2026-10-02 18:50:56.813] [info] [exec-level-diag] frame=1 level=2 nodes=1 input_ms=0.175 dispatch_ms=0.257 fb_release_ms=0.013
[2026-10-02 18:50:56.828] [info] [temp-lifetime] frame=2 after_level=0 live=[0,1,3,] retired=[]
[2026-10-02 18:50:56.829] [info] [exec-level-diag] frame=2 level=0 nodes=3 input_ms=0.005 dispatch_ms=1.521 fb_release_ms=0.005
[2026-10-02 18:50:56.829] [info] [graph-edge] frame=2 level=1 consumer_id=2 input_index=0 producer_id=0 producer_level=0
[2026-10-02 18:50:56.829] [info] [graph-edge] frame=2 level=1 consumer_id=2 input_index=1 producer_id=1 producer_level=0
[2026-10-02 18:50:56.829] [info] [graph-edge] frame=2 level=1 consumer_id=4 input_index=0 producer_id=3 producer_level=0
[2026-10-02 18:50:56.829] [info] [temp-lifetime] frame=2 after_level=1 live=[2,4,] retired=[0,1,3,]
[2026-10-02 18:50:56.829] [info] [exec-level-diag] frame=2 level=1 nodes=2 input_ms=0.121 dispatch_ms=0.624 fb_release_ms=0.033
[2026-10-02 18:50:56.830] [info] [graph-edge] frame=2 level=2 consumer_id=5 input_index=0 producer_id=2 producer_level=1
[2026-10-02 18:50:56.830] [info] [graph-edge] frame=2 level=2 consumer_id=5 input_index=1 producer_id=4 producer_level=1
[2026-10-02 18:50:56.830] [info] [temp-lifetime] frame=2 after_level=2 live=[5,] retired=[2,4,]
[2026-10-02 18:50:56.830] [info] [exec-level-diag] frame=2 level=2 nodes=1 input_ms=0.138 dispatch_ms=0.277 fb_release_ms=0.013
[2026-10-02 18:50:56.831] [info] [video]   4/48 frames
[2026-10-02 18:50:56.887] [info] [video]   8/48 frames
[2026-10-02 18:50:56.952] [info] [video]   12/48 frames
[2026-10-02 18:50:57.002] [info] [video]   16/48 frames
[2026-10-02 18:50:57.055] [info] [video]   20/48 frames
[2026-10-02 18:50:57.104] [info] [video]   24/48 frames
[2026-10-02 18:50:57.130] [info] [vulkan-lifecycle] frame=25 vram_bytes=333283328 live_surfaces=13 surface_bindings=7 registry_live_handles=107 physical_images=13 deferred_releases=2 vma_allocations=55 surfaces_created=157 surfaces_released=150 queue_packages=1 execution_slots_busy=2 command_batch_active=false
[2026-10-02 18:50:57.156] [info] [video]   28/48 frames
[2026-10-02 18:50:57.205] [info] [video]   32/48 frames
[2026-10-02 18:50:57.256] [info] [video]   36/48 frames
[2026-10-02 18:50:57.311] [info] [video]   40/48 frames
[2026-10-02 18:50:57.366] [info] [video]   44/48 frames
[2026-10-02 18:50:57.420] [info] [video]   48/48 frames
[2026-10-02 18:50:57.435] [info] [video] writer join complete
[2026-10-02 18:50:57.435] [info] [drain-debug] start drain, capacity=6
[2026-10-02 18:50:57.436] [info] [drain-debug] slot_id=4 has completion, waiting
[2026-10-02 18:50:57.436] [info] [drain-debug] slot_id=4 wait complete
[2026-10-02 18:50:57.436] [info] [drain-debug] slot_id=5 has completion, waiting
[2026-10-02 18:50:57.436] [info] [drain-debug] slot_id=5 wait complete
[2026-10-02 18:50:57.436] [info] [drain-debug] reap done, busy_count=0
[2026-10-02 18:50:57.436] [info] [video] trimming framebuffer pool
[2026-10-02 18:50:57.436] [info] [video] Released framebuffer pool — memory trimmed
[2026-10-02 18:50:57.436] [info] [video] frame-loop cleanup complete
[2026-10-02 18:50:57.436] [info] [video] Encoder write blocked duration: 0.00 ms
[2026-10-02 18:50:57.436] [info] [video_diag] conversion_and_copy_duration_ms: 0 ms
[2026-10-02 18:50:57.436] [info] [video_diag] conversion_bytes_written=0 encoder_staging_copy_bytes=0 encoder_slot_reuses=0
[2026-10-02 18:50:57.436] [info] [native_av] close: sending encoder flush
[2026-10-02 18:50:57.436] [info] [native_av] close: encoder flush accepted
[2026-10-02 18:50:57.437] [info] [native_av] close: packets drained=true
[2026-10-02 18:50:57.437] [info] [native_av] close: finalizing mux session
[2026-10-02 18:50:57.437] [info] [native_av] close: mux session finalized
[2026-10-02 18:50:57.437] [info] [native_av] Closed native encoder — 48 frames accepted, encoder_packets=48 mux_packets=48 packet_pts=0..47, YUV cache: 0 hits / 0 misses
[2026-10-02 18:50:57.437] [info] [video_native] convert=101.53ms  send_frame=19.02ms  backpressure=0.00ms  flush=1.01ms  receive_packet=0.44ms  mux_write=1.29ms  trailer=0.28ms
[2026-10-02 18:50:57.439] [info] [video] render_ms=700.57 encode_ms=7.54 writer_encode_ms=127.06 wall_ms=2209.74 nvml_stop_ms=0.14
[2026-10-02 18:50:57.439] [info] [video] FFmpeg queue wait duration: 0.71 ms
[2026-10-02 18:50:57.446] [info] [video] copy_eligible=true sha256=2e830253d44a8617e19d2555a2c3c20dd39465d4bba119bd31228b1512da827e
[2026-10-02 18:50:57.446] [info] [video] Wrote /tmp/velox-phrase-runtime-cert/inputs/apple_vertical_glyph_lift/catalog-motions.mp4
[2026-10-02 18:50:57.446] [info] [startup-profile] total=893.38ms logger=0.10ms cli_bootstrap=9.53ms cli_parse=0.00ms composition=0.30ms plan_read=0.18ms json_parse=2.59ms plan_decode_validate=55.17ms asset_resolve=0.03ms plan_compile=6.06ms other=0.00ms
[2026-10-02 18:50:57.479] [info] [video] Wrote exact per-frame timing sidecar: /tmp/velox-phrase-runtime-cert/inputs/apple_vertical_glyph_lift/catalog-motions.mp4.timing.json
[2026-10-02 18:50:57.512] [info] [INFO] job-lifecycle: slot_pool_close_ms=0.0 surface_release_ms=0.1
[2026-10-02 18:50:57.644] [info] [INFO] job-lifecycle: queue_close_ms=0.0 writer_join_ms=0.0 encoder_reset_ms=29.5 decoder_reset_ms=0.0 full_graph_reset_ms=131.6 sink_ctx_reset_ms=0.0 device_runtime_reset_ms=0.0 device_reservation_reset_ms=0.0
[2026-10-02 18:50:57.644] [info] [INFO] job-lifecycle: sidecar_write_ms=36.1 session_teardown_ms=161.5
[2026-10-02 18:50:57.653] [info] [INFO] job-lifecycle: execute_ms=2423.6 receipt_build_ms=0.0 receipt_write_ms=0.0 caller_tail_ms=0.0
