[2026-10-02 18:50:16.851] [info] [overlay-prepare] validated package=/tmp/velox-phrase-runtime-cert/inputs/apple_cinematic_exit/prepared.json hash=8168dbe38dc49d23ee4bfc6a313fbab367b2136e7e7cda8b7a6e3406ee670d3b assets=0 text_runs=1 overlays=2
[2026-10-02 18:50:16.855] [info] [asset-profile] kind=3 path=assets/fonts/Poppins-Bold.ttf bytes=155996 cache=miss invalidated=0 stat=0.01ms hash=3.50ms hashed_bytes=155996 total=3.65ms
[2026-10-02 18:50:16.855] [info] [asset-digest-cache] hits=0 misses=1 invalidations=0 bytes_hashed=155996 lookup_ms=0.01 write_ms=0.01 full_hash_ms=3.50
[2026-10-02 18:50:16.856] [info] [plan-profile] read=0.11ms parse=0.78ms decode=48.82ms resolver=0.03ms compile_validate=4.81ms total=55.98ms
[2026-10-02 18:50:16.857] [info] [asset-profile] kind=3 path=assets/fonts/Poppins-Bold.ttf bytes=155996 cache=hit invalidated=0 stat=0.01ms hash=0.00ms hashed_bytes=0 total=0.10ms
[2026-10-02 18:50:16.857] [info] [asset-digest-cache] hits=1 misses=0 invalidations=0 bytes_hashed=0 lookup_ms=0.01 write_ms=0.00 full_hash_ms=0.00
[2026-10-02 18:50:16.858] [info] [plan-compile-profile] assets=0.25ms fingerprint=1.02ms media_resolution=0.00ms materialize=0.16ms composition_compile=0.00ms compatibility_view=0.08ms total=1.83ms
[2026-10-02 18:50:16.859] [info] [video] Auto-selecting yuv420p pipe pixel format for 1280x720 output
[2026-10-02 18:50:16.859] [info] [video] execution plan resolved (reason: required_gpu_native_full_graph); decode=1 composite=2 encode=1 interop=2 handoff=1 codec=3
[2026-10-02 18:50:16.876] [info] [video-runtime] created persistent runtime for device 0 (CUDA ordinal 0)
[2026-10-02 18:50:16.877] [info] [video] encoder feed capability: host_frame=false direct_yuv=false native_surface=true
[2026-10-02 18:50:17.097] [info] [native_av] CUDA context contract: native=0x56265cb59500 ffmpeg=0x56265cb59500
[2026-10-02 18:50:17.115] [info] [native_av] NVENC tuning applied: rc=constqp preset=p1 async_depth=4 nvenc_surfaces=8 qp=23 bitrate=0
[2026-10-02 18:50:17.149] [info] [native_av] encoder bitstream contract: codec=27 profile=100 level=-99 pix_fmt=119 parameter_sets=49 materialized=true
[2026-10-02 18:50:17.149] [info] [native_av] Opened native encoder: 1280x720 @ 24fps, codec=h264_nvenc, rc=constqp, preset=p1, output='/tmp/velox-phrase-runtime-cert/inputs/apple_cinematic_exit/catalog-motions.partial.mp4'
[2026-10-02 18:50:18.316] [info] [pool-warm] Pre-allocated and pre-imported 6 execution slots (1280x720) for native NVENC
[2026-10-02 18:50:18.406] [info] chronon3d::vulkan text batch formats: dst_image.format=109 atlas_image.format=44 atlas_encoding=2 (shader contract: dst rgba32f, atlas rgba8)
[2026-10-02 18:50:18.407] [info] [temp-lifetime] frame=0 after_level=0 live=[0,1,3,] retired=[]
[2026-10-02 18:50:18.407] [info] [exec-level-diag] frame=0 level=0 nodes=3 input_ms=0.006 dispatch_ms=5.903 fb_release_ms=0.008
[2026-10-02 18:50:18.407] [info] [graph-edge] frame=0 level=1 consumer_id=2 input_index=0 producer_id=0 producer_level=0
[2026-10-02 18:50:18.407] [info] [graph-edge] frame=0 level=1 consumer_id=2 input_index=1 producer_id=1 producer_level=0
[2026-10-02 18:50:18.407] [info] [graph-edge] frame=0 level=1 consumer_id=4 input_index=0 producer_id=3 producer_level=0
[2026-10-02 18:50:18.411] [info] [temp-lifetime] frame=0 after_level=1 live=[2,4,] retired=[0,1,3,]
[2026-10-02 18:50:18.411] [info] [exec-level-diag] frame=0 level=1 nodes=2 input_ms=0.105 dispatch_ms=4.264 fb_release_ms=0.016
[2026-10-02 18:50:18.411] [info] [graph-edge] frame=0 level=2 consumer_id=5 input_index=0 producer_id=2 producer_level=1
[2026-10-02 18:50:18.412] [info] [graph-edge] frame=0 level=2 consumer_id=5 input_index=1 producer_id=4 producer_level=1
[2026-10-02 18:50:18.412] [info] [temp-lifetime] frame=0 after_level=2 live=[5,] retired=[2,4,]
[2026-10-02 18:50:18.412] [info] [exec-level-diag] frame=0 level=2 nodes=1 input_ms=0.164 dispatch_ms=0.170 fb_release_ms=0.008
[2026-10-02 18:50:18.412] [info] [video] Exporting via Arena-backed SIMD pipeline
[2026-10-02 18:50:18.423] [info] [temp-lifetime] frame=1 after_level=0 live=[0,1,3,] retired=[]
[2026-10-02 18:50:18.423] [info] [exec-level-diag] frame=1 level=0 nodes=3 input_ms=0.005 dispatch_ms=1.087 fb_release_ms=0.004
[2026-10-02 18:50:18.423] [info] [graph-edge] frame=1 level=1 consumer_id=2 input_index=0 producer_id=0 producer_level=0
[2026-10-02 18:50:18.423] [info] [graph-edge] frame=1 level=1 consumer_id=2 input_index=1 producer_id=1 producer_level=0
[2026-10-02 18:50:18.423] [info] [graph-edge] frame=1 level=1 consumer_id=4 input_index=0 producer_id=3 producer_level=0
[2026-10-02 18:50:18.424] [info] [temp-lifetime] frame=1 after_level=1 live=[2,4,] retired=[0,1,3,]
[2026-10-02 18:50:18.424] [info] [exec-level-diag] frame=1 level=1 nodes=2 input_ms=0.124 dispatch_ms=0.489 fb_release_ms=0.016
[2026-10-02 18:50:18.424] [info] [graph-edge] frame=1 level=2 consumer_id=5 input_index=0 producer_id=2 producer_level=1
[2026-10-02 18:50:18.424] [info] [graph-edge] frame=1 level=2 consumer_id=5 input_index=1 producer_id=4 producer_level=1
[2026-10-02 18:50:18.425] [info] [temp-lifetime] frame=1 after_level=2 live=[5,] retired=[2,4,]
[2026-10-02 18:50:18.425] [info] [exec-level-diag] frame=1 level=2 nodes=1 input_ms=0.115 dispatch_ms=0.237 fb_release_ms=0.011
[2026-10-02 18:50:18.455] [info] [temp-lifetime] frame=2 after_level=0 live=[0,1,3,] retired=[]
[2026-10-02 18:50:18.455] [info] [exec-level-diag] frame=2 level=0 nodes=3 input_ms=0.006 dispatch_ms=1.230 fb_release_ms=0.004
[2026-10-02 18:50:18.455] [info] [graph-edge] frame=2 level=1 consumer_id=2 input_index=0 producer_id=0 producer_level=0
[2026-10-02 18:50:18.455] [info] [graph-edge] frame=2 level=1 consumer_id=2 input_index=1 producer_id=1 producer_level=0
[2026-10-02 18:50:18.455] [info] [graph-edge] frame=2 level=1 consumer_id=4 input_index=0 producer_id=3 producer_level=0
[2026-10-02 18:50:18.461] [info] [temp-lifetime] frame=2 after_level=1 live=[2,4,] retired=[0,1,3,]
[2026-10-02 18:50:18.461] [info] [exec-level-diag] frame=2 level=1 nodes=2 input_ms=0.123 dispatch_ms=5.722 fb_release_ms=0.047
[2026-10-02 18:50:18.461] [info] [graph-edge] frame=2 level=2 consumer_id=5 input_index=0 producer_id=2 producer_level=1
[2026-10-02 18:50:18.461] [info] [graph-edge] frame=2 level=2 consumer_id=5 input_index=1 producer_id=4 producer_level=1
[2026-10-02 18:50:18.462] [info] [temp-lifetime] frame=2 after_level=2 live=[5,] retired=[2,4,]
[2026-10-02 18:50:18.462] [info] [exec-level-diag] frame=2 level=2 nodes=1 input_ms=0.121 dispatch_ms=0.328 fb_release_ms=0.014
[2026-10-02 18:50:18.462] [info] [video]   4/48 frames
[2026-10-02 18:50:18.513] [info] [video]   8/48 frames
[2026-10-02 18:50:18.566] [info] [video]   12/48 frames
[2026-10-02 18:50:18.621] [info] [video]   16/48 frames
[2026-10-02 18:50:18.666] [info] [video]   20/48 frames
[2026-10-02 18:50:18.721] [info] [video]   24/48 frames
[2026-10-02 18:50:18.748] [info] [vulkan-lifecycle] frame=25 vram_bytes=333283328 live_surfaces=13 surface_bindings=7 registry_live_handles=107 physical_images=13 deferred_releases=2 vma_allocations=60 surfaces_created=157 surfaces_released=150 queue_packages=1 execution_slots_busy=2 command_batch_active=false
[2026-10-02 18:50:18.770] [info] [video]   28/48 frames
[2026-10-02 18:50:18.814] [info] [video]   32/48 frames
[2026-10-02 18:50:18.863] [info] [video]   36/48 frames
[2026-10-02 18:50:18.915] [info] [video]   40/48 frames
[2026-10-02 18:50:18.970] [info] [video]   44/48 frames
[2026-10-02 18:50:19.020] [info] [video]   48/48 frames
[2026-10-02 18:50:19.036] [info] [video] writer join complete
[2026-10-02 18:50:19.037] [info] [drain-debug] start drain, capacity=6
[2026-10-02 18:50:19.037] [info] [drain-debug] slot_id=4 has completion, waiting
[2026-10-02 18:50:19.037] [info] [drain-debug] slot_id=4 wait complete
[2026-10-02 18:50:19.037] [info] [drain-debug] slot_id=5 has completion, waiting
[2026-10-02 18:50:19.037] [info] [drain-debug] slot_id=5 wait complete
[2026-10-02 18:50:19.037] [info] [drain-debug] reap done, busy_count=0
[2026-10-02 18:50:19.037] [info] [video] trimming framebuffer pool
[2026-10-02 18:50:19.037] [info] [video] Released framebuffer pool — memory trimmed
[2026-10-02 18:50:19.037] [info] [video] frame-loop cleanup complete
[2026-10-02 18:50:19.037] [info] [video] Encoder write blocked duration: 0.00 ms
[2026-10-02 18:50:19.037] [info] [video_diag] conversion_and_copy_duration_ms: 0 ms
[2026-10-02 18:50:19.037] [info] [video_diag] conversion_bytes_written=0 encoder_staging_copy_bytes=0 encoder_slot_reuses=0
[2026-10-02 18:50:19.037] [info] [native_av] close: sending encoder flush
[2026-10-02 18:50:19.037] [info] [native_av] close: encoder flush accepted
[2026-10-02 18:50:19.038] [info] [native_av] close: packets drained=true
[2026-10-02 18:50:19.038] [info] [native_av] close: finalizing mux session
[2026-10-02 18:50:19.038] [info] [native_av] close: mux session finalized
[2026-10-02 18:50:19.038] [info] [native_av] Closed native encoder — 48 frames accepted, encoder_packets=48 mux_packets=48 packet_pts=0..47, YUV cache: 0 hits / 0 misses
[2026-10-02 18:50:19.038] [info] [video_native] convert=107.12ms  send_frame=30.22ms  backpressure=0.00ms  flush=1.01ms  receive_packet=0.60ms  mux_write=1.15ms  trailer=0.31ms
[2026-10-02 18:50:19.040] [info] [video] render_ms=692.00 encode_ms=7.27 writer_encode_ms=139.68 wall_ms=2180.84 nvml_stop_ms=0.18
[2026-10-02 18:50:19.040] [info] [video] FFmpeg queue wait duration: 0.62 ms
[2026-10-02 18:50:19.047] [info] [video] copy_eligible=true sha256=7b863f2e2a8cd856eebf54b38b18996ad7e1bb6525dcf5c68ea95fc22507b065
[2026-10-02 18:50:19.047] [info] [video] Wrote /tmp/velox-phrase-runtime-cert/inputs/apple_cinematic_exit/catalog-motions.mp4
[2026-10-02 18:50:19.047] [info] [startup-profile] total=877.72ms logger=0.10ms cli_bootstrap=9.77ms cli_parse=0.00ms composition=0.31ms plan_read=0.11ms json_parse=0.78ms plan_decode_validate=48.82ms asset_resolve=0.03ms plan_compile=4.81ms other=0.00ms
[2026-10-02 18:50:19.076] [info] [video] Wrote exact per-frame timing sidecar: /tmp/velox-phrase-runtime-cert/inputs/apple_cinematic_exit/catalog-motions.mp4.timing.json
[2026-10-02 18:50:19.105] [info] [INFO] job-lifecycle: slot_pool_close_ms=0.0 surface_release_ms=0.1
[2026-10-02 18:50:19.243] [info] [INFO] job-lifecycle: queue_close_ms=0.0 writer_join_ms=0.0 encoder_reset_ms=26.1 decoder_reset_ms=0.0 full_graph_reset_ms=137.8 sink_ctx_reset_ms=0.0 device_runtime_reset_ms=0.0 device_reservation_reset_ms=0.0
[2026-10-02 18:50:19.243] [info] [INFO] job-lifecycle: sidecar_write_ms=31.2 session_teardown_ms=164.3
[2026-10-02 18:50:19.250] [info] [INFO] job-lifecycle: execute_ms=2391.5 receipt_build_ms=0.0 receipt_write_ms=0.0 caller_tail_ms=0.0
