[2026-10-02 18:50:31.322] [info] [overlay-prepare] validated package=/tmp/velox-phrase-runtime-cert/inputs/apple_line_cascade/prepared.json hash=64eef8b224728c90fc00286c41e3331bec1acadb0eb9d7e993e83f4c9d84e6c5 assets=0 text_runs=1 overlays=2
[2026-10-02 18:50:31.327] [info] [asset-profile] kind=3 path=assets/fonts/Poppins-Bold.ttf bytes=155996 cache=miss invalidated=0 stat=0.01ms hash=3.71ms hashed_bytes=155996 total=3.87ms
[2026-10-02 18:50:31.327] [info] [asset-digest-cache] hits=0 misses=1 invalidations=0 bytes_hashed=155996 lookup_ms=0.01 write_ms=0.02 full_hash_ms=3.71
[2026-10-02 18:50:31.330] [info] [plan-profile] read=0.22ms parse=3.37ms decode=64.45ms resolver=0.02ms compile_validate=6.82ms total=79.53ms
[2026-10-02 18:50:31.330] [info] [asset-profile] kind=3 path=assets/fonts/Poppins-Bold.ttf bytes=155996 cache=hit invalidated=0 stat=0.01ms hash=0.00ms hashed_bytes=0 total=0.10ms
[2026-10-02 18:50:31.330] [info] [asset-digest-cache] hits=1 misses=0 invalidations=0 bytes_hashed=0 lookup_ms=0.01 write_ms=0.00 full_hash_ms=0.00
[2026-10-02 18:50:31.334] [info] [plan-compile-profile] assets=0.29ms fingerprint=3.47ms media_resolution=0.00ms materialize=0.18ms composition_compile=0.00ms compatibility_view=0.17ms total=4.49ms
[2026-10-02 18:50:31.335] [info] [video] Auto-selecting yuv420p pipe pixel format for 1280x720 output
[2026-10-02 18:50:31.336] [info] [video] execution plan resolved (reason: required_gpu_native_full_graph); decode=1 composite=2 encode=1 interop=2 handoff=1 codec=3
[2026-10-02 18:50:31.354] [info] [video-runtime] created persistent runtime for device 0 (CUDA ordinal 0)
[2026-10-02 18:50:31.354] [info] [video] encoder feed capability: host_frame=false direct_yuv=false native_surface=true
[2026-10-02 18:50:31.634] [info] [native_av] CUDA context contract: native=0x556524dd18a0 ffmpeg=0x556524dd18a0
[2026-10-02 18:50:31.653] [info] [native_av] NVENC tuning applied: rc=constqp preset=p1 async_depth=4 nvenc_surfaces=8 qp=23 bitrate=0
[2026-10-02 18:50:31.686] [info] [native_av] encoder bitstream contract: codec=27 profile=100 level=-99 pix_fmt=119 parameter_sets=49 materialized=true
[2026-10-02 18:50:31.687] [info] [native_av] Opened native encoder: 1280x720 @ 24fps, codec=h264_nvenc, rc=constqp, preset=p1, output='/tmp/velox-phrase-runtime-cert/inputs/apple_line_cascade/catalog-motions.partial.mp4'
[2026-10-02 18:50:33.238] [info] [pool-warm] Pre-allocated and pre-imported 6 execution slots (1280x720) for native NVENC
[2026-10-02 18:50:33.361] [info] chronon3d::vulkan text batch formats: dst_image.format=109 atlas_image.format=44 atlas_encoding=2 (shader contract: dst rgba32f, atlas rgba8)
[2026-10-02 18:50:33.362] [info] [temp-lifetime] frame=0 after_level=0 live=[0,1,3,] retired=[]
[2026-10-02 18:50:33.362] [info] [exec-level-diag] frame=0 level=0 nodes=3 input_ms=0.006 dispatch_ms=5.153 fb_release_ms=0.008
[2026-10-02 18:50:33.362] [info] [graph-edge] frame=0 level=1 consumer_id=2 input_index=0 producer_id=0 producer_level=0
[2026-10-02 18:50:33.362] [info] [graph-edge] frame=0 level=1 consumer_id=2 input_index=1 producer_id=1 producer_level=0
[2026-10-02 18:50:33.363] [info] [graph-edge] frame=0 level=1 consumer_id=4 input_index=0 producer_id=3 producer_level=0
[2026-10-02 18:50:33.367] [info] [temp-lifetime] frame=0 after_level=1 live=[2,4,] retired=[0,1,3,]
[2026-10-02 18:50:33.367] [info] [exec-level-diag] frame=0 level=1 nodes=2 input_ms=0.144 dispatch_ms=4.784 fb_release_ms=0.021
[2026-10-02 18:50:33.368] [info] [graph-edge] frame=0 level=2 consumer_id=5 input_index=0 producer_id=2 producer_level=1
[2026-10-02 18:50:33.368] [info] [graph-edge] frame=0 level=2 consumer_id=5 input_index=1 producer_id=4 producer_level=1
[2026-10-02 18:50:33.368] [info] [temp-lifetime] frame=0 after_level=2 live=[5,] retired=[2,4,]
[2026-10-02 18:50:33.368] [info] [exec-level-diag] frame=0 level=2 nodes=1 input_ms=0.119 dispatch_ms=0.207 fb_release_ms=0.009
[2026-10-02 18:50:33.369] [info] [video] Exporting via Arena-backed SIMD pipeline
[2026-10-02 18:50:33.381] [info] [temp-lifetime] frame=1 after_level=0 live=[0,1,3,] retired=[]
[2026-10-02 18:50:33.381] [info] [exec-level-diag] frame=1 level=0 nodes=3 input_ms=0.005 dispatch_ms=1.697 fb_release_ms=0.004
[2026-10-02 18:50:33.381] [info] [graph-edge] frame=1 level=1 consumer_id=2 input_index=0 producer_id=0 producer_level=0
[2026-10-02 18:50:33.381] [info] [graph-edge] frame=1 level=1 consumer_id=2 input_index=1 producer_id=1 producer_level=0
[2026-10-02 18:50:33.381] [info] [graph-edge] frame=1 level=1 consumer_id=4 input_index=0 producer_id=3 producer_level=0
[2026-10-02 18:50:33.382] [info] [temp-lifetime] frame=1 after_level=1 live=[2,4,] retired=[0,1,3,]
[2026-10-02 18:50:33.382] [info] [exec-level-diag] frame=1 level=1 nodes=2 input_ms=0.136 dispatch_ms=0.669 fb_release_ms=0.015
[2026-10-02 18:50:33.382] [info] [graph-edge] frame=1 level=2 consumer_id=5 input_index=0 producer_id=2 producer_level=1
[2026-10-02 18:50:33.382] [info] [graph-edge] frame=1 level=2 consumer_id=5 input_index=1 producer_id=4 producer_level=1
[2026-10-02 18:50:33.382] [info] [temp-lifetime] frame=1 after_level=2 live=[5,] retired=[2,4,]
[2026-10-02 18:50:33.382] [info] [exec-level-diag] frame=1 level=2 nodes=1 input_ms=0.084 dispatch_ms=0.206 fb_release_ms=0.009
[2026-10-02 18:50:33.400] [info] [temp-lifetime] frame=2 after_level=0 live=[0,1,3,] retired=[]
[2026-10-02 18:50:33.400] [info] [exec-level-diag] frame=2 level=0 nodes=3 input_ms=0.005 dispatch_ms=1.719 fb_release_ms=0.007
[2026-10-02 18:50:33.400] [info] [graph-edge] frame=2 level=1 consumer_id=2 input_index=0 producer_id=0 producer_level=0
[2026-10-02 18:50:33.400] [info] [graph-edge] frame=2 level=1 consumer_id=2 input_index=1 producer_id=1 producer_level=0
[2026-10-02 18:50:33.400] [info] [graph-edge] frame=2 level=1 consumer_id=4 input_index=0 producer_id=3 producer_level=0
[2026-10-02 18:50:33.401] [info] [temp-lifetime] frame=2 after_level=1 live=[2,4,] retired=[0,1,3,]
[2026-10-02 18:50:33.401] [info] [exec-level-diag] frame=2 level=1 nodes=2 input_ms=0.187 dispatch_ms=0.578 fb_release_ms=0.016
[2026-10-02 18:50:33.401] [info] [graph-edge] frame=2 level=2 consumer_id=5 input_index=0 producer_id=2 producer_level=1
[2026-10-02 18:50:33.401] [info] [graph-edge] frame=2 level=2 consumer_id=5 input_index=1 producer_id=4 producer_level=1
[2026-10-02 18:50:33.401] [info] [temp-lifetime] frame=2 after_level=2 live=[5,] retired=[2,4,]
[2026-10-02 18:50:33.401] [info] [exec-level-diag] frame=2 level=2 nodes=1 input_ms=0.118 dispatch_ms=0.232 fb_release_ms=0.009
[2026-10-02 18:50:33.402] [info] [video]   4/48 frames
[2026-10-02 18:50:33.462] [info] [video]   8/48 frames
[2026-10-02 18:50:33.520] [info] [video]   12/48 frames
[2026-10-02 18:50:33.579] [info] [video]   16/48 frames
[2026-10-02 18:50:33.641] [info] [video]   20/48 frames
[2026-10-02 18:50:33.734] [info] [video]   24/48 frames
[2026-10-02 18:50:33.775] [info] [vulkan-lifecycle] frame=25 vram_bytes=333283328 live_surfaces=13 surface_bindings=7 registry_live_handles=107 physical_images=13 deferred_releases=2 vma_allocations=55 surfaces_created=157 surfaces_released=150 queue_packages=1 execution_slots_busy=2 command_batch_active=false
[2026-10-02 18:50:33.798] [info] [video]   28/48 frames
[2026-10-02 18:50:33.863] [info] [video]   32/48 frames
[2026-10-02 18:50:33.941] [info] [video]   36/48 frames
[2026-10-02 18:50:33.991] [info] [video]   40/48 frames
[2026-10-02 18:50:34.128] [info] [video]   44/48 frames
[2026-10-02 18:50:34.192] [info] [video]   48/48 frames
[2026-10-02 18:50:34.212] [info] [video] writer join complete
[2026-10-02 18:50:34.212] [info] [drain-debug] start drain, capacity=6
[2026-10-02 18:50:34.212] [info] [drain-debug] slot_id=4 has completion, waiting
[2026-10-02 18:50:34.212] [info] [drain-debug] slot_id=4 wait complete
[2026-10-02 18:50:34.212] [info] [drain-debug] slot_id=5 has completion, waiting
[2026-10-02 18:50:34.212] [info] [drain-debug] slot_id=5 wait complete
[2026-10-02 18:50:34.212] [info] [drain-debug] reap done, busy_count=0
[2026-10-02 18:50:34.212] [info] [video] trimming framebuffer pool
[2026-10-02 18:50:34.212] [info] [video] Released framebuffer pool — memory trimmed
[2026-10-02 18:50:34.212] [info] [video] frame-loop cleanup complete
[2026-10-02 18:50:34.212] [info] [video] Encoder write blocked duration: 0.00 ms
[2026-10-02 18:50:34.212] [info] [video_diag] conversion_and_copy_duration_ms: 0 ms
[2026-10-02 18:50:34.213] [info] [video_diag] conversion_bytes_written=0 encoder_staging_copy_bytes=0 encoder_slot_reuses=0
[2026-10-02 18:50:34.213] [info] [native_av] close: sending encoder flush
[2026-10-02 18:50:34.213] [info] [native_av] close: encoder flush accepted
[2026-10-02 18:50:34.213] [info] [native_av] close: packets drained=true
[2026-10-02 18:50:34.213] [info] [native_av] close: finalizing mux session
[2026-10-02 18:50:34.213] [info] [native_av] close: mux session finalized
[2026-10-02 18:50:34.213] [info] [native_av] Closed native encoder — 48 frames accepted, encoder_packets=48 mux_packets=48 packet_pts=0..47, YUV cache: 0 hits / 0 misses
[2026-10-02 18:50:34.214] [info] [video_native] convert=98.96ms  send_frame=20.59ms  backpressure=0.00ms  flush=0.92ms  receive_packet=0.57ms  mux_write=1.33ms  trailer=0.25ms
[2026-10-02 18:50:34.215] [info] [video] render_ms=944.15 encode_ms=7.74 writer_encode_ms=137.63 wall_ms=2879.58 nvml_stop_ms=0.12
[2026-10-02 18:50:34.215] [info] [video] FFmpeg queue wait duration: 0.77 ms
[2026-10-02 18:50:34.222] [info] [video] copy_eligible=true sha256=a7b3750269ebfe996dafe5edca66f8c22560ea46ab4186acdef4c412527684d0
[2026-10-02 18:50:34.222] [info] [video] Wrote /tmp/velox-phrase-runtime-cert/inputs/apple_line_cascade/catalog-motions.mp4
[2026-10-02 18:50:34.223] [info] [startup-profile] total=1182.45ms logger=0.11ms cli_bootstrap=9.89ms cli_parse=0.00ms composition=0.32ms plan_read=0.22ms json_parse=3.37ms plan_decode_validate=64.45ms asset_resolve=0.02ms plan_compile=6.82ms other=0.00ms
[2026-10-02 18:50:34.253] [info] [video] Wrote exact per-frame timing sidecar: /tmp/velox-phrase-runtime-cert/inputs/apple_line_cascade/catalog-motions.mp4.timing.json
[2026-10-02 18:50:34.286] [info] [INFO] job-lifecycle: slot_pool_close_ms=0.0 surface_release_ms=0.1
[2026-10-02 18:50:34.431] [info] [INFO] job-lifecycle: queue_close_ms=0.0 writer_join_ms=0.0 encoder_reset_ms=28.2 decoder_reset_ms=0.0 full_graph_reset_ms=145.2 sink_ctx_reset_ms=0.0 device_runtime_reset_ms=0.0 device_reservation_reset_ms=0.0
[2026-10-02 18:50:34.432] [info] [INFO] job-lifecycle: sidecar_write_ms=35.1 session_teardown_ms=173.8
[2026-10-02 18:50:34.444] [info] [INFO] job-lifecycle: execute_ms=3108.3 receipt_build_ms=0.0 receipt_write_ms=0.0 caller_tail_ms=0.0
