[2026-10-02 18:48:23.433] [info] [overlay-prepare] validated package=/tmp/velox-phrase-runtime-cert/inputs/apple_phrase_v2/prepared.json hash=27be47d4c3ab8d7cd1da9b05681e60424c322ecac740bbdeb63c07b8e67eeef0 assets=0 text_runs=1 overlays=2
[2026-10-02 18:48:23.437] [info] [asset-profile] kind=3 path=assets/fonts/Poppins-Bold.ttf bytes=155996 cache=miss invalidated=0 stat=0.01ms hash=3.62ms hashed_bytes=155996 total=3.77ms
[2026-10-02 18:48:23.437] [info] [asset-digest-cache] hits=0 misses=1 invalidations=0 bytes_hashed=155996 lookup_ms=0.01 write_ms=0.02 full_hash_ms=3.62
[2026-10-02 18:48:23.439] [info] [plan-profile] read=0.19ms parse=2.52ms decode=54.18ms resolver=0.03ms compile_validate=5.91ms total=66.11ms
[2026-10-02 18:48:23.439] [info] [asset-profile] kind=3 path=assets/fonts/Poppins-Bold.ttf bytes=155996 cache=hit invalidated=0 stat=0.01ms hash=0.00ms hashed_bytes=0 total=0.10ms
[2026-10-02 18:48:23.439] [info] [asset-digest-cache] hits=1 misses=0 invalidations=0 bytes_hashed=0 lookup_ms=0.01 write_ms=0.00 full_hash_ms=0.00
[2026-10-02 18:48:23.443] [info] [plan-compile-profile] assets=0.21ms fingerprint=2.60ms media_resolution=0.00ms materialize=0.18ms composition_compile=0.00ms compatibility_view=0.15ms total=3.49ms
[2026-10-02 18:48:23.444] [info] [video] Auto-selecting yuv420p pipe pixel format for 1280x720 output
[2026-10-02 18:48:23.444] [info] [video] execution plan resolved (reason: required_gpu_native_full_graph); decode=1 composite=2 encode=1 interop=2 handoff=1 codec=3
[2026-10-02 18:48:23.461] [info] [video-runtime] created persistent runtime for device 0 (CUDA ordinal 0)
[2026-10-02 18:48:23.461] [info] [video] encoder feed capability: host_frame=false direct_yuv=false native_surface=true
[2026-10-02 18:48:23.735] [info] [native_av] CUDA context contract: native=0x55896bdada80 ffmpeg=0x55896bdada80
[2026-10-02 18:48:23.754] [info] [native_av] NVENC tuning applied: rc=constqp preset=p1 async_depth=4 nvenc_surfaces=8 qp=23 bitrate=0
[2026-10-02 18:48:23.788] [info] [native_av] encoder bitstream contract: codec=27 profile=100 level=-99 pix_fmt=119 parameter_sets=49 materialized=true
[2026-10-02 18:48:23.788] [info] [native_av] Opened native encoder: 1280x720 @ 24fps, codec=h264_nvenc, rc=constqp, preset=p1, output='/tmp/velox-phrase-runtime-cert/inputs/apple_phrase_v2/catalog-motions.partial.mp4'
[2026-10-02 18:48:25.071] [info] [pool-warm] Pre-allocated and pre-imported 6 execution slots (1280x720) for native NVENC
[2026-10-02 18:48:25.169] [info] chronon3d::vulkan text batch formats: dst_image.format=109 atlas_image.format=44 atlas_encoding=2 (shader contract: dst rgba32f, atlas rgba8)
[2026-10-02 18:48:25.169] [info] [temp-lifetime] frame=0 after_level=0 live=[0,1,3,] retired=[]
[2026-10-02 18:48:25.169] [info] [exec-level-diag] frame=0 level=0 nodes=3 input_ms=0.008 dispatch_ms=6.200 fb_release_ms=0.005
[2026-10-02 18:48:25.170] [info] [graph-edge] frame=0 level=1 consumer_id=2 input_index=0 producer_id=0 producer_level=0
[2026-10-02 18:48:25.170] [info] [graph-edge] frame=0 level=1 consumer_id=2 input_index=1 producer_id=1 producer_level=0
[2026-10-02 18:48:25.170] [info] [graph-edge] frame=0 level=1 consumer_id=4 input_index=0 producer_id=3 producer_level=0
[2026-10-02 18:48:25.175] [info] [temp-lifetime] frame=0 after_level=1 live=[2,4,] retired=[0,1,3,]
[2026-10-02 18:48:25.175] [info] [exec-level-diag] frame=0 level=1 nodes=2 input_ms=0.129 dispatch_ms=5.623 fb_release_ms=0.018
[2026-10-02 18:48:25.175] [info] [graph-edge] frame=0 level=2 consumer_id=5 input_index=0 producer_id=2 producer_level=1
[2026-10-02 18:48:25.175] [info] [graph-edge] frame=0 level=2 consumer_id=5 input_index=1 producer_id=4 producer_level=1
[2026-10-02 18:48:25.176] [info] [temp-lifetime] frame=0 after_level=2 live=[5,] retired=[2,4,]
[2026-10-02 18:48:25.176] [info] [exec-level-diag] frame=0 level=2 nodes=1 input_ms=0.119 dispatch_ms=0.178 fb_release_ms=0.008
[2026-10-02 18:48:25.176] [info] [video] Exporting via Arena-backed SIMD pipeline
[2026-10-02 18:48:25.192] [info] [temp-lifetime] frame=1 after_level=0 live=[0,1,3,] retired=[]
[2026-10-02 18:48:25.192] [info] [exec-level-diag] frame=1 level=0 nodes=3 input_ms=0.004 dispatch_ms=1.559 fb_release_ms=0.003
[2026-10-02 18:48:25.192] [info] [graph-edge] frame=1 level=1 consumer_id=2 input_index=0 producer_id=0 producer_level=0
[2026-10-02 18:48:25.192] [info] [graph-edge] frame=1 level=1 consumer_id=2 input_index=1 producer_id=1 producer_level=0
[2026-10-02 18:48:25.192] [info] [graph-edge] frame=1 level=1 consumer_id=4 input_index=0 producer_id=3 producer_level=0
[2026-10-02 18:48:25.193] [info] [temp-lifetime] frame=1 after_level=1 live=[2,4,] retired=[0,1,3,]
[2026-10-02 18:48:25.193] [info] [exec-level-diag] frame=1 level=1 nodes=2 input_ms=0.099 dispatch_ms=0.508 fb_release_ms=0.012
[2026-10-02 18:48:25.193] [info] [graph-edge] frame=1 level=2 consumer_id=5 input_index=0 producer_id=2 producer_level=1
[2026-10-02 18:48:25.193] [info] [graph-edge] frame=1 level=2 consumer_id=5 input_index=1 producer_id=4 producer_level=1
[2026-10-02 18:48:25.193] [info] [temp-lifetime] frame=1 after_level=2 live=[5,] retired=[2,4,]
[2026-10-02 18:48:25.193] [info] [exec-level-diag] frame=1 level=2 nodes=1 input_ms=0.086 dispatch_ms=0.190 fb_release_ms=0.008
[2026-10-02 18:48:25.209] [info] [temp-lifetime] frame=2 after_level=0 live=[0,1,3,] retired=[]
[2026-10-02 18:48:25.210] [info] [exec-level-diag] frame=2 level=0 nodes=3 input_ms=0.005 dispatch_ms=1.082 fb_release_ms=0.004
[2026-10-02 18:48:25.210] [info] [graph-edge] frame=2 level=1 consumer_id=2 input_index=0 producer_id=0 producer_level=0
[2026-10-02 18:48:25.210] [info] [graph-edge] frame=2 level=1 consumer_id=2 input_index=1 producer_id=1 producer_level=0
[2026-10-02 18:48:25.210] [info] [graph-edge] frame=2 level=1 consumer_id=4 input_index=0 producer_id=3 producer_level=0
[2026-10-02 18:48:25.212] [info] [temp-lifetime] frame=2 after_level=1 live=[2,4,] retired=[0,1,3,]
[2026-10-02 18:48:25.212] [info] [exec-level-diag] frame=2 level=1 nodes=2 input_ms=0.203 dispatch_ms=1.583 fb_release_ms=0.015
[2026-10-02 18:48:25.212] [info] [graph-edge] frame=2 level=2 consumer_id=5 input_index=0 producer_id=2 producer_level=1
[2026-10-02 18:48:25.212] [info] [graph-edge] frame=2 level=2 consumer_id=5 input_index=1 producer_id=4 producer_level=1
[2026-10-02 18:48:25.212] [info] [temp-lifetime] frame=2 after_level=2 live=[5,] retired=[2,4,]
[2026-10-02 18:48:25.212] [info] [exec-level-diag] frame=2 level=2 nodes=1 input_ms=0.085 dispatch_ms=0.195 fb_release_ms=0.008
[2026-10-02 18:48:25.213] [info] [video]   4/48 frames
[2026-10-02 18:48:25.264] [info] [video]   8/48 frames
[2026-10-02 18:48:25.314] [info] [video]   12/48 frames
[2026-10-02 18:48:25.372] [info] [video]   16/48 frames
[2026-10-02 18:48:25.416] [info] [video]   20/48 frames
[2026-10-02 18:48:25.460] [info] [video]   24/48 frames
[2026-10-02 18:48:25.482] [info] [vulkan-lifecycle] frame=25 vram_bytes=333283328 live_surfaces=13 surface_bindings=7 registry_live_handles=107 physical_images=13 deferred_releases=2 vma_allocations=45 surfaces_created=157 surfaces_released=150 queue_packages=1 execution_slots_busy=2 command_batch_active=false
[2026-10-02 18:48:25.507] [info] [video]   28/48 frames
[2026-10-02 18:48:25.554] [info] [video]   32/48 frames
[2026-10-02 18:48:25.605] [info] [video]   36/48 frames
[2026-10-02 18:48:25.660] [info] [video]   40/48 frames
[2026-10-02 18:48:25.701] [info] [video]   44/48 frames
[2026-10-02 18:48:25.743] [info] [video]   48/48 frames
[2026-10-02 18:48:25.760] [info] [video] writer join complete
[2026-10-02 18:48:25.760] [info] [drain-debug] start drain, capacity=6
[2026-10-02 18:48:25.761] [info] [drain-debug] slot_id=4 has completion, waiting
[2026-10-02 18:48:25.761] [info] [drain-debug] slot_id=4 wait complete
[2026-10-02 18:48:25.761] [info] [drain-debug] slot_id=5 has completion, waiting
[2026-10-02 18:48:25.761] [info] [drain-debug] slot_id=5 wait complete
[2026-10-02 18:48:25.761] [info] [drain-debug] reap done, busy_count=0
[2026-10-02 18:48:25.761] [info] [video] trimming framebuffer pool
[2026-10-02 18:48:25.761] [info] [video] Released framebuffer pool — memory trimmed
[2026-10-02 18:48:25.761] [info] [video] frame-loop cleanup complete
[2026-10-02 18:48:25.761] [info] [video] Encoder write blocked duration: 0.00 ms
[2026-10-02 18:48:25.761] [info] [video_diag] conversion_and_copy_duration_ms: 0 ms
[2026-10-02 18:48:25.761] [info] [video_diag] conversion_bytes_written=0 encoder_staging_copy_bytes=0 encoder_slot_reuses=0
[2026-10-02 18:48:25.761] [info] [native_av] close: sending encoder flush
[2026-10-02 18:48:25.761] [info] [native_av] close: encoder flush accepted
[2026-10-02 18:48:25.762] [info] [native_av] close: packets drained=true
[2026-10-02 18:48:25.762] [info] [native_av] close: finalizing mux session
[2026-10-02 18:48:25.762] [info] [native_av] close: mux session finalized
[2026-10-02 18:48:25.762] [info] [native_av] Closed native encoder — 48 frames accepted, encoder_packets=48 mux_packets=48 packet_pts=0..47, YUV cache: 0 hits / 0 misses
[2026-10-02 18:48:25.763] [info] [video_native] convert=117.39ms  send_frame=14.34ms  backpressure=0.00ms  flush=1.21ms  receive_packet=0.49ms  mux_write=0.80ms  trailer=0.57ms
[2026-10-02 18:48:25.765] [info] [video] render_ms=658.58 encode_ms=8.70 writer_encode_ms=134.18 wall_ms=2320.98 nvml_stop_ms=0.12
[2026-10-02 18:48:25.765] [info] [video] FFmpeg queue wait duration: 0.53 ms
[2026-10-02 18:48:25.773] [info] [video] copy_eligible=true sha256=40eef8fd7aa2439fc65d216160a998529aeb9ea4e77b047ec11a0ec12f392731
[2026-10-02 18:48:25.773] [info] [video] Wrote /tmp/velox-phrase-runtime-cert/inputs/apple_phrase_v2/catalog-motions.mp4
[2026-10-02 18:48:25.773] [info] [startup-profile] total=979.28ms logger=0.11ms cli_bootstrap=12.70ms cli_parse=0.00ms composition=0.32ms plan_read=0.19ms json_parse=2.52ms plan_decode_validate=54.18ms asset_resolve=0.03ms plan_compile=5.91ms other=0.00ms
[2026-10-02 18:48:25.803] [info] [video] Wrote exact per-frame timing sidecar: /tmp/velox-phrase-runtime-cert/inputs/apple_phrase_v2/catalog-motions.mp4.timing.json
[2026-10-02 18:48:25.832] [info] [INFO] job-lifecycle: slot_pool_close_ms=0.0 surface_release_ms=0.1
[2026-10-02 18:48:25.966] [info] [INFO] job-lifecycle: queue_close_ms=0.0 writer_join_ms=0.0 encoder_reset_ms=26.1 decoder_reset_ms=0.0 full_graph_reset_ms=134.3 sink_ctx_reset_ms=0.0 device_runtime_reset_ms=0.0 device_reservation_reset_ms=0.0
[2026-10-02 18:48:25.967] [info] [INFO] job-lifecycle: sidecar_write_ms=32.4 session_teardown_ms=161.0
[2026-10-02 18:48:25.976] [info] [INFO] job-lifecycle: execute_ms=2532.7 receipt_build_ms=0.0 receipt_write_ms=0.0 caller_tail_ms=0.0
