[2026-10-02 18:51:00.575] [info] [overlay-prepare] validated package=/tmp/velox-phrase-runtime-cert/inputs/apple_word_pulse/prepared.json hash=a7da7f784d017bae44d73501b128ba405f40f178fc996dbbb5f8bd8048e4ff6b assets=0 text_runs=1 overlays=2
[2026-10-02 18:51:00.581] [info] [asset-profile] kind=3 path=assets/fonts/Poppins-Bold.ttf bytes=155996 cache=miss invalidated=0 stat=0.02ms hash=4.81ms hashed_bytes=155996 total=5.01ms
[2026-10-02 18:51:00.581] [info] [asset-digest-cache] hits=0 misses=1 invalidations=0 bytes_hashed=155996 lookup_ms=0.01 write_ms=0.02 full_hash_ms=4.81
[2026-10-02 18:51:00.583] [info] [plan-profile] read=0.19ms parse=2.05ms decode=53.56ms resolver=0.04ms compile_validate=7.26ms total=66.38ms
[2026-10-02 18:51:00.583] [info] [asset-profile] kind=3 path=assets/fonts/Poppins-Bold.ttf bytes=155996 cache=hit invalidated=0 stat=0.01ms hash=0.00ms hashed_bytes=0 total=0.12ms
[2026-10-02 18:51:00.583] [info] [asset-digest-cache] hits=1 misses=0 invalidations=0 bytes_hashed=0 lookup_ms=0.01 write_ms=0.00 full_hash_ms=0.00
[2026-10-02 18:51:00.586] [info] [plan-compile-profile] assets=0.32ms fingerprint=2.39ms media_resolution=0.00ms materialize=0.20ms composition_compile=0.00ms compatibility_view=0.14ms total=3.46ms
[2026-10-02 18:51:00.587] [info] [video] Auto-selecting yuv420p pipe pixel format for 1280x720 output
[2026-10-02 18:51:00.588] [info] [video] execution plan resolved (reason: required_gpu_native_full_graph); decode=1 composite=2 encode=1 interop=2 handoff=1 codec=3
[2026-10-02 18:51:00.608] [info] [video-runtime] created persistent runtime for device 0 (CUDA ordinal 0)
[2026-10-02 18:51:00.609] [info] [video] encoder feed capability: host_frame=false direct_yuv=false native_surface=true
[2026-10-02 18:51:00.900] [info] [native_av] CUDA context contract: native=0x558f8e95f580 ffmpeg=0x558f8e95f580
[2026-10-02 18:51:00.923] [info] [native_av] NVENC tuning applied: rc=constqp preset=p1 async_depth=4 nvenc_surfaces=8 qp=23 bitrate=0
[2026-10-02 18:51:00.959] [info] [native_av] encoder bitstream contract: codec=27 profile=100 level=-99 pix_fmt=119 parameter_sets=49 materialized=true
[2026-10-02 18:51:00.959] [info] [native_av] Opened native encoder: 1280x720 @ 24fps, codec=h264_nvenc, rc=constqp, preset=p1, output='/tmp/velox-phrase-runtime-cert/inputs/apple_word_pulse/catalog-motions.partial.mp4'
[2026-10-02 18:51:02.283] [info] [pool-warm] Pre-allocated and pre-imported 6 execution slots (1280x720) for native NVENC
[2026-10-02 18:51:02.399] [info] chronon3d::vulkan text batch formats: dst_image.format=109 atlas_image.format=44 atlas_encoding=2 (shader contract: dst rgba32f, atlas rgba8)
[2026-10-02 18:51:02.400] [info] [temp-lifetime] frame=0 after_level=0 live=[0,1,3,] retired=[]
[2026-10-02 18:51:02.400] [info] [exec-level-diag] frame=0 level=0 nodes=3 input_ms=0.008 dispatch_ms=6.830 fb_release_ms=0.007
[2026-10-02 18:51:02.400] [info] [graph-edge] frame=0 level=1 consumer_id=2 input_index=0 producer_id=0 producer_level=0
[2026-10-02 18:51:02.400] [info] [graph-edge] frame=0 level=1 consumer_id=2 input_index=1 producer_id=1 producer_level=0
[2026-10-02 18:51:02.401] [info] [graph-edge] frame=0 level=1 consumer_id=4 input_index=0 producer_id=3 producer_level=0
[2026-10-02 18:51:02.405] [info] [temp-lifetime] frame=0 after_level=1 live=[2,4,] retired=[0,1,3,]
[2026-10-02 18:51:02.405] [info] [exec-level-diag] frame=0 level=1 nodes=2 input_ms=0.129 dispatch_ms=4.577 fb_release_ms=0.021
[2026-10-02 18:51:02.405] [info] [graph-edge] frame=0 level=2 consumer_id=5 input_index=0 producer_id=2 producer_level=1
[2026-10-02 18:51:02.405] [info] [graph-edge] frame=0 level=2 consumer_id=5 input_index=1 producer_id=4 producer_level=1
[2026-10-02 18:51:02.406] [info] [temp-lifetime] frame=0 after_level=2 live=[5,] retired=[2,4,]
[2026-10-02 18:51:02.406] [info] [exec-level-diag] frame=0 level=2 nodes=1 input_ms=0.108 dispatch_ms=0.183 fb_release_ms=0.008
[2026-10-02 18:51:02.407] [info] [video] Exporting via Arena-backed SIMD pipeline
[2026-10-02 18:51:02.422] [info] [temp-lifetime] frame=1 after_level=0 live=[0,1,3,] retired=[]
[2026-10-02 18:51:02.422] [info] [exec-level-diag] frame=1 level=0 nodes=3 input_ms=0.007 dispatch_ms=2.598 fb_release_ms=0.005
[2026-10-02 18:51:02.423] [info] [graph-edge] frame=1 level=1 consumer_id=2 input_index=0 producer_id=0 producer_level=0
[2026-10-02 18:51:02.423] [info] [graph-edge] frame=1 level=1 consumer_id=2 input_index=1 producer_id=1 producer_level=0
[2026-10-02 18:51:02.423] [info] [graph-edge] frame=1 level=1 consumer_id=4 input_index=0 producer_id=3 producer_level=0
[2026-10-02 18:51:02.424] [info] [temp-lifetime] frame=1 after_level=1 live=[2,4,] retired=[0,1,3,]
[2026-10-02 18:51:02.424] [info] [exec-level-diag] frame=1 level=1 nodes=2 input_ms=0.129 dispatch_ms=1.425 fb_release_ms=0.053
[2026-10-02 18:51:02.424] [info] [graph-edge] frame=1 level=2 consumer_id=5 input_index=0 producer_id=2 producer_level=1
[2026-10-02 18:51:02.424] [info] [graph-edge] frame=1 level=2 consumer_id=5 input_index=1 producer_id=4 producer_level=1
[2026-10-02 18:51:02.425] [info] [temp-lifetime] frame=1 after_level=2 live=[5,] retired=[2,4,]
[2026-10-02 18:51:02.425] [info] [exec-level-diag] frame=1 level=2 nodes=1 input_ms=0.108 dispatch_ms=0.220 fb_release_ms=0.008
[2026-10-02 18:51:02.441] [info] [temp-lifetime] frame=2 after_level=0 live=[0,1,3,] retired=[]
[2026-10-02 18:51:02.442] [info] [exec-level-diag] frame=2 level=0 nodes=3 input_ms=0.006 dispatch_ms=1.869 fb_release_ms=0.004
[2026-10-02 18:51:02.442] [info] [graph-edge] frame=2 level=1 consumer_id=2 input_index=0 producer_id=0 producer_level=0
[2026-10-02 18:51:02.442] [info] [graph-edge] frame=2 level=1 consumer_id=2 input_index=1 producer_id=1 producer_level=0
[2026-10-02 18:51:02.442] [info] [graph-edge] frame=2 level=1 consumer_id=4 input_index=0 producer_id=3 producer_level=0
[2026-10-02 18:51:02.442] [info] [temp-lifetime] frame=2 after_level=1 live=[2,4,] retired=[0,1,3,]
[2026-10-02 18:51:02.442] [info] [exec-level-diag] frame=2 level=1 nodes=2 input_ms=0.112 dispatch_ms=0.489 fb_release_ms=0.016
[2026-10-02 18:51:02.442] [info] [graph-edge] frame=2 level=2 consumer_id=5 input_index=0 producer_id=2 producer_level=1
[2026-10-02 18:51:02.442] [info] [graph-edge] frame=2 level=2 consumer_id=5 input_index=1 producer_id=4 producer_level=1
[2026-10-02 18:51:02.443] [info] [temp-lifetime] frame=2 after_level=2 live=[5,] retired=[2,4,]
[2026-10-02 18:51:02.443] [info] [exec-level-diag] frame=2 level=2 nodes=1 input_ms=0.088 dispatch_ms=0.314 fb_release_ms=0.009
[2026-10-02 18:51:02.443] [info] [video]   4/48 frames
[2026-10-02 18:51:02.502] [info] [video]   8/48 frames
[2026-10-02 18:51:02.558] [info] [video]   12/48 frames
[2026-10-02 18:51:02.613] [info] [video]   16/48 frames
[2026-10-02 18:51:02.666] [info] [video]   20/48 frames
[2026-10-02 18:51:02.717] [info] [video]   24/48 frames
[2026-10-02 18:51:02.744] [info] [vulkan-lifecycle] frame=25 vram_bytes=333283328 live_surfaces=13 surface_bindings=7 registry_live_handles=107 physical_images=13 deferred_releases=2 vma_allocations=55 surfaces_created=157 surfaces_released=150 queue_packages=1 execution_slots_busy=2 command_batch_active=false
[2026-10-02 18:51:02.771] [info] [video]   28/48 frames
[2026-10-02 18:51:02.821] [info] [video]   32/48 frames
[2026-10-02 18:51:02.879] [info] [video]   36/48 frames
[2026-10-02 18:51:02.934] [info] [video]   40/48 frames
[2026-10-02 18:51:02.989] [info] [video]   44/48 frames
[2026-10-02 18:51:03.049] [info] [video]   48/48 frames
[2026-10-02 18:51:03.068] [info] [video] writer join complete
[2026-10-02 18:51:03.068] [info] [drain-debug] start drain, capacity=6
[2026-10-02 18:51:03.068] [info] [drain-debug] slot_id=4 has completion, waiting
[2026-10-02 18:51:03.068] [info] [drain-debug] slot_id=4 wait complete
[2026-10-02 18:51:03.068] [info] [drain-debug] slot_id=5 has completion, waiting
[2026-10-02 18:51:03.069] [info] [drain-debug] slot_id=5 wait complete
[2026-10-02 18:51:03.069] [info] [drain-debug] reap done, busy_count=0
[2026-10-02 18:51:03.069] [info] [video] trimming framebuffer pool
[2026-10-02 18:51:03.069] [info] [video] Released framebuffer pool — memory trimmed
[2026-10-02 18:51:03.069] [info] [video] frame-loop cleanup complete
[2026-10-02 18:51:03.069] [info] [video] Encoder write blocked duration: 0.00 ms
[2026-10-02 18:51:03.069] [info] [video_diag] conversion_and_copy_duration_ms: 0 ms
[2026-10-02 18:51:03.069] [info] [video_diag] conversion_bytes_written=0 encoder_staging_copy_bytes=0 encoder_slot_reuses=0
[2026-10-02 18:51:03.069] [info] [native_av] close: sending encoder flush
[2026-10-02 18:51:03.069] [info] [native_av] close: encoder flush accepted
[2026-10-02 18:51:03.070] [info] [native_av] close: packets drained=true
[2026-10-02 18:51:03.070] [info] [native_av] close: finalizing mux session
[2026-10-02 18:51:03.070] [info] [native_av] close: mux session finalized
[2026-10-02 18:51:03.070] [info] [native_av] Closed native encoder — 48 frames accepted, encoder_packets=48 mux_packets=48 packet_pts=0..47, YUV cache: 0 hits / 0 misses
[2026-10-02 18:51:03.070] [info] [video_native] convert=105.15ms  send_frame=18.13ms  backpressure=0.00ms  flush=0.95ms  receive_packet=0.58ms  mux_write=1.13ms  trailer=0.24ms
[2026-10-02 18:51:03.072] [info] [video] render_ms=754.68 encode_ms=7.21 writer_encode_ms=127.06 wall_ms=2484.08 nvml_stop_ms=0.13
[2026-10-02 18:51:03.072] [info] [video] FFmpeg queue wait duration: 0.63 ms
[2026-10-02 18:51:03.079] [info] [video] copy_eligible=true sha256=6e3b14330d4c8b7ae0556354bdb65eef03aabc7207f7d45a5310665b068061be
[2026-10-02 18:51:03.079] [info] [video] Wrote /tmp/velox-phrase-runtime-cert/inputs/apple_word_pulse/catalog-motions.mp4
[2026-10-02 18:51:03.079] [info] [startup-profile] total=1036.68ms logger=0.12ms cli_bootstrap=9.85ms cli_parse=0.00ms composition=0.33ms plan_read=0.19ms json_parse=2.05ms plan_decode_validate=53.56ms asset_resolve=0.04ms plan_compile=7.26ms other=0.00ms
[2026-10-02 18:51:03.111] [info] [video] Wrote exact per-frame timing sidecar: /tmp/velox-phrase-runtime-cert/inputs/apple_word_pulse/catalog-motions.mp4.timing.json
[2026-10-02 18:51:03.143] [info] [INFO] job-lifecycle: slot_pool_close_ms=0.0 surface_release_ms=0.1
[2026-10-02 18:51:03.273] [info] [INFO] job-lifecycle: queue_close_ms=0.0 writer_join_ms=0.0 encoder_reset_ms=27.9 decoder_reset_ms=0.0 full_graph_reset_ms=130.2 sink_ctx_reset_ms=0.0 device_runtime_reset_ms=0.0 device_reservation_reset_ms=0.0
[2026-10-02 18:51:03.273] [info] [INFO] job-lifecycle: sidecar_write_ms=35.3 session_teardown_ms=158.5
[2026-10-02 18:51:03.285] [info] [INFO] job-lifecycle: execute_ms=2697.3 receipt_build_ms=0.0 receipt_write_ms=0.0 caller_tail_ms=0.0
