[2026-10-02 18:50:27.872] [info] [overlay-prepare] validated package=/tmp/velox-phrase-runtime-cert/inputs/apple_hero_statement/prepared.json hash=42c9603dd05f7fb0f571b320902cb26cd66f9b7c2b76e720c7b2ba1c6e17f860 assets=0 text_runs=1 overlays=2
[2026-10-02 18:50:27.877] [info] [asset-profile] kind=3 path=assets/fonts/Poppins-Bold.ttf bytes=155996 cache=miss invalidated=0 stat=0.01ms hash=3.56ms hashed_bytes=155996 total=3.73ms
[2026-10-02 18:50:27.877] [info] [asset-digest-cache] hits=0 misses=1 invalidations=0 bytes_hashed=155996 lookup_ms=0.01 write_ms=0.02 full_hash_ms=3.56
[2026-10-02 18:50:27.878] [info] [plan-profile] read=0.15ms parse=0.65ms decode=50.80ms resolver=0.03ms compile_validate=4.80ms total=57.67ms
[2026-10-02 18:50:27.878] [info] [asset-profile] kind=3 path=assets/fonts/Poppins-Bold.ttf bytes=155996 cache=hit invalidated=0 stat=0.01ms hash=0.00ms hashed_bytes=0 total=0.10ms
[2026-10-02 18:50:27.878] [info] [asset-digest-cache] hits=1 misses=0 invalidations=0 bytes_hashed=0 lookup_ms=0.01 write_ms=0.00 full_hash_ms=0.00
[2026-10-02 18:50:27.879] [info] [plan-compile-profile] assets=0.29ms fingerprint=0.81ms media_resolution=0.00ms materialize=0.19ms composition_compile=0.00ms compatibility_view=0.09ms total=1.74ms
[2026-10-02 18:50:27.880] [info] [video] Auto-selecting yuv420p pipe pixel format for 1280x720 output
[2026-10-02 18:50:27.880] [info] [video] execution plan resolved (reason: required_gpu_native_full_graph); decode=1 composite=2 encode=1 interop=2 handoff=1 codec=3
[2026-10-02 18:50:27.899] [info] [video-runtime] created persistent runtime for device 0 (CUDA ordinal 0)
[2026-10-02 18:50:27.899] [info] [video] encoder feed capability: host_frame=false direct_yuv=false native_surface=true
[2026-10-02 18:50:28.117] [info] [native_av] CUDA context contract: native=0x556727b13910 ffmpeg=0x556727b13910
[2026-10-02 18:50:28.146] [info] [native_av] NVENC tuning applied: rc=constqp preset=p1 async_depth=4 nvenc_surfaces=8 qp=23 bitrate=0
[2026-10-02 18:50:28.183] [info] [native_av] encoder bitstream contract: codec=27 profile=100 level=-99 pix_fmt=119 parameter_sets=49 materialized=true
[2026-10-02 18:50:28.184] [info] [native_av] Opened native encoder: 1280x720 @ 24fps, codec=h264_nvenc, rc=constqp, preset=p1, output='/tmp/velox-phrase-runtime-cert/inputs/apple_hero_statement/catalog-motions.partial.mp4'
[2026-10-02 18:50:29.569] [info] [pool-warm] Pre-allocated and pre-imported 6 execution slots (1280x720) for native NVENC
[2026-10-02 18:50:29.977] [info] chronon3d::vulkan text batch formats: dst_image.format=109 atlas_image.format=44 atlas_encoding=2 (shader contract: dst rgba32f, atlas rgba8)
[2026-10-02 18:50:29.977] [info] [temp-lifetime] frame=0 after_level=0 live=[0,1,3,] retired=[]
[2026-10-02 18:50:29.977] [info] [exec-level-diag] frame=0 level=0 nodes=3 input_ms=0.008 dispatch_ms=5.404 fb_release_ms=0.010
[2026-10-02 18:50:29.977] [info] [graph-edge] frame=0 level=1 consumer_id=2 input_index=0 producer_id=0 producer_level=0
[2026-10-02 18:50:29.977] [info] [graph-edge] frame=0 level=1 consumer_id=2 input_index=1 producer_id=1 producer_level=0
[2026-10-02 18:50:29.978] [info] [graph-edge] frame=0 level=1 consumer_id=4 input_index=0 producer_id=3 producer_level=0
[2026-10-02 18:50:29.983] [info] [temp-lifetime] frame=0 after_level=1 live=[2,4,] retired=[0,1,3,]
[2026-10-02 18:50:29.983] [info] [exec-level-diag] frame=0 level=1 nodes=2 input_ms=0.047 dispatch_ms=5.253 fb_release_ms=0.020
[2026-10-02 18:50:29.983] [info] [graph-edge] frame=0 level=2 consumer_id=5 input_index=0 producer_id=2 producer_level=1
[2026-10-02 18:50:29.983] [info] [graph-edge] frame=0 level=2 consumer_id=5 input_index=1 producer_id=4 producer_level=1
[2026-10-02 18:50:29.983] [info] [temp-lifetime] frame=0 after_level=2 live=[5,] retired=[2,4,]
[2026-10-02 18:50:29.983] [info] [exec-level-diag] frame=0 level=2 nodes=1 input_ms=0.149 dispatch_ms=0.240 fb_release_ms=0.011
[2026-10-02 18:50:29.992] [info] [video] Exporting via Arena-backed SIMD pipeline
[2026-10-02 18:50:29.996] [info] [temp-lifetime] frame=1 after_level=0 live=[0,1,3,] retired=[]
[2026-10-02 18:50:29.997] [info] [exec-level-diag] frame=1 level=0 nodes=3 input_ms=0.006 dispatch_ms=1.305 fb_release_ms=0.005
[2026-10-02 18:50:29.997] [info] [graph-edge] frame=1 level=1 consumer_id=2 input_index=0 producer_id=0 producer_level=0
[2026-10-02 18:50:29.997] [info] [graph-edge] frame=1 level=1 consumer_id=2 input_index=1 producer_id=1 producer_level=0
[2026-10-02 18:50:29.997] [info] [graph-edge] frame=1 level=1 consumer_id=4 input_index=0 producer_id=3 producer_level=0
[2026-10-02 18:50:29.998] [info] [temp-lifetime] frame=1 after_level=1 live=[2,4,] retired=[0,1,3,]
[2026-10-02 18:50:29.998] [info] [exec-level-diag] frame=1 level=1 nodes=2 input_ms=0.257 dispatch_ms=0.516 fb_release_ms=0.018
[2026-10-02 18:50:29.998] [info] [graph-edge] frame=1 level=2 consumer_id=5 input_index=0 producer_id=2 producer_level=1
[2026-10-02 18:50:29.998] [info] [graph-edge] frame=1 level=2 consumer_id=5 input_index=1 producer_id=4 producer_level=1
[2026-10-02 18:50:29.998] [info] [temp-lifetime] frame=1 after_level=2 live=[5,] retired=[2,4,]
[2026-10-02 18:50:29.998] [info] [exec-level-diag] frame=1 level=2 nodes=1 input_ms=0.166 dispatch_ms=0.252 fb_release_ms=0.011
[2026-10-02 18:50:30.013] [info] [temp-lifetime] frame=2 after_level=0 live=[0,1,3,] retired=[]
[2026-10-02 18:50:30.013] [info] [exec-level-diag] frame=2 level=0 nodes=3 input_ms=0.006 dispatch_ms=1.153 fb_release_ms=0.004
[2026-10-02 18:50:30.013] [info] [graph-edge] frame=2 level=1 consumer_id=2 input_index=0 producer_id=0 producer_level=0
[2026-10-02 18:50:30.013] [info] [graph-edge] frame=2 level=1 consumer_id=2 input_index=1 producer_id=1 producer_level=0
[2026-10-02 18:50:30.013] [info] [graph-edge] frame=2 level=1 consumer_id=4 input_index=0 producer_id=3 producer_level=0
[2026-10-02 18:50:30.014] [info] [temp-lifetime] frame=2 after_level=1 live=[2,4,] retired=[0,1,3,]
[2026-10-02 18:50:30.014] [info] [exec-level-diag] frame=2 level=1 nodes=2 input_ms=0.171 dispatch_ms=0.495 fb_release_ms=0.014
[2026-10-02 18:50:30.014] [info] [graph-edge] frame=2 level=2 consumer_id=5 input_index=0 producer_id=2 producer_level=1
[2026-10-02 18:50:30.014] [info] [graph-edge] frame=2 level=2 consumer_id=5 input_index=1 producer_id=4 producer_level=1
[2026-10-02 18:50:30.014] [info] [temp-lifetime] frame=2 after_level=2 live=[5,] retired=[2,4,]
[2026-10-02 18:50:30.014] [info] [exec-level-diag] frame=2 level=2 nodes=1 input_ms=0.110 dispatch_ms=0.215 fb_release_ms=0.009
[2026-10-02 18:50:30.015] [info] [video]   4/48 frames
[2026-10-02 18:50:30.064] [info] [video]   8/48 frames
[2026-10-02 18:50:30.108] [info] [video]   12/48 frames
[2026-10-02 18:50:30.182] [info] [video]   16/48 frames
[2026-10-02 18:50:30.251] [info] [video]   20/48 frames
[2026-10-02 18:50:30.322] [info] [video]   24/48 frames
[2026-10-02 18:50:30.359] [info] [vulkan-lifecycle] frame=25 vram_bytes=333283328 live_surfaces=13 surface_bindings=7 registry_live_handles=107 physical_images=13 deferred_releases=2 vma_allocations=70 surfaces_created=157 surfaces_released=150 queue_packages=1 execution_slots_busy=2 command_batch_active=false
[2026-10-02 18:50:30.395] [info] [video]   28/48 frames
[2026-10-02 18:50:30.476] [info] [video]   32/48 frames
[2026-10-02 18:50:30.550] [info] [video]   36/48 frames
[2026-10-02 18:50:30.621] [info] [video]   40/48 frames
[2026-10-02 18:50:30.689] [info] [video]   44/48 frames
[2026-10-02 18:50:30.770] [info] [video]   48/48 frames
[2026-10-02 18:50:30.791] [info] [video] writer join complete
[2026-10-02 18:50:30.791] [info] [drain-debug] start drain, capacity=6
[2026-10-02 18:50:30.791] [info] [drain-debug] slot_id=4 has completion, waiting
[2026-10-02 18:50:30.792] [info] [drain-debug] slot_id=4 wait complete
[2026-10-02 18:50:30.792] [info] [drain-debug] slot_id=5 has completion, waiting
[2026-10-02 18:50:30.792] [info] [drain-debug] slot_id=5 wait complete
[2026-10-02 18:50:30.792] [info] [drain-debug] reap done, busy_count=0
[2026-10-02 18:50:30.792] [info] [video] trimming framebuffer pool
[2026-10-02 18:50:30.792] [info] [video] Released framebuffer pool — memory trimmed
[2026-10-02 18:50:30.792] [info] [video] frame-loop cleanup complete
[2026-10-02 18:50:30.792] [info] [video] Encoder write blocked duration: 0.00 ms
[2026-10-02 18:50:30.792] [info] [video_diag] conversion_and_copy_duration_ms: 0 ms
[2026-10-02 18:50:30.792] [info] [video_diag] conversion_bytes_written=0 encoder_staging_copy_bytes=0 encoder_slot_reuses=0
[2026-10-02 18:50:30.793] [info] [native_av] close: sending encoder flush
[2026-10-02 18:50:30.793] [info] [native_av] close: encoder flush accepted
[2026-10-02 18:50:30.793] [info] [native_av] close: packets drained=true
[2026-10-02 18:50:30.793] [info] [native_av] close: finalizing mux session
[2026-10-02 18:50:30.794] [info] [native_av] close: mux session finalized
[2026-10-02 18:50:30.794] [info] [native_av] Closed native encoder — 48 frames accepted, encoder_packets=48 mux_packets=48 packet_pts=0..47, YUV cache: 0 hits / 0 misses
[2026-10-02 18:50:30.794] [info] [video_native] convert=99.73ms  send_frame=20.51ms  backpressure=0.00ms  flush=1.15ms  receive_packet=0.37ms  mux_write=1.66ms  trailer=0.53ms
[2026-10-02 18:50:30.796] [info] [video] render_ms=1189.96 encode_ms=8.96 writer_encode_ms=126.62 wall_ms=2915.98 nvml_stop_ms=0.16
[2026-10-02 18:50:30.796] [info] [video] FFmpeg queue wait duration: 0.69 ms
[2026-10-02 18:50:30.811] [info] [video] copy_eligible=true sha256=12572eb1127402a731b14ce9700e802964d9dc1d805d537507e575c8a92f5ed2
[2026-10-02 18:50:30.811] [info] [video] Wrote /tmp/velox-phrase-runtime-cert/inputs/apple_hero_statement/catalog-motions.mp4
[2026-10-02 18:50:30.812] [info] [startup-profile] total=952.81ms logger=0.10ms cli_bootstrap=17.99ms cli_parse=0.00ms composition=0.34ms plan_read=0.15ms json_parse=0.65ms plan_decode_validate=50.80ms asset_resolve=0.03ms plan_compile=4.80ms other=0.00ms
[2026-10-02 18:50:30.847] [info] [video] Wrote exact per-frame timing sidecar: /tmp/velox-phrase-runtime-cert/inputs/apple_hero_statement/catalog-motions.mp4.timing.json
[2026-10-02 18:50:30.876] [info] [INFO] job-lifecycle: slot_pool_close_ms=0.0 surface_release_ms=0.1
[2026-10-02 18:50:31.052] [info] [INFO] job-lifecycle: queue_close_ms=0.0 writer_join_ms=0.0 encoder_reset_ms=26.0 decoder_reset_ms=0.0 full_graph_reset_ms=175.5 sink_ctx_reset_ms=0.0 device_runtime_reset_ms=0.0 device_reservation_reset_ms=0.0
[2026-10-02 18:50:31.052] [info] [INFO] job-lifecycle: sidecar_write_ms=38.4 session_teardown_ms=201.8
[2026-10-02 18:50:31.062] [info] [INFO] job-lifecycle: execute_ms=3182.1 receipt_build_ms=0.0 receipt_write_ms=0.0 caller_tail_ms=0.0
