[2026-10-02 18:50:22.455] [info] [overlay-prepare] validated package=/tmp/velox-phrase-runtime-cert/inputs/apple_expand_from_center/prepared.json hash=0edafad905fce9512ef46d1e1ecf5c982e0a7ad5d0616645213052897a1de70b assets=0 text_runs=1 overlays=2
[2026-10-02 18:50:22.460] [info] [asset-profile] kind=3 path=assets/fonts/Poppins-Bold.ttf bytes=155996 cache=miss invalidated=0 stat=0.01ms hash=4.57ms hashed_bytes=155996 total=4.73ms
[2026-10-02 18:50:22.460] [info] [asset-digest-cache] hits=0 misses=1 invalidations=0 bytes_hashed=155996 lookup_ms=0.01 write_ms=0.02 full_hash_ms=4.57
[2026-10-02 18:50:22.464] [info] [plan-profile] read=0.28ms parse=5.60ms decode=63.69ms resolver=0.03ms compile_validate=8.83ms total=82.92ms
[2026-10-02 18:50:22.465] [info] [asset-profile] kind=3 path=assets/fonts/Poppins-Bold.ttf bytes=155996 cache=hit invalidated=0 stat=0.01ms hash=0.00ms hashed_bytes=0 total=0.16ms
[2026-10-02 18:50:22.465] [info] [asset-digest-cache] hits=1 misses=0 invalidations=0 bytes_hashed=0 lookup_ms=0.01 write_ms=0.00 full_hash_ms=0.00
[2026-10-02 18:50:22.469] [info] [plan-compile-profile] assets=0.29ms fingerprint=3.86ms media_resolution=0.00ms materialize=0.18ms composition_compile=0.00ms compatibility_view=0.17ms total=4.91ms
[2026-10-02 18:50:22.470] [info] [video] Auto-selecting yuv420p pipe pixel format for 1280x720 output
[2026-10-02 18:50:22.471] [info] [video] execution plan resolved (reason: required_gpu_native_full_graph); decode=1 composite=2 encode=1 interop=2 handoff=1 codec=3
[2026-10-02 18:50:22.493] [info] [video-runtime] created persistent runtime for device 0 (CUDA ordinal 0)
[2026-10-02 18:50:22.493] [info] [video] encoder feed capability: host_frame=false direct_yuv=false native_surface=true
[2026-10-02 18:50:22.709] [info] [native_av] CUDA context contract: native=0x55927b040b20 ffmpeg=0x55927b040b20
[2026-10-02 18:50:22.727] [info] [native_av] NVENC tuning applied: rc=constqp preset=p1 async_depth=4 nvenc_surfaces=8 qp=23 bitrate=0
[2026-10-02 18:50:22.761] [info] [native_av] encoder bitstream contract: codec=27 profile=100 level=-99 pix_fmt=119 parameter_sets=49 materialized=true
[2026-10-02 18:50:22.762] [info] [native_av] Opened native encoder: 1280x720 @ 24fps, codec=h264_nvenc, rc=constqp, preset=p1, output='/tmp/velox-phrase-runtime-cert/inputs/apple_expand_from_center/catalog-motions.partial.mp4'
[2026-10-02 18:50:23.990] [info] [pool-warm] Pre-allocated and pre-imported 6 execution slots (1280x720) for native NVENC
[2026-10-02 18:50:24.075] [info] chronon3d::vulkan text batch formats: dst_image.format=109 atlas_image.format=44 atlas_encoding=2 (shader contract: dst rgba32f, atlas rgba8)
[2026-10-02 18:50:24.076] [info] [temp-lifetime] frame=0 after_level=0 live=[0,1,3,] retired=[]
[2026-10-02 18:50:24.076] [info] [exec-level-diag] frame=0 level=0 nodes=3 input_ms=0.006 dispatch_ms=4.494 fb_release_ms=0.004
[2026-10-02 18:50:24.076] [info] [graph-edge] frame=0 level=1 consumer_id=2 input_index=0 producer_id=0 producer_level=0
[2026-10-02 18:50:24.076] [info] [graph-edge] frame=0 level=1 consumer_id=2 input_index=1 producer_id=1 producer_level=0
[2026-10-02 18:50:24.076] [info] [graph-edge] frame=0 level=1 consumer_id=4 input_index=0 producer_id=3 producer_level=0
[2026-10-02 18:50:24.081] [info] [temp-lifetime] frame=0 after_level=1 live=[2,4,] retired=[0,1,3,]
[2026-10-02 18:50:24.081] [info] [exec-level-diag] frame=0 level=1 nodes=2 input_ms=0.126 dispatch_ms=4.266 fb_release_ms=0.019
[2026-10-02 18:50:24.081] [info] [graph-edge] frame=0 level=2 consumer_id=5 input_index=0 producer_id=2 producer_level=1
[2026-10-02 18:50:24.081] [info] [graph-edge] frame=0 level=2 consumer_id=5 input_index=1 producer_id=4 producer_level=1
[2026-10-02 18:50:24.081] [info] [temp-lifetime] frame=0 after_level=2 live=[5,] retired=[2,4,]
[2026-10-02 18:50:24.081] [info] [exec-level-diag] frame=0 level=2 nodes=1 input_ms=0.121 dispatch_ms=0.203 fb_release_ms=0.009
[2026-10-02 18:50:24.082] [info] [video] Exporting via Arena-backed SIMD pipeline
[2026-10-02 18:50:24.092] [info] [temp-lifetime] frame=1 after_level=0 live=[0,1,3,] retired=[]
[2026-10-02 18:50:24.092] [info] [exec-level-diag] frame=1 level=0 nodes=3 input_ms=0.003 dispatch_ms=1.506 fb_release_ms=0.004
[2026-10-02 18:50:24.092] [info] [graph-edge] frame=1 level=1 consumer_id=2 input_index=0 producer_id=0 producer_level=0
[2026-10-02 18:50:24.092] [info] [graph-edge] frame=1 level=1 consumer_id=2 input_index=1 producer_id=1 producer_level=0
[2026-10-02 18:50:24.092] [info] [graph-edge] frame=1 level=1 consumer_id=4 input_index=0 producer_id=3 producer_level=0
[2026-10-02 18:50:24.093] [info] [temp-lifetime] frame=1 after_level=1 live=[2,4,] retired=[0,1,3,]
[2026-10-02 18:50:24.093] [info] [exec-level-diag] frame=1 level=1 nodes=2 input_ms=0.120 dispatch_ms=0.573 fb_release_ms=0.015
[2026-10-02 18:50:24.093] [info] [graph-edge] frame=1 level=2 consumer_id=5 input_index=0 producer_id=2 producer_level=1
[2026-10-02 18:50:24.093] [info] [graph-edge] frame=1 level=2 consumer_id=5 input_index=1 producer_id=4 producer_level=1
[2026-10-02 18:50:24.093] [info] [temp-lifetime] frame=1 after_level=2 live=[5,] retired=[2,4,]
[2026-10-02 18:50:24.094] [info] [exec-level-diag] frame=1 level=2 nodes=1 input_ms=0.083 dispatch_ms=0.179 fb_release_ms=0.009
[2026-10-02 18:50:24.110] [info] [temp-lifetime] frame=2 after_level=0 live=[0,1,3,] retired=[]
[2026-10-02 18:50:24.110] [info] [exec-level-diag] frame=2 level=0 nodes=3 input_ms=0.005 dispatch_ms=1.254 fb_release_ms=0.004
[2026-10-02 18:50:24.110] [info] [graph-edge] frame=2 level=1 consumer_id=2 input_index=0 producer_id=0 producer_level=0
[2026-10-02 18:50:24.110] [info] [graph-edge] frame=2 level=1 consumer_id=2 input_index=1 producer_id=1 producer_level=0
[2026-10-02 18:50:24.110] [info] [graph-edge] frame=2 level=1 consumer_id=4 input_index=0 producer_id=3 producer_level=0
[2026-10-02 18:50:24.111] [info] [temp-lifetime] frame=2 after_level=1 live=[2,4,] retired=[0,1,3,]
[2026-10-02 18:50:24.111] [info] [exec-level-diag] frame=2 level=1 nodes=2 input_ms=0.123 dispatch_ms=0.430 fb_release_ms=0.024
[2026-10-02 18:50:24.111] [info] [graph-edge] frame=2 level=2 consumer_id=5 input_index=0 producer_id=2 producer_level=1
[2026-10-02 18:50:24.111] [info] [graph-edge] frame=2 level=2 consumer_id=5 input_index=1 producer_id=4 producer_level=1
[2026-10-02 18:50:24.111] [info] [temp-lifetime] frame=2 after_level=2 live=[5,] retired=[2,4,]
[2026-10-02 18:50:24.111] [info] [exec-level-diag] frame=2 level=2 nodes=1 input_ms=0.084 dispatch_ms=0.210 fb_release_ms=0.012
[2026-10-02 18:50:24.112] [info] [video]   4/48 frames
[2026-10-02 18:50:24.172] [info] [video]   8/48 frames
[2026-10-02 18:50:24.223] [info] [video]   12/48 frames
[2026-10-02 18:50:24.269] [info] [video]   16/48 frames
[2026-10-02 18:50:24.313] [info] [video]   20/48 frames
[2026-10-02 18:50:24.356] [info] [video]   24/48 frames
[2026-10-02 18:50:24.382] [info] [vulkan-lifecycle] frame=25 vram_bytes=333283328 live_surfaces=13 surface_bindings=7 registry_live_handles=107 physical_images=13 deferred_releases=2 vma_allocations=50 surfaces_created=157 surfaces_released=150 queue_packages=1 execution_slots_busy=2 command_batch_active=false
[2026-10-02 18:50:24.406] [info] [video]   28/48 frames
[2026-10-02 18:50:24.453] [info] [video]   32/48 frames
[2026-10-02 18:50:24.513] [info] [video]   36/48 frames
[2026-10-02 18:50:24.563] [info] [video]   40/48 frames
[2026-10-02 18:50:24.617] [info] [video]   44/48 frames
[2026-10-02 18:50:24.681] [info] [video]   48/48 frames
[2026-10-02 18:50:24.698] [info] [video] writer join complete
[2026-10-02 18:50:24.698] [info] [drain-debug] start drain, capacity=6
[2026-10-02 18:50:24.698] [info] [drain-debug] slot_id=4 has completion, waiting
[2026-10-02 18:50:24.698] [info] [drain-debug] slot_id=4 wait complete
[2026-10-02 18:50:24.698] [info] [drain-debug] slot_id=5 has completion, waiting
[2026-10-02 18:50:24.698] [info] [drain-debug] slot_id=5 wait complete
[2026-10-02 18:50:24.699] [info] [drain-debug] reap done, busy_count=0
[2026-10-02 18:50:24.699] [info] [video] trimming framebuffer pool
[2026-10-02 18:50:24.699] [info] [video] Released framebuffer pool — memory trimmed
[2026-10-02 18:50:24.699] [info] [video] frame-loop cleanup complete
[2026-10-02 18:50:24.699] [info] [video] Encoder write blocked duration: 0.00 ms
[2026-10-02 18:50:24.699] [info] [video_diag] conversion_and_copy_duration_ms: 0 ms
[2026-10-02 18:50:24.699] [info] [video_diag] conversion_bytes_written=0 encoder_staging_copy_bytes=0 encoder_slot_reuses=0
[2026-10-02 18:50:24.699] [info] [native_av] close: sending encoder flush
[2026-10-02 18:50:24.699] [info] [native_av] close: encoder flush accepted
[2026-10-02 18:50:24.699] [info] [native_av] close: packets drained=true
[2026-10-02 18:50:24.700] [info] [native_av] close: finalizing mux session
[2026-10-02 18:50:24.700] [info] [native_av] close: mux session finalized
[2026-10-02 18:50:24.700] [info] [native_av] Closed native encoder — 48 frames accepted, encoder_packets=48 mux_packets=48 packet_pts=0..47, YUV cache: 0 hits / 0 misses
[2026-10-02 18:50:24.700] [info] [video_native] convert=113.19ms  send_frame=17.78ms  backpressure=0.00ms  flush=0.83ms  receive_packet=0.40ms  mux_write=1.07ms  trailer=0.28ms
[2026-10-02 18:50:24.702] [info] [video] render_ms=680.90 encode_ms=7.63 writer_encode_ms=139.05 wall_ms=2231.07 nvml_stop_ms=0.14
[2026-10-02 18:50:24.702] [info] [video] FFmpeg queue wait duration: 0.61 ms
[2026-10-02 18:50:24.708] [info] [video] copy_eligible=true sha256=0e6267492002f450515eba25ec1d242a767252605c8e73eddec36e76816a9e4d
[2026-10-02 18:50:24.708] [info] [video] Wrote /tmp/velox-phrase-runtime-cert/inputs/apple_expand_from_center/catalog-motions.mp4
[2026-10-02 18:50:24.709] [info] [startup-profile] total=934.75ms logger=0.11ms cli_bootstrap=10.10ms cli_parse=0.00ms composition=0.35ms plan_read=0.28ms json_parse=5.60ms plan_decode_validate=63.69ms asset_resolve=0.03ms plan_compile=8.83ms other=0.00ms
[2026-10-02 18:50:24.739] [info] [video] Wrote exact per-frame timing sidecar: /tmp/velox-phrase-runtime-cert/inputs/apple_expand_from_center/catalog-motions.mp4.timing.json
[2026-10-02 18:50:24.769] [info] [INFO] job-lifecycle: slot_pool_close_ms=0.0 surface_release_ms=0.1
[2026-10-02 18:50:24.908] [info] [INFO] job-lifecycle: queue_close_ms=0.0 writer_join_ms=0.0 encoder_reset_ms=27.9 decoder_reset_ms=0.0 full_graph_reset_ms=139.0 sink_ctx_reset_ms=0.0 device_runtime_reset_ms=0.0 device_reservation_reset_ms=0.0
[2026-10-02 18:50:24.909] [info] [INFO] job-lifecycle: sidecar_write_ms=32.5 session_teardown_ms=167.4
[2026-10-02 18:50:24.917] [info] [INFO] job-lifecycle: execute_ms=2446.4 receipt_build_ms=0.0 receipt_write_ms=0.0 caller_tail_ms=0.0
