[2026-10-02 19:10:32.653] [info] [overlay-prepare] validated package=/tmp/velox-phrase108-final/inputs/apple_spread_rise/prepared.json hash=f3aedfc3b34dc4154e33bf05c64d2674f395cb34a53bf6f6439b2c5cbd2a6caf assets=0 text_runs=1 overlays=2
[2026-10-02 19:10:32.659] [info] [asset-profile] kind=3 path=assets/fonts/Poppins-Bold.ttf bytes=155996 cache=miss invalidated=0 stat=0.01ms hash=4.53ms hashed_bytes=155996 total=4.76ms
[2026-10-02 19:10:32.659] [info] [asset-digest-cache] hits=0 misses=1 invalidations=0 bytes_hashed=155996 lookup_ms=0.01 write_ms=0.02 full_hash_ms=4.53
[2026-10-02 19:10:32.662] [info] [plan-profile] read=0.26ms parse=3.43ms decode=68.23ms resolver=0.31ms compile_validate=8.70ms total=85.48ms
[2026-10-02 19:10:32.663] [info] [asset-profile] kind=3 path=assets/fonts/Poppins-Bold.ttf bytes=155996 cache=hit invalidated=0 stat=0.01ms hash=0.00ms hashed_bytes=0 total=0.11ms
[2026-10-02 19:10:32.663] [info] [asset-digest-cache] hits=1 misses=0 invalidations=0 bytes_hashed=0 lookup_ms=0.01 write_ms=0.00 full_hash_ms=0.00
[2026-10-02 19:10:32.667] [info] [plan-compile-profile] assets=0.23ms fingerprint=3.66ms media_resolution=0.00ms materialize=0.20ms composition_compile=0.00ms compatibility_view=0.20ms total=4.71ms
[2026-10-02 19:10:32.668] [info] [video] Auto-selecting yuv420p pipe pixel format for 1280x720 output
[2026-10-02 19:10:32.669] [info] [video] execution plan resolved (reason: required_gpu_native_full_graph); decode=1 composite=2 encode=1 interop=2 handoff=1 codec=3
[2026-10-02 19:10:32.704] [info] [video-runtime] created persistent runtime for device 0 (CUDA ordinal 0)
[2026-10-02 19:10:32.704] [info] [video] encoder feed capability: host_frame=false direct_yuv=false native_surface=true
[2026-10-02 19:10:33.044] [info] [native_av] CUDA context contract: native=0x559ff5e61b00 ffmpeg=0x559ff5e61b00
[2026-10-02 19:10:33.064] [info] [native_av] NVENC tuning applied: rc=constqp preset=p1 async_depth=4 nvenc_surfaces=8 qp=23 bitrate=0
[2026-10-02 19:10:33.103] [info] [native_av] encoder bitstream contract: codec=27 profile=100 level=-99 pix_fmt=119 parameter_sets=49 materialized=true
[2026-10-02 19:10:33.104] [info] [native_av] Opened native encoder: 1280x720 @ 24fps, codec=h264_nvenc, rc=constqp, preset=p1, output='/tmp/velox-phrase108-final/inputs/apple_spread_rise/catalog-motions.partial.mp4'
[2026-10-02 19:10:34.534] [info] [pool-warm] Pre-allocated and pre-imported 6 execution slots (1280x720) for native NVENC
[2026-10-02 19:10:34.629] [info] chronon3d::vulkan text batch formats: dst_image.format=109 atlas_image.format=44 atlas_encoding=2 (shader contract: dst rgba32f, atlas rgba8)
[2026-10-02 19:10:34.630] [info] [temp-lifetime] frame=0 after_level=0 live=[0,1,3,] retired=[]
[2026-10-02 19:10:34.630] [info] [exec-level-diag] frame=0 level=0 nodes=3 input_ms=0.006 dispatch_ms=8.204 fb_release_ms=0.012
[2026-10-02 19:10:34.630] [info] [graph-edge] frame=0 level=1 consumer_id=2 input_index=0 producer_id=0 producer_level=0
[2026-10-02 19:10:34.630] [info] [graph-edge] frame=0 level=1 consumer_id=2 input_index=1 producer_id=1 producer_level=0
[2026-10-02 19:10:34.630] [info] [graph-edge] frame=0 level=1 consumer_id=4 input_index=0 producer_id=3 producer_level=0
[2026-10-02 19:10:34.637] [info] [temp-lifetime] frame=0 after_level=1 live=[2,4,] retired=[0,1,3,]
[2026-10-02 19:10:34.637] [info] [exec-level-diag] frame=0 level=1 nodes=2 input_ms=0.037 dispatch_ms=6.505 fb_release_ms=0.058
[2026-10-02 19:10:34.637] [info] [graph-edge] frame=0 level=2 consumer_id=5 input_index=0 producer_id=2 producer_level=1
[2026-10-02 19:10:34.637] [info] [graph-edge] frame=0 level=2 consumer_id=5 input_index=1 producer_id=4 producer_level=1
[2026-10-02 19:10:34.637] [info] [temp-lifetime] frame=0 after_level=2 live=[5,] retired=[2,4,]
[2026-10-02 19:10:34.637] [info] [exec-level-diag] frame=0 level=2 nodes=1 input_ms=0.042 dispatch_ms=0.390 fb_release_ms=0.008
[2026-10-02 19:10:34.638] [info] [video] Exporting via Arena-backed SIMD pipeline
[2026-10-02 19:10:34.649] [info] [temp-lifetime] frame=1 after_level=0 live=[0,1,3,] retired=[]
[2026-10-02 19:10:34.649] [info] [exec-level-diag] frame=1 level=0 nodes=3 input_ms=0.005 dispatch_ms=1.246 fb_release_ms=0.004
[2026-10-02 19:10:34.649] [info] [graph-edge] frame=1 level=1 consumer_id=2 input_index=0 producer_id=0 producer_level=0
[2026-10-02 19:10:34.649] [info] [graph-edge] frame=1 level=1 consumer_id=2 input_index=1 producer_id=1 producer_level=0
[2026-10-02 19:10:34.649] [info] [graph-edge] frame=1 level=1 consumer_id=4 input_index=0 producer_id=3 producer_level=0
[2026-10-02 19:10:34.650] [info] [temp-lifetime] frame=1 after_level=1 live=[2,4,] retired=[0,1,3,]
[2026-10-02 19:10:34.650] [info] [exec-level-diag] frame=1 level=1 nodes=2 input_ms=0.039 dispatch_ms=0.459 fb_release_ms=0.015
[2026-10-02 19:10:34.650] [info] [graph-edge] frame=1 level=2 consumer_id=5 input_index=0 producer_id=2 producer_level=1
[2026-10-02 19:10:34.650] [info] [graph-edge] frame=1 level=2 consumer_id=5 input_index=1 producer_id=4 producer_level=1
[2026-10-02 19:10:34.650] [info] [temp-lifetime] frame=1 after_level=2 live=[5,] retired=[2,4,]
[2026-10-02 19:10:34.650] [info] [exec-level-diag] frame=1 level=2 nodes=1 input_ms=0.020 dispatch_ms=0.174 fb_release_ms=0.009
[2026-10-02 19:10:34.667] [info] [temp-lifetime] frame=2 after_level=0 live=[0,1,3,] retired=[]
[2026-10-02 19:10:34.667] [info] [exec-level-diag] frame=2 level=0 nodes=3 input_ms=0.005 dispatch_ms=1.764 fb_release_ms=0.005
[2026-10-02 19:10:34.667] [info] [graph-edge] frame=2 level=1 consumer_id=2 input_index=0 producer_id=0 producer_level=0
[2026-10-02 19:10:34.667] [info] [graph-edge] frame=2 level=1 consumer_id=2 input_index=1 producer_id=1 producer_level=0
[2026-10-02 19:10:34.667] [info] [graph-edge] frame=2 level=1 consumer_id=4 input_index=0 producer_id=3 producer_level=0
[2026-10-02 19:10:34.668] [info] [temp-lifetime] frame=2 after_level=1 live=[2,4,] retired=[0,1,3,]
[2026-10-02 19:10:34.668] [info] [exec-level-diag] frame=2 level=1 nodes=2 input_ms=0.030 dispatch_ms=0.562 fb_release_ms=0.014
[2026-10-02 19:10:34.668] [info] [graph-edge] frame=2 level=2 consumer_id=5 input_index=0 producer_id=2 producer_level=1
[2026-10-02 19:10:34.668] [info] [graph-edge] frame=2 level=2 consumer_id=5 input_index=1 producer_id=4 producer_level=1
[2026-10-02 19:10:34.668] [info] [temp-lifetime] frame=2 after_level=2 live=[5,] retired=[2,4,]
[2026-10-02 19:10:34.668] [info] [exec-level-diag] frame=2 level=2 nodes=1 input_ms=0.022 dispatch_ms=0.206 fb_release_ms=0.008
[2026-10-02 19:10:34.669] [info] [video]   4/48 frames
[2026-10-02 19:10:34.721] [info] [video]   8/48 frames
[2026-10-02 19:10:34.769] [info] [video]   12/48 frames
[2026-10-02 19:10:34.816] [info] [video]   16/48 frames
[2026-10-02 19:10:34.869] [info] [video]   20/48 frames
[2026-10-02 19:10:34.914] [info] [video]   24/48 frames
[2026-10-02 19:10:34.938] [info] [vulkan-lifecycle] frame=25 vram_bytes=333283328 live_surfaces=13 surface_bindings=7 registry_live_handles=107 physical_images=13 deferred_releases=2 vma_allocations=50 surfaces_created=157 surfaces_released=150 queue_packages=1 execution_slots_busy=2 command_batch_active=false
[2026-10-02 19:10:34.962] [info] [video]   28/48 frames
[2026-10-02 19:10:35.037] [info] [video]   32/48 frames
[2026-10-02 19:10:35.094] [info] [video]   36/48 frames
[2026-10-02 19:10:35.142] [info] [video]   40/48 frames
[2026-10-02 19:10:35.192] [info] [video]   44/48 frames
[2026-10-02 19:10:35.239] [info] [video]   48/48 frames
[2026-10-02 19:10:35.256] [info] [video] writer join complete
[2026-10-02 19:10:35.256] [info] [drain-debug] start drain, capacity=6
[2026-10-02 19:10:35.256] [info] [drain-debug] slot_id=4 has completion, waiting
[2026-10-02 19:10:35.256] [info] [drain-debug] slot_id=4 wait complete
[2026-10-02 19:10:35.256] [info] [drain-debug] slot_id=5 has completion, waiting
[2026-10-02 19:10:35.256] [info] [drain-debug] slot_id=5 wait complete
[2026-10-02 19:10:35.257] [info] [drain-debug] reap done, busy_count=0
[2026-10-02 19:10:35.257] [info] [video] trimming framebuffer pool
[2026-10-02 19:10:35.257] [info] [video] Released framebuffer pool — memory trimmed
[2026-10-02 19:10:35.257] [info] [video] frame-loop cleanup complete
[2026-10-02 19:10:35.257] [info] [video] Encoder write blocked duration: 0.00 ms
[2026-10-02 19:10:35.257] [info] [video_diag] conversion_and_copy_duration_ms: 0 ms
[2026-10-02 19:10:35.257] [info] [video_diag] conversion_bytes_written=0 encoder_staging_copy_bytes=0 encoder_slot_reuses=0
[2026-10-02 19:10:35.257] [info] [native_av] close: sending encoder flush
[2026-10-02 19:10:35.257] [info] [native_av] close: encoder flush accepted
[2026-10-02 19:10:35.258] [info] [native_av] close: packets drained=true
[2026-10-02 19:10:35.258] [info] [native_av] close: finalizing mux session
[2026-10-02 19:10:35.258] [info] [native_av] close: mux session finalized
[2026-10-02 19:10:35.258] [info] [native_av] Closed native encoder — 48 frames accepted, encoder_packets=48 mux_packets=48 packet_pts=0..47, YUV cache: 0 hits / 0 misses
[2026-10-02 19:10:35.258] [info] [video_native] convert=110.11ms  send_frame=16.24ms  backpressure=0.00ms  flush=1.26ms  receive_packet=0.89ms  mux_write=0.86ms  trailer=0.30ms
[2026-10-02 19:10:35.260] [info] [video] render_ms=691.10 encode_ms=7.67 writer_encode_ms=129.05 wall_ms=2591.17 nvml_stop_ms=0.18
[2026-10-02 19:10:35.260] [info] [video] FFmpeg queue wait duration: 0.53 ms
[2026-10-02 19:10:35.268] [info] [video] copy_eligible=true sha256=327a76a8ca10ebe73f8c72e2c752edc1bd05d19ee733ee13a05c783ca22a04ad
[2026-10-02 19:10:35.268] [info] [video] Wrote /tmp/velox-phrase108-final/inputs/apple_spread_rise/catalog-motions.mp4
[2026-10-02 19:10:35.268] [info] [startup-profile] total=1180.98ms logger=0.13ms cli_bootstrap=11.17ms cli_parse=0.00ms composition=0.60ms plan_read=0.26ms json_parse=3.43ms plan_decode_validate=68.23ms asset_resolve=0.31ms plan_compile=8.70ms other=0.00ms
[2026-10-02 19:10:35.298] [info] [video] Wrote exact per-frame timing sidecar: /tmp/velox-phrase108-final/inputs/apple_spread_rise/catalog-motions.mp4.timing.json
[2026-10-02 19:10:35.327] [info] [INFO] job-lifecycle: slot_pool_close_ms=0.0 surface_release_ms=0.1
[2026-10-02 19:10:35.457] [info] [INFO] job-lifecycle: queue_close_ms=0.0 writer_join_ms=0.0 encoder_reset_ms=27.1 decoder_reset_ms=0.0 full_graph_reset_ms=130.3 sink_ctx_reset_ms=0.0 device_runtime_reset_ms=0.0 device_reservation_reset_ms=0.0
[2026-10-02 19:10:35.458] [info] [INFO] job-lifecycle: sidecar_write_ms=31.9 session_teardown_ms=157.7
[2026-10-02 19:10:35.468] [info] [INFO] job-lifecycle: execute_ms=2800.0 receipt_build_ms=0.0 receipt_write_ms=0.0 caller_tail_ms=0.0
