[2026-10-02 18:48:28.993] [info] [overlay-prepare] validated package=/tmp/velox-phrase-runtime-cert/inputs/chromatic_aberration_pop/prepared.json hash=eead7925bc0dd9a0b33b2345d18765eff58132f8cd669b5d3671614c39014078 assets=0 text_runs=1 overlays=2
[2026-10-02 18:48:28.997] [info] [asset-profile] kind=3 path=assets/fonts/Poppins-Bold.ttf bytes=155996 cache=miss invalidated=0 stat=0.01ms hash=3.65ms hashed_bytes=155996 total=3.79ms
[2026-10-02 18:48:28.997] [info] [asset-digest-cache] hits=0 misses=1 invalidations=0 bytes_hashed=155996 lookup_ms=0.01 write_ms=0.02 full_hash_ms=3.65
[2026-10-02 18:48:29.000] [info] [plan-profile] read=0.32ms parse=2.60ms decode=55.56ms resolver=0.02ms compile_validate=6.78ms total=68.82ms
[2026-10-02 18:48:29.001] [info] [asset-profile] kind=3 path=assets/fonts/Poppins-Bold.ttf bytes=155996 cache=hit invalidated=0 stat=0.01ms hash=0.00ms hashed_bytes=0 total=0.17ms
[2026-10-02 18:48:29.001] [info] [asset-digest-cache] hits=1 misses=0 invalidations=0 bytes_hashed=0 lookup_ms=0.01 write_ms=0.00 full_hash_ms=0.00
[2026-10-02 18:48:29.005] [info] [plan-compile-profile] assets=0.41ms fingerprint=3.69ms media_resolution=0.00ms materialize=0.18ms composition_compile=0.00ms compatibility_view=0.17ms total=4.86ms
[2026-10-02 18:48:29.006] [info] [video] Auto-selecting yuv420p pipe pixel format for 1280x720 output
[2026-10-02 18:48:29.006] [info] [video] execution plan resolved (reason: required_gpu_native_full_graph); decode=1 composite=2 encode=1 interop=2 handoff=1 codec=3
[2026-10-02 18:48:29.024] [info] [video-runtime] created persistent runtime for device 0 (CUDA ordinal 0)
[2026-10-02 18:48:29.024] [info] [video] encoder feed capability: host_frame=false direct_yuv=false native_surface=true
[2026-10-02 18:48:29.236] [info] [native_av] CUDA context contract: native=0x55ad4021ace0 ffmpeg=0x55ad4021ace0
[2026-10-02 18:48:29.257] [info] [native_av] NVENC tuning applied: rc=constqp preset=p1 async_depth=4 nvenc_surfaces=8 qp=23 bitrate=0
[2026-10-02 18:48:29.291] [info] [native_av] encoder bitstream contract: codec=27 profile=100 level=-99 pix_fmt=119 parameter_sets=49 materialized=true
[2026-10-02 18:48:29.292] [info] [native_av] Opened native encoder: 1280x720 @ 24fps, codec=h264_nvenc, rc=constqp, preset=p1, output='/tmp/velox-phrase-runtime-cert/inputs/chromatic_aberration_pop/catalog-motions.partial.mp4'
[2026-10-02 18:48:30.515] [info] [pool-warm] Pre-allocated and pre-imported 6 execution slots (1280x720) for native NVENC
[2026-10-02 18:48:30.614] [info] chronon3d::vulkan text batch formats: dst_image.format=109 atlas_image.format=44 atlas_encoding=2 (shader contract: dst rgba32f, atlas rgba8)
[2026-10-02 18:48:30.614] [info] [temp-lifetime] frame=0 after_level=0 live=[0,1,3,] retired=[]
[2026-10-02 18:48:30.615] [info] [exec-level-diag] frame=0 level=0 nodes=3 input_ms=0.007 dispatch_ms=5.090 fb_release_ms=0.005
[2026-10-02 18:48:30.615] [info] [graph-edge] frame=0 level=1 consumer_id=2 input_index=0 producer_id=0 producer_level=0
[2026-10-02 18:48:30.615] [info] [graph-edge] frame=0 level=1 consumer_id=2 input_index=1 producer_id=1 producer_level=0
[2026-10-02 18:48:30.615] [info] [graph-edge] frame=0 level=1 consumer_id=4 input_index=0 producer_id=3 producer_level=0
[2026-10-02 18:48:30.619] [info] [temp-lifetime] frame=0 after_level=1 live=[2,4,] retired=[0,1,3,]
[2026-10-02 18:48:30.619] [info] [exec-level-diag] frame=0 level=1 nodes=2 input_ms=0.130 dispatch_ms=4.139 fb_release_ms=0.022
[2026-10-02 18:48:30.619] [info] [graph-edge] frame=0 level=2 consumer_id=5 input_index=0 producer_id=2 producer_level=1
[2026-10-02 18:48:30.619] [info] [graph-edge] frame=0 level=2 consumer_id=5 input_index=1 producer_id=4 producer_level=1
[2026-10-02 18:48:30.619] [info] [temp-lifetime] frame=0 after_level=2 live=[5,] retired=[2,4,]
[2026-10-02 18:48:30.620] [info] [exec-level-diag] frame=0 level=2 nodes=1 input_ms=0.126 dispatch_ms=0.193 fb_release_ms=0.009
[2026-10-02 18:48:30.620] [info] [video] Exporting via Arena-backed SIMD pipeline
[2026-10-02 18:48:30.631] [info] [temp-lifetime] frame=1 after_level=0 live=[0,1,3,] retired=[]
[2026-10-02 18:48:30.631] [info] [exec-level-diag] frame=1 level=0 nodes=3 input_ms=0.004 dispatch_ms=1.126 fb_release_ms=0.005
[2026-10-02 18:48:30.632] [info] [graph-edge] frame=1 level=1 consumer_id=2 input_index=0 producer_id=0 producer_level=0
[2026-10-02 18:48:30.632] [info] [graph-edge] frame=1 level=1 consumer_id=2 input_index=1 producer_id=1 producer_level=0
[2026-10-02 18:48:30.632] [info] [graph-edge] frame=1 level=1 consumer_id=4 input_index=0 producer_id=3 producer_level=0
[2026-10-02 18:48:30.632] [info] [temp-lifetime] frame=1 after_level=1 live=[2,4,] retired=[0,1,3,]
[2026-10-02 18:48:30.632] [info] [exec-level-diag] frame=1 level=1 nodes=2 input_ms=0.196 dispatch_ms=0.413 fb_release_ms=0.021
[2026-10-02 18:48:30.632] [info] [graph-edge] frame=1 level=2 consumer_id=5 input_index=0 producer_id=2 producer_level=1
[2026-10-02 18:48:30.632] [info] [graph-edge] frame=1 level=2 consumer_id=5 input_index=1 producer_id=4 producer_level=1
[2026-10-02 18:48:30.633] [info] [temp-lifetime] frame=1 after_level=2 live=[5,] retired=[2,4,]
[2026-10-02 18:48:30.633] [info] [exec-level-diag] frame=1 level=2 nodes=1 input_ms=0.129 dispatch_ms=0.259 fb_release_ms=0.013
[2026-10-02 18:48:30.649] [info] [temp-lifetime] frame=2 after_level=0 live=[0,1,3,] retired=[]
[2026-10-02 18:48:30.649] [info] [exec-level-diag] frame=2 level=0 nodes=3 input_ms=0.006 dispatch_ms=1.150 fb_release_ms=0.005
[2026-10-02 18:48:30.649] [info] [graph-edge] frame=2 level=1 consumer_id=2 input_index=0 producer_id=0 producer_level=0
[2026-10-02 18:48:30.649] [info] [graph-edge] frame=2 level=1 consumer_id=2 input_index=1 producer_id=1 producer_level=0
[2026-10-02 18:48:30.649] [info] [graph-edge] frame=2 level=1 consumer_id=4 input_index=0 producer_id=3 producer_level=0
[2026-10-02 18:48:30.650] [info] [temp-lifetime] frame=2 after_level=1 live=[2,4,] retired=[0,1,3,]
[2026-10-02 18:48:30.650] [info] [exec-level-diag] frame=2 level=1 nodes=2 input_ms=0.153 dispatch_ms=0.430 fb_release_ms=0.020
[2026-10-02 18:48:30.650] [info] [graph-edge] frame=2 level=2 consumer_id=5 input_index=0 producer_id=2 producer_level=1
[2026-10-02 18:48:30.650] [info] [graph-edge] frame=2 level=2 consumer_id=5 input_index=1 producer_id=4 producer_level=1
[2026-10-02 18:48:30.650] [info] [temp-lifetime] frame=2 after_level=2 live=[5,] retired=[2,4,]
[2026-10-02 18:48:30.650] [info] [exec-level-diag] frame=2 level=2 nodes=1 input_ms=0.115 dispatch_ms=0.240 fb_release_ms=0.012
[2026-10-02 18:48:30.651] [info] [video]   4/48 frames
[2026-10-02 18:48:30.706] [info] [video]   8/48 frames
[2026-10-02 18:48:30.753] [info] [video]   12/48 frames
[2026-10-02 18:48:30.813] [info] [video]   16/48 frames
[2026-10-02 18:48:30.862] [info] [video]   20/48 frames
[2026-10-02 18:48:30.911] [info] [video]   24/48 frames
[2026-10-02 18:48:30.935] [info] [vulkan-lifecycle] frame=25 vram_bytes=333283328 live_surfaces=13 surface_bindings=7 registry_live_handles=107 physical_images=13 deferred_releases=2 vma_allocations=45 surfaces_created=157 surfaces_released=150 queue_packages=1 execution_slots_busy=2 command_batch_active=false
[2026-10-02 18:48:30.956] [info] [video]   28/48 frames
[2026-10-02 18:48:31.002] [info] [video]   32/48 frames
[2026-10-02 18:48:31.060] [info] [video]   36/48 frames
[2026-10-02 18:48:31.114] [info] [video]   40/48 frames
[2026-10-02 18:48:31.160] [info] [video]   44/48 frames
[2026-10-02 18:48:31.209] [info] [video]   48/48 frames
[2026-10-02 18:48:31.226] [info] [video] writer join complete
[2026-10-02 18:48:31.226] [info] [drain-debug] start drain, capacity=6
[2026-10-02 18:48:31.226] [info] [drain-debug] slot_id=4 has completion, waiting
[2026-10-02 18:48:31.226] [info] [drain-debug] slot_id=4 wait complete
[2026-10-02 18:48:31.226] [info] [drain-debug] slot_id=5 has completion, waiting
[2026-10-02 18:48:31.227] [info] [drain-debug] slot_id=5 wait complete
[2026-10-02 18:48:31.227] [info] [drain-debug] reap done, busy_count=0
[2026-10-02 18:48:31.227] [info] [video] trimming framebuffer pool
[2026-10-02 18:48:31.227] [info] [video] Released framebuffer pool — memory trimmed
[2026-10-02 18:48:31.227] [info] [video] frame-loop cleanup complete
[2026-10-02 18:48:31.227] [info] [video] Encoder write blocked duration: 0.00 ms
[2026-10-02 18:48:31.227] [info] [video_diag] conversion_and_copy_duration_ms: 0 ms
[2026-10-02 18:48:31.227] [info] [video_diag] conversion_bytes_written=0 encoder_staging_copy_bytes=0 encoder_slot_reuses=0
[2026-10-02 18:48:31.227] [info] [native_av] close: sending encoder flush
[2026-10-02 18:48:31.227] [info] [native_av] close: encoder flush accepted
[2026-10-02 18:48:31.228] [info] [native_av] close: packets drained=true
[2026-10-02 18:48:31.228] [info] [native_av] close: finalizing mux session
[2026-10-02 18:48:31.228] [info] [native_av] close: mux session finalized
[2026-10-02 18:48:31.228] [info] [native_av] Closed native encoder — 48 frames accepted, encoder_packets=48 mux_packets=48 packet_pts=0..47, YUV cache: 0 hits / 0 misses
[2026-10-02 18:48:31.229] [info] [video_native] convert=111.80ms  send_frame=13.73ms  backpressure=0.00ms  flush=1.12ms  receive_packet=0.22ms  mux_write=0.83ms  trailer=0.63ms
[2026-10-02 18:48:31.231] [info] [video] render_ms=681.89 encode_ms=8.91 writer_encode_ms=127.75 wall_ms=2224.32 nvml_stop_ms=0.14
[2026-10-02 18:48:31.231] [info] [video] FFmpeg queue wait duration: 0.46 ms
[2026-10-02 18:48:31.239] [info] [video] copy_eligible=true sha256=f366cd3e91c298f345b3de556e4829b4041bf9d6145bbbef596ab260bd4a2c4d
[2026-10-02 18:48:31.239] [info] [video] Wrote /tmp/velox-phrase-runtime-cert/inputs/chromatic_aberration_pop/catalog-motions.mp4
[2026-10-02 18:48:31.240] [info] [startup-profile] total=918.97ms logger=0.10ms cli_bootstrap=10.36ms cli_parse=0.00ms composition=0.33ms plan_read=0.32ms json_parse=2.60ms plan_decode_validate=55.56ms asset_resolve=0.02ms plan_compile=6.78ms other=0.00ms
[2026-10-02 18:48:31.278] [info] [video] Wrote exact per-frame timing sidecar: /tmp/velox-phrase-runtime-cert/inputs/chromatic_aberration_pop/catalog-motions.mp4.timing.json
[2026-10-02 18:48:31.312] [info] [INFO] job-lifecycle: slot_pool_close_ms=0.0 surface_release_ms=0.1
[2026-10-02 18:48:31.467] [info] [INFO] job-lifecycle: queue_close_ms=0.0 writer_join_ms=0.0 encoder_reset_ms=30.1 decoder_reset_ms=0.0 full_graph_reset_ms=154.7 sink_ctx_reset_ms=0.0 device_runtime_reset_ms=0.0 device_reservation_reset_ms=0.0
[2026-10-02 18:48:31.467] [info] [INFO] job-lifecycle: sidecar_write_ms=42.2 session_teardown_ms=185.3
[2026-10-02 18:48:31.478] [info] [INFO] job-lifecycle: execute_ms=2472.3 receipt_build_ms=0.0 receipt_write_ms=0.0 caller_tail_ms=0.0
