[2026-10-02 18:48:34.669] [info] [overlay-prepare] validated package=/tmp/velox-phrase-runtime-cert/inputs/counter_scroll_reveal/prepared.json hash=2f7f9e6364bdb4418007531131021d92d9db95a989705f5433e801a6dd4aa564 assets=0 text_runs=1 overlays=2
[2026-10-02 18:48:34.673] [info] [asset-profile] kind=3 path=assets/fonts/Poppins-Bold.ttf bytes=155996 cache=miss invalidated=0 stat=0.01ms hash=3.54ms hashed_bytes=155996 total=3.68ms
[2026-10-02 18:48:34.673] [info] [asset-digest-cache] hits=0 misses=1 invalidations=0 bytes_hashed=155996 lookup_ms=0.01 write_ms=0.01 full_hash_ms=3.54
[2026-10-02 18:48:34.675] [info] [plan-profile] read=0.14ms parse=1.66ms decode=60.42ms resolver=0.02ms compile_validate=5.47ms total=70.28ms
[2026-10-02 18:48:34.675] [info] [asset-profile] kind=3 path=assets/fonts/Poppins-Bold.ttf bytes=155996 cache=hit invalidated=0 stat=0.01ms hash=0.00ms hashed_bytes=0 total=0.10ms
[2026-10-02 18:48:34.675] [info] [asset-digest-cache] hits=1 misses=0 invalidations=0 bytes_hashed=0 lookup_ms=0.01 write_ms=0.00 full_hash_ms=0.00
[2026-10-02 18:48:34.678] [info] [plan-compile-profile] assets=0.27ms fingerprint=2.01ms media_resolution=0.00ms materialize=0.18ms composition_compile=0.00ms compatibility_view=0.09ms total=2.88ms
[2026-10-02 18:48:34.679] [info] [video] Auto-selecting yuv420p pipe pixel format for 1280x720 output
[2026-10-02 18:48:34.679] [info] [video] execution plan resolved (reason: required_gpu_native_full_graph); decode=1 composite=2 encode=1 interop=2 handoff=1 codec=3
[2026-10-02 18:48:34.696] [info] [video-runtime] created persistent runtime for device 0 (CUDA ordinal 0)
[2026-10-02 18:48:34.696] [info] [video] encoder feed capability: host_frame=false direct_yuv=false native_surface=true
[2026-10-02 18:48:34.909] [info] [native_av] CUDA context contract: native=0x55e489a66e50 ffmpeg=0x55e489a66e50
[2026-10-02 18:48:34.928] [info] [native_av] NVENC tuning applied: rc=constqp preset=p1 async_depth=4 nvenc_surfaces=8 qp=23 bitrate=0
[2026-10-02 18:48:34.966] [info] [native_av] encoder bitstream contract: codec=27 profile=100 level=-99 pix_fmt=119 parameter_sets=49 materialized=true
[2026-10-02 18:48:34.966] [info] [native_av] Opened native encoder: 1280x720 @ 24fps, codec=h264_nvenc, rc=constqp, preset=p1, output='/tmp/velox-phrase-runtime-cert/inputs/counter_scroll_reveal/catalog-motions.partial.mp4'
[2026-10-02 18:48:36.154] [info] [pool-warm] Pre-allocated and pre-imported 6 execution slots (1280x720) for native NVENC
[2026-10-02 18:48:36.237] [info] chronon3d::vulkan text batch formats: dst_image.format=109 atlas_image.format=44 atlas_encoding=2 (shader contract: dst rgba32f, atlas rgba8)
[2026-10-02 18:48:36.237] [info] [temp-lifetime] frame=0 after_level=0 live=[0,1,3,] retired=[]
[2026-10-02 18:48:36.238] [info] [exec-level-diag] frame=0 level=0 nodes=3 input_ms=0.006 dispatch_ms=5.291 fb_release_ms=0.005
[2026-10-02 18:48:36.238] [info] [graph-edge] frame=0 level=1 consumer_id=2 input_index=0 producer_id=0 producer_level=0
[2026-10-02 18:48:36.238] [info] [graph-edge] frame=0 level=1 consumer_id=2 input_index=1 producer_id=1 producer_level=0
[2026-10-02 18:48:36.238] [info] [graph-edge] frame=0 level=1 consumer_id=4 input_index=0 producer_id=3 producer_level=0
[2026-10-02 18:48:36.244] [info] [temp-lifetime] frame=0 after_level=1 live=[2,4,] retired=[0,1,3,]
[2026-10-02 18:48:36.244] [info] [exec-level-diag] frame=0 level=1 nodes=2 input_ms=0.136 dispatch_ms=5.857 fb_release_ms=0.020
[2026-10-02 18:48:36.244] [info] [graph-edge] frame=0 level=2 consumer_id=5 input_index=0 producer_id=2 producer_level=1
[2026-10-02 18:48:36.244] [info] [graph-edge] frame=0 level=2 consumer_id=5 input_index=1 producer_id=4 producer_level=1
[2026-10-02 18:48:36.244] [info] [temp-lifetime] frame=0 after_level=2 live=[5,] retired=[2,4,]
[2026-10-02 18:48:36.244] [info] [exec-level-diag] frame=0 level=2 nodes=1 input_ms=0.117 dispatch_ms=0.205 fb_release_ms=0.020
[2026-10-02 18:48:36.245] [info] [video] Exporting via Arena-backed SIMD pipeline
[2026-10-02 18:48:36.255] [info] [temp-lifetime] frame=1 after_level=0 live=[0,1,3,] retired=[]
[2026-10-02 18:48:36.255] [info] [exec-level-diag] frame=1 level=0 nodes=3 input_ms=0.003 dispatch_ms=1.401 fb_release_ms=0.003
[2026-10-02 18:48:36.255] [info] [graph-edge] frame=1 level=1 consumer_id=2 input_index=0 producer_id=0 producer_level=0
[2026-10-02 18:48:36.255] [info] [graph-edge] frame=1 level=1 consumer_id=2 input_index=1 producer_id=1 producer_level=0
[2026-10-02 18:48:36.255] [info] [graph-edge] frame=1 level=1 consumer_id=4 input_index=0 producer_id=3 producer_level=0
[2026-10-02 18:48:36.255] [info] [temp-lifetime] frame=1 after_level=1 live=[2,4,] retired=[0,1,3,]
[2026-10-02 18:48:36.255] [info] [exec-level-diag] frame=1 level=1 nodes=2 input_ms=0.102 dispatch_ms=0.498 fb_release_ms=0.012
[2026-10-02 18:48:36.255] [info] [graph-edge] frame=1 level=2 consumer_id=5 input_index=0 producer_id=2 producer_level=1
[2026-10-02 18:48:36.255] [info] [graph-edge] frame=1 level=2 consumer_id=5 input_index=1 producer_id=4 producer_level=1
[2026-10-02 18:48:36.256] [info] [temp-lifetime] frame=1 after_level=2 live=[5,] retired=[2,4,]
[2026-10-02 18:48:36.256] [info] [exec-level-diag] frame=1 level=2 nodes=1 input_ms=0.083 dispatch_ms=0.176 fb_release_ms=0.009
[2026-10-02 18:48:36.270] [info] [temp-lifetime] frame=2 after_level=0 live=[0,1,3,] retired=[]
[2026-10-02 18:48:36.270] [info] [exec-level-diag] frame=2 level=0 nodes=3 input_ms=0.003 dispatch_ms=1.160 fb_release_ms=0.003
[2026-10-02 18:48:36.270] [info] [graph-edge] frame=2 level=1 consumer_id=2 input_index=0 producer_id=0 producer_level=0
[2026-10-02 18:48:36.270] [info] [graph-edge] frame=2 level=1 consumer_id=2 input_index=1 producer_id=1 producer_level=0
[2026-10-02 18:48:36.270] [info] [graph-edge] frame=2 level=1 consumer_id=4 input_index=0 producer_id=3 producer_level=0
[2026-10-02 18:48:36.270] [info] [temp-lifetime] frame=2 after_level=1 live=[2,4,] retired=[0,1,3,]
[2026-10-02 18:48:36.270] [info] [exec-level-diag] frame=2 level=1 nodes=2 input_ms=0.132 dispatch_ms=0.393 fb_release_ms=0.012
[2026-10-02 18:48:36.270] [info] [graph-edge] frame=2 level=2 consumer_id=5 input_index=0 producer_id=2 producer_level=1
[2026-10-02 18:48:36.270] [info] [graph-edge] frame=2 level=2 consumer_id=5 input_index=1 producer_id=4 producer_level=1
[2026-10-02 18:48:36.271] [info] [temp-lifetime] frame=2 after_level=2 live=[5,] retired=[2,4,]
[2026-10-02 18:48:36.271] [info] [exec-level-diag] frame=2 level=2 nodes=1 input_ms=0.069 dispatch_ms=0.183 fb_release_ms=0.008
[2026-10-02 18:48:36.271] [info] [video]   4/48 frames
[2026-10-02 18:48:36.318] [info] [video]   8/48 frames
[2026-10-02 18:48:36.361] [info] [video]   12/48 frames
[2026-10-02 18:48:36.404] [info] [video]   16/48 frames
[2026-10-02 18:48:36.446] [info] [video]   20/48 frames
[2026-10-02 18:48:36.496] [info] [video]   24/48 frames
[2026-10-02 18:48:36.523] [info] [vulkan-lifecycle] frame=25 vram_bytes=333283328 live_surfaces=13 surface_bindings=7 registry_live_handles=107 physical_images=13 deferred_releases=2 vma_allocations=45 surfaces_created=157 surfaces_released=150 queue_packages=1 execution_slots_busy=2 command_batch_active=false
[2026-10-02 18:48:36.547] [info] [video]   28/48 frames
[2026-10-02 18:48:36.597] [info] [video]   32/48 frames
[2026-10-02 18:48:36.645] [info] [video]   36/48 frames
[2026-10-02 18:48:36.695] [info] [video]   40/48 frames
[2026-10-02 18:48:36.733] [info] [video]   44/48 frames
[2026-10-02 18:48:36.781] [info] [video]   48/48 frames
[2026-10-02 18:48:36.795] [info] [video] writer join complete
[2026-10-02 18:48:36.795] [info] [drain-debug] start drain, capacity=6
[2026-10-02 18:48:36.795] [info] [drain-debug] slot_id=4 has completion, waiting
[2026-10-02 18:48:36.795] [info] [drain-debug] slot_id=4 wait complete
[2026-10-02 18:48:36.795] [info] [drain-debug] slot_id=5 has completion, waiting
[2026-10-02 18:48:36.795] [info] [drain-debug] slot_id=5 wait complete
[2026-10-02 18:48:36.795] [info] [drain-debug] reap done, busy_count=0
[2026-10-02 18:48:36.795] [info] [video] trimming framebuffer pool
[2026-10-02 18:48:36.795] [info] [video] Released framebuffer pool — memory trimmed
[2026-10-02 18:48:36.795] [info] [video] frame-loop cleanup complete
[2026-10-02 18:48:36.796] [info] [video] Encoder write blocked duration: 0.00 ms
[2026-10-02 18:48:36.796] [info] [video_diag] conversion_and_copy_duration_ms: 0 ms
[2026-10-02 18:48:36.796] [info] [video_diag] conversion_bytes_written=0 encoder_staging_copy_bytes=0 encoder_slot_reuses=0
[2026-10-02 18:48:36.796] [info] [native_av] close: sending encoder flush
[2026-10-02 18:48:36.796] [info] [native_av] close: encoder flush accepted
[2026-10-02 18:48:36.796] [info] [native_av] close: packets drained=true
[2026-10-02 18:48:36.796] [info] [native_av] close: finalizing mux session
[2026-10-02 18:48:36.797] [info] [native_av] close: mux session finalized
[2026-10-02 18:48:36.797] [info] [native_av] Closed native encoder — 48 frames accepted, encoder_packets=48 mux_packets=48 packet_pts=0..47, YUV cache: 0 hits / 0 misses
[2026-10-02 18:48:36.797] [info] [video_native] convert=114.31ms  send_frame=13.18ms  backpressure=0.00ms  flush=1.00ms  receive_packet=0.55ms  mux_write=0.75ms  trailer=0.32ms
[2026-10-02 18:48:36.798] [info] [video] render_ms=612.94 encode_ms=7.75 writer_encode_ms=130.18 wall_ms=2119.47 nvml_stop_ms=0.21
[2026-10-02 18:48:36.798] [info] [video] FFmpeg queue wait duration: 0.43 ms
[2026-10-02 18:48:36.806] [info] [video] copy_eligible=true sha256=fc0cc1c839372275b5dc057cc53e58e8e0c31c11af1fa5fa9be2d49673ed3582
[2026-10-02 18:48:36.806] [info] [video] Wrote /tmp/velox-phrase-runtime-cert/inputs/counter_scroll_reveal/catalog-motions.mp4
[2026-10-02 18:48:36.806] [info] [startup-profile] total=906.27ms logger=0.12ms cli_bootstrap=9.77ms cli_parse=0.00ms composition=0.34ms plan_read=0.14ms json_parse=1.66ms plan_decode_validate=60.42ms asset_resolve=0.02ms plan_compile=5.47ms other=0.00ms
[2026-10-02 18:48:36.836] [info] [video] Wrote exact per-frame timing sidecar: /tmp/velox-phrase-runtime-cert/inputs/counter_scroll_reveal/catalog-motions.mp4.timing.json
[2026-10-02 18:48:36.864] [info] [INFO] job-lifecycle: slot_pool_close_ms=0.0 surface_release_ms=0.1
[2026-10-02 18:48:36.995] [info] [INFO] job-lifecycle: queue_close_ms=0.0 writer_join_ms=0.0 encoder_reset_ms=25.3 decoder_reset_ms=0.0 full_graph_reset_ms=131.4 sink_ctx_reset_ms=0.0 device_runtime_reset_ms=0.0 device_reservation_reset_ms=0.0
[2026-10-02 18:48:36.995] [info] [INFO] job-lifecycle: sidecar_write_ms=32.1 session_teardown_ms=157.1
[2026-10-02 18:48:37.004] [info] [INFO] job-lifecycle: execute_ms=2325.7 receipt_build_ms=0.0 receipt_write_ms=0.0 caller_tail_ms=0.0
