[2026-10-02 18:48:37.254] [info] [overlay-prepare] validated package=/tmp/velox-phrase-runtime-cert/inputs/crisp_mask_center_open/prepared.json hash=afd8728c7fdbfd09f646e9727f9ff9ade8de0738ba19bb27ab9bf4065ca5b1f3 assets=0 text_runs=1 overlays=2
[2026-10-02 18:48:37.258] [info] [asset-profile] kind=3 path=assets/fonts/Poppins-Bold.ttf bytes=155996 cache=miss invalidated=0 stat=0.01ms hash=3.70ms hashed_bytes=155996 total=3.85ms
[2026-10-02 18:48:37.258] [info] [asset-digest-cache] hits=0 misses=1 invalidations=0 bytes_hashed=155996 lookup_ms=0.01 write_ms=0.02 full_hash_ms=3.70
[2026-10-02 18:48:37.260] [info] [plan-profile] read=0.17ms parse=1.69ms decode=52.76ms resolver=0.02ms compile_validate=5.68ms total=62.89ms
[2026-10-02 18:48:37.260] [info] [asset-profile] kind=3 path=assets/fonts/Poppins-Bold.ttf bytes=155996 cache=hit invalidated=0 stat=0.01ms hash=0.00ms hashed_bytes=0 total=0.10ms
[2026-10-02 18:48:37.260] [info] [asset-digest-cache] hits=1 misses=0 invalidations=0 bytes_hashed=0 lookup_ms=0.01 write_ms=0.00 full_hash_ms=0.00
[2026-10-02 18:48:37.263] [info] [plan-compile-profile] assets=0.29ms fingerprint=1.99ms media_resolution=0.00ms materialize=0.18ms composition_compile=0.00ms compatibility_view=0.10ms total=2.90ms
[2026-10-02 18:48:37.264] [info] [video] Auto-selecting yuv420p pipe pixel format for 1280x720 output
[2026-10-02 18:48:37.264] [info] [video] execution plan resolved (reason: required_gpu_native_full_graph); decode=1 composite=2 encode=1 interop=2 handoff=1 codec=3
[2026-10-02 18:48:37.282] [info] [video-runtime] created persistent runtime for device 0 (CUDA ordinal 0)
[2026-10-02 18:48:37.282] [info] [video] encoder feed capability: host_frame=false direct_yuv=false native_surface=true
[2026-10-02 18:48:37.606] [info] [native_av] CUDA context contract: native=0x562de7c66260 ffmpeg=0x562de7c66260
[2026-10-02 18:48:37.625] [info] [native_av] NVENC tuning applied: rc=constqp preset=p1 async_depth=4 nvenc_surfaces=8 qp=23 bitrate=0
[2026-10-02 18:48:37.661] [info] [native_av] encoder bitstream contract: codec=27 profile=100 level=-99 pix_fmt=119 parameter_sets=49 materialized=true
[2026-10-02 18:48:37.662] [info] [native_av] Opened native encoder: 1280x720 @ 24fps, codec=h264_nvenc, rc=constqp, preset=p1, output='/tmp/velox-phrase-runtime-cert/inputs/crisp_mask_center_open/catalog-motions.partial.mp4'
[2026-10-02 18:48:39.013] [info] [pool-warm] Pre-allocated and pre-imported 6 execution slots (1280x720) for native NVENC
[2026-10-02 18:48:39.115] [info] chronon3d::vulkan text batch formats: dst_image.format=109 atlas_image.format=44 atlas_encoding=2 (shader contract: dst rgba32f, atlas rgba8)
[2026-10-02 18:48:39.116] [info] [temp-lifetime] frame=0 after_level=0 live=[0,1,3,] retired=[]
[2026-10-02 18:48:39.116] [info] [exec-level-diag] frame=0 level=0 nodes=3 input_ms=0.008 dispatch_ms=5.706 fb_release_ms=0.005
[2026-10-02 18:48:39.116] [info] [graph-edge] frame=0 level=1 consumer_id=2 input_index=0 producer_id=0 producer_level=0
[2026-10-02 18:48:39.116] [info] [graph-edge] frame=0 level=1 consumer_id=2 input_index=1 producer_id=1 producer_level=0
[2026-10-02 18:48:39.116] [info] [graph-edge] frame=0 level=1 consumer_id=4 input_index=0 producer_id=3 producer_level=0
[2026-10-02 18:48:39.122] [info] [temp-lifetime] frame=0 after_level=1 live=[2,4,] retired=[0,1,3,]
[2026-10-02 18:48:39.123] [info] [exec-level-diag] frame=0 level=1 nodes=2 input_ms=0.128 dispatch_ms=5.990 fb_release_ms=0.017
[2026-10-02 18:48:39.123] [info] [graph-edge] frame=0 level=2 consumer_id=5 input_index=0 producer_id=2 producer_level=1
[2026-10-02 18:48:39.123] [info] [graph-edge] frame=0 level=2 consumer_id=5 input_index=1 producer_id=4 producer_level=1
[2026-10-02 18:48:39.123] [info] [temp-lifetime] frame=0 after_level=2 live=[5,] retired=[2,4,]
[2026-10-02 18:48:39.123] [info] [exec-level-diag] frame=0 level=2 nodes=1 input_ms=0.131 dispatch_ms=0.195 fb_release_ms=0.009
[2026-10-02 18:48:39.124] [info] [video] Exporting via Arena-backed SIMD pipeline
[2026-10-02 18:48:39.135] [info] [temp-lifetime] frame=1 after_level=0 live=[0,1,3,] retired=[]
[2026-10-02 18:48:39.135] [info] [exec-level-diag] frame=1 level=0 nodes=3 input_ms=0.003 dispatch_ms=1.130 fb_release_ms=0.004
[2026-10-02 18:48:39.135] [info] [graph-edge] frame=1 level=1 consumer_id=2 input_index=0 producer_id=0 producer_level=0
[2026-10-02 18:48:39.135] [info] [graph-edge] frame=1 level=1 consumer_id=2 input_index=1 producer_id=1 producer_level=0
[2026-10-02 18:48:39.135] [info] [graph-edge] frame=1 level=1 consumer_id=4 input_index=0 producer_id=3 producer_level=0
[2026-10-02 18:48:39.136] [info] [temp-lifetime] frame=1 after_level=1 live=[2,4,] retired=[0,1,3,]
[2026-10-02 18:48:39.136] [info] [exec-level-diag] frame=1 level=1 nodes=2 input_ms=0.159 dispatch_ms=0.490 fb_release_ms=0.018
[2026-10-02 18:48:39.136] [info] [graph-edge] frame=1 level=2 consumer_id=5 input_index=0 producer_id=2 producer_level=1
[2026-10-02 18:48:39.136] [info] [graph-edge] frame=1 level=2 consumer_id=5 input_index=1 producer_id=4 producer_level=1
[2026-10-02 18:48:39.136] [info] [temp-lifetime] frame=1 after_level=2 live=[5,] retired=[2,4,]
[2026-10-02 18:48:39.136] [info] [exec-level-diag] frame=1 level=2 nodes=1 input_ms=0.172 dispatch_ms=0.302 fb_release_ms=0.013
[2026-10-02 18:48:39.155] [info] [temp-lifetime] frame=2 after_level=0 live=[0,1,3,] retired=[]
[2026-10-02 18:48:39.155] [info] [exec-level-diag] frame=2 level=0 nodes=3 input_ms=0.003 dispatch_ms=1.404 fb_release_ms=0.004
[2026-10-02 18:48:39.155] [info] [graph-edge] frame=2 level=1 consumer_id=2 input_index=0 producer_id=0 producer_level=0
[2026-10-02 18:48:39.155] [info] [graph-edge] frame=2 level=1 consumer_id=2 input_index=1 producer_id=1 producer_level=0
[2026-10-02 18:48:39.155] [info] [graph-edge] frame=2 level=1 consumer_id=4 input_index=0 producer_id=3 producer_level=0
[2026-10-02 18:48:39.156] [info] [temp-lifetime] frame=2 after_level=1 live=[2,4,] retired=[0,1,3,]
[2026-10-02 18:48:39.156] [info] [exec-level-diag] frame=2 level=1 nodes=2 input_ms=0.126 dispatch_ms=0.562 fb_release_ms=0.019
[2026-10-02 18:48:39.156] [info] [graph-edge] frame=2 level=2 consumer_id=5 input_index=0 producer_id=2 producer_level=1
[2026-10-02 18:48:39.156] [info] [graph-edge] frame=2 level=2 consumer_id=5 input_index=1 producer_id=4 producer_level=1
[2026-10-02 18:48:39.157] [info] [temp-lifetime] frame=2 after_level=2 live=[5,] retired=[2,4,]
[2026-10-02 18:48:39.157] [info] [exec-level-diag] frame=2 level=2 nodes=1 input_ms=0.112 dispatch_ms=0.276 fb_release_ms=0.013
[2026-10-02 18:48:39.157] [info] [video]   4/48 frames
[2026-10-02 18:48:39.203] [info] [video]   8/48 frames
[2026-10-02 18:48:39.251] [info] [video]   12/48 frames
[2026-10-02 18:48:39.296] [info] [video]   16/48 frames
[2026-10-02 18:48:39.344] [info] [video]   20/48 frames
[2026-10-02 18:48:39.386] [info] [video]   24/48 frames
[2026-10-02 18:48:39.409] [info] [vulkan-lifecycle] frame=25 vram_bytes=333283328 live_surfaces=13 surface_bindings=7 registry_live_handles=107 physical_images=13 deferred_releases=2 vma_allocations=45 surfaces_created=157 surfaces_released=150 queue_packages=1 execution_slots_busy=2 command_batch_active=false
[2026-10-02 18:48:39.429] [info] [video]   28/48 frames
[2026-10-02 18:48:39.476] [info] [video]   32/48 frames
[2026-10-02 18:48:39.523] [info] [video]   36/48 frames
[2026-10-02 18:48:39.578] [info] [video]   40/48 frames
[2026-10-02 18:48:39.624] [info] [video]   44/48 frames
[2026-10-02 18:48:39.669] [info] [video]   48/48 frames
[2026-10-02 18:48:39.685] [info] [video] writer join complete
[2026-10-02 18:48:39.685] [info] [drain-debug] start drain, capacity=6
[2026-10-02 18:48:39.685] [info] [drain-debug] slot_id=4 has completion, waiting
[2026-10-02 18:48:39.685] [info] [drain-debug] slot_id=4 wait complete
[2026-10-02 18:48:39.685] [info] [drain-debug] slot_id=5 has completion, waiting
[2026-10-02 18:48:39.685] [info] [drain-debug] slot_id=5 wait complete
[2026-10-02 18:48:39.685] [info] [drain-debug] reap done, busy_count=0
[2026-10-02 18:48:39.685] [info] [video] trimming framebuffer pool
[2026-10-02 18:48:39.686] [info] [video] Released framebuffer pool — memory trimmed
[2026-10-02 18:48:39.686] [info] [video] frame-loop cleanup complete
[2026-10-02 18:48:39.686] [info] [video] Encoder write blocked duration: 0.00 ms
[2026-10-02 18:48:39.686] [info] [video_diag] conversion_and_copy_duration_ms: 0 ms
[2026-10-02 18:48:39.686] [info] [video_diag] conversion_bytes_written=0 encoder_staging_copy_bytes=0 encoder_slot_reuses=0
[2026-10-02 18:48:39.686] [info] [native_av] close: sending encoder flush
[2026-10-02 18:48:39.686] [info] [native_av] close: encoder flush accepted
[2026-10-02 18:48:39.686] [info] [native_av] close: packets drained=true
[2026-10-02 18:48:39.687] [info] [native_av] close: finalizing mux session
[2026-10-02 18:48:39.687] [info] [native_av] close: mux session finalized
[2026-10-02 18:48:39.687] [info] [native_av] Closed native encoder — 48 frames accepted, encoder_packets=48 mux_packets=48 packet_pts=0..47, YUV cache: 0 hits / 0 misses
[2026-10-02 18:48:39.687] [info] [video_native] convert=116.67ms  send_frame=12.73ms  backpressure=0.00ms  flush=1.15ms  receive_packet=0.65ms  mux_write=0.70ms  trailer=0.35ms
[2026-10-02 18:48:39.689] [info] [video] render_ms=639.83 encode_ms=7.76 writer_encode_ms=131.19 wall_ms=2424.42 nvml_stop_ms=0.13
[2026-10-02 18:48:39.689] [info] [video] FFmpeg queue wait duration: 0.42 ms
[2026-10-02 18:48:39.696] [info] [video] copy_eligible=true sha256=c7ad0eec3d097526a2d21513335a2a67fd0fbb14861291545152ab30e4fc2904
[2026-10-02 18:48:39.696] [info] [video] Wrote /tmp/velox-phrase-runtime-cert/inputs/crisp_mask_center_open/catalog-motions.mp4
[2026-10-02 18:48:39.697] [info] [startup-profile] total=1061.35ms logger=0.15ms cli_bootstrap=10.01ms cli_parse=0.00ms composition=0.34ms plan_read=0.17ms json_parse=1.69ms plan_decode_validate=52.76ms asset_resolve=0.02ms plan_compile=5.68ms other=0.00ms
[2026-10-02 18:48:39.726] [info] [video] Wrote exact per-frame timing sidecar: /tmp/velox-phrase-runtime-cert/inputs/crisp_mask_center_open/catalog-motions.mp4.timing.json
[2026-10-02 18:48:39.758] [info] [INFO] job-lifecycle: slot_pool_close_ms=0.0 surface_release_ms=0.1
[2026-10-02 18:48:39.898] [info] [INFO] job-lifecycle: queue_close_ms=0.0 writer_join_ms=0.0 encoder_reset_ms=28.4 decoder_reset_ms=0.0 full_graph_reset_ms=140.6 sink_ctx_reset_ms=0.0 device_runtime_reset_ms=0.0 device_reservation_reset_ms=0.0
[2026-10-02 18:48:39.900] [info] [INFO] job-lifecycle: sidecar_write_ms=32.8 session_teardown_ms=170.8
[2026-10-02 18:48:39.910] [info] [INFO] job-lifecycle: execute_ms=2645.9 receipt_build_ms=0.0 receipt_write_ms=0.0 caller_tail_ms=0.0
