[2026-10-02 18:48:40.151] [info] [overlay-prepare] validated package=/tmp/velox-phrase-runtime-cert/inputs/depth_of_field_rack_focus/prepared.json hash=00968e6eefb6da7a5a051956f31b4c706bb95ac72af4b2b3e175c31fb56ea6aa assets=0 text_runs=1 overlays=2
[2026-10-02 18:48:40.155] [info] [asset-profile] kind=3 path=assets/fonts/Poppins-Bold.ttf bytes=155996 cache=miss invalidated=0 stat=0.01ms hash=3.59ms hashed_bytes=155996 total=3.73ms
[2026-10-02 18:48:40.155] [info] [asset-digest-cache] hits=0 misses=1 invalidations=0 bytes_hashed=155996 lookup_ms=0.01 write_ms=0.01 full_hash_ms=3.59
[2026-10-02 18:48:40.157] [info] [plan-profile] read=0.12ms parse=1.68ms decode=51.87ms resolver=0.02ms compile_validate=5.55ms total=61.68ms
[2026-10-02 18:48:40.157] [info] [asset-profile] kind=3 path=assets/fonts/Poppins-Bold.ttf bytes=155996 cache=hit invalidated=0 stat=0.01ms hash=0.00ms hashed_bytes=0 total=0.10ms
[2026-10-02 18:48:40.157] [info] [asset-digest-cache] hits=1 misses=0 invalidations=0 bytes_hashed=0 lookup_ms=0.01 write_ms=0.00 full_hash_ms=0.00
[2026-10-02 18:48:40.160] [info] [plan-compile-profile] assets=0.29ms fingerprint=1.94ms media_resolution=0.00ms materialize=0.16ms composition_compile=0.00ms compatibility_view=0.10ms total=2.84ms
[2026-10-02 18:48:40.160] [info] [video] Auto-selecting yuv420p pipe pixel format for 1280x720 output
[2026-10-02 18:48:40.161] [info] [video] execution plan resolved (reason: required_gpu_native_full_graph); decode=1 composite=2 encode=1 interop=2 handoff=1 codec=3
[2026-10-02 18:48:40.178] [info] [video-runtime] created persistent runtime for device 0 (CUDA ordinal 0)
[2026-10-02 18:48:40.179] [info] [video] encoder feed capability: host_frame=false direct_yuv=false native_surface=true
[2026-10-02 18:48:40.398] [info] [native_av] CUDA context contract: native=0x56029e435320 ffmpeg=0x56029e435320
[2026-10-02 18:48:40.418] [info] [native_av] NVENC tuning applied: rc=constqp preset=p1 async_depth=4 nvenc_surfaces=8 qp=23 bitrate=0
[2026-10-02 18:48:40.452] [info] [native_av] encoder bitstream contract: codec=27 profile=100 level=-99 pix_fmt=119 parameter_sets=49 materialized=true
[2026-10-02 18:48:40.452] [info] [native_av] Opened native encoder: 1280x720 @ 24fps, codec=h264_nvenc, rc=constqp, preset=p1, output='/tmp/velox-phrase-runtime-cert/inputs/depth_of_field_rack_focus/catalog-motions.partial.mp4'
[2026-10-02 18:48:41.645] [info] [pool-warm] Pre-allocated and pre-imported 6 execution slots (1280x720) for native NVENC
[2026-10-02 18:48:41.727] [info] chronon3d::vulkan text batch formats: dst_image.format=109 atlas_image.format=44 atlas_encoding=2 (shader contract: dst rgba32f, atlas rgba8)
[2026-10-02 18:48:41.728] [info] [temp-lifetime] frame=0 after_level=0 live=[0,1,3,] retired=[]
[2026-10-02 18:48:41.728] [info] [exec-level-diag] frame=0 level=0 nodes=3 input_ms=0.006 dispatch_ms=5.191 fb_release_ms=0.005
[2026-10-02 18:48:41.728] [info] [graph-edge] frame=0 level=1 consumer_id=2 input_index=0 producer_id=0 producer_level=0
[2026-10-02 18:48:41.728] [info] [graph-edge] frame=0 level=1 consumer_id=2 input_index=1 producer_id=1 producer_level=0
[2026-10-02 18:48:41.728] [info] [graph-edge] frame=0 level=1 consumer_id=4 input_index=0 producer_id=3 producer_level=0
[2026-10-02 18:48:41.733] [info] [temp-lifetime] frame=0 after_level=1 live=[2,4,] retired=[0,1,3,]
[2026-10-02 18:48:41.733] [info] [exec-level-diag] frame=0 level=1 nodes=2 input_ms=0.164 dispatch_ms=4.631 fb_release_ms=0.023
[2026-10-02 18:48:41.733] [info] [graph-edge] frame=0 level=2 consumer_id=5 input_index=0 producer_id=2 producer_level=1
[2026-10-02 18:48:41.733] [info] [graph-edge] frame=0 level=2 consumer_id=5 input_index=1 producer_id=4 producer_level=1
[2026-10-02 18:48:41.733] [info] [temp-lifetime] frame=0 after_level=2 live=[5,] retired=[2,4,]
[2026-10-02 18:48:41.733] [info] [exec-level-diag] frame=0 level=2 nodes=1 input_ms=0.097 dispatch_ms=0.190 fb_release_ms=0.009
[2026-10-02 18:48:41.734] [info] [video] Exporting via Arena-backed SIMD pipeline
[2026-10-02 18:48:41.749] [info] [temp-lifetime] frame=1 after_level=0 live=[0,1,3,] retired=[]
[2026-10-02 18:48:41.750] [info] [exec-level-diag] frame=1 level=0 nodes=3 input_ms=0.003 dispatch_ms=2.256 fb_release_ms=0.003
[2026-10-02 18:48:41.750] [info] [graph-edge] frame=1 level=1 consumer_id=2 input_index=0 producer_id=0 producer_level=0
[2026-10-02 18:48:41.750] [info] [graph-edge] frame=1 level=1 consumer_id=2 input_index=1 producer_id=1 producer_level=0
[2026-10-02 18:48:41.750] [info] [graph-edge] frame=1 level=1 consumer_id=4 input_index=0 producer_id=3 producer_level=0
[2026-10-02 18:48:41.751] [info] [temp-lifetime] frame=1 after_level=1 live=[2,4,] retired=[0,1,3,]
[2026-10-02 18:48:41.751] [info] [exec-level-diag] frame=1 level=1 nodes=2 input_ms=0.101 dispatch_ms=1.488 fb_release_ms=0.013
[2026-10-02 18:48:41.751] [info] [graph-edge] frame=1 level=2 consumer_id=5 input_index=0 producer_id=2 producer_level=1
[2026-10-02 18:48:41.751] [info] [graph-edge] frame=1 level=2 consumer_id=5 input_index=1 producer_id=4 producer_level=1
[2026-10-02 18:48:41.752] [info] [temp-lifetime] frame=1 after_level=2 live=[5,] retired=[2,4,]
[2026-10-02 18:48:41.752] [info] [exec-level-diag] frame=1 level=2 nodes=1 input_ms=0.070 dispatch_ms=0.178 fb_release_ms=0.009
[2026-10-02 18:48:41.767] [info] [temp-lifetime] frame=2 after_level=0 live=[0,1,3,] retired=[]
[2026-10-02 18:48:41.768] [info] [exec-level-diag] frame=2 level=0 nodes=3 input_ms=0.005 dispatch_ms=1.375 fb_release_ms=0.005
[2026-10-02 18:48:41.768] [info] [graph-edge] frame=2 level=1 consumer_id=2 input_index=0 producer_id=0 producer_level=0
[2026-10-02 18:48:41.768] [info] [graph-edge] frame=2 level=1 consumer_id=2 input_index=1 producer_id=1 producer_level=0
[2026-10-02 18:48:41.768] [info] [graph-edge] frame=2 level=1 consumer_id=4 input_index=0 producer_id=3 producer_level=0
[2026-10-02 18:48:41.768] [info] [temp-lifetime] frame=2 after_level=1 live=[2,4,] retired=[0,1,3,]
[2026-10-02 18:48:41.768] [info] [exec-level-diag] frame=2 level=1 nodes=2 input_ms=0.130 dispatch_ms=0.496 fb_release_ms=0.021
[2026-10-02 18:48:41.768] [info] [graph-edge] frame=2 level=2 consumer_id=5 input_index=0 producer_id=2 producer_level=1
[2026-10-02 18:48:41.768] [info] [graph-edge] frame=2 level=2 consumer_id=5 input_index=1 producer_id=4 producer_level=1
[2026-10-02 18:48:41.769] [info] [temp-lifetime] frame=2 after_level=2 live=[5,] retired=[2,4,]
[2026-10-02 18:48:41.769] [info] [exec-level-diag] frame=2 level=2 nodes=1 input_ms=0.129 dispatch_ms=0.279 fb_release_ms=0.013
[2026-10-02 18:48:41.769] [info] [video]   4/48 frames
[2026-10-02 18:48:41.819] [info] [video]   8/48 frames
[2026-10-02 18:48:41.863] [info] [video]   12/48 frames
[2026-10-02 18:48:41.909] [info] [video]   16/48 frames
[2026-10-02 18:48:41.955] [info] [video]   20/48 frames
[2026-10-02 18:48:42.002] [info] [video]   24/48 frames
[2026-10-02 18:48:42.030] [info] [vulkan-lifecycle] frame=25 vram_bytes=333283328 live_surfaces=13 surface_bindings=7 registry_live_handles=107 physical_images=13 deferred_releases=2 vma_allocations=50 surfaces_created=157 surfaces_released=150 queue_packages=1 execution_slots_busy=2 command_batch_active=false
[2026-10-02 18:48:42.055] [info] [video]   28/48 frames
[2026-10-02 18:48:42.098] [info] [video]   32/48 frames
[2026-10-02 18:48:42.142] [info] [video]   36/48 frames
[2026-10-02 18:48:42.182] [info] [video]   40/48 frames
[2026-10-02 18:48:42.224] [info] [video]   44/48 frames
[2026-10-02 18:48:42.280] [info] [video]   48/48 frames
[2026-10-02 18:48:42.301] [info] [video] writer join complete
[2026-10-02 18:48:42.301] [info] [drain-debug] start drain, capacity=6
[2026-10-02 18:48:42.301] [info] [drain-debug] slot_id=4 has completion, waiting
[2026-10-02 18:48:42.301] [info] [drain-debug] slot_id=4 wait complete
[2026-10-02 18:48:42.301] [info] [drain-debug] slot_id=5 has completion, waiting
[2026-10-02 18:48:42.301] [info] [drain-debug] slot_id=5 wait complete
[2026-10-02 18:48:42.301] [info] [drain-debug] reap done, busy_count=0
[2026-10-02 18:48:42.301] [info] [video] trimming framebuffer pool
[2026-10-02 18:48:42.302] [info] [video] Released framebuffer pool — memory trimmed
[2026-10-02 18:48:42.302] [info] [video] frame-loop cleanup complete
[2026-10-02 18:48:42.302] [info] [video] Encoder write blocked duration: 0.00 ms
[2026-10-02 18:48:42.302] [info] [video_diag] conversion_and_copy_duration_ms: 0 ms
[2026-10-02 18:48:42.302] [info] [video_diag] conversion_bytes_written=0 encoder_staging_copy_bytes=0 encoder_slot_reuses=0
[2026-10-02 18:48:42.302] [info] [native_av] close: sending encoder flush
[2026-10-02 18:48:42.302] [info] [native_av] close: encoder flush accepted
[2026-10-02 18:48:42.302] [info] [native_av] close: packets drained=true
[2026-10-02 18:48:42.302] [info] [native_av] close: finalizing mux session
[2026-10-02 18:48:42.303] [info] [native_av] close: mux session finalized
[2026-10-02 18:48:42.303] [info] [native_av] Closed native encoder — 48 frames accepted, encoder_packets=48 mux_packets=48 packet_pts=0..47, YUV cache: 0 hits / 0 misses
[2026-10-02 18:48:42.303] [info] [video_native] convert=116.34ms  send_frame=13.58ms  backpressure=0.00ms  flush=0.86ms  receive_packet=0.26ms  mux_write=0.83ms  trailer=0.39ms
[2026-10-02 18:48:42.308] [info] [video] render_ms=628.42 encode_ms=11.17 writer_encode_ms=136.02 wall_ms=2147.44 nvml_stop_ms=3.65
[2026-10-02 18:48:42.308] [info] [video] FFmpeg queue wait duration: 0.45 ms
[2026-10-02 18:48:42.316] [info] [video] copy_eligible=true sha256=acf85a4d41a3c30ee9f4de6e7c0ef256f07ec5f33cdfe2f3783d0714a9f285a0
[2026-10-02 18:48:42.316] [info] [video] Wrote /tmp/velox-phrase-runtime-cert/inputs/depth_of_field_rack_focus/catalog-motions.mp4
[2026-10-02 18:48:42.317] [info] [startup-profile] total=913.01ms logger=0.11ms cli_bootstrap=10.07ms cli_parse=0.00ms composition=0.35ms plan_read=0.12ms json_parse=1.68ms plan_decode_validate=51.87ms asset_resolve=0.02ms plan_compile=5.55ms other=0.00ms
[2026-10-02 18:48:42.348] [info] [video] Wrote exact per-frame timing sidecar: /tmp/velox-phrase-runtime-cert/inputs/depth_of_field_rack_focus/catalog-motions.mp4.timing.json
[2026-10-02 18:48:42.378] [info] [INFO] job-lifecycle: slot_pool_close_ms=0.0 surface_release_ms=0.1
[2026-10-02 18:48:42.529] [info] [INFO] job-lifecycle: queue_close_ms=0.0 writer_join_ms=0.0 encoder_reset_ms=27.1 decoder_reset_ms=0.0 full_graph_reset_ms=151.9 sink_ctx_reset_ms=0.0 device_runtime_reset_ms=0.0 device_reservation_reset_ms=0.0
[2026-10-02 18:48:42.530] [info] [INFO] job-lifecycle: sidecar_write_ms=33.5 session_teardown_ms=179.5
[2026-10-02 18:48:42.545] [info] [INFO] job-lifecycle: execute_ms=2384.5 receipt_build_ms=0.0 receipt_write_ms=0.0 caller_tail_ms=0.0
