[2026-10-02 18:51:07.149] [info] [overlay-prepare] validated package=/tmp/velox-phrase-runtime-cert/inputs/depth_parallax_reveal/prepared.json hash=7b96f3ebcfd7093d71762d1cb2207ed5c8a6267f55155d7eef3feb748c611b90 assets=0 text_runs=1 overlays=2
[2026-10-02 18:51:07.155] [info] [asset-profile] kind=3 path=assets/fonts/Poppins-Bold.ttf bytes=155996 cache=miss invalidated=0 stat=0.01ms hash=4.70ms hashed_bytes=155996 total=4.97ms
[2026-10-02 18:51:07.155] [info] [asset-digest-cache] hits=0 misses=1 invalidations=0 bytes_hashed=155996 lookup_ms=0.01 write_ms=0.06 full_hash_ms=4.70
[2026-10-02 18:51:07.158] [info] [plan-profile] read=0.28ms parse=4.41ms decode=77.11ms resolver=0.06ms compile_validate=8.32ms total=94.49ms
[2026-10-02 18:51:07.158] [info] [asset-profile] kind=3 path=assets/fonts/Poppins-Bold.ttf bytes=155996 cache=hit invalidated=0 stat=0.01ms hash=0.00ms hashed_bytes=0 total=0.14ms
[2026-10-02 18:51:07.158] [info] [asset-digest-cache] hits=1 misses=0 invalidations=0 bytes_hashed=0 lookup_ms=0.01 write_ms=0.00 full_hash_ms=0.00
[2026-10-02 18:51:07.162] [info] [plan-compile-profile] assets=0.39ms fingerprint=2.64ms media_resolution=0.00ms materialize=0.23ms composition_compile=0.00ms compatibility_view=0.13ms total=3.81ms
[2026-10-02 18:51:07.163] [info] [video] Auto-selecting yuv420p pipe pixel format for 1280x720 output
[2026-10-02 18:51:07.163] [info] [video] execution plan resolved (reason: required_gpu_native_full_graph); decode=1 composite=2 encode=1 interop=2 handoff=1 codec=3
[2026-10-02 18:51:07.185] [info] [video-runtime] created persistent runtime for device 0 (CUDA ordinal 0)
[2026-10-02 18:51:07.186] [info] [video] encoder feed capability: host_frame=false direct_yuv=false native_surface=true
[2026-10-02 18:51:07.428] [info] [native_av] CUDA context contract: native=0x55f23fdc8eb0 ffmpeg=0x55f23fdc8eb0
[2026-10-02 18:51:07.452] [info] [native_av] NVENC tuning applied: rc=constqp preset=p1 async_depth=4 nvenc_surfaces=8 qp=23 bitrate=0
[2026-10-02 18:51:07.493] [info] [native_av] encoder bitstream contract: codec=27 profile=100 level=-99 pix_fmt=119 parameter_sets=49 materialized=true
[2026-10-02 18:51:07.494] [info] [native_av] Opened native encoder: 1280x720 @ 24fps, codec=h264_nvenc, rc=constqp, preset=p1, output='/tmp/velox-phrase-runtime-cert/inputs/depth_parallax_reveal/catalog-motions.partial.mp4'
[2026-10-02 18:51:08.895] [info] [pool-warm] Pre-allocated and pre-imported 6 execution slots (1280x720) for native NVENC
[2026-10-02 18:51:08.981] [info] chronon3d::vulkan text batch formats: dst_image.format=109 atlas_image.format=44 atlas_encoding=2 (shader contract: dst rgba32f, atlas rgba8)
[2026-10-02 18:51:08.983] [info] [temp-lifetime] frame=0 after_level=0 live=[0,1,3,] retired=[]
[2026-10-02 18:51:08.983] [info] [exec-level-diag] frame=0 level=0 nodes=3 input_ms=0.006 dispatch_ms=5.941 fb_release_ms=0.005
[2026-10-02 18:51:08.983] [info] [graph-edge] frame=0 level=1 consumer_id=2 input_index=0 producer_id=0 producer_level=0
[2026-10-02 18:51:08.983] [info] [graph-edge] frame=0 level=1 consumer_id=2 input_index=1 producer_id=1 producer_level=0
[2026-10-02 18:51:08.983] [info] [graph-edge] frame=0 level=1 consumer_id=4 input_index=0 producer_id=3 producer_level=0
[2026-10-02 18:51:08.985] [info] [temp-lifetime] frame=0 after_level=1 live=[2,4,] retired=[0,1,3,]
[2026-10-02 18:51:08.985] [info] [exec-level-diag] frame=0 level=1 nodes=2 input_ms=0.124 dispatch_ms=1.966 fb_release_ms=0.014
[2026-10-02 18:51:08.985] [info] [graph-edge] frame=0 level=2 consumer_id=5 input_index=0 producer_id=4 producer_level=1
[2026-10-02 18:51:08.986] [info] [temp-lifetime] frame=0 after_level=2 live=[2,5,] retired=[4,]
[2026-10-02 18:51:08.986] [info] [exec-level-diag] frame=0 level=2 nodes=1 input_ms=0.077 dispatch_ms=0.057 fb_release_ms=0.006
[2026-10-02 18:51:08.986] [info] [graph-edge] frame=0 level=3 consumer_id=6 input_index=0 producer_id=5 producer_level=2
[2026-10-02 18:51:08.990] [info] [temp-lifetime] frame=0 after_level=3 live=[2,6,] retired=[5,]
[2026-10-02 18:51:08.990] [info] [exec-level-diag] frame=0 level=3 nodes=1 input_ms=0.054 dispatch_ms=3.827 fb_release_ms=0.008
[2026-10-02 18:51:08.990] [info] [graph-edge] frame=0 level=4 consumer_id=7 input_index=0 producer_id=2 producer_level=1
[2026-10-02 18:51:08.990] [info] [graph-edge] frame=0 level=4 consumer_id=7 input_index=1 producer_id=6 producer_level=3
[2026-10-02 18:51:08.990] [info] [temp-lifetime] frame=0 after_level=4 live=[7,] retired=[2,6,]
[2026-10-02 18:51:08.990] [info] [exec-level-diag] frame=0 level=4 nodes=1 input_ms=0.071 dispatch_ms=0.176 fb_release_ms=0.008
[2026-10-02 18:51:08.991] [info] [video] Exporting via Arena-backed SIMD pipeline
[2026-10-02 18:51:09.007] [info] [temp-lifetime] frame=1 after_level=0 live=[0,1,3,] retired=[]
[2026-10-02 18:51:09.007] [info] [exec-level-diag] frame=1 level=0 nodes=3 input_ms=0.005 dispatch_ms=2.417 fb_release_ms=0.004
[2026-10-02 18:51:09.007] [info] [graph-edge] frame=1 level=1 consumer_id=2 input_index=0 producer_id=0 producer_level=0
[2026-10-02 18:51:09.008] [info] [graph-edge] frame=1 level=1 consumer_id=2 input_index=1 producer_id=1 producer_level=0
[2026-10-02 18:51:09.008] [info] [graph-edge] frame=1 level=1 consumer_id=4 input_index=0 producer_id=3 producer_level=0
[2026-10-02 18:51:09.009] [info] [temp-lifetime] frame=1 after_level=1 live=[2,4,] retired=[0,1,3,]
[2026-10-02 18:51:09.009] [info] [exec-level-diag] frame=1 level=1 nodes=2 input_ms=0.105 dispatch_ms=1.419 fb_release_ms=0.014
[2026-10-02 18:51:09.009] [info] [graph-edge] frame=1 level=2 consumer_id=5 input_index=0 producer_id=4 producer_level=1
[2026-10-02 18:51:09.009] [info] [temp-lifetime] frame=1 after_level=2 live=[2,5,] retired=[4,]
[2026-10-02 18:51:09.009] [info] [exec-level-diag] frame=1 level=2 nodes=1 input_ms=0.056 dispatch_ms=0.060 fb_release_ms=0.006
[2026-10-02 18:51:09.009] [info] [graph-edge] frame=1 level=3 consumer_id=6 input_index=0 producer_id=5 producer_level=2
[2026-10-02 18:51:09.010] [info] [temp-lifetime] frame=1 after_level=3 live=[2,6,] retired=[5,]
[2026-10-02 18:51:09.010] [info] [exec-level-diag] frame=1 level=3 nodes=1 input_ms=0.053 dispatch_ms=0.928 fb_release_ms=0.007
[2026-10-02 18:51:09.011] [info] [graph-edge] frame=1 level=4 consumer_id=7 input_index=0 producer_id=2 producer_level=1
[2026-10-02 18:51:09.011] [info] [graph-edge] frame=1 level=4 consumer_id=7 input_index=1 producer_id=6 producer_level=3
[2026-10-02 18:51:09.011] [info] [temp-lifetime] frame=1 after_level=4 live=[7,] retired=[2,6,]
[2026-10-02 18:51:09.011] [info] [exec-level-diag] frame=1 level=4 nodes=1 input_ms=0.071 dispatch_ms=0.173 fb_release_ms=0.008
[2026-10-02 18:51:09.028] [info] [temp-lifetime] frame=2 after_level=0 live=[0,1,3,] retired=[]
[2026-10-02 18:51:09.028] [info] [exec-level-diag] frame=2 level=0 nodes=3 input_ms=0.005 dispatch_ms=1.447 fb_release_ms=0.007
[2026-10-02 18:51:09.028] [info] [graph-edge] frame=2 level=1 consumer_id=2 input_index=0 producer_id=0 producer_level=0
[2026-10-02 18:51:09.028] [info] [graph-edge] frame=2 level=1 consumer_id=2 input_index=1 producer_id=1 producer_level=0
[2026-10-02 18:51:09.028] [info] [graph-edge] frame=2 level=1 consumer_id=4 input_index=0 producer_id=3 producer_level=0
[2026-10-02 18:51:09.029] [info] [temp-lifetime] frame=2 after_level=1 live=[2,4,] retired=[0,1,3,]
[2026-10-02 18:51:09.029] [info] [exec-level-diag] frame=2 level=1 nodes=2 input_ms=0.073 dispatch_ms=1.164 fb_release_ms=0.021
[2026-10-02 18:51:09.029] [info] [graph-edge] frame=2 level=2 consumer_id=5 input_index=0 producer_id=4 producer_level=1
[2026-10-02 18:51:09.029] [info] [temp-lifetime] frame=2 after_level=2 live=[2,5,] retired=[4,]
[2026-10-02 18:51:09.029] [info] [exec-level-diag] frame=2 level=2 nodes=1 input_ms=0.031 dispatch_ms=0.078 fb_release_ms=0.009
[2026-10-02 18:51:09.029] [info] [graph-edge] frame=2 level=3 consumer_id=6 input_index=0 producer_id=5 producer_level=2
[2026-10-02 18:51:09.030] [info] [temp-lifetime] frame=2 after_level=3 live=[2,6,] retired=[5,]
[2026-10-02 18:51:09.030] [info] [exec-level-diag] frame=2 level=3 nodes=1 input_ms=0.031 dispatch_ms=0.369 fb_release_ms=0.007
[2026-10-02 18:51:09.030] [info] [graph-edge] frame=2 level=4 consumer_id=7 input_index=0 producer_id=2 producer_level=1
[2026-10-02 18:51:09.030] [info] [graph-edge] frame=2 level=4 consumer_id=7 input_index=1 producer_id=6 producer_level=3
[2026-10-02 18:51:09.030] [info] [temp-lifetime] frame=2 after_level=4 live=[7,] retired=[2,6,]
[2026-10-02 18:51:09.030] [info] [exec-level-diag] frame=2 level=4 nodes=1 input_ms=0.020 dispatch_ms=0.176 fb_release_ms=0.008
[2026-10-02 18:51:09.031] [info] [video]   4/48 frames
[2026-10-02 18:51:09.087] [info] [video]   8/48 frames
[2026-10-02 18:51:09.137] [info] [video]   12/48 frames
[2026-10-02 18:51:09.185] [info] [video]   16/48 frames
[2026-10-02 18:51:09.232] [info] [video]   20/48 frames
[2026-10-02 18:51:09.281] [info] [video]   24/48 frames
[2026-10-02 18:51:09.304] [info] [vulkan-lifecycle] frame=25 vram_bytes=333283328 live_surfaces=15 surface_bindings=7 registry_live_handles=132 physical_images=15 deferred_releases=3 vma_allocations=52 surfaces_created=207 surfaces_released=200 queue_packages=1 execution_slots_busy=2 command_batch_active=false
[2026-10-02 18:51:09.329] [info] [video]   28/48 frames
[2026-10-02 18:51:09.381] [info] [video]   32/48 frames
[2026-10-02 18:51:09.428] [info] [video]   36/48 frames
[2026-10-02 18:51:09.482] [info] [video]   40/48 frames
[2026-10-02 18:51:09.534] [info] [video]   44/48 frames
[2026-10-02 18:51:09.590] [info] [video]   48/48 frames
[2026-10-02 18:51:09.608] [info] [video] writer join complete
[2026-10-02 18:51:09.608] [info] [drain-debug] start drain, capacity=6
[2026-10-02 18:51:09.608] [info] [drain-debug] slot_id=4 has completion, waiting
[2026-10-02 18:51:09.608] [info] [drain-debug] slot_id=4 wait complete
[2026-10-02 18:51:09.608] [info] [drain-debug] slot_id=5 has completion, waiting
[2026-10-02 18:51:09.608] [info] [drain-debug] slot_id=5 wait complete
[2026-10-02 18:51:09.608] [info] [drain-debug] reap done, busy_count=0
[2026-10-02 18:51:09.608] [info] [video] trimming framebuffer pool
[2026-10-02 18:51:09.608] [info] [video] Released framebuffer pool — memory trimmed
[2026-10-02 18:51:09.608] [info] [video] frame-loop cleanup complete
[2026-10-02 18:51:09.608] [info] [video] Encoder write blocked duration: 0.00 ms
[2026-10-02 18:51:09.608] [info] [video_diag] conversion_and_copy_duration_ms: 0 ms
[2026-10-02 18:51:09.608] [info] [video_diag] conversion_bytes_written=0 encoder_staging_copy_bytes=0 encoder_slot_reuses=0
[2026-10-02 18:51:09.608] [info] [native_av] close: sending encoder flush
[2026-10-02 18:51:09.608] [info] [native_av] close: encoder flush accepted
[2026-10-02 18:51:09.609] [info] [native_av] close: packets drained=true
[2026-10-02 18:51:09.609] [info] [native_av] close: finalizing mux session
[2026-10-02 18:51:09.610] [info] [native_av] close: mux session finalized
[2026-10-02 18:51:09.610] [info] [native_av] Closed native encoder — 48 frames accepted, encoder_packets=48 mux_packets=48 packet_pts=0..47, YUV cache: 0 hits / 0 misses
[2026-10-02 18:51:09.610] [info] [video_native] convert=106.93ms  send_frame=16.12ms  backpressure=0.00ms  flush=1.11ms  receive_packet=0.84ms  mux_write=0.82ms  trailer=0.22ms
[2026-10-02 18:51:09.612] [info] [video] render_ms=684.82 encode_ms=8.08 writer_encode_ms=128.00 wall_ms=2449.04 nvml_stop_ms=0.12
[2026-10-02 18:51:09.612] [info] [video] FFmpeg queue wait duration: 0.64 ms
[2026-10-02 18:51:09.619] [info] [video] copy_eligible=true sha256=a7a750a0866ba8a877bcadd33ba1cf52c539dc8366e4edd2876835a9808e39a5
[2026-10-02 18:51:09.619] [info] [video] Wrote /tmp/velox-phrase-runtime-cert/inputs/depth_parallax_reveal/catalog-motions.mp4
[2026-10-02 18:51:09.619] [info] [startup-profile] total=1149.57ms logger=0.20ms cli_bootstrap=16.05ms cli_parse=0.00ms composition=0.36ms plan_read=0.28ms json_parse=4.41ms plan_decode_validate=77.11ms asset_resolve=0.06ms plan_compile=8.32ms other=0.00ms
[2026-10-02 18:51:09.650] [info] [video] Wrote exact per-frame timing sidecar: /tmp/velox-phrase-runtime-cert/inputs/depth_parallax_reveal/catalog-motions.mp4.timing.json
[2026-10-02 18:51:09.678] [info] [INFO] job-lifecycle: slot_pool_close_ms=0.0 surface_release_ms=0.1
[2026-10-02 18:51:09.812] [info] [INFO] job-lifecycle: queue_close_ms=0.0 writer_join_ms=0.0 encoder_reset_ms=25.7 decoder_reset_ms=0.0 full_graph_reset_ms=133.8 sink_ctx_reset_ms=0.0 device_runtime_reset_ms=0.0 device_reservation_reset_ms=0.0
[2026-10-02 18:51:09.812] [info] [INFO] job-lifecycle: sidecar_write_ms=33.1 session_teardown_ms=159.9
[2026-10-02 18:51:09.821] [info] [INFO] job-lifecycle: execute_ms=2658.4 receipt_build_ms=0.0 receipt_write_ms=0.0 caller_tail_ms=0.0
