[2026-10-02 18:48:42.868] [info] [overlay-prepare] validated package=/tmp/velox-phrase-runtime-cert/inputs/duotone_block_rise/prepared.json hash=b85a53e5e0bd9703cfa0841037097cd160241af26c0e6451d6c0345f2752c3e9 assets=0 text_runs=1 overlays=2
[2026-10-02 18:48:42.873] [info] [asset-profile] kind=3 path=assets/fonts/Poppins-Bold.ttf bytes=155996 cache=miss invalidated=0 stat=0.01ms hash=4.52ms hashed_bytes=155996 total=4.74ms
[2026-10-02 18:48:42.873] [info] [asset-digest-cache] hits=0 misses=1 invalidations=0 bytes_hashed=155996 lookup_ms=0.01 write_ms=0.05 full_hash_ms=4.52
[2026-10-02 18:48:42.876] [info] [plan-profile] read=0.40ms parse=1.94ms decode=56.30ms resolver=0.03ms compile_validate=7.48ms total=69.26ms
[2026-10-02 18:48:42.876] [info] [asset-profile] kind=3 path=assets/fonts/Poppins-Bold.ttf bytes=155996 cache=hit invalidated=0 stat=0.01ms hash=0.00ms hashed_bytes=0 total=0.17ms
[2026-10-02 18:48:42.876] [info] [asset-digest-cache] hits=1 misses=0 invalidations=0 bytes_hashed=0 lookup_ms=0.01 write_ms=0.00 full_hash_ms=0.00
[2026-10-02 18:48:42.880] [info] [plan-compile-profile] assets=0.39ms fingerprint=2.21ms media_resolution=0.01ms materialize=0.40ms composition_compile=0.00ms compatibility_view=0.22ms total=3.95ms
[2026-10-02 18:48:42.881] [info] [video] Auto-selecting yuv420p pipe pixel format for 1280x720 output
[2026-10-02 18:48:42.882] [info] [video] execution plan resolved (reason: required_gpu_native_full_graph); decode=1 composite=2 encode=1 interop=2 handoff=1 codec=3
[2026-10-02 18:48:42.906] [info] [video-runtime] created persistent runtime for device 0 (CUDA ordinal 0)
[2026-10-02 18:48:42.907] [info] [video] encoder feed capability: host_frame=false direct_yuv=false native_surface=true
[2026-10-02 18:48:43.347] [info] [native_av] CUDA context contract: native=0x5604ad841ea0 ffmpeg=0x5604ad841ea0
[2026-10-02 18:48:43.372] [info] [native_av] NVENC tuning applied: rc=constqp preset=p1 async_depth=4 nvenc_surfaces=8 qp=23 bitrate=0
[2026-10-02 18:48:43.434] [info] [native_av] encoder bitstream contract: codec=27 profile=100 level=-99 pix_fmt=119 parameter_sets=49 materialized=true
[2026-10-02 18:48:43.435] [info] [native_av] Opened native encoder: 1280x720 @ 24fps, codec=h264_nvenc, rc=constqp, preset=p1, output='/tmp/velox-phrase-runtime-cert/inputs/duotone_block_rise/catalog-motions.partial.mp4'
[2026-10-02 18:48:45.099] [info] [pool-warm] Pre-allocated and pre-imported 6 execution slots (1280x720) for native NVENC
[2026-10-02 18:48:45.232] [info] chronon3d::vulkan text batch formats: dst_image.format=109 atlas_image.format=44 atlas_encoding=2 (shader contract: dst rgba32f, atlas rgba8)
[2026-10-02 18:48:45.233] [info] [temp-lifetime] frame=0 after_level=0 live=[0,1,3,] retired=[]
[2026-10-02 18:48:45.233] [info] [exec-level-diag] frame=0 level=0 nodes=3 input_ms=0.008 dispatch_ms=7.805 fb_release_ms=0.017
[2026-10-02 18:48:45.234] [info] [graph-edge] frame=0 level=1 consumer_id=2 input_index=0 producer_id=0 producer_level=0
[2026-10-02 18:48:45.234] [info] [graph-edge] frame=0 level=1 consumer_id=2 input_index=1 producer_id=1 producer_level=0
[2026-10-02 18:48:45.234] [info] [graph-edge] frame=0 level=1 consumer_id=4 input_index=0 producer_id=3 producer_level=0
[2026-10-02 18:48:45.241] [info] [temp-lifetime] frame=0 after_level=1 live=[2,4,] retired=[0,1,3,]
[2026-10-02 18:48:45.241] [info] [exec-level-diag] frame=0 level=1 nodes=2 input_ms=0.266 dispatch_ms=6.995 fb_release_ms=0.032
[2026-10-02 18:48:45.241] [info] [graph-edge] frame=0 level=2 consumer_id=5 input_index=0 producer_id=2 producer_level=1
[2026-10-02 18:48:45.241] [info] [graph-edge] frame=0 level=2 consumer_id=5 input_index=1 producer_id=4 producer_level=1
[2026-10-02 18:48:45.242] [info] [temp-lifetime] frame=0 after_level=2 live=[5,] retired=[2,4,]
[2026-10-02 18:48:45.242] [info] [exec-level-diag] frame=0 level=2 nodes=1 input_ms=0.190 dispatch_ms=0.262 fb_release_ms=0.013
[2026-10-02 18:48:45.242] [info] [video] Exporting via Arena-backed SIMD pipeline
[2026-10-02 18:48:45.258] [info] [temp-lifetime] frame=1 after_level=0 live=[0,1,3,] retired=[]
[2026-10-02 18:48:45.258] [info] [exec-level-diag] frame=1 level=0 nodes=3 input_ms=0.016 dispatch_ms=2.017 fb_release_ms=0.011
[2026-10-02 18:48:45.258] [info] [graph-edge] frame=1 level=1 consumer_id=2 input_index=0 producer_id=0 producer_level=0
[2026-10-02 18:48:45.258] [info] [graph-edge] frame=1 level=1 consumer_id=2 input_index=1 producer_id=1 producer_level=0
[2026-10-02 18:48:45.258] [info] [graph-edge] frame=1 level=1 consumer_id=4 input_index=0 producer_id=3 producer_level=0
[2026-10-02 18:48:45.260] [info] [temp-lifetime] frame=1 after_level=1 live=[2,4,] retired=[0,1,3,]
[2026-10-02 18:48:45.260] [info] [exec-level-diag] frame=1 level=1 nodes=2 input_ms=0.059 dispatch_ms=1.429 fb_release_ms=0.038
[2026-10-02 18:48:45.260] [info] [graph-edge] frame=1 level=2 consumer_id=5 input_index=0 producer_id=2 producer_level=1
[2026-10-02 18:48:45.260] [info] [graph-edge] frame=1 level=2 consumer_id=5 input_index=1 producer_id=4 producer_level=1
[2026-10-02 18:48:45.260] [info] [temp-lifetime] frame=1 after_level=2 live=[5,] retired=[2,4,]
[2026-10-02 18:48:45.260] [info] [exec-level-diag] frame=1 level=2 nodes=1 input_ms=0.054 dispatch_ms=0.374 fb_release_ms=0.015
[2026-10-02 18:48:45.288] [info] [temp-lifetime] frame=2 after_level=0 live=[0,1,3,] retired=[]
[2026-10-02 18:48:45.288] [info] [exec-level-diag] frame=2 level=0 nodes=3 input_ms=0.009 dispatch_ms=1.945 fb_release_ms=0.006
[2026-10-02 18:48:45.288] [info] [graph-edge] frame=2 level=1 consumer_id=2 input_index=0 producer_id=0 producer_level=0
[2026-10-02 18:48:45.288] [info] [graph-edge] frame=2 level=1 consumer_id=2 input_index=1 producer_id=1 producer_level=0
[2026-10-02 18:48:45.288] [info] [graph-edge] frame=2 level=1 consumer_id=4 input_index=0 producer_id=3 producer_level=0
[2026-10-02 18:48:45.289] [info] [temp-lifetime] frame=2 after_level=1 live=[2,4,] retired=[0,1,3,]
[2026-10-02 18:48:45.289] [info] [exec-level-diag] frame=2 level=1 nodes=2 input_ms=0.046 dispatch_ms=0.435 fb_release_ms=0.021
[2026-10-02 18:48:45.289] [info] [graph-edge] frame=2 level=2 consumer_id=5 input_index=0 producer_id=2 producer_level=1
[2026-10-02 18:48:45.289] [info] [graph-edge] frame=2 level=2 consumer_id=5 input_index=1 producer_id=4 producer_level=1
[2026-10-02 18:48:45.289] [info] [temp-lifetime] frame=2 after_level=2 live=[5,] retired=[2,4,]
[2026-10-02 18:48:45.289] [info] [exec-level-diag] frame=2 level=2 nodes=1 input_ms=0.020 dispatch_ms=0.194 fb_release_ms=0.008
[2026-10-02 18:48:45.290] [info] [video]   4/48 frames
[2026-10-02 18:48:45.383] [info] [video]   8/48 frames
[2026-10-02 18:48:45.450] [info] [video]   12/48 frames
[2026-10-02 18:48:45.511] [info] [video]   16/48 frames
[2026-10-02 18:48:45.574] [info] [video]   20/48 frames
[2026-10-02 18:48:45.660] [info] [video]   24/48 frames
[2026-10-02 18:48:45.698] [info] [vulkan-lifecycle] frame=25 vram_bytes=333283328 live_surfaces=13 surface_bindings=7 registry_live_handles=107 physical_images=13 deferred_releases=2 vma_allocations=70 surfaces_created=157 surfaces_released=150 queue_packages=1 execution_slots_busy=1 command_batch_active=false
[2026-10-02 18:48:45.733] [info] [video]   28/48 frames
[2026-10-02 18:48:45.800] [info] [video]   32/48 frames
[2026-10-02 18:48:45.867] [info] [video]   36/48 frames
[2026-10-02 18:48:45.925] [info] [video]   40/48 frames
[2026-10-02 18:48:45.984] [info] [video]   44/48 frames
[2026-10-02 18:48:46.036] [info] [video]   48/48 frames
[2026-10-02 18:48:46.056] [info] [video] writer join complete
[2026-10-02 18:48:46.056] [info] [drain-debug] start drain, capacity=6
[2026-10-02 18:48:46.056] [info] [drain-debug] slot_id=4 has completion, waiting
[2026-10-02 18:48:46.056] [info] [drain-debug] slot_id=4 wait complete
[2026-10-02 18:48:46.056] [info] [drain-debug] slot_id=5 has completion, waiting
[2026-10-02 18:48:46.056] [info] [drain-debug] slot_id=5 wait complete
[2026-10-02 18:48:46.056] [info] [drain-debug] reap done, busy_count=0
[2026-10-02 18:48:46.056] [info] [video] trimming framebuffer pool
[2026-10-02 18:48:46.056] [info] [video] Released framebuffer pool — memory trimmed
[2026-10-02 18:48:46.056] [info] [video] frame-loop cleanup complete
[2026-10-02 18:48:46.056] [info] [video] Encoder write blocked duration: 0.00 ms
[2026-10-02 18:48:46.056] [info] [video_diag] conversion_and_copy_duration_ms: 0 ms
[2026-10-02 18:48:46.056] [info] [video_diag] conversion_bytes_written=0 encoder_staging_copy_bytes=0 encoder_slot_reuses=0
[2026-10-02 18:48:46.056] [info] [native_av] close: sending encoder flush
[2026-10-02 18:48:46.056] [info] [native_av] close: encoder flush accepted
[2026-10-02 18:48:46.057] [info] [native_av] close: packets drained=true
[2026-10-02 18:48:46.057] [info] [native_av] close: finalizing mux session
[2026-10-02 18:48:46.057] [info] [native_av] close: mux session finalized
[2026-10-02 18:48:46.058] [info] [native_av] Closed native encoder — 48 frames accepted, encoder_packets=48 mux_packets=48 packet_pts=0..47, YUV cache: 0 hits / 0 misses
[2026-10-02 18:48:46.058] [info] [video_native] convert=87.98ms  send_frame=33.66ms  backpressure=0.00ms  flush=1.15ms  receive_packet=0.82ms  mux_write=2.23ms  trailer=0.34ms
[2026-10-02 18:48:46.059] [info] [video] render_ms=922.83 encode_ms=7.45 writer_encode_ms=130.05 wall_ms=3177.06 nvml_stop_ms=0.12
[2026-10-02 18:48:46.059] [info] [video] FFmpeg queue wait duration: 1.24 ms
[2026-10-02 18:48:46.068] [info] [video] copy_eligible=true sha256=299c5dd4476d7bc6e281b16d47e2a7d99128b368256264ae43659871d693e7d1
[2026-10-02 18:48:46.068] [info] [video] Wrote /tmp/velox-phrase-runtime-cert/inputs/duotone_block_rise/catalog-motions.mp4
[2026-10-02 18:48:46.069] [info] [startup-profile] total=1407.84ms logger=0.18ms cli_bootstrap=10.51ms cli_parse=0.00ms composition=0.39ms plan_read=0.40ms json_parse=1.94ms plan_decode_validate=56.30ms asset_resolve=0.03ms plan_compile=7.48ms other=0.00ms
[2026-10-02 18:48:46.101] [info] [video] Wrote exact per-frame timing sidecar: /tmp/velox-phrase-runtime-cert/inputs/duotone_block_rise/catalog-motions.mp4.timing.json
[2026-10-02 18:48:46.131] [info] [INFO] job-lifecycle: slot_pool_close_ms=0.0 surface_release_ms=0.1
[2026-10-02 18:48:46.258] [info] [INFO] job-lifecycle: queue_close_ms=0.0 writer_join_ms=0.0 encoder_reset_ms=26.4 decoder_reset_ms=0.0 full_graph_reset_ms=127.9 sink_ctx_reset_ms=0.0 device_runtime_reset_ms=0.0 device_reservation_reset_ms=0.0
[2026-10-02 18:48:46.259] [info] [INFO] job-lifecycle: sidecar_write_ms=35.3 session_teardown_ms=154.7
[2026-10-02 18:48:46.268] [info] [INFO] job-lifecycle: execute_ms=3386.9 receipt_build_ms=0.0 receipt_write_ms=0.0 caller_tail_ms=0.0
