[2026-10-02 18:48:46.520] [info] [overlay-prepare] validated package=/tmp/velox-phrase-runtime-cert/inputs/dynamic_island_expansion/prepared.json hash=c494d7a87ddeb9b5253c7ff0cf92a9d40ab048b4fa753ccb15662431b7ed502c assets=0 text_runs=1 overlays=2
[2026-10-02 18:48:46.524] [info] [asset-profile] kind=3 path=assets/fonts/Poppins-Bold.ttf bytes=155996 cache=miss invalidated=0 stat=0.01ms hash=3.46ms hashed_bytes=155996 total=3.65ms
[2026-10-02 18:48:46.524] [info] [asset-digest-cache] hits=0 misses=1 invalidations=0 bytes_hashed=155996 lookup_ms=0.01 write_ms=0.02 full_hash_ms=3.46
[2026-10-02 18:48:46.526] [info] [plan-profile] read=0.17ms parse=1.55ms decode=51.71ms resolver=0.03ms compile_validate=5.32ms total=61.02ms
[2026-10-02 18:48:46.526] [info] [asset-profile] kind=3 path=assets/fonts/Poppins-Bold.ttf bytes=155996 cache=hit invalidated=0 stat=0.01ms hash=0.00ms hashed_bytes=0 total=0.10ms
[2026-10-02 18:48:46.526] [info] [asset-digest-cache] hits=1 misses=0 invalidations=0 bytes_hashed=0 lookup_ms=0.01 write_ms=0.00 full_hash_ms=0.00
[2026-10-02 18:48:46.529] [info] [plan-compile-profile] assets=0.21ms fingerprint=1.85ms media_resolution=0.00ms materialize=0.17ms composition_compile=0.00ms compatibility_view=0.10ms total=2.71ms
[2026-10-02 18:48:46.529] [info] [video] Auto-selecting yuv420p pipe pixel format for 1280x720 output
[2026-10-02 18:48:46.529] [info] [video] execution plan resolved (reason: required_gpu_native_full_graph); decode=1 composite=2 encode=1 interop=2 handoff=1 codec=3
[2026-10-02 18:48:46.547] [info] [video-runtime] created persistent runtime for device 0 (CUDA ordinal 0)
[2026-10-02 18:48:46.547] [info] [video] encoder feed capability: host_frame=false direct_yuv=false native_surface=true
[2026-10-02 18:48:46.821] [info] [native_av] CUDA context contract: native=0x55e3ca721360 ffmpeg=0x55e3ca721360
[2026-10-02 18:48:46.840] [info] [native_av] NVENC tuning applied: rc=constqp preset=p1 async_depth=4 nvenc_surfaces=8 qp=23 bitrate=0
[2026-10-02 18:48:46.874] [info] [native_av] encoder bitstream contract: codec=27 profile=100 level=-99 pix_fmt=119 parameter_sets=49 materialized=true
[2026-10-02 18:48:46.875] [info] [native_av] Opened native encoder: 1280x720 @ 24fps, codec=h264_nvenc, rc=constqp, preset=p1, output='/tmp/velox-phrase-runtime-cert/inputs/dynamic_island_expansion/catalog-motions.partial.mp4'
[2026-10-02 18:48:48.163] [info] [pool-warm] Pre-allocated and pre-imported 6 execution slots (1280x720) for native NVENC
[2026-10-02 18:48:48.255] [info] chronon3d::vulkan text batch formats: dst_image.format=109 atlas_image.format=44 atlas_encoding=2 (shader contract: dst rgba32f, atlas rgba8)
[2026-10-02 18:48:48.256] [info] [temp-lifetime] frame=0 after_level=0 live=[0,1,3,] retired=[]
[2026-10-02 18:48:48.256] [info] [exec-level-diag] frame=0 level=0 nodes=3 input_ms=0.007 dispatch_ms=4.902 fb_release_ms=0.005
[2026-10-02 18:48:48.256] [info] [graph-edge] frame=0 level=1 consumer_id=2 input_index=0 producer_id=0 producer_level=0
[2026-10-02 18:48:48.256] [info] [graph-edge] frame=0 level=1 consumer_id=2 input_index=1 producer_id=1 producer_level=0
[2026-10-02 18:48:48.256] [info] [graph-edge] frame=0 level=1 consumer_id=4 input_index=0 producer_id=3 producer_level=0
[2026-10-02 18:48:48.260] [info] [temp-lifetime] frame=0 after_level=1 live=[2,4,] retired=[0,1,3,]
[2026-10-02 18:48:48.260] [info] [exec-level-diag] frame=0 level=1 nodes=2 input_ms=0.128 dispatch_ms=3.876 fb_release_ms=0.017
[2026-10-02 18:48:48.260] [info] [graph-edge] frame=0 level=2 consumer_id=5 input_index=0 producer_id=2 producer_level=1
[2026-10-02 18:48:48.261] [info] [graph-edge] frame=0 level=2 consumer_id=5 input_index=1 producer_id=4 producer_level=1
[2026-10-02 18:48:48.261] [info] [temp-lifetime] frame=0 after_level=2 live=[5,] retired=[2,4,]
[2026-10-02 18:48:48.261] [info] [exec-level-diag] frame=0 level=2 nodes=1 input_ms=0.177 dispatch_ms=0.189 fb_release_ms=0.009
[2026-10-02 18:48:48.262] [info] [video] Exporting via Arena-backed SIMD pipeline
[2026-10-02 18:48:48.272] [info] [temp-lifetime] frame=1 after_level=0 live=[0,1,3,] retired=[]
[2026-10-02 18:48:48.272] [info] [exec-level-diag] frame=1 level=0 nodes=3 input_ms=0.003 dispatch_ms=1.724 fb_release_ms=0.003
[2026-10-02 18:48:48.272] [info] [graph-edge] frame=1 level=1 consumer_id=2 input_index=0 producer_id=0 producer_level=0
[2026-10-02 18:48:48.272] [info] [graph-edge] frame=1 level=1 consumer_id=2 input_index=1 producer_id=1 producer_level=0
[2026-10-02 18:48:48.272] [info] [graph-edge] frame=1 level=1 consumer_id=4 input_index=0 producer_id=3 producer_level=0
[2026-10-02 18:48:48.273] [info] [temp-lifetime] frame=1 after_level=1 live=[2,4,] retired=[0,1,3,]
[2026-10-02 18:48:48.273] [info] [exec-level-diag] frame=1 level=1 nodes=2 input_ms=0.141 dispatch_ms=0.593 fb_release_ms=0.012
[2026-10-02 18:48:48.273] [info] [graph-edge] frame=1 level=2 consumer_id=5 input_index=0 producer_id=2 producer_level=1
[2026-10-02 18:48:48.273] [info] [graph-edge] frame=1 level=2 consumer_id=5 input_index=1 producer_id=4 producer_level=1
[2026-10-02 18:48:48.273] [info] [temp-lifetime] frame=1 after_level=2 live=[5,] retired=[2,4,]
[2026-10-02 18:48:48.273] [info] [exec-level-diag] frame=1 level=2 nodes=1 input_ms=0.079 dispatch_ms=0.177 fb_release_ms=0.008
[2026-10-02 18:48:48.287] [info] [temp-lifetime] frame=2 after_level=0 live=[0,1,3,] retired=[]
[2026-10-02 18:48:48.287] [info] [exec-level-diag] frame=2 level=0 nodes=3 input_ms=0.004 dispatch_ms=0.948 fb_release_ms=0.004
[2026-10-02 18:48:48.287] [info] [graph-edge] frame=2 level=1 consumer_id=2 input_index=0 producer_id=0 producer_level=0
[2026-10-02 18:48:48.287] [info] [graph-edge] frame=2 level=1 consumer_id=2 input_index=1 producer_id=1 producer_level=0
[2026-10-02 18:48:48.287] [info] [graph-edge] frame=2 level=1 consumer_id=4 input_index=0 producer_id=3 producer_level=0
[2026-10-02 18:48:48.288] [info] [temp-lifetime] frame=2 after_level=1 live=[2,4,] retired=[0,1,3,]
[2026-10-02 18:48:48.288] [info] [exec-level-diag] frame=2 level=1 nodes=2 input_ms=0.105 dispatch_ms=0.407 fb_release_ms=0.013
[2026-10-02 18:48:48.288] [info] [graph-edge] frame=2 level=2 consumer_id=5 input_index=0 producer_id=2 producer_level=1
[2026-10-02 18:48:48.288] [info] [graph-edge] frame=2 level=2 consumer_id=5 input_index=1 producer_id=4 producer_level=1
[2026-10-02 18:48:48.288] [info] [temp-lifetime] frame=2 after_level=2 live=[5,] retired=[2,4,]
[2026-10-02 18:48:48.288] [info] [exec-level-diag] frame=2 level=2 nodes=1 input_ms=0.084 dispatch_ms=0.214 fb_release_ms=0.009
[2026-10-02 18:48:48.289] [info] [video]   4/48 frames
[2026-10-02 18:48:48.335] [info] [video]   8/48 frames
[2026-10-02 18:48:48.379] [info] [video]   12/48 frames
[2026-10-02 18:48:48.423] [info] [video]   16/48 frames
[2026-10-02 18:48:48.465] [info] [video]   20/48 frames
[2026-10-02 18:48:48.512] [info] [video]   24/48 frames
[2026-10-02 18:48:48.534] [info] [vulkan-lifecycle] frame=25 vram_bytes=333283328 live_surfaces=13 surface_bindings=7 registry_live_handles=107 physical_images=13 deferred_releases=2 vma_allocations=45 surfaces_created=157 surfaces_released=150 queue_packages=1 execution_slots_busy=2 command_batch_active=false
[2026-10-02 18:48:48.558] [info] [video]   28/48 frames
[2026-10-02 18:48:48.604] [info] [video]   32/48 frames
[2026-10-02 18:48:48.653] [info] [video]   36/48 frames
[2026-10-02 18:48:48.698] [info] [video]   40/48 frames
[2026-10-02 18:48:48.739] [info] [video]   44/48 frames
[2026-10-02 18:48:48.780] [info] [video]   48/48 frames
[2026-10-02 18:48:48.794] [info] [video] writer join complete
[2026-10-02 18:48:48.794] [info] [drain-debug] start drain, capacity=6
[2026-10-02 18:48:48.794] [info] [drain-debug] slot_id=4 has completion, waiting
[2026-10-02 18:48:48.794] [info] [drain-debug] slot_id=4 wait complete
[2026-10-02 18:48:48.794] [info] [drain-debug] slot_id=5 has completion, waiting
[2026-10-02 18:48:48.794] [info] [drain-debug] slot_id=5 wait complete
[2026-10-02 18:48:48.794] [info] [drain-debug] reap done, busy_count=0
[2026-10-02 18:48:48.794] [info] [video] trimming framebuffer pool
[2026-10-02 18:48:48.794] [info] [video] Released framebuffer pool — memory trimmed
[2026-10-02 18:48:48.794] [info] [video] frame-loop cleanup complete
[2026-10-02 18:48:48.794] [info] [video] Encoder write blocked duration: 0.00 ms
[2026-10-02 18:48:48.795] [info] [video_diag] conversion_and_copy_duration_ms: 0 ms
[2026-10-02 18:48:48.795] [info] [video_diag] conversion_bytes_written=0 encoder_staging_copy_bytes=0 encoder_slot_reuses=0
[2026-10-02 18:48:48.795] [info] [native_av] close: sending encoder flush
[2026-10-02 18:48:48.795] [info] [native_av] close: encoder flush accepted
[2026-10-02 18:48:48.795] [info] [native_av] close: packets drained=true
[2026-10-02 18:48:48.795] [info] [native_av] close: finalizing mux session
[2026-10-02 18:48:48.796] [info] [native_av] close: mux session finalized
[2026-10-02 18:48:48.796] [info] [native_av] Closed native encoder — 48 frames accepted, encoder_packets=48 mux_packets=48 packet_pts=0..47, YUV cache: 0 hits / 0 misses
[2026-10-02 18:48:48.796] [info] [video_native] convert=116.96ms  send_frame=11.80ms  backpressure=0.00ms  flush=1.13ms  receive_packet=0.60ms  mux_write=0.61ms  trailer=0.36ms
[2026-10-02 18:48:48.798] [info] [video] render_ms=600.69 encode_ms=7.85 writer_encode_ms=129.91 wall_ms=2268.07 nvml_stop_ms=0.14
[2026-10-02 18:48:48.798] [info] [video] FFmpeg queue wait duration: 0.39 ms
[2026-10-02 18:48:48.805] [info] [video] copy_eligible=true sha256=5a950427deec4b547733127e52619d1144d47445408c03290cfe4b62739470c3
[2026-10-02 18:48:48.805] [info] [video] Wrote /tmp/velox-phrase-runtime-cert/inputs/dynamic_island_expansion/catalog-motions.mp4
[2026-10-02 18:48:48.805] [info] [startup-profile] total=995.82ms logger=0.11ms cli_bootstrap=10.12ms cli_parse=0.00ms composition=0.31ms plan_read=0.17ms json_parse=1.55ms plan_decode_validate=51.71ms asset_resolve=0.03ms plan_compile=5.32ms other=0.00ms
[2026-10-02 18:48:48.834] [info] [video] Wrote exact per-frame timing sidecar: /tmp/velox-phrase-runtime-cert/inputs/dynamic_island_expansion/catalog-motions.mp4.timing.json
[2026-10-02 18:48:48.863] [info] [INFO] job-lifecycle: slot_pool_close_ms=0.0 surface_release_ms=0.1
[2026-10-02 18:48:49.002] [info] [INFO] job-lifecycle: queue_close_ms=0.0 writer_join_ms=0.0 encoder_reset_ms=25.7 decoder_reset_ms=0.0 full_graph_reset_ms=139.1 sink_ctx_reset_ms=0.0 device_runtime_reset_ms=0.0 device_reservation_reset_ms=0.0
[2026-10-02 18:48:49.002] [info] [INFO] job-lifecycle: sidecar_write_ms=31.5 session_teardown_ms=165.3
[2026-10-02 18:48:49.011] [info] [INFO] job-lifecycle: execute_ms=2482.2 receipt_build_ms=0.0 receipt_write_ms=0.0 caller_tail_ms=0.0
