[2026-10-02 18:48:49.259] [info] [overlay-prepare] validated package=/tmp/velox-phrase-runtime-cert/inputs/editorial_push_in/prepared.json hash=26172e433e63234363cdfc96d8347d94eaf90ac8ee67b48eb01fedf5209e9d5c assets=0 text_runs=1 overlays=2
[2026-10-02 18:48:49.263] [info] [asset-profile] kind=3 path=assets/fonts/Poppins-Bold.ttf bytes=155996 cache=miss invalidated=0 stat=0.01ms hash=3.63ms hashed_bytes=155996 total=3.77ms
[2026-10-02 18:48:49.264] [info] [asset-digest-cache] hits=0 misses=1 invalidations=0 bytes_hashed=155996 lookup_ms=0.01 write_ms=0.02 full_hash_ms=3.63
[2026-10-02 18:48:49.265] [info] [plan-profile] read=0.13ms parse=1.61ms decode=50.75ms resolver=0.02ms compile_validate=5.59ms total=60.45ms
[2026-10-02 18:48:49.265] [info] [asset-profile] kind=3 path=assets/fonts/Poppins-Bold.ttf bytes=155996 cache=hit invalidated=0 stat=0.01ms hash=0.00ms hashed_bytes=0 total=0.10ms
[2026-10-02 18:48:49.266] [info] [asset-digest-cache] hits=1 misses=0 invalidations=0 bytes_hashed=0 lookup_ms=0.01 write_ms=0.00 full_hash_ms=0.00
[2026-10-02 18:48:49.268] [info] [plan-compile-profile] assets=0.28ms fingerprint=1.90ms media_resolution=0.00ms materialize=0.17ms composition_compile=0.00ms compatibility_view=0.09ms total=2.76ms
[2026-10-02 18:48:49.269] [info] [video] Auto-selecting yuv420p pipe pixel format for 1280x720 output
[2026-10-02 18:48:49.269] [info] [video] execution plan resolved (reason: required_gpu_native_full_graph); decode=1 composite=2 encode=1 interop=2 handoff=1 codec=3
[2026-10-02 18:48:49.286] [info] [video-runtime] created persistent runtime for device 0 (CUDA ordinal 0)
[2026-10-02 18:48:49.286] [info] [video] encoder feed capability: host_frame=false direct_yuv=false native_surface=true
[2026-10-02 18:48:49.560] [info] [native_av] CUDA context contract: native=0x55ce17302950 ffmpeg=0x55ce17302950
[2026-10-02 18:48:49.579] [info] [native_av] NVENC tuning applied: rc=constqp preset=p1 async_depth=4 nvenc_surfaces=8 qp=23 bitrate=0
[2026-10-02 18:48:49.612] [info] [native_av] encoder bitstream contract: codec=27 profile=100 level=-99 pix_fmt=119 parameter_sets=49 materialized=true
[2026-10-02 18:48:49.612] [info] [native_av] Opened native encoder: 1280x720 @ 24fps, codec=h264_nvenc, rc=constqp, preset=p1, output='/tmp/velox-phrase-runtime-cert/inputs/editorial_push_in/catalog-motions.partial.mp4'
[2026-10-02 18:48:50.860] [info] [pool-warm] Pre-allocated and pre-imported 6 execution slots (1280x720) for native NVENC
[2026-10-02 18:48:50.956] [info] chronon3d::vulkan text batch formats: dst_image.format=109 atlas_image.format=44 atlas_encoding=2 (shader contract: dst rgba32f, atlas rgba8)
[2026-10-02 18:48:50.957] [info] [temp-lifetime] frame=0 after_level=0 live=[0,1,3,] retired=[]
[2026-10-02 18:48:50.957] [info] [exec-level-diag] frame=0 level=0 nodes=3 input_ms=0.007 dispatch_ms=6.051 fb_release_ms=0.006
[2026-10-02 18:48:50.957] [info] [graph-edge] frame=0 level=1 consumer_id=2 input_index=0 producer_id=0 producer_level=0
[2026-10-02 18:48:50.957] [info] [graph-edge] frame=0 level=1 consumer_id=2 input_index=1 producer_id=1 producer_level=0
[2026-10-02 18:48:50.957] [info] [graph-edge] frame=0 level=1 consumer_id=4 input_index=0 producer_id=3 producer_level=0
[2026-10-02 18:48:50.962] [info] [temp-lifetime] frame=0 after_level=1 live=[2,4,] retired=[0,1,3,]
[2026-10-02 18:48:50.962] [info] [exec-level-diag] frame=0 level=1 nodes=2 input_ms=0.110 dispatch_ms=4.265 fb_release_ms=0.023
[2026-10-02 18:48:50.962] [info] [graph-edge] frame=0 level=2 consumer_id=5 input_index=0 producer_id=2 producer_level=1
[2026-10-02 18:48:50.962] [info] [graph-edge] frame=0 level=2 consumer_id=5 input_index=1 producer_id=4 producer_level=1
[2026-10-02 18:48:50.962] [info] [temp-lifetime] frame=0 after_level=2 live=[5,] retired=[2,4,]
[2026-10-02 18:48:50.962] [info] [exec-level-diag] frame=0 level=2 nodes=1 input_ms=0.117 dispatch_ms=0.190 fb_release_ms=0.008
[2026-10-02 18:48:50.963] [info] [video] Exporting via Arena-backed SIMD pipeline
[2026-10-02 18:48:50.973] [info] [temp-lifetime] frame=1 after_level=0 live=[0,1,3,] retired=[]
[2026-10-02 18:48:50.973] [info] [exec-level-diag] frame=1 level=0 nodes=3 input_ms=0.003 dispatch_ms=1.670 fb_release_ms=0.004
[2026-10-02 18:48:50.973] [info] [graph-edge] frame=1 level=1 consumer_id=2 input_index=0 producer_id=0 producer_level=0
[2026-10-02 18:48:50.973] [info] [graph-edge] frame=1 level=1 consumer_id=2 input_index=1 producer_id=1 producer_level=0
[2026-10-02 18:48:50.973] [info] [graph-edge] frame=1 level=1 consumer_id=4 input_index=0 producer_id=3 producer_level=0
[2026-10-02 18:48:50.974] [info] [temp-lifetime] frame=1 after_level=1 live=[2,4,] retired=[0,1,3,]
[2026-10-02 18:48:50.974] [info] [exec-level-diag] frame=1 level=1 nodes=2 input_ms=0.110 dispatch_ms=0.520 fb_release_ms=0.013
[2026-10-02 18:48:50.974] [info] [graph-edge] frame=1 level=2 consumer_id=5 input_index=0 producer_id=2 producer_level=1
[2026-10-02 18:48:50.974] [info] [graph-edge] frame=1 level=2 consumer_id=5 input_index=1 producer_id=4 producer_level=1
[2026-10-02 18:48:50.974] [info] [temp-lifetime] frame=1 after_level=2 live=[5,] retired=[2,4,]
[2026-10-02 18:48:50.974] [info] [exec-level-diag] frame=1 level=2 nodes=1 input_ms=0.086 dispatch_ms=0.182 fb_release_ms=0.008
[2026-10-02 18:48:50.988] [info] [temp-lifetime] frame=2 after_level=0 live=[0,1,3,] retired=[]
[2026-10-02 18:48:50.988] [info] [exec-level-diag] frame=2 level=0 nodes=3 input_ms=0.003 dispatch_ms=0.926 fb_release_ms=0.003
[2026-10-02 18:48:50.988] [info] [graph-edge] frame=2 level=1 consumer_id=2 input_index=0 producer_id=0 producer_level=0
[2026-10-02 18:48:50.988] [info] [graph-edge] frame=2 level=1 consumer_id=2 input_index=1 producer_id=1 producer_level=0
[2026-10-02 18:48:50.988] [info] [graph-edge] frame=2 level=1 consumer_id=4 input_index=0 producer_id=3 producer_level=0
[2026-10-02 18:48:50.989] [info] [temp-lifetime] frame=2 after_level=1 live=[2,4,] retired=[0,1,3,]
[2026-10-02 18:48:50.989] [info] [exec-level-diag] frame=2 level=1 nodes=2 input_ms=0.139 dispatch_ms=0.462 fb_release_ms=0.012
[2026-10-02 18:48:50.989] [info] [graph-edge] frame=2 level=2 consumer_id=5 input_index=0 producer_id=2 producer_level=1
[2026-10-02 18:48:50.989] [info] [graph-edge] frame=2 level=2 consumer_id=5 input_index=1 producer_id=4 producer_level=1
[2026-10-02 18:48:50.989] [info] [temp-lifetime] frame=2 after_level=2 live=[5,] retired=[2,4,]
[2026-10-02 18:48:50.989] [info] [exec-level-diag] frame=2 level=2 nodes=1 input_ms=0.086 dispatch_ms=0.213 fb_release_ms=0.008
[2026-10-02 18:48:50.989] [info] [video]   4/48 frames
[2026-10-02 18:48:51.040] [info] [video]   8/48 frames
[2026-10-02 18:48:51.083] [info] [video]   12/48 frames
[2026-10-02 18:48:51.121] [info] [video]   16/48 frames
[2026-10-02 18:48:51.159] [info] [video]   20/48 frames
[2026-10-02 18:48:51.207] [info] [video]   24/48 frames
[2026-10-02 18:48:51.232] [info] [vulkan-lifecycle] frame=25 vram_bytes=333283328 live_surfaces=13 surface_bindings=7 registry_live_handles=107 physical_images=13 deferred_releases=2 vma_allocations=45 surfaces_created=157 surfaces_released=150 queue_packages=1 execution_slots_busy=2 command_batch_active=false
[2026-10-02 18:48:51.252] [info] [video]   28/48 frames
[2026-10-02 18:48:51.296] [info] [video]   32/48 frames
[2026-10-02 18:48:51.340] [info] [video]   36/48 frames
[2026-10-02 18:48:51.384] [info] [video]   40/48 frames
[2026-10-02 18:48:51.432] [info] [video]   44/48 frames
[2026-10-02 18:48:51.474] [info] [video]   48/48 frames
[2026-10-02 18:48:51.491] [info] [video] writer join complete
[2026-10-02 18:48:51.491] [info] [drain-debug] start drain, capacity=6
[2026-10-02 18:48:51.491] [info] [drain-debug] slot_id=4 has completion, waiting
[2026-10-02 18:48:51.491] [info] [drain-debug] slot_id=4 wait complete
[2026-10-02 18:48:51.491] [info] [drain-debug] slot_id=5 has completion, waiting
[2026-10-02 18:48:51.491] [info] [drain-debug] slot_id=5 wait complete
[2026-10-02 18:48:51.491] [info] [drain-debug] reap done, busy_count=0
[2026-10-02 18:48:51.491] [info] [video] trimming framebuffer pool
[2026-10-02 18:48:51.491] [info] [video] Released framebuffer pool — memory trimmed
[2026-10-02 18:48:51.491] [info] [video] frame-loop cleanup complete
[2026-10-02 18:48:51.491] [info] [video] Encoder write blocked duration: 0.00 ms
[2026-10-02 18:48:51.491] [info] [video_diag] conversion_and_copy_duration_ms: 0 ms
[2026-10-02 18:48:51.491] [info] [video_diag] conversion_bytes_written=0 encoder_staging_copy_bytes=0 encoder_slot_reuses=0
[2026-10-02 18:48:51.491] [info] [native_av] close: sending encoder flush
[2026-10-02 18:48:51.491] [info] [native_av] close: encoder flush accepted
[2026-10-02 18:48:51.492] [info] [native_av] close: packets drained=true
[2026-10-02 18:48:51.492] [info] [native_av] close: finalizing mux session
[2026-10-02 18:48:51.493] [info] [native_av] close: mux session finalized
[2026-10-02 18:48:51.493] [info] [native_av] Closed native encoder — 48 frames accepted, encoder_packets=48 mux_packets=48 packet_pts=0..47, YUV cache: 0 hits / 0 misses
[2026-10-02 18:48:51.493] [info] [video_native] convert=116.43ms  send_frame=11.60ms  backpressure=0.00ms  flush=1.12ms  receive_packet=0.76ms  mux_write=0.64ms  trailer=0.29ms
[2026-10-02 18:48:51.494] [info] [video] render_ms=600.86 encode_ms=7.32 writer_encode_ms=129.24 wall_ms=2225.27 nvml_stop_ms=0.09
[2026-10-02 18:48:51.494] [info] [video] FFmpeg queue wait duration: 0.40 ms
[2026-10-02 18:48:51.502] [info] [video] copy_eligible=true sha256=c1e7d57e6574e4b84fbcd9434555388f7580a4a028dbbc12bbe4c883753cb745
[2026-10-02 18:48:51.502] [info] [video] Wrote /tmp/velox-phrase-runtime-cert/inputs/editorial_push_in/catalog-motions.mp4
[2026-10-02 18:48:51.502] [info] [startup-profile] total=970.74ms logger=0.10ms cli_bootstrap=10.06ms cli_parse=0.00ms composition=0.32ms plan_read=0.13ms json_parse=1.61ms plan_decode_validate=50.75ms asset_resolve=0.02ms plan_compile=5.59ms other=0.00ms
[2026-10-02 18:48:51.532] [info] [video] Wrote exact per-frame timing sidecar: /tmp/velox-phrase-runtime-cert/inputs/editorial_push_in/catalog-motions.mp4.timing.json
[2026-10-02 18:48:51.570] [info] [INFO] job-lifecycle: slot_pool_close_ms=0.0 surface_release_ms=0.1
[2026-10-02 18:48:51.699] [info] [INFO] job-lifecycle: queue_close_ms=0.0 writer_join_ms=0.0 encoder_reset_ms=35.7 decoder_reset_ms=0.0 full_graph_reset_ms=129.1 sink_ctx_reset_ms=0.0 device_runtime_reset_ms=0.0 device_reservation_reset_ms=0.0
[2026-10-02 18:48:51.699] [info] [INFO] job-lifecycle: sidecar_write_ms=31.9 session_teardown_ms=165.1
[2026-10-02 18:48:51.708] [info] [INFO] job-lifecycle: execute_ms=2438.9 receipt_build_ms=0.0 receipt_write_ms=0.0 caller_tail_ms=0.0
