[2026-10-02 18:48:54.724] [info] [overlay-prepare] validated package=/tmp/velox-phrase-runtime-cert/inputs/focus_pull_macro/prepared.json hash=0f58bb57cfc88242cd84cc54a9d7e78caef3ca950d6157f0bb4add2cf8f3977e assets=0 text_runs=1 overlays=2
[2026-10-02 18:48:54.728] [info] [asset-profile] kind=3 path=assets/fonts/Poppins-Bold.ttf bytes=155996 cache=miss invalidated=0 stat=0.01ms hash=3.60ms hashed_bytes=155996 total=3.74ms
[2026-10-02 18:48:54.728] [info] [asset-digest-cache] hits=0 misses=1 invalidations=0 bytes_hashed=155996 lookup_ms=0.01 write_ms=0.01 full_hash_ms=3.60
[2026-10-02 18:48:54.730] [info] [plan-profile] read=0.16ms parse=1.65ms decode=51.39ms resolver=0.03ms compile_validate=5.53ms total=61.23ms
[2026-10-02 18:48:54.730] [info] [asset-profile] kind=3 path=assets/fonts/Poppins-Bold.ttf bytes=155996 cache=hit invalidated=0 stat=0.01ms hash=0.00ms hashed_bytes=0 total=0.10ms
[2026-10-02 18:48:54.730] [info] [asset-digest-cache] hits=1 misses=0 invalidations=0 bytes_hashed=0 lookup_ms=0.01 write_ms=0.00 full_hash_ms=0.00
[2026-10-02 18:48:54.733] [info] [plan-compile-profile] assets=0.30ms fingerprint=1.96ms media_resolution=0.00ms materialize=0.20ms composition_compile=0.00ms compatibility_view=0.09ms total=2.90ms
[2026-10-02 18:48:54.734] [info] [video] Auto-selecting yuv420p pipe pixel format for 1280x720 output
[2026-10-02 18:48:54.734] [info] [video] execution plan resolved (reason: required_gpu_native_full_graph); decode=1 composite=2 encode=1 interop=2 handoff=1 codec=3
[2026-10-02 18:48:54.751] [info] [video-runtime] created persistent runtime for device 0 (CUDA ordinal 0)
[2026-10-02 18:48:54.752] [info] [video] encoder feed capability: host_frame=false direct_yuv=false native_surface=true
[2026-10-02 18:48:54.959] [info] [native_av] CUDA context contract: native=0x559a64072da0 ffmpeg=0x559a64072da0
[2026-10-02 18:48:54.980] [info] [native_av] NVENC tuning applied: rc=constqp preset=p1 async_depth=4 nvenc_surfaces=8 qp=23 bitrate=0
[2026-10-02 18:48:55.011] [info] [native_av] encoder bitstream contract: codec=27 profile=100 level=-99 pix_fmt=119 parameter_sets=49 materialized=true
[2026-10-02 18:48:55.012] [info] [native_av] Opened native encoder: 1280x720 @ 24fps, codec=h264_nvenc, rc=constqp, preset=p1, output='/tmp/velox-phrase-runtime-cert/inputs/focus_pull_macro/catalog-motions.partial.mp4'
[2026-10-02 18:48:56.205] [info] [pool-warm] Pre-allocated and pre-imported 6 execution slots (1280x720) for native NVENC
[2026-10-02 18:48:56.287] [info] chronon3d::vulkan text batch formats: dst_image.format=109 atlas_image.format=44 atlas_encoding=2 (shader contract: dst rgba32f, atlas rgba8)
[2026-10-02 18:48:56.288] [info] [temp-lifetime] frame=0 after_level=0 live=[0,1,3,] retired=[]
[2026-10-02 18:48:56.288] [info] [exec-level-diag] frame=0 level=0 nodes=3 input_ms=0.006 dispatch_ms=5.533 fb_release_ms=0.005
[2026-10-02 18:48:56.288] [info] [graph-edge] frame=0 level=1 consumer_id=2 input_index=0 producer_id=0 producer_level=0
[2026-10-02 18:48:56.289] [info] [graph-edge] frame=0 level=1 consumer_id=2 input_index=1 producer_id=1 producer_level=0
[2026-10-02 18:48:56.289] [info] [graph-edge] frame=0 level=1 consumer_id=4 input_index=0 producer_id=3 producer_level=0
[2026-10-02 18:48:56.293] [info] [temp-lifetime] frame=0 after_level=1 live=[2,4,] retired=[0,1,3,]
[2026-10-02 18:48:56.293] [info] [exec-level-diag] frame=0 level=1 nodes=2 input_ms=0.122 dispatch_ms=4.281 fb_release_ms=0.019
[2026-10-02 18:48:56.293] [info] [graph-edge] frame=0 level=2 consumer_id=5 input_index=0 producer_id=2 producer_level=1
[2026-10-02 18:48:56.293] [info] [graph-edge] frame=0 level=2 consumer_id=5 input_index=1 producer_id=4 producer_level=1
[2026-10-02 18:48:56.293] [info] [temp-lifetime] frame=0 after_level=2 live=[5,] retired=[2,4,]
[2026-10-02 18:48:56.293] [info] [exec-level-diag] frame=0 level=2 nodes=1 input_ms=0.112 dispatch_ms=0.176 fb_release_ms=0.008
[2026-10-02 18:48:56.294] [info] [video] Exporting via Arena-backed SIMD pipeline
[2026-10-02 18:48:56.304] [info] [temp-lifetime] frame=1 after_level=0 live=[0,1,3,] retired=[]
[2026-10-02 18:48:56.304] [info] [exec-level-diag] frame=1 level=0 nodes=3 input_ms=0.003 dispatch_ms=1.313 fb_release_ms=0.004
[2026-10-02 18:48:56.304] [info] [graph-edge] frame=1 level=1 consumer_id=2 input_index=0 producer_id=0 producer_level=0
[2026-10-02 18:48:56.304] [info] [graph-edge] frame=1 level=1 consumer_id=2 input_index=1 producer_id=1 producer_level=0
[2026-10-02 18:48:56.304] [info] [graph-edge] frame=1 level=1 consumer_id=4 input_index=0 producer_id=3 producer_level=0
[2026-10-02 18:48:56.304] [info] [temp-lifetime] frame=1 after_level=1 live=[2,4,] retired=[0,1,3,]
[2026-10-02 18:48:56.305] [info] [exec-level-diag] frame=1 level=1 nodes=2 input_ms=0.097 dispatch_ms=0.503 fb_release_ms=0.013
[2026-10-02 18:48:56.305] [info] [graph-edge] frame=1 level=2 consumer_id=5 input_index=0 producer_id=2 producer_level=1
[2026-10-02 18:48:56.305] [info] [graph-edge] frame=1 level=2 consumer_id=5 input_index=1 producer_id=4 producer_level=1
[2026-10-02 18:48:56.305] [info] [temp-lifetime] frame=1 after_level=2 live=[5,] retired=[2,4,]
[2026-10-02 18:48:56.305] [info] [exec-level-diag] frame=1 level=2 nodes=1 input_ms=0.084 dispatch_ms=0.173 fb_release_ms=0.008
[2026-10-02 18:48:56.319] [info] [temp-lifetime] frame=2 after_level=0 live=[0,1,3,] retired=[]
[2026-10-02 18:48:56.319] [info] [exec-level-diag] frame=2 level=0 nodes=3 input_ms=0.003 dispatch_ms=1.240 fb_release_ms=0.004
[2026-10-02 18:48:56.319] [info] [graph-edge] frame=2 level=1 consumer_id=2 input_index=0 producer_id=0 producer_level=0
[2026-10-02 18:48:56.319] [info] [graph-edge] frame=2 level=1 consumer_id=2 input_index=1 producer_id=1 producer_level=0
[2026-10-02 18:48:56.319] [info] [graph-edge] frame=2 level=1 consumer_id=4 input_index=0 producer_id=3 producer_level=0
[2026-10-02 18:48:56.320] [info] [temp-lifetime] frame=2 after_level=1 live=[2,4,] retired=[0,1,3,]
[2026-10-02 18:48:56.320] [info] [exec-level-diag] frame=2 level=1 nodes=2 input_ms=0.097 dispatch_ms=0.527 fb_release_ms=0.013
[2026-10-02 18:48:56.320] [info] [graph-edge] frame=2 level=2 consumer_id=5 input_index=0 producer_id=2 producer_level=1
[2026-10-02 18:48:56.320] [info] [graph-edge] frame=2 level=2 consumer_id=5 input_index=1 producer_id=4 producer_level=1
[2026-10-02 18:48:56.320] [info] [temp-lifetime] frame=2 after_level=2 live=[5,] retired=[2,4,]
[2026-10-02 18:48:56.320] [info] [exec-level-diag] frame=2 level=2 nodes=1 input_ms=0.086 dispatch_ms=0.203 fb_release_ms=0.009
[2026-10-02 18:48:56.321] [info] [video]   4/48 frames
[2026-10-02 18:48:56.372] [info] [video]   8/48 frames
[2026-10-02 18:48:56.437] [info] [video]   12/48 frames
[2026-10-02 18:48:56.491] [info] [video]   16/48 frames
[2026-10-02 18:48:56.537] [info] [video]   20/48 frames
[2026-10-02 18:48:56.582] [info] [video]   24/48 frames
[2026-10-02 18:48:56.606] [info] [vulkan-lifecycle] frame=25 vram_bytes=333283328 live_surfaces=13 surface_bindings=7 registry_live_handles=107 physical_images=13 deferred_releases=2 vma_allocations=50 surfaces_created=157 surfaces_released=150 queue_packages=1 execution_slots_busy=2 command_batch_active=false
[2026-10-02 18:48:56.632] [info] [video]   28/48 frames
[2026-10-02 18:48:56.684] [info] [video]   32/48 frames
[2026-10-02 18:48:56.730] [info] [video]   36/48 frames
[2026-10-02 18:48:56.773] [info] [video]   40/48 frames
[2026-10-02 18:48:56.822] [info] [video]   44/48 frames
[2026-10-02 18:48:56.872] [info] [video]   48/48 frames
[2026-10-02 18:48:56.887] [info] [video] writer join complete
[2026-10-02 18:48:56.887] [info] [drain-debug] start drain, capacity=6
[2026-10-02 18:48:56.887] [info] [drain-debug] slot_id=4 has completion, waiting
[2026-10-02 18:48:56.887] [info] [drain-debug] slot_id=4 wait complete
[2026-10-02 18:48:56.887] [info] [drain-debug] slot_id=5 has completion, waiting
[2026-10-02 18:48:56.887] [info] [drain-debug] slot_id=5 wait complete
[2026-10-02 18:48:56.887] [info] [drain-debug] reap done, busy_count=0
[2026-10-02 18:48:56.887] [info] [video] trimming framebuffer pool
[2026-10-02 18:48:56.887] [info] [video] Released framebuffer pool — memory trimmed
[2026-10-02 18:48:56.887] [info] [video] frame-loop cleanup complete
[2026-10-02 18:48:56.888] [info] [video] Encoder write blocked duration: 0.00 ms
[2026-10-02 18:48:56.888] [info] [video_diag] conversion_and_copy_duration_ms: 0 ms
[2026-10-02 18:48:56.888] [info] [video_diag] conversion_bytes_written=0 encoder_staging_copy_bytes=0 encoder_slot_reuses=0
[2026-10-02 18:48:56.888] [info] [native_av] close: sending encoder flush
[2026-10-02 18:48:56.888] [info] [native_av] close: encoder flush accepted
[2026-10-02 18:48:56.888] [info] [native_av] close: packets drained=true
[2026-10-02 18:48:56.888] [info] [native_av] close: finalizing mux session
[2026-10-02 18:48:56.889] [info] [native_av] close: mux session finalized
[2026-10-02 18:48:56.889] [info] [native_av] Closed native encoder — 48 frames accepted, encoder_packets=48 mux_packets=48 packet_pts=0..47, YUV cache: 0 hits / 0 misses
[2026-10-02 18:48:56.889] [info] [video_native] convert=114.74ms  send_frame=12.57ms  backpressure=0.00ms  flush=0.99ms  receive_packet=0.56ms  mux_write=0.68ms  trailer=0.29ms
[2026-10-02 18:48:56.890] [info] [video] render_ms=654.15 encode_ms=7.54 writer_encode_ms=129.94 wall_ms=2156.32 nvml_stop_ms=0.14
[2026-10-02 18:48:56.891] [info] [video] FFmpeg queue wait duration: 0.44 ms
[2026-10-02 18:48:56.897] [info] [video] copy_eligible=true sha256=d33f084e10c9694243329565e20c60b1d81dfeda968144007fbefd69d791206a
[2026-10-02 18:48:56.898] [info] [video] Wrote /tmp/velox-phrase-runtime-cert/inputs/focus_pull_macro/catalog-motions.mp4
[2026-10-02 18:48:56.898] [info] [startup-profile] total=903.11ms logger=0.10ms cli_bootstrap=9.86ms cli_parse=0.00ms composition=0.32ms plan_read=0.16ms json_parse=1.65ms plan_decode_validate=51.39ms asset_resolve=0.03ms plan_compile=5.53ms other=0.00ms
[2026-10-02 18:48:56.928] [info] [video] Wrote exact per-frame timing sidecar: /tmp/velox-phrase-runtime-cert/inputs/focus_pull_macro/catalog-motions.mp4.timing.json
[2026-10-02 18:48:56.961] [info] [INFO] job-lifecycle: slot_pool_close_ms=0.0 surface_release_ms=0.1
[2026-10-02 18:48:57.089] [info] [INFO] job-lifecycle: queue_close_ms=0.0 writer_join_ms=0.0 encoder_reset_ms=30.2 decoder_reset_ms=0.0 full_graph_reset_ms=127.7 sink_ctx_reset_ms=0.0 device_runtime_reset_ms=0.0 device_reservation_reset_ms=0.0
[2026-10-02 18:48:57.089] [info] [INFO] job-lifecycle: sidecar_write_ms=32.6 session_teardown_ms=158.4
[2026-10-02 18:48:57.097] [info] [INFO] job-lifecycle: execute_ms=2363.3 receipt_build_ms=0.0 receipt_write_ms=0.0 caller_tail_ms=0.0
