[2026-10-02 18:48:57.339] [info] [overlay-prepare] validated package=/tmp/velox-phrase-runtime-cert/inputs/glassmorphism_card_tilt/prepared.json hash=983c1d6c61964c81feb71238acbb15d895e56a0006fbd992e6285c25f40aebba assets=0 text_runs=1 overlays=2
[2026-10-02 18:48:57.343] [info] [asset-profile] kind=3 path=assets/fonts/Poppins-Bold.ttf bytes=155996 cache=miss invalidated=0 stat=0.01ms hash=3.50ms hashed_bytes=155996 total=3.63ms
[2026-10-02 18:48:57.343] [info] [asset-digest-cache] hits=0 misses=1 invalidations=0 bytes_hashed=155996 lookup_ms=0.01 write_ms=0.01 full_hash_ms=3.50
[2026-10-02 18:48:57.345] [info] [plan-profile] read=0.16ms parse=2.47ms decode=53.83ms resolver=0.02ms compile_validate=5.97ms total=65.80ms
[2026-10-02 18:48:57.345] [info] [asset-profile] kind=3 path=assets/fonts/Poppins-Bold.ttf bytes=155996 cache=hit invalidated=0 stat=0.01ms hash=0.00ms hashed_bytes=0 total=0.09ms
[2026-10-02 18:48:57.345] [info] [asset-digest-cache] hits=1 misses=0 invalidations=0 bytes_hashed=0 lookup_ms=0.01 write_ms=0.00 full_hash_ms=0.00
[2026-10-02 18:48:57.349] [info] [plan-compile-profile] assets=0.27ms fingerprint=2.71ms media_resolution=0.00ms materialize=0.18ms composition_compile=0.00ms compatibility_view=0.16ms total=3.72ms
[2026-10-02 18:48:57.350] [info] [video] Auto-selecting yuv420p pipe pixel format for 1280x720 output
[2026-10-02 18:48:57.350] [info] [video] execution plan resolved (reason: required_gpu_native_full_graph); decode=1 composite=2 encode=1 interop=2 handoff=1 codec=3
[2026-10-02 18:48:57.378] [info] [video-runtime] created persistent runtime for device 0 (CUDA ordinal 0)
[2026-10-02 18:48:57.379] [info] [video] encoder feed capability: host_frame=false direct_yuv=false native_surface=true
[2026-10-02 18:48:57.591] [info] [native_av] CUDA context contract: native=0x55aee1b70710 ffmpeg=0x55aee1b70710
[2026-10-02 18:48:57.610] [info] [native_av] NVENC tuning applied: rc=constqp preset=p1 async_depth=4 nvenc_surfaces=8 qp=23 bitrate=0
[2026-10-02 18:48:57.642] [info] [native_av] encoder bitstream contract: codec=27 profile=100 level=-99 pix_fmt=119 parameter_sets=49 materialized=true
[2026-10-02 18:48:57.642] [info] [native_av] Opened native encoder: 1280x720 @ 24fps, codec=h264_nvenc, rc=constqp, preset=p1, output='/tmp/velox-phrase-runtime-cert/inputs/glassmorphism_card_tilt/catalog-motions.partial.mp4'
[2026-10-02 18:48:58.964] [info] [pool-warm] Pre-allocated and pre-imported 6 execution slots (1280x720) for native NVENC
[2026-10-02 18:48:59.062] [info] chronon3d::vulkan text batch formats: dst_image.format=109 atlas_image.format=44 atlas_encoding=2 (shader contract: dst rgba32f, atlas rgba8)
[2026-10-02 18:48:59.063] [info] [temp-lifetime] frame=0 after_level=0 live=[0,1,3,] retired=[]
[2026-10-02 18:48:59.063] [info] [exec-level-diag] frame=0 level=0 nodes=3 input_ms=0.007 dispatch_ms=7.231 fb_release_ms=0.005
[2026-10-02 18:48:59.063] [info] [graph-edge] frame=0 level=1 consumer_id=2 input_index=0 producer_id=0 producer_level=0
[2026-10-02 18:48:59.063] [info] [graph-edge] frame=0 level=1 consumer_id=2 input_index=1 producer_id=1 producer_level=0
[2026-10-02 18:48:59.063] [info] [graph-edge] frame=0 level=1 consumer_id=4 input_index=0 producer_id=3 producer_level=0
[2026-10-02 18:48:59.071] [info] [temp-lifetime] frame=0 after_level=1 live=[2,4,] retired=[0,1,3,]
[2026-10-02 18:48:59.071] [info] [exec-level-diag] frame=0 level=1 nodes=2 input_ms=0.143 dispatch_ms=7.704 fb_release_ms=0.021
[2026-10-02 18:48:59.071] [info] [graph-edge] frame=0 level=2 consumer_id=5 input_index=0 producer_id=2 producer_level=1
[2026-10-02 18:48:59.071] [info] [graph-edge] frame=0 level=2 consumer_id=5 input_index=1 producer_id=4 producer_level=1
[2026-10-02 18:48:59.071] [info] [temp-lifetime] frame=0 after_level=2 live=[5,] retired=[2,4,]
[2026-10-02 18:48:59.071] [info] [exec-level-diag] frame=0 level=2 nodes=1 input_ms=0.100 dispatch_ms=0.184 fb_release_ms=0.008
[2026-10-02 18:48:59.072] [info] [video] Exporting via Arena-backed SIMD pipeline
[2026-10-02 18:48:59.083] [info] [temp-lifetime] frame=1 after_level=0 live=[0,1,3,] retired=[]
[2026-10-02 18:48:59.083] [info] [exec-level-diag] frame=1 level=0 nodes=3 input_ms=0.003 dispatch_ms=1.235 fb_release_ms=0.005
[2026-10-02 18:48:59.083] [info] [graph-edge] frame=1 level=1 consumer_id=2 input_index=0 producer_id=0 producer_level=0
[2026-10-02 18:48:59.084] [info] [graph-edge] frame=1 level=1 consumer_id=2 input_index=1 producer_id=1 producer_level=0
[2026-10-02 18:48:59.084] [info] [graph-edge] frame=1 level=1 consumer_id=4 input_index=0 producer_id=3 producer_level=0
[2026-10-02 18:48:59.084] [info] [temp-lifetime] frame=1 after_level=1 live=[2,4,] retired=[0,1,3,]
[2026-10-02 18:48:59.084] [info] [exec-level-diag] frame=1 level=1 nodes=2 input_ms=0.170 dispatch_ms=0.459 fb_release_ms=0.055
[2026-10-02 18:48:59.084] [info] [graph-edge] frame=1 level=2 consumer_id=5 input_index=0 producer_id=2 producer_level=1
[2026-10-02 18:48:59.084] [info] [graph-edge] frame=1 level=2 consumer_id=5 input_index=1 producer_id=4 producer_level=1
[2026-10-02 18:48:59.085] [info] [temp-lifetime] frame=1 after_level=2 live=[5,] retired=[2,4,]
[2026-10-02 18:48:59.085] [info] [exec-level-diag] frame=1 level=2 nodes=1 input_ms=0.130 dispatch_ms=0.255 fb_release_ms=0.013
[2026-10-02 18:48:59.101] [info] [temp-lifetime] frame=2 after_level=0 live=[0,1,3,] retired=[]
[2026-10-02 18:48:59.101] [info] [exec-level-diag] frame=2 level=0 nodes=3 input_ms=0.003 dispatch_ms=1.251 fb_release_ms=0.005
[2026-10-02 18:48:59.101] [info] [graph-edge] frame=2 level=1 consumer_id=2 input_index=0 producer_id=0 producer_level=0
[2026-10-02 18:48:59.101] [info] [graph-edge] frame=2 level=1 consumer_id=2 input_index=1 producer_id=1 producer_level=0
[2026-10-02 18:48:59.101] [info] [graph-edge] frame=2 level=1 consumer_id=4 input_index=0 producer_id=3 producer_level=0
[2026-10-02 18:48:59.101] [info] [temp-lifetime] frame=2 after_level=1 live=[2,4,] retired=[0,1,3,]
[2026-10-02 18:48:59.101] [info] [exec-level-diag] frame=2 level=1 nodes=2 input_ms=0.122 dispatch_ms=0.507 fb_release_ms=0.019
[2026-10-02 18:48:59.101] [info] [graph-edge] frame=2 level=2 consumer_id=5 input_index=0 producer_id=2 producer_level=1
[2026-10-02 18:48:59.102] [info] [graph-edge] frame=2 level=2 consumer_id=5 input_index=1 producer_id=4 producer_level=1
[2026-10-02 18:48:59.102] [info] [temp-lifetime] frame=2 after_level=2 live=[5,] retired=[2,4,]
[2026-10-02 18:48:59.102] [info] [exec-level-diag] frame=2 level=2 nodes=1 input_ms=0.126 dispatch_ms=0.274 fb_release_ms=0.012
[2026-10-02 18:48:59.102] [info] [video]   4/48 frames
[2026-10-02 18:48:59.148] [info] [video]   8/48 frames
[2026-10-02 18:48:59.198] [info] [video]   12/48 frames
[2026-10-02 18:48:59.242] [info] [video]   16/48 frames
[2026-10-02 18:48:59.289] [info] [video]   20/48 frames
[2026-10-02 18:48:59.331] [info] [video]   24/48 frames
[2026-10-02 18:48:59.356] [info] [vulkan-lifecycle] frame=25 vram_bytes=333283328 live_surfaces=13 surface_bindings=7 registry_live_handles=107 physical_images=13 deferred_releases=2 vma_allocations=50 surfaces_created=157 surfaces_released=150 queue_packages=1 execution_slots_busy=2 command_batch_active=false
[2026-10-02 18:48:59.381] [info] [video]   28/48 frames
[2026-10-02 18:48:59.430] [info] [video]   32/48 frames
[2026-10-02 18:48:59.475] [info] [video]   36/48 frames
[2026-10-02 18:48:59.517] [info] [video]   40/48 frames
[2026-10-02 18:48:59.563] [info] [video]   44/48 frames
[2026-10-02 18:48:59.616] [info] [video]   48/48 frames
[2026-10-02 18:48:59.633] [info] [video] writer join complete
[2026-10-02 18:48:59.633] [info] [drain-debug] start drain, capacity=6
[2026-10-02 18:48:59.633] [info] [drain-debug] slot_id=4 has completion, waiting
[2026-10-02 18:48:59.633] [info] [drain-debug] slot_id=4 wait complete
[2026-10-02 18:48:59.633] [info] [drain-debug] slot_id=5 has completion, waiting
[2026-10-02 18:48:59.633] [info] [drain-debug] slot_id=5 wait complete
[2026-10-02 18:48:59.633] [info] [drain-debug] reap done, busy_count=0
[2026-10-02 18:48:59.633] [info] [video] trimming framebuffer pool
[2026-10-02 18:48:59.633] [info] [video] Released framebuffer pool — memory trimmed
[2026-10-02 18:48:59.633] [info] [video] frame-loop cleanup complete
[2026-10-02 18:48:59.633] [info] [video] Encoder write blocked duration: 0.00 ms
[2026-10-02 18:48:59.634] [info] [video_diag] conversion_and_copy_duration_ms: 0 ms
[2026-10-02 18:48:59.634] [info] [video_diag] conversion_bytes_written=0 encoder_staging_copy_bytes=0 encoder_slot_reuses=0
[2026-10-02 18:48:59.634] [info] [native_av] close: sending encoder flush
[2026-10-02 18:48:59.634] [info] [native_av] close: encoder flush accepted
[2026-10-02 18:48:59.634] [info] [native_av] close: packets drained=true
[2026-10-02 18:48:59.634] [info] [native_av] close: finalizing mux session
[2026-10-02 18:48:59.635] [info] [native_av] close: mux session finalized
[2026-10-02 18:48:59.635] [info] [native_av] Closed native encoder — 48 frames accepted, encoder_packets=48 mux_packets=48 packet_pts=0..47, YUV cache: 0 hits / 0 misses
[2026-10-02 18:48:59.635] [info] [video_native] convert=113.26ms  send_frame=12.06ms  backpressure=0.00ms  flush=1.20ms  receive_packet=0.63ms  mux_write=0.73ms  trailer=0.40ms
[2026-10-02 18:48:59.637] [info] [video] render_ms=639.04 encode_ms=7.98 writer_encode_ms=126.29 wall_ms=2286.60 nvml_stop_ms=0.14
[2026-10-02 18:48:59.637] [info] [video] FFmpeg queue wait duration: 0.44 ms
[2026-10-02 18:48:59.644] [info] [video] copy_eligible=true sha256=504e179e772d4625016b418040a5f5609cb2566744b296c78fd2af622c97b620
[2026-10-02 18:48:59.645] [info] [video] Wrote /tmp/velox-phrase-runtime-cert/inputs/glassmorphism_card_tilt/catalog-motions.mp4
[2026-10-02 18:48:59.645] [info] [startup-profile] total=954.46ms logger=0.09ms cli_bootstrap=9.58ms cli_parse=0.00ms composition=0.34ms plan_read=0.16ms json_parse=2.47ms plan_decode_validate=53.83ms asset_resolve=0.02ms plan_compile=5.97ms other=0.00ms
[2026-10-02 18:48:59.675] [info] [video] Wrote exact per-frame timing sidecar: /tmp/velox-phrase-runtime-cert/inputs/glassmorphism_card_tilt/catalog-motions.mp4.timing.json
[2026-10-02 18:48:59.703] [info] [INFO] job-lifecycle: slot_pool_close_ms=0.0 surface_release_ms=0.1
[2026-10-02 18:48:59.842] [info] [INFO] job-lifecycle: queue_close_ms=0.0 writer_join_ms=0.0 encoder_reset_ms=26.0 decoder_reset_ms=0.0 full_graph_reset_ms=139.0 sink_ctx_reset_ms=0.0 device_runtime_reset_ms=0.0 device_reservation_reset_ms=0.0
[2026-10-02 18:48:59.843] [info] [INFO] job-lifecycle: sidecar_write_ms=32.4 session_teardown_ms=165.4
[2026-10-02 18:48:59.852] [info] [INFO] job-lifecycle: execute_ms=2502.6 receipt_build_ms=0.0 receipt_write_ms=0.0 caller_tail_ms=0.0
