[2026-10-02 18:49:00.092] [info] [overlay-prepare] validated package=/tmp/velox-phrase-runtime-cert/inputs/glitch_slice_band/prepared.json hash=89c536090b6528162c4ca9e35dce60d523059d40d485f4e369265a0f0d18a21a assets=0 text_runs=1 overlays=2
[2026-10-02 18:49:00.096] [info] [asset-profile] kind=3 path=assets/fonts/Poppins-Bold.ttf bytes=155996 cache=miss invalidated=0 stat=0.01ms hash=3.63ms hashed_bytes=155996 total=3.78ms
[2026-10-02 18:49:00.096] [info] [asset-digest-cache] hits=0 misses=1 invalidations=0 bytes_hashed=155996 lookup_ms=0.01 write_ms=0.02 full_hash_ms=3.63
[2026-10-02 18:49:00.098] [info] [plan-profile] read=0.14ms parse=1.64ms decode=51.58ms resolver=0.02ms compile_validate=5.61ms total=61.45ms
[2026-10-02 18:49:00.098] [info] [asset-profile] kind=3 path=assets/fonts/Poppins-Bold.ttf bytes=155996 cache=hit invalidated=0 stat=0.01ms hash=0.00ms hashed_bytes=0 total=0.10ms
[2026-10-02 18:49:00.098] [info] [asset-digest-cache] hits=1 misses=0 invalidations=0 bytes_hashed=0 lookup_ms=0.01 write_ms=0.00 full_hash_ms=0.00
[2026-10-02 18:49:00.101] [info] [plan-compile-profile] assets=0.29ms fingerprint=1.93ms media_resolution=0.00ms materialize=0.19ms composition_compile=0.00ms compatibility_view=0.10ms total=2.87ms
[2026-10-02 18:49:00.101] [info] [video] Auto-selecting yuv420p pipe pixel format for 1280x720 output
[2026-10-02 18:49:00.102] [info] [video] execution plan resolved (reason: required_gpu_native_full_graph); decode=1 composite=2 encode=1 interop=2 handoff=1 codec=3
[2026-10-02 18:49:00.130] [info] [video-runtime] created persistent runtime for device 0 (CUDA ordinal 0)
[2026-10-02 18:49:00.131] [info] [video] encoder feed capability: host_frame=false direct_yuv=false native_surface=true
[2026-10-02 18:49:00.407] [info] [native_av] CUDA context contract: native=0x556c41e70370 ffmpeg=0x556c41e70370
[2026-10-02 18:49:00.427] [info] [native_av] NVENC tuning applied: rc=constqp preset=p1 async_depth=4 nvenc_surfaces=8 qp=23 bitrate=0
[2026-10-02 18:49:00.466] [info] [native_av] encoder bitstream contract: codec=27 profile=100 level=-99 pix_fmt=119 parameter_sets=49 materialized=true
[2026-10-02 18:49:00.466] [info] [native_av] Opened native encoder: 1280x720 @ 24fps, codec=h264_nvenc, rc=constqp, preset=p1, output='/tmp/velox-phrase-runtime-cert/inputs/glitch_slice_band/catalog-motions.partial.mp4'
[2026-10-02 18:49:01.713] [info] [pool-warm] Pre-allocated and pre-imported 6 execution slots (1280x720) for native NVENC
[2026-10-02 18:49:01.808] [info] chronon3d::vulkan text batch formats: dst_image.format=109 atlas_image.format=44 atlas_encoding=2 (shader contract: dst rgba32f, atlas rgba8)
[2026-10-02 18:49:01.808] [info] [temp-lifetime] frame=0 after_level=0 live=[0,1,3,] retired=[]
[2026-10-02 18:49:01.808] [info] [exec-level-diag] frame=0 level=0 nodes=3 input_ms=0.007 dispatch_ms=5.202 fb_release_ms=0.005
[2026-10-02 18:49:01.808] [info] [graph-edge] frame=0 level=1 consumer_id=2 input_index=0 producer_id=0 producer_level=0
[2026-10-02 18:49:01.808] [info] [graph-edge] frame=0 level=1 consumer_id=2 input_index=1 producer_id=1 producer_level=0
[2026-10-02 18:49:01.808] [info] [graph-edge] frame=0 level=1 consumer_id=4 input_index=0 producer_id=3 producer_level=0
[2026-10-02 18:49:01.812] [info] [temp-lifetime] frame=0 after_level=1 live=[2,4,] retired=[0,1,3,]
[2026-10-02 18:49:01.813] [info] [exec-level-diag] frame=0 level=1 nodes=2 input_ms=0.132 dispatch_ms=3.876 fb_release_ms=0.021
[2026-10-02 18:49:01.813] [info] [graph-edge] frame=0 level=2 consumer_id=5 input_index=0 producer_id=2 producer_level=1
[2026-10-02 18:49:01.813] [info] [graph-edge] frame=0 level=2 consumer_id=5 input_index=1 producer_id=4 producer_level=1
[2026-10-02 18:49:01.813] [info] [temp-lifetime] frame=0 after_level=2 live=[5,] retired=[2,4,]
[2026-10-02 18:49:01.813] [info] [exec-level-diag] frame=0 level=2 nodes=1 input_ms=0.160 dispatch_ms=0.213 fb_release_ms=0.008
[2026-10-02 18:49:01.814] [info] [video] Exporting via Arena-backed SIMD pipeline
[2026-10-02 18:49:01.823] [info] [temp-lifetime] frame=1 after_level=0 live=[0,1,3,] retired=[]
[2026-10-02 18:49:01.823] [info] [exec-level-diag] frame=1 level=0 nodes=3 input_ms=0.003 dispatch_ms=1.078 fb_release_ms=0.004
[2026-10-02 18:49:01.823] [info] [graph-edge] frame=1 level=1 consumer_id=2 input_index=0 producer_id=0 producer_level=0
[2026-10-02 18:49:01.823] [info] [graph-edge] frame=1 level=1 consumer_id=2 input_index=1 producer_id=1 producer_level=0
[2026-10-02 18:49:01.824] [info] [graph-edge] frame=1 level=1 consumer_id=4 input_index=0 producer_id=3 producer_level=0
[2026-10-02 18:49:01.824] [info] [temp-lifetime] frame=1 after_level=1 live=[2,4,] retired=[0,1,3,]
[2026-10-02 18:49:01.824] [info] [exec-level-diag] frame=1 level=1 nodes=2 input_ms=0.124 dispatch_ms=0.408 fb_release_ms=0.012
[2026-10-02 18:49:01.824] [info] [graph-edge] frame=1 level=2 consumer_id=5 input_index=0 producer_id=2 producer_level=1
[2026-10-02 18:49:01.824] [info] [graph-edge] frame=1 level=2 consumer_id=5 input_index=1 producer_id=4 producer_level=1
[2026-10-02 18:49:01.824] [info] [temp-lifetime] frame=1 after_level=2 live=[5,] retired=[2,4,]
[2026-10-02 18:49:01.824] [info] [exec-level-diag] frame=1 level=2 nodes=1 input_ms=0.094 dispatch_ms=0.177 fb_release_ms=0.009
[2026-10-02 18:49:01.839] [info] [temp-lifetime] frame=2 after_level=0 live=[0,1,3,] retired=[]
[2026-10-02 18:49:01.839] [info] [exec-level-diag] frame=2 level=0 nodes=3 input_ms=0.003 dispatch_ms=1.415 fb_release_ms=0.004
[2026-10-02 18:49:01.839] [info] [graph-edge] frame=2 level=1 consumer_id=2 input_index=0 producer_id=0 producer_level=0
[2026-10-02 18:49:01.839] [info] [graph-edge] frame=2 level=1 consumer_id=2 input_index=1 producer_id=1 producer_level=0
[2026-10-02 18:49:01.839] [info] [graph-edge] frame=2 level=1 consumer_id=4 input_index=0 producer_id=3 producer_level=0
[2026-10-02 18:49:01.840] [info] [temp-lifetime] frame=2 after_level=1 live=[2,4,] retired=[0,1,3,]
[2026-10-02 18:49:01.840] [info] [exec-level-diag] frame=2 level=1 nodes=2 input_ms=0.116 dispatch_ms=0.644 fb_release_ms=0.013
[2026-10-02 18:49:01.840] [info] [graph-edge] frame=2 level=2 consumer_id=5 input_index=0 producer_id=2 producer_level=1
[2026-10-02 18:49:01.840] [info] [graph-edge] frame=2 level=2 consumer_id=5 input_index=1 producer_id=4 producer_level=1
[2026-10-02 18:49:01.840] [info] [temp-lifetime] frame=2 after_level=2 live=[5,] retired=[2,4,]
[2026-10-02 18:49:01.840] [info] [exec-level-diag] frame=2 level=2 nodes=1 input_ms=0.090 dispatch_ms=0.190 fb_release_ms=0.008
[2026-10-02 18:49:01.840] [info] [video]   4/48 frames
[2026-10-02 18:49:01.890] [info] [video]   8/48 frames
[2026-10-02 18:49:01.933] [info] [video]   12/48 frames
[2026-10-02 18:49:01.978] [info] [video]   16/48 frames
[2026-10-02 18:49:02.024] [info] [video]   20/48 frames
[2026-10-02 18:49:02.074] [info] [video]   24/48 frames
[2026-10-02 18:49:02.096] [info] [vulkan-lifecycle] frame=25 vram_bytes=333283328 live_surfaces=13 surface_bindings=7 registry_live_handles=107 physical_images=13 deferred_releases=2 vma_allocations=45 surfaces_created=157 surfaces_released=150 queue_packages=1 execution_slots_busy=2 command_batch_active=false
[2026-10-02 18:49:02.118] [info] [video]   28/48 frames
[2026-10-02 18:49:02.166] [info] [video]   32/48 frames
[2026-10-02 18:49:02.214] [info] [video]   36/48 frames
[2026-10-02 18:49:02.253] [info] [video]   40/48 frames
[2026-10-02 18:49:02.299] [info] [video]   44/48 frames
[2026-10-02 18:49:02.346] [info] [video]   48/48 frames
[2026-10-02 18:49:02.362] [info] [video] writer join complete
[2026-10-02 18:49:02.362] [info] [drain-debug] start drain, capacity=6
[2026-10-02 18:49:02.362] [info] [drain-debug] slot_id=4 has completion, waiting
[2026-10-02 18:49:02.362] [info] [drain-debug] slot_id=4 wait complete
[2026-10-02 18:49:02.362] [info] [drain-debug] slot_id=5 has completion, waiting
[2026-10-02 18:49:02.362] [info] [drain-debug] slot_id=5 wait complete
[2026-10-02 18:49:02.362] [info] [drain-debug] reap done, busy_count=0
[2026-10-02 18:49:02.363] [info] [video] trimming framebuffer pool
[2026-10-02 18:49:02.363] [info] [video] Released framebuffer pool — memory trimmed
[2026-10-02 18:49:02.363] [info] [video] frame-loop cleanup complete
[2026-10-02 18:49:02.363] [info] [video] Encoder write blocked duration: 0.00 ms
[2026-10-02 18:49:02.363] [info] [video_diag] conversion_and_copy_duration_ms: 0 ms
[2026-10-02 18:49:02.363] [info] [video_diag] conversion_bytes_written=0 encoder_staging_copy_bytes=0 encoder_slot_reuses=0
[2026-10-02 18:49:02.363] [info] [native_av] close: sending encoder flush
[2026-10-02 18:49:02.363] [info] [native_av] close: encoder flush accepted
[2026-10-02 18:49:02.363] [info] [native_av] close: packets drained=true
[2026-10-02 18:49:02.364] [info] [native_av] close: finalizing mux session
[2026-10-02 18:49:02.364] [info] [native_av] close: mux session finalized
[2026-10-02 18:49:02.364] [info] [native_av] Closed native encoder — 48 frames accepted, encoder_packets=48 mux_packets=48 packet_pts=0..47, YUV cache: 0 hits / 0 misses
[2026-10-02 18:49:02.364] [info] [video_native] convert=115.75ms  send_frame=12.40ms  backpressure=0.00ms  flush=1.07ms  receive_packet=0.53ms  mux_write=0.60ms  trailer=0.36ms
[2026-10-02 18:49:02.366] [info] [video] render_ms=618.19 encode_ms=7.95 writer_encode_ms=129.46 wall_ms=2264.09 nvml_stop_ms=0.15
[2026-10-02 18:49:02.366] [info] [video] FFmpeg queue wait duration: 0.39 ms
[2026-10-02 18:49:02.374] [info] [video] copy_eligible=true sha256=116dea317f7ad01af2ff48406b7c1917afea7684df57186a427225e23d4ca1cb
[2026-10-02 18:49:02.374] [info] [video] Wrote /tmp/velox-phrase-runtime-cert/inputs/glitch_slice_band/catalog-motions.mp4
[2026-10-02 18:49:02.374] [info] [startup-profile] total=991.72ms logger=0.10ms cli_bootstrap=10.11ms cli_parse=0.00ms composition=0.33ms plan_read=0.14ms json_parse=1.64ms plan_decode_validate=51.58ms asset_resolve=0.02ms plan_compile=5.61ms other=0.00ms
[2026-10-02 18:49:02.404] [info] [video] Wrote exact per-frame timing sidecar: /tmp/velox-phrase-runtime-cert/inputs/glitch_slice_band/catalog-motions.mp4.timing.json
[2026-10-02 18:49:02.433] [info] [INFO] job-lifecycle: slot_pool_close_ms=0.0 surface_release_ms=0.1
[2026-10-02 18:49:02.561] [info] [INFO] job-lifecycle: queue_close_ms=0.0 writer_join_ms=0.0 encoder_reset_ms=27.0 decoder_reset_ms=0.0 full_graph_reset_ms=127.9 sink_ctx_reset_ms=0.0 device_runtime_reset_ms=0.0 device_reservation_reset_ms=0.0
[2026-10-02 18:49:02.561] [info] [INFO] job-lifecycle: sidecar_write_ms=31.8 session_teardown_ms=155.4
[2026-10-02 18:49:02.571] [info] [INFO] job-lifecycle: execute_ms=2469.3 receipt_build_ms=0.0 receipt_write_ms=0.0 caller_tail_ms=0.0
