[2026-10-02 18:51:16.069] [info] [overlay-prepare] validated package=/tmp/velox-phrase-runtime-cert/inputs/hero_scale_focus/prepared.json hash=60c00c76c3895e6c98cd0f471f32f46174e38f1c1eed0f9ff7b9629044ba1bfe assets=0 text_runs=1 overlays=2
[2026-10-02 18:51:16.073] [info] [asset-profile] kind=3 path=assets/fonts/Poppins-Bold.ttf bytes=155996 cache=miss invalidated=0 stat=0.01ms hash=3.55ms hashed_bytes=155996 total=3.82ms
[2026-10-02 18:51:16.073] [info] [asset-digest-cache] hits=0 misses=1 invalidations=0 bytes_hashed=155996 lookup_ms=0.01 write_ms=0.07 full_hash_ms=3.55
[2026-10-02 18:51:16.076] [info] [plan-profile] read=0.19ms parse=3.03ms decode=58.17ms resolver=0.03ms compile_validate=6.77ms total=72.50ms
[2026-10-02 18:51:16.076] [info] [asset-profile] kind=3 path=assets/fonts/Poppins-Bold.ttf bytes=155996 cache=hit invalidated=0 stat=0.01ms hash=0.00ms hashed_bytes=0 total=0.14ms
[2026-10-02 18:51:16.076] [info] [asset-digest-cache] hits=1 misses=0 invalidations=0 bytes_hashed=0 lookup_ms=0.02 write_ms=0.00 full_hash_ms=0.00
[2026-10-02 18:51:16.080] [info] [plan-compile-profile] assets=0.26ms fingerprint=3.26ms media_resolution=0.00ms materialize=0.19ms composition_compile=0.00ms compatibility_view=0.18ms total=4.27ms
[2026-10-02 18:51:16.081] [info] [video] Auto-selecting yuv420p pipe pixel format for 1280x720 output
[2026-10-02 18:51:16.081] [info] [video] execution plan resolved (reason: required_gpu_native_full_graph); decode=1 composite=2 encode=1 interop=2 handoff=1 codec=3
[2026-10-02 18:51:16.101] [info] [video-runtime] created persistent runtime for device 0 (CUDA ordinal 0)
[2026-10-02 18:51:16.101] [info] [video] encoder feed capability: host_frame=false direct_yuv=false native_surface=true
[2026-10-02 18:51:16.481] [info] [native_av] CUDA context contract: native=0x55700f9fd400 ffmpeg=0x55700f9fd400
[2026-10-02 18:51:16.504] [info] [native_av] NVENC tuning applied: rc=constqp preset=p1 async_depth=4 nvenc_surfaces=8 qp=23 bitrate=0
[2026-10-02 18:51:16.541] [info] [native_av] encoder bitstream contract: codec=27 profile=100 level=-99 pix_fmt=119 parameter_sets=49 materialized=true
[2026-10-02 18:51:16.542] [info] [native_av] Opened native encoder: 1280x720 @ 24fps, codec=h264_nvenc, rc=constqp, preset=p1, output='/tmp/velox-phrase-runtime-cert/inputs/hero_scale_focus/catalog-motions.partial.mp4'
[2026-10-02 18:51:17.947] [info] [pool-warm] Pre-allocated and pre-imported 6 execution slots (1280x720) for native NVENC
[2026-10-02 18:51:18.044] [info] chronon3d::vulkan text batch formats: dst_image.format=109 atlas_image.format=44 atlas_encoding=2 (shader contract: dst rgba32f, atlas rgba8)
[2026-10-02 18:51:18.044] [info] [temp-lifetime] frame=0 after_level=0 live=[0,1,3,] retired=[]
[2026-10-02 18:51:18.044] [info] [exec-level-diag] frame=0 level=0 nodes=3 input_ms=0.006 dispatch_ms=6.110 fb_release_ms=0.005
[2026-10-02 18:51:18.045] [info] [graph-edge] frame=0 level=1 consumer_id=2 input_index=0 producer_id=0 producer_level=0
[2026-10-02 18:51:18.045] [info] [graph-edge] frame=0 level=1 consumer_id=2 input_index=1 producer_id=1 producer_level=0
[2026-10-02 18:51:18.045] [info] [graph-edge] frame=0 level=1 consumer_id=4 input_index=0 producer_id=3 producer_level=0
[2026-10-02 18:51:18.049] [info] [temp-lifetime] frame=0 after_level=1 live=[2,4,] retired=[0,1,3,]
[2026-10-02 18:51:18.049] [info] [exec-level-diag] frame=0 level=1 nodes=2 input_ms=0.040 dispatch_ms=4.468 fb_release_ms=0.024
[2026-10-02 18:51:18.049] [info] [graph-edge] frame=0 level=2 consumer_id=5 input_index=0 producer_id=2 producer_level=1
[2026-10-02 18:51:18.049] [info] [graph-edge] frame=0 level=2 consumer_id=5 input_index=1 producer_id=4 producer_level=1
[2026-10-02 18:51:18.049] [info] [temp-lifetime] frame=0 after_level=2 live=[5,] retired=[2,4,]
[2026-10-02 18:51:18.049] [info] [exec-level-diag] frame=0 level=2 nodes=1 input_ms=0.034 dispatch_ms=0.236 fb_release_ms=0.013
[2026-10-02 18:51:18.050] [info] [video] Exporting via Arena-backed SIMD pipeline
[2026-10-02 18:51:18.064] [info] [temp-lifetime] frame=1 after_level=0 live=[0,1,3,] retired=[]
[2026-10-02 18:51:18.064] [info] [exec-level-diag] frame=1 level=0 nodes=3 input_ms=0.004 dispatch_ms=1.025 fb_release_ms=0.004
[2026-10-02 18:51:18.064] [info] [graph-edge] frame=1 level=1 consumer_id=2 input_index=0 producer_id=0 producer_level=0
[2026-10-02 18:51:18.064] [info] [graph-edge] frame=1 level=1 consumer_id=2 input_index=1 producer_id=1 producer_level=0
[2026-10-02 18:51:18.064] [info] [graph-edge] frame=1 level=1 consumer_id=4 input_index=0 producer_id=3 producer_level=0
[2026-10-02 18:51:18.064] [info] [temp-lifetime] frame=1 after_level=1 live=[2,4,] retired=[0,1,3,]
[2026-10-02 18:51:18.064] [info] [exec-level-diag] frame=1 level=1 nodes=2 input_ms=0.060 dispatch_ms=0.429 fb_release_ms=0.020
[2026-10-02 18:51:18.064] [info] [graph-edge] frame=1 level=2 consumer_id=5 input_index=0 producer_id=2 producer_level=1
[2026-10-02 18:51:18.064] [info] [graph-edge] frame=1 level=2 consumer_id=5 input_index=1 producer_id=4 producer_level=1
[2026-10-02 18:51:18.065] [info] [temp-lifetime] frame=1 after_level=2 live=[5,] retired=[2,4,]
[2026-10-02 18:51:18.065] [info] [exec-level-diag] frame=1 level=2 nodes=1 input_ms=0.042 dispatch_ms=0.238 fb_release_ms=0.012
[2026-10-02 18:51:18.079] [info] [temp-lifetime] frame=2 after_level=0 live=[0,1,3,] retired=[]
[2026-10-02 18:51:18.079] [info] [exec-level-diag] frame=2 level=0 nodes=3 input_ms=0.003 dispatch_ms=1.365 fb_release_ms=0.004
[2026-10-02 18:51:18.079] [info] [graph-edge] frame=2 level=1 consumer_id=2 input_index=0 producer_id=0 producer_level=0
[2026-10-02 18:51:18.079] [info] [graph-edge] frame=2 level=1 consumer_id=2 input_index=1 producer_id=1 producer_level=0
[2026-10-02 18:51:18.079] [info] [graph-edge] frame=2 level=1 consumer_id=4 input_index=0 producer_id=3 producer_level=0
[2026-10-02 18:51:18.080] [info] [temp-lifetime] frame=2 after_level=1 live=[2,4,] retired=[0,1,3,]
[2026-10-02 18:51:18.080] [info] [exec-level-diag] frame=2 level=1 nodes=2 input_ms=0.028 dispatch_ms=0.537 fb_release_ms=0.012
[2026-10-02 18:51:18.080] [info] [graph-edge] frame=2 level=2 consumer_id=5 input_index=0 producer_id=2 producer_level=1
[2026-10-02 18:51:18.080] [info] [graph-edge] frame=2 level=2 consumer_id=5 input_index=1 producer_id=4 producer_level=1
[2026-10-02 18:51:18.080] [info] [temp-lifetime] frame=2 after_level=2 live=[5,] retired=[2,4,]
[2026-10-02 18:51:18.080] [info] [exec-level-diag] frame=2 level=2 nodes=1 input_ms=0.021 dispatch_ms=0.173 fb_release_ms=0.008
[2026-10-02 18:51:18.080] [info] [video]   4/48 frames
[2026-10-02 18:51:18.129] [info] [video]   8/48 frames
[2026-10-02 18:51:18.174] [info] [video]   12/48 frames
[2026-10-02 18:51:18.222] [info] [video]   16/48 frames
[2026-10-02 18:51:18.271] [info] [video]   20/48 frames
[2026-10-02 18:51:18.323] [info] [video]   24/48 frames
[2026-10-02 18:51:18.345] [info] [vulkan-lifecycle] frame=25 vram_bytes=333283328 live_surfaces=13 surface_bindings=7 registry_live_handles=107 physical_images=13 deferred_releases=2 vma_allocations=45 surfaces_created=157 surfaces_released=150 queue_packages=1 execution_slots_busy=2 command_batch_active=false
[2026-10-02 18:51:18.368] [info] [video]   28/48 frames
[2026-10-02 18:51:18.425] [info] [video]   32/48 frames
[2026-10-02 18:51:18.484] [info] [video]   36/48 frames
[2026-10-02 18:51:18.532] [info] [video]   40/48 frames
[2026-10-02 18:51:18.590] [info] [video]   44/48 frames
[2026-10-02 18:51:18.639] [info] [video]   48/48 frames
[2026-10-02 18:51:18.656] [info] [video] writer join complete
[2026-10-02 18:51:18.656] [info] [drain-debug] start drain, capacity=6
[2026-10-02 18:51:18.656] [info] [drain-debug] slot_id=4 has completion, waiting
[2026-10-02 18:51:18.656] [info] [drain-debug] slot_id=4 wait complete
[2026-10-02 18:51:18.656] [info] [drain-debug] slot_id=5 has completion, waiting
[2026-10-02 18:51:18.657] [info] [drain-debug] slot_id=5 wait complete
[2026-10-02 18:51:18.657] [info] [drain-debug] reap done, busy_count=0
[2026-10-02 18:51:18.657] [info] [video] trimming framebuffer pool
[2026-10-02 18:51:18.657] [info] [video] Released framebuffer pool — memory trimmed
[2026-10-02 18:51:18.657] [info] [video] frame-loop cleanup complete
[2026-10-02 18:51:18.657] [info] [video] Encoder write blocked duration: 0.00 ms
[2026-10-02 18:51:18.657] [info] [video_diag] conversion_and_copy_duration_ms: 0 ms
[2026-10-02 18:51:18.657] [info] [video_diag] conversion_bytes_written=0 encoder_staging_copy_bytes=0 encoder_slot_reuses=0
[2026-10-02 18:51:18.657] [info] [native_av] close: sending encoder flush
[2026-10-02 18:51:18.657] [info] [native_av] close: encoder flush accepted
[2026-10-02 18:51:18.658] [info] [native_av] close: packets drained=true
[2026-10-02 18:51:18.658] [info] [native_av] close: finalizing mux session
[2026-10-02 18:51:18.658] [info] [native_av] close: mux session finalized
[2026-10-02 18:51:18.658] [info] [native_av] Closed native encoder — 48 frames accepted, encoder_packets=48 mux_packets=48 packet_pts=0..47, YUV cache: 0 hits / 0 misses
[2026-10-02 18:51:18.658] [info] [video_native] convert=107.61ms  send_frame=14.64ms  backpressure=0.00ms  flush=1.19ms  receive_packet=0.85ms  mux_write=0.93ms  trailer=0.27ms
[2026-10-02 18:51:18.660] [info] [video] render_ms=678.34 encode_ms=7.94 writer_encode_ms=123.27 wall_ms=2578.90 nvml_stop_ms=0.16
[2026-10-02 18:51:18.660] [info] [video] FFmpeg queue wait duration: 0.50 ms
[2026-10-02 18:51:18.671] [info] [video] copy_eligible=true sha256=3f30c59b66412ab48d235a0e7c789506fdc61e51f5e30fb027d26f5151020d54
[2026-10-02 18:51:18.671] [info] [video] Wrote /tmp/velox-phrase-runtime-cert/inputs/hero_scale_focus/catalog-motions.mp4
[2026-10-02 18:51:18.671] [info] [startup-profile] total=1208.21ms logger=0.10ms cli_bootstrap=10.00ms cli_parse=0.00ms composition=0.33ms plan_read=0.19ms json_parse=3.03ms plan_decode_validate=58.17ms asset_resolve=0.03ms plan_compile=6.77ms other=0.00ms
[2026-10-02 18:51:18.702] [info] [video] Wrote exact per-frame timing sidecar: /tmp/velox-phrase-runtime-cert/inputs/hero_scale_focus/catalog-motions.mp4.timing.json
[2026-10-02 18:51:18.737] [info] [INFO] job-lifecycle: slot_pool_close_ms=0.0 surface_release_ms=0.1
[2026-10-02 18:51:18.878] [info] [INFO] job-lifecycle: queue_close_ms=0.0 writer_join_ms=0.0 encoder_reset_ms=30.7 decoder_reset_ms=0.0 full_graph_reset_ms=141.9 sink_ctx_reset_ms=0.0 device_runtime_reset_ms=0.0 device_reservation_reset_ms=0.0
[2026-10-02 18:51:18.879] [info] [INFO] job-lifecycle: sidecar_write_ms=34.6 session_teardown_ms=172.9
[2026-10-02 18:51:18.888] [info] [INFO] job-lifecycle: execute_ms=2807.3 receipt_build_ms=0.0 receipt_write_ms=0.0 caller_tail_ms=0.0
