[2026-10-02 18:49:02.815] [info] [overlay-prepare] validated package=/tmp/velox-phrase-runtime-cert/inputs/high_specular_light_sweep/prepared.json hash=31b29c4951e96ded241412580c277e515e9859155278744492ee88c86c972cae assets=0 text_runs=1 overlays=2
[2026-10-02 18:49:02.819] [info] [asset-profile] kind=3 path=assets/fonts/Poppins-Bold.ttf bytes=155996 cache=miss invalidated=0 stat=0.01ms hash=3.58ms hashed_bytes=155996 total=3.71ms
[2026-10-02 18:49:02.819] [info] [asset-digest-cache] hits=0 misses=1 invalidations=0 bytes_hashed=155996 lookup_ms=0.01 write_ms=0.01 full_hash_ms=3.58
[2026-10-02 18:49:02.821] [info] [plan-profile] read=0.13ms parse=2.37ms decode=54.45ms resolver=0.03ms compile_validate=5.99ms total=66.15ms
[2026-10-02 18:49:02.822] [info] [asset-profile] kind=3 path=assets/fonts/Poppins-Bold.ttf bytes=155996 cache=hit invalidated=0 stat=0.01ms hash=0.00ms hashed_bytes=0 total=0.10ms
[2026-10-02 18:49:02.822] [info] [asset-digest-cache] hits=1 misses=0 invalidations=0 bytes_hashed=0 lookup_ms=0.01 write_ms=0.00 full_hash_ms=0.00
[2026-10-02 18:49:02.825] [info] [plan-compile-profile] assets=0.28ms fingerprint=2.65ms media_resolution=0.00ms materialize=0.17ms composition_compile=0.00ms compatibility_view=0.16ms total=3.62ms
[2026-10-02 18:49:02.826] [info] [video] Auto-selecting yuv420p pipe pixel format for 1280x720 output
[2026-10-02 18:49:02.826] [info] [video] execution plan resolved (reason: required_gpu_native_full_graph); decode=1 composite=2 encode=1 interop=2 handoff=1 codec=3
[2026-10-02 18:49:02.843] [info] [video-runtime] created persistent runtime for device 0 (CUDA ordinal 0)
[2026-10-02 18:49:02.844] [info] [video] encoder feed capability: host_frame=false direct_yuv=false native_surface=true
[2026-10-02 18:49:03.066] [info] [native_av] CUDA context contract: native=0x5636e312c4c0 ffmpeg=0x5636e312c4c0
[2026-10-02 18:49:03.085] [info] [native_av] NVENC tuning applied: rc=constqp preset=p1 async_depth=4 nvenc_surfaces=8 qp=23 bitrate=0
[2026-10-02 18:49:03.117] [info] [native_av] encoder bitstream contract: codec=27 profile=100 level=-99 pix_fmt=119 parameter_sets=49 materialized=true
[2026-10-02 18:49:03.117] [info] [native_av] Opened native encoder: 1280x720 @ 24fps, codec=h264_nvenc, rc=constqp, preset=p1, output='/tmp/velox-phrase-runtime-cert/inputs/high_specular_light_sweep/catalog-motions.partial.mp4'
[2026-10-02 18:49:04.323] [info] [pool-warm] Pre-allocated and pre-imported 6 execution slots (1280x720) for native NVENC
[2026-10-02 18:49:04.438] [info] chronon3d::vulkan text batch formats: dst_image.format=109 atlas_image.format=44 atlas_encoding=2 (shader contract: dst rgba32f, atlas rgba8)
[2026-10-02 18:49:04.439] [info] [temp-lifetime] frame=0 after_level=0 live=[0,1,3,] retired=[]
[2026-10-02 18:49:04.439] [info] [exec-level-diag] frame=0 level=0 nodes=3 input_ms=0.006 dispatch_ms=5.487 fb_release_ms=0.005
[2026-10-02 18:49:04.439] [info] [graph-edge] frame=0 level=1 consumer_id=2 input_index=0 producer_id=0 producer_level=0
[2026-10-02 18:49:04.439] [info] [graph-edge] frame=0 level=1 consumer_id=2 input_index=1 producer_id=1 producer_level=0
[2026-10-02 18:49:04.439] [info] [graph-edge] frame=0 level=1 consumer_id=4 input_index=0 producer_id=3 producer_level=0
[2026-10-02 18:49:04.445] [info] [temp-lifetime] frame=0 after_level=1 live=[2,4,] retired=[0,1,3,]
[2026-10-02 18:49:04.445] [info] [exec-level-diag] frame=0 level=1 nodes=2 input_ms=0.030 dispatch_ms=5.691 fb_release_ms=0.020
[2026-10-02 18:49:04.445] [info] [graph-edge] frame=0 level=2 consumer_id=5 input_index=0 producer_id=2 producer_level=1
[2026-10-02 18:49:04.445] [info] [graph-edge] frame=0 level=2 consumer_id=5 input_index=1 producer_id=4 producer_level=1
[2026-10-02 18:49:04.445] [info] [temp-lifetime] frame=0 after_level=2 live=[5,] retired=[2,4,]
[2026-10-02 18:49:04.445] [info] [exec-level-diag] frame=0 level=2 nodes=1 input_ms=0.114 dispatch_ms=0.181 fb_release_ms=0.008
[2026-10-02 18:49:04.446] [info] [video] Exporting via Arena-backed SIMD pipeline
[2026-10-02 18:49:04.455] [info] [temp-lifetime] frame=1 after_level=0 live=[0,1,3,] retired=[]
[2026-10-02 18:49:04.455] [info] [exec-level-diag] frame=1 level=0 nodes=3 input_ms=0.003 dispatch_ms=1.078 fb_release_ms=0.003
[2026-10-02 18:49:04.455] [info] [graph-edge] frame=1 level=1 consumer_id=2 input_index=0 producer_id=0 producer_level=0
[2026-10-02 18:49:04.456] [info] [graph-edge] frame=1 level=1 consumer_id=2 input_index=1 producer_id=1 producer_level=0
[2026-10-02 18:49:04.456] [info] [graph-edge] frame=1 level=1 consumer_id=4 input_index=0 producer_id=3 producer_level=0
[2026-10-02 18:49:04.457] [info] [temp-lifetime] frame=1 after_level=1 live=[2,4,] retired=[0,1,3,]
[2026-10-02 18:49:04.457] [info] [exec-level-diag] frame=1 level=1 nodes=2 input_ms=0.121 dispatch_ms=1.545 fb_release_ms=0.015
[2026-10-02 18:49:04.457] [info] [graph-edge] frame=1 level=2 consumer_id=5 input_index=0 producer_id=2 producer_level=1
[2026-10-02 18:49:04.457] [info] [graph-edge] frame=1 level=2 consumer_id=5 input_index=1 producer_id=4 producer_level=1
[2026-10-02 18:49:04.458] [info] [temp-lifetime] frame=1 after_level=2 live=[5,] retired=[2,4,]
[2026-10-02 18:49:04.458] [info] [exec-level-diag] frame=1 level=2 nodes=1 input_ms=0.089 dispatch_ms=0.181 fb_release_ms=0.009
[2026-10-02 18:49:04.472] [info] [temp-lifetime] frame=2 after_level=0 live=[0,1,3,] retired=[]
[2026-10-02 18:49:04.472] [info] [exec-level-diag] frame=2 level=0 nodes=3 input_ms=0.004 dispatch_ms=0.866 fb_release_ms=0.003
[2026-10-02 18:49:04.472] [info] [graph-edge] frame=2 level=1 consumer_id=2 input_index=0 producer_id=0 producer_level=0
[2026-10-02 18:49:04.472] [info] [graph-edge] frame=2 level=1 consumer_id=2 input_index=1 producer_id=1 producer_level=0
[2026-10-02 18:49:04.472] [info] [graph-edge] frame=2 level=1 consumer_id=4 input_index=0 producer_id=3 producer_level=0
[2026-10-02 18:49:04.472] [info] [temp-lifetime] frame=2 after_level=1 live=[2,4,] retired=[0,1,3,]
[2026-10-02 18:49:04.473] [info] [exec-level-diag] frame=2 level=1 nodes=2 input_ms=0.122 dispatch_ms=0.469 fb_release_ms=0.013
[2026-10-02 18:49:04.473] [info] [graph-edge] frame=2 level=2 consumer_id=5 input_index=0 producer_id=2 producer_level=1
[2026-10-02 18:49:04.473] [info] [graph-edge] frame=2 level=2 consumer_id=5 input_index=1 producer_id=4 producer_level=1
[2026-10-02 18:49:04.473] [info] [temp-lifetime] frame=2 after_level=2 live=[5,] retired=[2,4,]
[2026-10-02 18:49:04.473] [info] [exec-level-diag] frame=2 level=2 nodes=1 input_ms=0.089 dispatch_ms=0.207 fb_release_ms=0.009
[2026-10-02 18:49:04.473] [info] [video]   4/48 frames
[2026-10-02 18:49:04.527] [info] [video]   8/48 frames
[2026-10-02 18:49:04.573] [info] [video]   12/48 frames
[2026-10-02 18:49:04.617] [info] [video]   16/48 frames
[2026-10-02 18:49:04.663] [info] [video]   20/48 frames
[2026-10-02 18:49:04.707] [info] [video]   24/48 frames
[2026-10-02 18:49:04.732] [info] [vulkan-lifecycle] frame=25 vram_bytes=333283328 live_surfaces=13 surface_bindings=7 registry_live_handles=107 physical_images=13 deferred_releases=2 vma_allocations=45 surfaces_created=157 surfaces_released=150 queue_packages=1 execution_slots_busy=2 command_batch_active=false
[2026-10-02 18:49:04.754] [info] [video]   28/48 frames
[2026-10-02 18:49:04.801] [info] [video]   32/48 frames
[2026-10-02 18:49:04.851] [info] [video]   36/48 frames
[2026-10-02 18:49:04.898] [info] [video]   40/48 frames
[2026-10-02 18:49:04.956] [info] [video]   44/48 frames
[2026-10-02 18:49:05.010] [info] [video]   48/48 frames
[2026-10-02 18:49:05.024] [info] [video] writer join complete
[2026-10-02 18:49:05.024] [info] [drain-debug] start drain, capacity=6
[2026-10-02 18:49:05.024] [info] [drain-debug] slot_id=4 has completion, waiting
[2026-10-02 18:49:05.024] [info] [drain-debug] slot_id=4 wait complete
[2026-10-02 18:49:05.024] [info] [drain-debug] slot_id=5 has completion, waiting
[2026-10-02 18:49:05.024] [info] [drain-debug] slot_id=5 wait complete
[2026-10-02 18:49:05.024] [info] [drain-debug] reap done, busy_count=0
[2026-10-02 18:49:05.025] [info] [video] trimming framebuffer pool
[2026-10-02 18:49:05.025] [info] [video] Released framebuffer pool — memory trimmed
[2026-10-02 18:49:05.025] [info] [video] frame-loop cleanup complete
[2026-10-02 18:49:05.025] [info] [video] Encoder write blocked duration: 0.00 ms
[2026-10-02 18:49:05.025] [info] [video_diag] conversion_and_copy_duration_ms: 0 ms
[2026-10-02 18:49:05.025] [info] [video_diag] conversion_bytes_written=0 encoder_staging_copy_bytes=0 encoder_slot_reuses=0
[2026-10-02 18:49:05.025] [info] [native_av] close: sending encoder flush
[2026-10-02 18:49:05.025] [info] [native_av] close: encoder flush accepted
[2026-10-02 18:49:05.025] [info] [native_av] close: packets drained=true
[2026-10-02 18:49:05.026] [info] [native_av] close: finalizing mux session
[2026-10-02 18:49:05.026] [info] [native_av] close: mux session finalized
[2026-10-02 18:49:05.026] [info] [native_av] Closed native encoder — 48 frames accepted, encoder_packets=48 mux_packets=48 packet_pts=0..47, YUV cache: 0 hits / 0 misses
[2026-10-02 18:49:05.026] [info] [video_native] convert=111.47ms  send_frame=13.60ms  backpressure=0.00ms  flush=1.06ms  receive_packet=0.56ms  mux_write=0.89ms  trailer=0.32ms
[2026-10-02 18:49:05.027] [info] [video] render_ms=671.57 encode_ms=7.52 writer_encode_ms=126.69 wall_ms=2201.37 nvml_stop_ms=0.11
[2026-10-02 18:49:05.028] [info] [video] FFmpeg queue wait duration: 0.45 ms
[2026-10-02 18:49:05.035] [info] [video] copy_eligible=true sha256=d2e8c6f39bf4bd0e7c8fca793540b0e76854c04e4fab6e85e41f64c90bb6d211
[2026-10-02 18:49:05.035] [info] [video] Wrote /tmp/velox-phrase-runtime-cert/inputs/high_specular_light_sweep/catalog-motions.mp4
[2026-10-02 18:49:05.035] [info] [startup-profile] total=917.31ms logger=0.10ms cli_bootstrap=9.99ms cli_parse=0.00ms composition=0.38ms plan_read=0.13ms json_parse=2.37ms plan_decode_validate=54.45ms asset_resolve=0.03ms plan_compile=5.99ms other=0.00ms
[2026-10-02 18:49:05.064] [info] [video] Wrote exact per-frame timing sidecar: /tmp/velox-phrase-runtime-cert/inputs/high_specular_light_sweep/catalog-motions.mp4.timing.json
[2026-10-02 18:49:05.094] [info] [INFO] job-lifecycle: slot_pool_close_ms=0.0 surface_release_ms=0.1
[2026-10-02 18:49:05.233] [info] [INFO] job-lifecycle: queue_close_ms=0.0 writer_join_ms=0.0 encoder_reset_ms=27.0 decoder_reset_ms=0.0 full_graph_reset_ms=138.7 sink_ctx_reset_ms=0.0 device_runtime_reset_ms=0.0 device_reservation_reset_ms=0.0
[2026-10-02 18:49:05.233] [info] [INFO] job-lifecycle: sidecar_write_ms=32.0 session_teardown_ms=166.2
[2026-10-02 18:49:05.242] [info] [INFO] job-lifecycle: execute_ms=2416.2 receipt_build_ms=0.0 receipt_write_ms=0.0 caller_tail_ms=0.0
