[2026-10-02 18:49:05.479] [info] [overlay-prepare] validated package=/tmp/velox-phrase-runtime-cert/inputs/hologram_scanline_build/prepared.json hash=3f14a0ea8b65f766a2ca7e709614de47587558887ba0ff02c8c8322ef7e872d3 assets=0 text_runs=1 overlays=2
[2026-10-02 18:49:05.483] [info] [asset-profile] kind=3 path=assets/fonts/Poppins-Bold.ttf bytes=155996 cache=miss invalidated=0 stat=0.01ms hash=3.61ms hashed_bytes=155996 total=3.75ms
[2026-10-02 18:49:05.483] [info] [asset-digest-cache] hits=0 misses=1 invalidations=0 bytes_hashed=155996 lookup_ms=0.01 write_ms=0.01 full_hash_ms=3.61
[2026-10-02 18:49:05.485] [info] [plan-profile] read=0.12ms parse=2.29ms decode=53.10ms resolver=0.03ms compile_validate=5.93ms total=64.67ms
[2026-10-02 18:49:05.485] [info] [asset-profile] kind=3 path=assets/fonts/Poppins-Bold.ttf bytes=155996 cache=hit invalidated=0 stat=0.01ms hash=0.00ms hashed_bytes=0 total=0.10ms
[2026-10-02 18:49:05.485] [info] [asset-digest-cache] hits=1 misses=0 invalidations=0 bytes_hashed=0 lookup_ms=0.01 write_ms=0.00 full_hash_ms=0.00
[2026-10-02 18:49:05.489] [info] [plan-compile-profile] assets=0.28ms fingerprint=2.54ms media_resolution=0.00ms materialize=0.19ms composition_compile=0.00ms compatibility_view=0.16ms total=3.52ms
[2026-10-02 18:49:05.489] [info] [video] Auto-selecting yuv420p pipe pixel format for 1280x720 output
[2026-10-02 18:49:05.489] [info] [video] execution plan resolved (reason: required_gpu_native_full_graph); decode=1 composite=2 encode=1 interop=2 handoff=1 codec=3
[2026-10-02 18:49:05.506] [info] [video-runtime] created persistent runtime for device 0 (CUDA ordinal 0)
[2026-10-02 18:49:05.506] [info] [video] encoder feed capability: host_frame=false direct_yuv=false native_surface=true
[2026-10-02 18:49:05.721] [info] [native_av] CUDA context contract: native=0x55e839688bc0 ffmpeg=0x55e839688bc0
[2026-10-02 18:49:05.740] [info] [native_av] NVENC tuning applied: rc=constqp preset=p1 async_depth=4 nvenc_surfaces=8 qp=23 bitrate=0
[2026-10-02 18:49:05.772] [info] [native_av] encoder bitstream contract: codec=27 profile=100 level=-99 pix_fmt=119 parameter_sets=49 materialized=true
[2026-10-02 18:49:05.773] [info] [native_av] Opened native encoder: 1280x720 @ 24fps, codec=h264_nvenc, rc=constqp, preset=p1, output='/tmp/velox-phrase-runtime-cert/inputs/hologram_scanline_build/catalog-motions.partial.mp4'
[2026-10-02 18:49:06.971] [info] [pool-warm] Pre-allocated and pre-imported 6 execution slots (1280x720) for native NVENC
[2026-10-02 18:49:07.060] [info] chronon3d::vulkan text batch formats: dst_image.format=109 atlas_image.format=44 atlas_encoding=2 (shader contract: dst rgba32f, atlas rgba8)
[2026-10-02 18:49:07.060] [info] [temp-lifetime] frame=0 after_level=0 live=[0,1,3,] retired=[]
[2026-10-02 18:49:07.061] [info] [exec-level-diag] frame=0 level=0 nodes=3 input_ms=0.006 dispatch_ms=4.870 fb_release_ms=0.004
[2026-10-02 18:49:07.061] [info] [graph-edge] frame=0 level=1 consumer_id=2 input_index=0 producer_id=0 producer_level=0
[2026-10-02 18:49:07.061] [info] [graph-edge] frame=0 level=1 consumer_id=2 input_index=1 producer_id=1 producer_level=0
[2026-10-02 18:49:07.061] [info] [graph-edge] frame=0 level=1 consumer_id=4 input_index=0 producer_id=3 producer_level=0
[2026-10-02 18:49:07.065] [info] [temp-lifetime] frame=0 after_level=1 live=[2,4,] retired=[0,1,3,]
[2026-10-02 18:49:07.065] [info] [exec-level-diag] frame=0 level=1 nodes=2 input_ms=0.115 dispatch_ms=4.251 fb_release_ms=0.014
[2026-10-02 18:49:07.065] [info] [graph-edge] frame=0 level=2 consumer_id=5 input_index=0 producer_id=2 producer_level=1
[2026-10-02 18:49:07.065] [info] [graph-edge] frame=0 level=2 consumer_id=5 input_index=1 producer_id=4 producer_level=1
[2026-10-02 18:49:07.065] [info] [temp-lifetime] frame=0 after_level=2 live=[5,] retired=[2,4,]
[2026-10-02 18:49:07.066] [info] [exec-level-diag] frame=0 level=2 nodes=1 input_ms=0.124 dispatch_ms=0.173 fb_release_ms=0.008
[2026-10-02 18:49:07.066] [info] [video] Exporting via Arena-backed SIMD pipeline
[2026-10-02 18:49:07.076] [info] [temp-lifetime] frame=1 after_level=0 live=[0,1,3,] retired=[]
[2026-10-02 18:49:07.076] [info] [exec-level-diag] frame=1 level=0 nodes=3 input_ms=0.003 dispatch_ms=1.326 fb_release_ms=0.003
[2026-10-02 18:49:07.076] [info] [graph-edge] frame=1 level=1 consumer_id=2 input_index=0 producer_id=0 producer_level=0
[2026-10-02 18:49:07.076] [info] [graph-edge] frame=1 level=1 consumer_id=2 input_index=1 producer_id=1 producer_level=0
[2026-10-02 18:49:07.076] [info] [graph-edge] frame=1 level=1 consumer_id=4 input_index=0 producer_id=3 producer_level=0
[2026-10-02 18:49:07.077] [info] [temp-lifetime] frame=1 after_level=1 live=[2,4,] retired=[0,1,3,]
[2026-10-02 18:49:07.077] [info] [exec-level-diag] frame=1 level=1 nodes=2 input_ms=0.116 dispatch_ms=0.493 fb_release_ms=0.012
[2026-10-02 18:49:07.077] [info] [graph-edge] frame=1 level=2 consumer_id=5 input_index=0 producer_id=2 producer_level=1
[2026-10-02 18:49:07.077] [info] [graph-edge] frame=1 level=2 consumer_id=5 input_index=1 producer_id=4 producer_level=1
[2026-10-02 18:49:07.077] [info] [temp-lifetime] frame=1 after_level=2 live=[5,] retired=[2,4,]
[2026-10-02 18:49:07.077] [info] [exec-level-diag] frame=1 level=2 nodes=1 input_ms=0.093 dispatch_ms=0.171 fb_release_ms=0.008
[2026-10-02 18:49:07.091] [info] [temp-lifetime] frame=2 after_level=0 live=[0,1,3,] retired=[]
[2026-10-02 18:49:07.091] [info] [exec-level-diag] frame=2 level=0 nodes=3 input_ms=0.003 dispatch_ms=1.530 fb_release_ms=0.004
[2026-10-02 18:49:07.091] [info] [graph-edge] frame=2 level=1 consumer_id=2 input_index=0 producer_id=0 producer_level=0
[2026-10-02 18:49:07.092] [info] [graph-edge] frame=2 level=1 consumer_id=2 input_index=1 producer_id=1 producer_level=0
[2026-10-02 18:49:07.092] [info] [graph-edge] frame=2 level=1 consumer_id=4 input_index=0 producer_id=3 producer_level=0
[2026-10-02 18:49:07.092] [info] [temp-lifetime] frame=2 after_level=1 live=[2,4,] retired=[0,1,3,]
[2026-10-02 18:49:07.092] [info] [exec-level-diag] frame=2 level=1 nodes=2 input_ms=0.100 dispatch_ms=0.641 fb_release_ms=0.013
[2026-10-02 18:49:07.092] [info] [graph-edge] frame=2 level=2 consumer_id=5 input_index=0 producer_id=2 producer_level=1
[2026-10-02 18:49:07.092] [info] [graph-edge] frame=2 level=2 consumer_id=5 input_index=1 producer_id=4 producer_level=1
[2026-10-02 18:49:07.093] [info] [temp-lifetime] frame=2 after_level=2 live=[5,] retired=[2,4,]
[2026-10-02 18:49:07.093] [info] [exec-level-diag] frame=2 level=2 nodes=1 input_ms=0.065 dispatch_ms=0.197 fb_release_ms=0.008
[2026-10-02 18:49:07.093] [info] [video]   4/48 frames
[2026-10-02 18:49:07.140] [info] [video]   8/48 frames
[2026-10-02 18:49:07.185] [info] [video]   12/48 frames
[2026-10-02 18:49:07.233] [info] [video]   16/48 frames
[2026-10-02 18:49:07.283] [info] [video]   20/48 frames
[2026-10-02 18:49:07.337] [info] [video]   24/48 frames
[2026-10-02 18:49:07.363] [info] [vulkan-lifecycle] frame=25 vram_bytes=333283328 live_surfaces=13 surface_bindings=7 registry_live_handles=107 physical_images=13 deferred_releases=2 vma_allocations=45 surfaces_created=157 surfaces_released=150 queue_packages=1 execution_slots_busy=2 command_batch_active=false
[2026-10-02 18:49:07.387] [info] [video]   28/48 frames
[2026-10-02 18:49:07.440] [info] [video]   32/48 frames
[2026-10-02 18:49:07.490] [info] [video]   36/48 frames
[2026-10-02 18:49:07.560] [info] [video]   40/48 frames
[2026-10-02 18:49:07.610] [info] [video]   44/48 frames
[2026-10-02 18:49:07.659] [info] [video]   48/48 frames
[2026-10-02 18:49:07.674] [info] [video] writer join complete
[2026-10-02 18:49:07.674] [info] [drain-debug] start drain, capacity=6
[2026-10-02 18:49:07.674] [info] [drain-debug] slot_id=4 has completion, waiting
[2026-10-02 18:49:07.674] [info] [drain-debug] slot_id=4 wait complete
[2026-10-02 18:49:07.674] [info] [drain-debug] slot_id=5 has completion, waiting
[2026-10-02 18:49:07.674] [info] [drain-debug] slot_id=5 wait complete
[2026-10-02 18:49:07.674] [info] [drain-debug] reap done, busy_count=0
[2026-10-02 18:49:07.674] [info] [video] trimming framebuffer pool
[2026-10-02 18:49:07.674] [info] [video] Released framebuffer pool — memory trimmed
[2026-10-02 18:49:07.674] [info] [video] frame-loop cleanup complete
[2026-10-02 18:49:07.674] [info] [video] Encoder write blocked duration: 0.00 ms
[2026-10-02 18:49:07.674] [info] [video_diag] conversion_and_copy_duration_ms: 0 ms
[2026-10-02 18:49:07.674] [info] [video_diag] conversion_bytes_written=0 encoder_staging_copy_bytes=0 encoder_slot_reuses=0
[2026-10-02 18:49:07.674] [info] [native_av] close: sending encoder flush
[2026-10-02 18:49:07.674] [info] [native_av] close: encoder flush accepted
[2026-10-02 18:49:07.675] [info] [native_av] close: packets drained=true
[2026-10-02 18:49:07.675] [info] [native_av] close: finalizing mux session
[2026-10-02 18:49:07.675] [info] [native_av] close: mux session finalized
[2026-10-02 18:49:07.675] [info] [native_av] Closed native encoder — 48 frames accepted, encoder_packets=48 mux_packets=48 packet_pts=0..47, YUV cache: 0 hits / 0 misses
[2026-10-02 18:49:07.675] [info] [video_native] convert=113.79ms  send_frame=11.52ms  backpressure=0.00ms  flush=1.13ms  receive_packet=0.80ms  mux_write=0.67ms  trailer=0.26ms
[2026-10-02 18:49:07.677] [info] [video] render_ms=674.91 encode_ms=7.64 writer_encode_ms=126.89 wall_ms=2187.50 nvml_stop_ms=0.15
[2026-10-02 18:49:07.677] [info] [video] FFmpeg queue wait duration: 0.40 ms
[2026-10-02 18:49:07.684] [info] [video] copy_eligible=true sha256=2cd86b4c9c7ba13b9a034d3fc79866a61531dc7eda0f55877e6d4ffe6f3e6e09
[2026-10-02 18:49:07.684] [info] [video] Wrote /tmp/velox-phrase-runtime-cert/inputs/hologram_scanline_build/catalog-motions.mp4
[2026-10-02 18:49:07.685] [info] [startup-profile] total=899.26ms logger=0.10ms cli_bootstrap=9.70ms cli_parse=0.00ms composition=0.31ms plan_read=0.12ms json_parse=2.29ms plan_decode_validate=53.10ms asset_resolve=0.03ms plan_compile=5.93ms other=0.00ms
[2026-10-02 18:49:07.714] [info] [video] Wrote exact per-frame timing sidecar: /tmp/velox-phrase-runtime-cert/inputs/hologram_scanline_build/catalog-motions.mp4.timing.json
[2026-10-02 18:49:07.748] [info] [INFO] job-lifecycle: slot_pool_close_ms=0.0 surface_release_ms=0.1
[2026-10-02 18:49:07.886] [info] [INFO] job-lifecycle: queue_close_ms=0.0 writer_join_ms=0.0 encoder_reset_ms=31.7 decoder_reset_ms=0.0 full_graph_reset_ms=138.1 sink_ctx_reset_ms=0.0 device_runtime_reset_ms=0.0 device_reservation_reset_ms=0.0
[2026-10-02 18:49:07.886] [info] [INFO] job-lifecycle: sidecar_write_ms=31.5 session_teardown_ms=170.1
[2026-10-02 18:49:07.897] [info] [INFO] job-lifecycle: execute_ms=2407.6 receipt_build_ms=0.0 receipt_write_ms=0.0 caller_tail_ms=0.0
