[2026-10-02 18:49:10.712] [info] [overlay-prepare] validated package=/tmp/velox-phrase-runtime-cert/inputs/isometric_3d_fold/prepared.json hash=e221500d3d7623a1c3c7ca5aea3eaa80660d1e50d28bf07c626e281ad524e8f8 assets=0 text_runs=1 overlays=2
[2026-10-02 18:49:10.716] [info] [asset-profile] kind=3 path=assets/fonts/Poppins-Bold.ttf bytes=155996 cache=miss invalidated=0 stat=0.01ms hash=3.68ms hashed_bytes=155996 total=3.85ms
[2026-10-02 18:49:10.716] [info] [asset-digest-cache] hits=0 misses=1 invalidations=0 bytes_hashed=155996 lookup_ms=0.02 write_ms=0.01 full_hash_ms=3.68
[2026-10-02 18:49:10.718] [info] [plan-profile] read=0.14ms parse=2.51ms decode=55.26ms resolver=0.03ms compile_validate=6.06ms total=67.45ms
[2026-10-02 18:49:10.718] [info] [asset-profile] kind=3 path=assets/fonts/Poppins-Bold.ttf bytes=155996 cache=hit invalidated=0 stat=0.01ms hash=0.00ms hashed_bytes=0 total=0.10ms
[2026-10-02 18:49:10.718] [info] [asset-digest-cache] hits=1 misses=0 invalidations=0 bytes_hashed=0 lookup_ms=0.01 write_ms=0.00 full_hash_ms=0.00
[2026-10-02 18:49:10.722] [info] [plan-compile-profile] assets=0.21ms fingerprint=2.79ms media_resolution=0.00ms materialize=0.16ms composition_compile=0.00ms compatibility_view=0.15ms total=3.64ms
[2026-10-02 18:49:10.723] [info] [video] Auto-selecting yuv420p pipe pixel format for 1280x720 output
[2026-10-02 18:49:10.723] [info] [video] execution plan resolved (reason: required_gpu_native_full_graph); decode=1 composite=2 encode=1 interop=2 handoff=1 codec=3
[2026-10-02 18:49:10.760] [info] [video-runtime] created persistent runtime for device 0 (CUDA ordinal 0)
[2026-10-02 18:49:10.760] [info] [video] encoder feed capability: host_frame=false direct_yuv=false native_surface=true
[2026-10-02 18:49:11.007] [info] [native_av] CUDA context contract: native=0x55f03237d0f0 ffmpeg=0x55f03237d0f0
[2026-10-02 18:49:11.026] [info] [native_av] NVENC tuning applied: rc=constqp preset=p1 async_depth=4 nvenc_surfaces=8 qp=23 bitrate=0
[2026-10-02 18:49:11.059] [info] [native_av] encoder bitstream contract: codec=27 profile=100 level=-99 pix_fmt=119 parameter_sets=49 materialized=true
[2026-10-02 18:49:11.060] [info] [native_av] Opened native encoder: 1280x720 @ 24fps, codec=h264_nvenc, rc=constqp, preset=p1, output='/tmp/velox-phrase-runtime-cert/inputs/isometric_3d_fold/catalog-motions.partial.mp4'
[2026-10-02 18:49:12.303] [info] [pool-warm] Pre-allocated and pre-imported 6 execution slots (1280x720) for native NVENC
[2026-10-02 18:49:12.397] [info] chronon3d::vulkan text batch formats: dst_image.format=109 atlas_image.format=44 atlas_encoding=2 (shader contract: dst rgba32f, atlas rgba8)
[2026-10-02 18:49:12.397] [info] [temp-lifetime] frame=0 after_level=0 live=[0,1,3,] retired=[]
[2026-10-02 18:49:12.398] [info] [exec-level-diag] frame=0 level=0 nodes=3 input_ms=0.005 dispatch_ms=6.630 fb_release_ms=0.004
[2026-10-02 18:49:12.398] [info] [graph-edge] frame=0 level=1 consumer_id=2 input_index=0 producer_id=0 producer_level=0
[2026-10-02 18:49:12.398] [info] [graph-edge] frame=0 level=1 consumer_id=2 input_index=1 producer_id=1 producer_level=0
[2026-10-02 18:49:12.398] [info] [graph-edge] frame=0 level=1 consumer_id=4 input_index=0 producer_id=3 producer_level=0
[2026-10-02 18:49:12.402] [info] [temp-lifetime] frame=0 after_level=1 live=[2,4,] retired=[0,1,3,]
[2026-10-02 18:49:12.402] [info] [exec-level-diag] frame=0 level=1 nodes=2 input_ms=0.032 dispatch_ms=4.559 fb_release_ms=0.018
[2026-10-02 18:49:12.402] [info] [graph-edge] frame=0 level=2 consumer_id=5 input_index=0 producer_id=2 producer_level=1
[2026-10-02 18:49:12.402] [info] [graph-edge] frame=0 level=2 consumer_id=5 input_index=1 producer_id=4 producer_level=1
[2026-10-02 18:49:12.402] [info] [temp-lifetime] frame=0 after_level=2 live=[5,] retired=[2,4,]
[2026-10-02 18:49:12.402] [info] [exec-level-diag] frame=0 level=2 nodes=1 input_ms=0.020 dispatch_ms=0.178 fb_release_ms=0.008
[2026-10-02 18:49:12.403] [info] [video] Exporting via Arena-backed SIMD pipeline
[2026-10-02 18:49:12.414] [info] [temp-lifetime] frame=1 after_level=0 live=[0,1,3,] retired=[]
[2026-10-02 18:49:12.414] [info] [exec-level-diag] frame=1 level=0 nodes=3 input_ms=0.004 dispatch_ms=2.001 fb_release_ms=0.004
[2026-10-02 18:49:12.414] [info] [graph-edge] frame=1 level=1 consumer_id=2 input_index=0 producer_id=0 producer_level=0
[2026-10-02 18:49:12.414] [info] [graph-edge] frame=1 level=1 consumer_id=2 input_index=1 producer_id=1 producer_level=0
[2026-10-02 18:49:12.414] [info] [graph-edge] frame=1 level=1 consumer_id=4 input_index=0 producer_id=3 producer_level=0
[2026-10-02 18:49:12.415] [info] [temp-lifetime] frame=1 after_level=1 live=[2,4,] retired=[0,1,3,]
[2026-10-02 18:49:12.415] [info] [exec-level-diag] frame=1 level=1 nodes=2 input_ms=0.029 dispatch_ms=0.553 fb_release_ms=0.014
[2026-10-02 18:49:12.415] [info] [graph-edge] frame=1 level=2 consumer_id=5 input_index=0 producer_id=2 producer_level=1
[2026-10-02 18:49:12.415] [info] [graph-edge] frame=1 level=2 consumer_id=5 input_index=1 producer_id=4 producer_level=1
[2026-10-02 18:49:12.415] [info] [temp-lifetime] frame=1 after_level=2 live=[5,] retired=[2,4,]
[2026-10-02 18:49:12.415] [info] [exec-level-diag] frame=1 level=2 nodes=1 input_ms=0.021 dispatch_ms=0.170 fb_release_ms=0.008
[2026-10-02 18:49:12.429] [info] [temp-lifetime] frame=2 after_level=0 live=[0,1,3,] retired=[]
[2026-10-02 18:49:12.429] [info] [exec-level-diag] frame=2 level=0 nodes=3 input_ms=0.003 dispatch_ms=1.409 fb_release_ms=0.003
[2026-10-02 18:49:12.429] [info] [graph-edge] frame=2 level=1 consumer_id=2 input_index=0 producer_id=0 producer_level=0
[2026-10-02 18:49:12.429] [info] [graph-edge] frame=2 level=1 consumer_id=2 input_index=1 producer_id=1 producer_level=0
[2026-10-02 18:49:12.429] [info] [graph-edge] frame=2 level=1 consumer_id=4 input_index=0 producer_id=3 producer_level=0
[2026-10-02 18:49:12.430] [info] [temp-lifetime] frame=2 after_level=1 live=[2,4,] retired=[0,1,3,]
[2026-10-02 18:49:12.430] [info] [exec-level-diag] frame=2 level=1 nodes=2 input_ms=0.027 dispatch_ms=0.495 fb_release_ms=0.012
[2026-10-02 18:49:12.430] [info] [graph-edge] frame=2 level=2 consumer_id=5 input_index=0 producer_id=2 producer_level=1
[2026-10-02 18:49:12.430] [info] [graph-edge] frame=2 level=2 consumer_id=5 input_index=1 producer_id=4 producer_level=1
[2026-10-02 18:49:12.430] [info] [temp-lifetime] frame=2 after_level=2 live=[5,] retired=[2,4,]
[2026-10-02 18:49:12.430] [info] [exec-level-diag] frame=2 level=2 nodes=1 input_ms=0.020 dispatch_ms=0.175 fb_release_ms=0.008
[2026-10-02 18:49:12.430] [info] [video]   4/48 frames
[2026-10-02 18:49:12.481] [info] [video]   8/48 frames
[2026-10-02 18:49:12.524] [info] [video]   12/48 frames
[2026-10-02 18:49:12.569] [info] [video]   16/48 frames
[2026-10-02 18:49:12.611] [info] [video]   20/48 frames
[2026-10-02 18:49:12.660] [info] [video]   24/48 frames
[2026-10-02 18:49:12.679] [info] [vulkan-lifecycle] frame=25 vram_bytes=333283328 live_surfaces=13 surface_bindings=7 registry_live_handles=107 physical_images=13 deferred_releases=2 vma_allocations=45 surfaces_created=157 surfaces_released=150 queue_packages=1 execution_slots_busy=2 command_batch_active=false
[2026-10-02 18:49:12.704] [info] [video]   28/48 frames
[2026-10-02 18:49:12.746] [info] [video]   32/48 frames
[2026-10-02 18:49:12.788] [info] [video]   36/48 frames
[2026-10-02 18:49:12.830] [info] [video]   40/48 frames
[2026-10-02 18:49:12.869] [info] [video]   44/48 frames
[2026-10-02 18:49:12.916] [info] [video]   48/48 frames
[2026-10-02 18:49:12.930] [info] [video] writer join complete
[2026-10-02 18:49:12.930] [info] [drain-debug] start drain, capacity=6
[2026-10-02 18:49:12.930] [info] [drain-debug] slot_id=4 has completion, waiting
[2026-10-02 18:49:12.930] [info] [drain-debug] slot_id=4 wait complete
[2026-10-02 18:49:12.930] [info] [drain-debug] slot_id=5 has completion, waiting
[2026-10-02 18:49:12.931] [info] [drain-debug] slot_id=5 wait complete
[2026-10-02 18:49:12.931] [info] [drain-debug] reap done, busy_count=0
[2026-10-02 18:49:12.931] [info] [video] trimming framebuffer pool
[2026-10-02 18:49:12.931] [info] [video] Released framebuffer pool — memory trimmed
[2026-10-02 18:49:12.931] [info] [video] frame-loop cleanup complete
[2026-10-02 18:49:12.931] [info] [video] Encoder write blocked duration: 0.00 ms
[2026-10-02 18:49:12.931] [info] [video_diag] conversion_and_copy_duration_ms: 0 ms
[2026-10-02 18:49:12.931] [info] [video_diag] conversion_bytes_written=0 encoder_staging_copy_bytes=0 encoder_slot_reuses=0
[2026-10-02 18:49:12.931] [info] [native_av] close: sending encoder flush
[2026-10-02 18:49:12.931] [info] [native_av] close: encoder flush accepted
[2026-10-02 18:49:12.932] [info] [native_av] close: packets drained=true
[2026-10-02 18:49:12.932] [info] [native_av] close: finalizing mux session
[2026-10-02 18:49:12.932] [info] [native_av] close: mux session finalized
[2026-10-02 18:49:12.932] [info] [native_av] Closed native encoder — 48 frames accepted, encoder_packets=48 mux_packets=48 packet_pts=0..47, YUV cache: 0 hits / 0 misses
[2026-10-02 18:49:12.932] [info] [video_native] convert=119.40ms  send_frame=12.01ms  backpressure=0.00ms  flush=1.30ms  receive_packet=0.92ms  mux_write=0.70ms  trailer=0.30ms
[2026-10-02 18:49:12.936] [info] [video] render_ms=595.98 encode_ms=10.05 writer_encode_ms=132.32 wall_ms=2213.30 nvml_stop_ms=2.50
[2026-10-02 18:49:12.936] [info] [video] FFmpeg queue wait duration: 0.41 ms
[2026-10-02 18:49:12.944] [info] [video] copy_eligible=true sha256=362f54d6f67fd404edadf4e30a1c133b2ed7ea2c2c6cc64c797f684e7529b4e7
[2026-10-02 18:49:12.944] [info] [video] Wrote /tmp/velox-phrase-runtime-cert/inputs/isometric_3d_fold/catalog-motions.mp4
[2026-10-02 18:49:12.945] [info] [startup-profile] total=998.53ms logger=0.10ms cli_bootstrap=10.03ms cli_parse=0.00ms composition=0.30ms plan_read=0.14ms json_parse=2.51ms plan_decode_validate=55.26ms asset_resolve=0.03ms plan_compile=6.06ms other=0.00ms
[2026-10-02 18:49:12.974] [info] [video] Wrote exact per-frame timing sidecar: /tmp/velox-phrase-runtime-cert/inputs/isometric_3d_fold/catalog-motions.mp4.timing.json
[2026-10-02 18:49:13.002] [info] [INFO] job-lifecycle: slot_pool_close_ms=0.0 surface_release_ms=0.1
[2026-10-02 18:49:13.127] [info] [INFO] job-lifecycle: queue_close_ms=0.0 writer_join_ms=0.0 encoder_reset_ms=25.2 decoder_reset_ms=0.0 full_graph_reset_ms=125.1 sink_ctx_reset_ms=0.0 device_runtime_reset_ms=0.0 device_reservation_reset_ms=0.0
[2026-10-02 18:49:13.127] [info] [INFO] job-lifecycle: sidecar_write_ms=31.8 session_teardown_ms=150.7
[2026-10-02 18:49:13.136] [info] [INFO] job-lifecycle: execute_ms=2413.4 receipt_build_ms=0.0 receipt_write_ms=0.0 caller_tail_ms=0.0
