[2026-10-02 18:51:19.140] [info] [overlay-prepare] validated package=/tmp/velox-phrase-runtime-cert/inputs/isometric_plane_fold/prepared.json hash=8d4edd51fe8d40f55b8c63c7555cb5dfcfe2bfbc29080a0b3c5f1577fa551584 assets=0 text_runs=1 overlays=2
[2026-10-02 18:51:19.145] [info] [asset-profile] kind=3 path=assets/fonts/Poppins-Bold.ttf bytes=155996 cache=miss invalidated=0 stat=0.01ms hash=4.12ms hashed_bytes=155996 total=4.28ms
[2026-10-02 18:51:19.145] [info] [asset-digest-cache] hits=0 misses=1 invalidations=0 bytes_hashed=155996 lookup_ms=0.01 write_ms=0.02 full_hash_ms=4.12
[2026-10-02 18:51:19.147] [info] [plan-profile] read=0.16ms parse=2.46ms decode=55.66ms resolver=0.03ms compile_validate=6.53ms total=68.48ms
[2026-10-02 18:51:19.147] [info] [asset-profile] kind=3 path=assets/fonts/Poppins-Bold.ttf bytes=155996 cache=hit invalidated=0 stat=0.01ms hash=0.00ms hashed_bytes=0 total=0.10ms
[2026-10-02 18:51:19.147] [info] [asset-digest-cache] hits=1 misses=0 invalidations=0 bytes_hashed=0 lookup_ms=0.01 write_ms=0.00 full_hash_ms=0.00
[2026-10-02 18:51:19.151] [info] [plan-compile-profile] assets=0.24ms fingerprint=2.71ms media_resolution=0.00ms materialize=0.18ms composition_compile=0.00ms compatibility_view=0.18ms total=3.70ms
[2026-10-02 18:51:19.152] [info] [video] Auto-selecting yuv420p pipe pixel format for 1280x720 output
[2026-10-02 18:51:19.152] [info] [video] execution plan resolved (reason: required_gpu_native_full_graph); decode=1 composite=2 encode=1 interop=2 handoff=1 codec=3
[2026-10-02 18:51:19.170] [info] [video-runtime] created persistent runtime for device 0 (CUDA ordinal 0)
[2026-10-02 18:51:19.170] [info] [video] encoder feed capability: host_frame=false direct_yuv=false native_surface=true
[2026-10-02 18:51:19.464] [info] [native_av] CUDA context contract: native=0x5639c46417f0 ffmpeg=0x5639c46417f0
[2026-10-02 18:51:19.484] [info] [native_av] NVENC tuning applied: rc=constqp preset=p1 async_depth=4 nvenc_surfaces=8 qp=23 bitrate=0
[2026-10-02 18:51:19.521] [info] [native_av] encoder bitstream contract: codec=27 profile=100 level=-99 pix_fmt=119 parameter_sets=49 materialized=true
[2026-10-02 18:51:19.521] [info] [native_av] Opened native encoder: 1280x720 @ 24fps, codec=h264_nvenc, rc=constqp, preset=p1, output='/tmp/velox-phrase-runtime-cert/inputs/isometric_plane_fold/catalog-motions.partial.mp4'
[2026-10-02 18:51:20.892] [info] [pool-warm] Pre-allocated and pre-imported 6 execution slots (1280x720) for native NVENC
[2026-10-02 18:51:20.995] [info] chronon3d::vulkan text batch formats: dst_image.format=109 atlas_image.format=44 atlas_encoding=2 (shader contract: dst rgba32f, atlas rgba8)
[2026-10-02 18:51:20.996] [info] [temp-lifetime] frame=0 after_level=0 live=[0,1,3,] retired=[]
[2026-10-02 18:51:20.996] [info] [exec-level-diag] frame=0 level=0 nodes=3 input_ms=0.007 dispatch_ms=4.787 fb_release_ms=0.005
[2026-10-02 18:51:20.996] [info] [graph-edge] frame=0 level=1 consumer_id=2 input_index=0 producer_id=0 producer_level=0
[2026-10-02 18:51:20.996] [info] [graph-edge] frame=0 level=1 consumer_id=2 input_index=1 producer_id=1 producer_level=0
[2026-10-02 18:51:20.996] [info] [graph-edge] frame=0 level=1 consumer_id=4 input_index=0 producer_id=3 producer_level=0
[2026-10-02 18:51:20.997] [info] [temp-lifetime] frame=0 after_level=1 live=[2,4,] retired=[0,1,3,]
[2026-10-02 18:51:20.997] [info] [exec-level-diag] frame=0 level=1 nodes=2 input_ms=0.127 dispatch_ms=0.893 fb_release_ms=0.016
[2026-10-02 18:51:20.997] [info] [graph-edge] frame=0 level=2 consumer_id=5 input_index=0 producer_id=4 producer_level=1
[2026-10-02 18:51:20.998] [info] [temp-lifetime] frame=0 after_level=2 live=[2,5,] retired=[4,]
[2026-10-02 18:51:20.998] [info] [exec-level-diag] frame=0 level=2 nodes=1 input_ms=0.070 dispatch_ms=0.056 fb_release_ms=0.006
[2026-10-02 18:51:20.998] [info] [graph-edge] frame=0 level=3 consumer_id=6 input_index=0 producer_id=5 producer_level=2
[2026-10-02 18:51:21.002] [info] [temp-lifetime] frame=0 after_level=3 live=[2,6,] retired=[5,]
[2026-10-02 18:51:21.002] [info] [exec-level-diag] frame=0 level=3 nodes=1 input_ms=0.038 dispatch_ms=3.994 fb_release_ms=0.007
[2026-10-02 18:51:21.002] [info] [graph-edge] frame=0 level=4 consumer_id=7 input_index=0 producer_id=2 producer_level=1
[2026-10-02 18:51:21.002] [info] [graph-edge] frame=0 level=4 consumer_id=7 input_index=1 producer_id=6 producer_level=3
[2026-10-02 18:51:21.002] [info] [temp-lifetime] frame=0 after_level=4 live=[7,] retired=[2,6,]
[2026-10-02 18:51:21.002] [info] [exec-level-diag] frame=0 level=4 nodes=1 input_ms=0.068 dispatch_ms=0.169 fb_release_ms=0.008
[2026-10-02 18:51:21.003] [info] [video] Exporting via Arena-backed SIMD pipeline
[2026-10-02 18:51:21.014] [info] [temp-lifetime] frame=1 after_level=0 live=[0,1,3,] retired=[]
[2026-10-02 18:51:21.014] [info] [exec-level-diag] frame=1 level=0 nodes=3 input_ms=0.003 dispatch_ms=2.481 fb_release_ms=0.004
[2026-10-02 18:51:21.014] [info] [graph-edge] frame=1 level=1 consumer_id=2 input_index=0 producer_id=0 producer_level=0
[2026-10-02 18:51:21.014] [info] [graph-edge] frame=1 level=1 consumer_id=2 input_index=1 producer_id=1 producer_level=0
[2026-10-02 18:51:21.014] [info] [graph-edge] frame=1 level=1 consumer_id=4 input_index=0 producer_id=3 producer_level=0
[2026-10-02 18:51:21.016] [info] [temp-lifetime] frame=1 after_level=1 live=[2,4,] retired=[0,1,3,]
[2026-10-02 18:51:21.016] [info] [exec-level-diag] frame=1 level=1 nodes=2 input_ms=0.111 dispatch_ms=1.601 fb_release_ms=0.018
[2026-10-02 18:51:21.016] [info] [graph-edge] frame=1 level=2 consumer_id=5 input_index=0 producer_id=4 producer_level=1
[2026-10-02 18:51:21.016] [info] [temp-lifetime] frame=1 after_level=2 live=[2,5,] retired=[4,]
[2026-10-02 18:51:21.017] [info] [exec-level-diag] frame=1 level=2 nodes=1 input_ms=0.080 dispatch_ms=0.077 fb_release_ms=0.010
[2026-10-02 18:51:21.017] [info] [graph-edge] frame=1 level=3 consumer_id=6 input_index=0 producer_id=5 producer_level=2
[2026-10-02 18:51:21.018] [info] [temp-lifetime] frame=1 after_level=3 live=[2,6,] retired=[5,]
[2026-10-02 18:51:21.018] [info] [exec-level-diag] frame=1 level=3 nodes=1 input_ms=0.074 dispatch_ms=1.084 fb_release_ms=0.007
[2026-10-02 18:51:21.018] [info] [graph-edge] frame=1 level=4 consumer_id=7 input_index=0 producer_id=2 producer_level=1
[2026-10-02 18:51:21.018] [info] [graph-edge] frame=1 level=4 consumer_id=7 input_index=1 producer_id=6 producer_level=3
[2026-10-02 18:51:21.018] [info] [temp-lifetime] frame=1 after_level=4 live=[7,] retired=[2,6,]
[2026-10-02 18:51:21.018] [info] [exec-level-diag] frame=1 level=4 nodes=1 input_ms=0.120 dispatch_ms=0.196 fb_release_ms=0.008
[2026-10-02 18:51:21.040] [info] [temp-lifetime] frame=2 after_level=0 live=[0,1,3,] retired=[]
[2026-10-02 18:51:21.040] [info] [exec-level-diag] frame=2 level=0 nodes=3 input_ms=0.006 dispatch_ms=1.702 fb_release_ms=0.005
[2026-10-02 18:51:21.040] [info] [graph-edge] frame=2 level=1 consumer_id=2 input_index=0 producer_id=0 producer_level=0
[2026-10-02 18:51:21.040] [info] [graph-edge] frame=2 level=1 consumer_id=2 input_index=1 producer_id=1 producer_level=0
[2026-10-02 18:51:21.041] [info] [graph-edge] frame=2 level=1 consumer_id=4 input_index=0 producer_id=3 producer_level=0
[2026-10-02 18:51:21.042] [info] [temp-lifetime] frame=2 after_level=1 live=[2,4,] retired=[0,1,3,]
[2026-10-02 18:51:21.042] [info] [exec-level-diag] frame=2 level=1 nodes=2 input_ms=0.339 dispatch_ms=1.527 fb_release_ms=0.023
[2026-10-02 18:51:21.042] [info] [graph-edge] frame=2 level=2 consumer_id=5 input_index=0 producer_id=4 producer_level=1
[2026-10-02 18:51:21.043] [info] [temp-lifetime] frame=2 after_level=2 live=[2,5,] retired=[4,]
[2026-10-02 18:51:21.043] [info] [exec-level-diag] frame=2 level=2 nodes=1 input_ms=0.097 dispatch_ms=0.142 fb_release_ms=0.010
[2026-10-02 18:51:21.043] [info] [graph-edge] frame=2 level=3 consumer_id=6 input_index=0 producer_id=5 producer_level=2
[2026-10-02 18:51:21.044] [info] [temp-lifetime] frame=2 after_level=3 live=[2,6,] retired=[5,]
[2026-10-02 18:51:21.044] [info] [exec-level-diag] frame=2 level=3 nodes=1 input_ms=0.094 dispatch_ms=0.608 fb_release_ms=0.011
[2026-10-02 18:51:21.044] [info] [graph-edge] frame=2 level=4 consumer_id=7 input_index=0 producer_id=2 producer_level=1
[2026-10-02 18:51:21.044] [info] [graph-edge] frame=2 level=4 consumer_id=7 input_index=1 producer_id=6 producer_level=3
[2026-10-02 18:51:21.044] [info] [temp-lifetime] frame=2 after_level=4 live=[7,] retired=[2,6,]
[2026-10-02 18:51:21.044] [info] [exec-level-diag] frame=2 level=4 nodes=1 input_ms=0.189 dispatch_ms=0.295 fb_release_ms=0.013
[2026-10-02 18:51:21.046] [info] [video]   4/48 frames
[2026-10-02 18:51:21.113] [info] [video]   8/48 frames
[2026-10-02 18:51:21.172] [info] [video]   12/48 frames
[2026-10-02 18:51:21.230] [info] [video]   16/48 frames
[2026-10-02 18:51:21.282] [info] [video]   20/48 frames
[2026-10-02 18:51:21.340] [info] [video]   24/48 frames
[2026-10-02 18:51:21.369] [info] [vulkan-lifecycle] frame=25 vram_bytes=333283328 live_surfaces=15 surface_bindings=7 registry_live_handles=132 physical_images=15 deferred_releases=3 vma_allocations=47 surfaces_created=207 surfaces_released=200 queue_packages=1 execution_slots_busy=2 command_batch_active=false
[2026-10-02 18:51:21.395] [info] [video]   28/48 frames
[2026-10-02 18:51:21.448] [info] [video]   32/48 frames
[2026-10-02 18:51:21.500] [info] [video]   36/48 frames
[2026-10-02 18:51:21.557] [info] [video]   40/48 frames
[2026-10-02 18:51:21.617] [info] [video]   44/48 frames
[2026-10-02 18:51:21.674] [info] [video]   48/48 frames
[2026-10-02 18:51:21.689] [info] [video] writer join complete
[2026-10-02 18:51:21.689] [info] [drain-debug] start drain, capacity=6
[2026-10-02 18:51:21.689] [info] [drain-debug] slot_id=4 has completion, waiting
[2026-10-02 18:51:21.689] [info] [drain-debug] slot_id=4 wait complete
[2026-10-02 18:51:21.689] [info] [drain-debug] slot_id=5 has completion, waiting
[2026-10-02 18:51:21.689] [info] [drain-debug] slot_id=5 wait complete
[2026-10-02 18:51:21.690] [info] [drain-debug] reap done, busy_count=0
[2026-10-02 18:51:21.690] [info] [video] trimming framebuffer pool
[2026-10-02 18:51:21.690] [info] [video] Released framebuffer pool — memory trimmed
[2026-10-02 18:51:21.690] [info] [video] frame-loop cleanup complete
[2026-10-02 18:51:21.690] [info] [video] Encoder write blocked duration: 0.00 ms
[2026-10-02 18:51:21.690] [info] [video_diag] conversion_and_copy_duration_ms: 0 ms
[2026-10-02 18:51:21.690] [info] [video_diag] conversion_bytes_written=0 encoder_staging_copy_bytes=0 encoder_slot_reuses=0
[2026-10-02 18:51:21.690] [info] [native_av] close: sending encoder flush
[2026-10-02 18:51:21.690] [info] [native_av] close: encoder flush accepted
[2026-10-02 18:51:21.691] [info] [native_av] close: packets drained=true
[2026-10-02 18:51:21.691] [info] [native_av] close: finalizing mux session
[2026-10-02 18:51:21.691] [info] [native_av] close: mux session finalized
[2026-10-02 18:51:21.691] [info] [native_av] Closed native encoder — 48 frames accepted, encoder_packets=48 mux_packets=48 packet_pts=0..47, YUV cache: 0 hits / 0 misses
[2026-10-02 18:51:21.691] [info] [video_native] convert=111.26ms  send_frame=15.09ms  backpressure=0.00ms  flush=1.36ms  receive_packet=0.61ms  mux_write=0.76ms  trailer=0.59ms
[2026-10-02 18:51:21.694] [info] [video] render_ms=766.67 encode_ms=8.96 writer_encode_ms=128.63 wall_ms=2542.16 nvml_stop_ms=0.13
[2026-10-02 18:51:21.694] [info] [video] FFmpeg queue wait duration: 0.52 ms
[2026-10-02 18:51:21.702] [info] [video] copy_eligible=true sha256=6faaeaa9ede1a5c70f436a71dcfd1dcf91572914a37b4660f0ce9b51cf9bf8f3
[2026-10-02 18:51:21.702] [info] [video] Wrote /tmp/velox-phrase-runtime-cert/inputs/isometric_plane_fold/catalog-motions.mp4
[2026-10-02 18:51:21.702] [info] [startup-profile] total=1046.93ms logger=0.11ms cli_bootstrap=10.16ms cli_parse=0.00ms composition=0.32ms plan_read=0.16ms json_parse=2.46ms plan_decode_validate=55.66ms asset_resolve=0.03ms plan_compile=6.53ms other=0.00ms
[2026-10-02 18:51:21.732] [info] [video] Wrote exact per-frame timing sidecar: /tmp/velox-phrase-runtime-cert/inputs/isometric_plane_fold/catalog-motions.mp4.timing.json
[2026-10-02 18:51:21.763] [info] [INFO] job-lifecycle: slot_pool_close_ms=0.0 surface_release_ms=0.1
[2026-10-02 18:51:21.914] [info] [INFO] job-lifecycle: queue_close_ms=0.0 writer_join_ms=0.0 encoder_reset_ms=28.1 decoder_reset_ms=0.0 full_graph_reset_ms=151.1 sink_ctx_reset_ms=0.0 device_runtime_reset_ms=0.0 device_reservation_reset_ms=0.0
[2026-10-02 18:51:21.914] [info] [INFO] job-lifecycle: sidecar_write_ms=32.1 session_teardown_ms=179.7
[2026-10-02 18:51:21.925] [info] [INFO] job-lifecycle: execute_ms=2773.6 receipt_build_ms=0.0 receipt_write_ms=0.0 caller_tail_ms=0.0
