[2026-10-02 18:51:22.189] [info] [overlay-prepare] validated package=/tmp/velox-phrase-runtime-cert/inputs/kinetic_keyword_lock/prepared.json hash=f8f603588f95d39ae3ac374b334706ef72a196f45e64257cc689a7b92d15732a assets=0 text_runs=1 overlays=2
[2026-10-02 18:51:22.194] [info] [asset-profile] kind=3 path=assets/fonts/Poppins-Bold.ttf bytes=155996 cache=miss invalidated=0 stat=0.01ms hash=4.08ms hashed_bytes=155996 total=4.22ms
[2026-10-02 18:51:22.194] [info] [asset-digest-cache] hits=0 misses=1 invalidations=0 bytes_hashed=155996 lookup_ms=0.01 write_ms=0.02 full_hash_ms=4.08
[2026-10-02 18:51:22.196] [info] [plan-profile] read=0.20ms parse=2.93ms decode=56.42ms resolver=0.03ms compile_validate=6.87ms total=70.60ms
[2026-10-02 18:51:22.197] [info] [asset-profile] kind=3 path=assets/fonts/Poppins-Bold.ttf bytes=155996 cache=hit invalidated=0 stat=0.01ms hash=0.00ms hashed_bytes=0 total=0.10ms
[2026-10-02 18:51:22.197] [info] [asset-digest-cache] hits=1 misses=0 invalidations=0 bytes_hashed=0 lookup_ms=0.01 write_ms=0.00 full_hash_ms=0.00
[2026-10-02 18:51:22.201] [info] [plan-compile-profile] assets=0.29ms fingerprint=3.20ms media_resolution=0.00ms materialize=0.19ms composition_compile=0.00ms compatibility_view=0.19ms total=4.30ms
[2026-10-02 18:51:22.202] [info] [video] Auto-selecting yuv420p pipe pixel format for 1280x720 output
[2026-10-02 18:51:22.202] [info] [video] execution plan resolved (reason: required_gpu_native_full_graph); decode=1 composite=2 encode=1 interop=2 handoff=1 codec=3
[2026-10-02 18:51:22.221] [info] [video-runtime] created persistent runtime for device 0 (CUDA ordinal 0)
[2026-10-02 18:51:22.221] [info] [video] encoder feed capability: host_frame=false direct_yuv=false native_surface=true
[2026-10-02 18:51:22.517] [info] [native_av] CUDA context contract: native=0x56315eb7ee00 ffmpeg=0x56315eb7ee00
[2026-10-02 18:51:22.542] [info] [native_av] NVENC tuning applied: rc=constqp preset=p1 async_depth=4 nvenc_surfaces=8 qp=23 bitrate=0
[2026-10-02 18:51:22.587] [info] [native_av] encoder bitstream contract: codec=27 profile=100 level=-99 pix_fmt=119 parameter_sets=49 materialized=true
[2026-10-02 18:51:22.588] [info] [native_av] Opened native encoder: 1280x720 @ 24fps, codec=h264_nvenc, rc=constqp, preset=p1, output='/tmp/velox-phrase-runtime-cert/inputs/kinetic_keyword_lock/catalog-motions.partial.mp4'
[2026-10-02 18:51:23.943] [info] [pool-warm] Pre-allocated and pre-imported 6 execution slots (1280x720) for native NVENC
[2026-10-02 18:51:24.044] [info] chronon3d::vulkan text batch formats: dst_image.format=109 atlas_image.format=44 atlas_encoding=2 (shader contract: dst rgba32f, atlas rgba8)
[2026-10-02 18:51:24.045] [info] [temp-lifetime] frame=0 after_level=0 live=[0,1,3,] retired=[]
[2026-10-02 18:51:24.045] [info] [exec-level-diag] frame=0 level=0 nodes=3 input_ms=0.007 dispatch_ms=5.717 fb_release_ms=0.005
[2026-10-02 18:51:24.045] [info] [graph-edge] frame=0 level=1 consumer_id=2 input_index=0 producer_id=0 producer_level=0
[2026-10-02 18:51:24.045] [info] [graph-edge] frame=0 level=1 consumer_id=2 input_index=1 producer_id=1 producer_level=0
[2026-10-02 18:51:24.045] [info] [graph-edge] frame=0 level=1 consumer_id=4 input_index=0 producer_id=3 producer_level=0
[2026-10-02 18:51:24.050] [info] [temp-lifetime] frame=0 after_level=1 live=[2,4,] retired=[0,1,3,]
[2026-10-02 18:51:24.050] [info] [exec-level-diag] frame=0 level=1 nodes=2 input_ms=0.130 dispatch_ms=4.522 fb_release_ms=0.020
[2026-10-02 18:51:24.050] [info] [graph-edge] frame=0 level=2 consumer_id=5 input_index=0 producer_id=2 producer_level=1
[2026-10-02 18:51:24.050] [info] [graph-edge] frame=0 level=2 consumer_id=5 input_index=1 producer_id=4 producer_level=1
[2026-10-02 18:51:24.051] [info] [temp-lifetime] frame=0 after_level=2 live=[5,] retired=[2,4,]
[2026-10-02 18:51:24.051] [info] [exec-level-diag] frame=0 level=2 nodes=1 input_ms=0.133 dispatch_ms=0.184 fb_release_ms=0.009
[2026-10-02 18:51:24.051] [info] [video] Exporting via Arena-backed SIMD pipeline
[2026-10-02 18:51:24.061] [info] [temp-lifetime] frame=1 after_level=0 live=[0,1,3,] retired=[]
[2026-10-02 18:51:24.062] [info] [exec-level-diag] frame=1 level=0 nodes=3 input_ms=0.003 dispatch_ms=1.002 fb_release_ms=0.004
[2026-10-02 18:51:24.062] [info] [graph-edge] frame=1 level=1 consumer_id=2 input_index=0 producer_id=0 producer_level=0
[2026-10-02 18:51:24.062] [info] [graph-edge] frame=1 level=1 consumer_id=2 input_index=1 producer_id=1 producer_level=0
[2026-10-02 18:51:24.062] [info] [graph-edge] frame=1 level=1 consumer_id=4 input_index=0 producer_id=3 producer_level=0
[2026-10-02 18:51:24.062] [info] [temp-lifetime] frame=1 after_level=1 live=[2,4,] retired=[0,1,3,]
[2026-10-02 18:51:24.062] [info] [exec-level-diag] frame=1 level=1 nodes=2 input_ms=0.212 dispatch_ms=0.452 fb_release_ms=0.014
[2026-10-02 18:51:24.062] [info] [graph-edge] frame=1 level=2 consumer_id=5 input_index=0 producer_id=2 producer_level=1
[2026-10-02 18:51:24.062] [info] [graph-edge] frame=1 level=2 consumer_id=5 input_index=1 producer_id=4 producer_level=1
[2026-10-02 18:51:24.063] [info] [temp-lifetime] frame=1 after_level=2 live=[5,] retired=[2,4,]
[2026-10-02 18:51:24.063] [info] [exec-level-diag] frame=1 level=2 nodes=1 input_ms=0.092 dispatch_ms=0.179 fb_release_ms=0.008
[2026-10-02 18:51:24.077] [info] [temp-lifetime] frame=2 after_level=0 live=[0,1,3,] retired=[]
[2026-10-02 18:51:24.077] [info] [exec-level-diag] frame=2 level=0 nodes=3 input_ms=0.003 dispatch_ms=1.282 fb_release_ms=0.003
[2026-10-02 18:51:24.077] [info] [graph-edge] frame=2 level=1 consumer_id=2 input_index=0 producer_id=0 producer_level=0
[2026-10-02 18:51:24.077] [info] [graph-edge] frame=2 level=1 consumer_id=2 input_index=1 producer_id=1 producer_level=0
[2026-10-02 18:51:24.077] [info] [graph-edge] frame=2 level=1 consumer_id=4 input_index=0 producer_id=3 producer_level=0
[2026-10-02 18:51:24.078] [info] [temp-lifetime] frame=2 after_level=1 live=[2,4,] retired=[0,1,3,]
[2026-10-02 18:51:24.078] [info] [exec-level-diag] frame=2 level=1 nodes=2 input_ms=0.121 dispatch_ms=0.462 fb_release_ms=0.012
[2026-10-02 18:51:24.078] [info] [graph-edge] frame=2 level=2 consumer_id=5 input_index=0 producer_id=2 producer_level=1
[2026-10-02 18:51:24.078] [info] [graph-edge] frame=2 level=2 consumer_id=5 input_index=1 producer_id=4 producer_level=1
[2026-10-02 18:51:24.078] [info] [temp-lifetime] frame=2 after_level=2 live=[5,] retired=[2,4,]
[2026-10-02 18:51:24.078] [info] [exec-level-diag] frame=2 level=2 nodes=1 input_ms=0.070 dispatch_ms=0.210 fb_release_ms=0.008
[2026-10-02 18:51:24.079] [info] [video]   4/48 frames
[2026-10-02 18:51:24.129] [info] [video]   8/48 frames
[2026-10-02 18:51:24.176] [info] [video]   12/48 frames
[2026-10-02 18:51:24.229] [info] [video]   16/48 frames
[2026-10-02 18:51:24.281] [info] [video]   20/48 frames
[2026-10-02 18:51:24.332] [info] [video]   24/48 frames
[2026-10-02 18:51:24.360] [info] [vulkan-lifecycle] frame=25 vram_bytes=333283328 live_surfaces=13 surface_bindings=7 registry_live_handles=107 physical_images=13 deferred_releases=2 vma_allocations=50 surfaces_created=157 surfaces_released=150 queue_packages=0 execution_slots_busy=2 command_batch_active=false
[2026-10-02 18:51:24.388] [info] [video]   28/48 frames
[2026-10-02 18:51:24.444] [info] [video]   32/48 frames
[2026-10-02 18:51:24.495] [info] [video]   36/48 frames
[2026-10-02 18:51:24.547] [info] [video]   40/48 frames
[2026-10-02 18:51:24.598] [info] [video]   44/48 frames
[2026-10-02 18:51:24.648] [info] [video]   48/48 frames
[2026-10-02 18:51:24.667] [info] [video] writer join complete
[2026-10-02 18:51:24.667] [info] [drain-debug] start drain, capacity=6
[2026-10-02 18:51:24.667] [info] [drain-debug] slot_id=4 has completion, waiting
[2026-10-02 18:51:24.667] [info] [drain-debug] slot_id=4 wait complete
[2026-10-02 18:51:24.667] [info] [drain-debug] slot_id=5 has completion, waiting
[2026-10-02 18:51:24.667] [info] [drain-debug] slot_id=5 wait complete
[2026-10-02 18:51:24.668] [info] [drain-debug] reap done, busy_count=0
[2026-10-02 18:51:24.668] [info] [video] trimming framebuffer pool
[2026-10-02 18:51:24.668] [info] [video] Released framebuffer pool — memory trimmed
[2026-10-02 18:51:24.668] [info] [video] frame-loop cleanup complete
[2026-10-02 18:51:24.668] [info] [video] Encoder write blocked duration: 0.00 ms
[2026-10-02 18:51:24.668] [info] [video_diag] conversion_and_copy_duration_ms: 0 ms
[2026-10-02 18:51:24.668] [info] [video_diag] conversion_bytes_written=0 encoder_staging_copy_bytes=0 encoder_slot_reuses=0
[2026-10-02 18:51:24.668] [info] [native_av] close: sending encoder flush
[2026-10-02 18:51:24.668] [info] [native_av] close: encoder flush accepted
[2026-10-02 18:51:24.668] [info] [native_av] close: packets drained=true
[2026-10-02 18:51:24.668] [info] [native_av] close: finalizing mux session
[2026-10-02 18:51:24.669] [info] [native_av] close: mux session finalized
[2026-10-02 18:51:24.669] [info] [native_av] Closed native encoder — 48 frames accepted, encoder_packets=48 mux_packets=48 packet_pts=0..47, YUV cache: 0 hits / 0 misses
[2026-10-02 18:51:24.669] [info] [video_native] convert=110.32ms  send_frame=14.80ms  backpressure=0.00ms  flush=0.89ms  receive_packet=0.21ms  mux_write=0.86ms  trailer=0.44ms
[2026-10-02 18:51:24.671] [info] [video] render_ms=692.27 encode_ms=7.99 writer_encode_ms=127.76 wall_ms=2468.62 nvml_stop_ms=0.17
[2026-10-02 18:51:24.671] [info] [video] FFmpeg queue wait duration: 0.48 ms
[2026-10-02 18:51:24.679] [info] [video] copy_eligible=true sha256=5c16e3bee5f7306a9c663f4695c0abcf140455e6c7d88975929f8bf85f2d31ab
[2026-10-02 18:51:24.679] [info] [video] Wrote /tmp/velox-phrase-runtime-cert/inputs/kinetic_keyword_lock/catalog-motions.mp4
[2026-10-02 18:51:24.679] [info] [startup-profile] total=1085.21ms logger=0.21ms cli_bootstrap=10.23ms cli_parse=0.00ms composition=0.33ms plan_read=0.20ms json_parse=2.93ms plan_decode_validate=56.42ms asset_resolve=0.03ms plan_compile=6.87ms other=0.00ms
[2026-10-02 18:51:24.709] [info] [video] Wrote exact per-frame timing sidecar: /tmp/velox-phrase-runtime-cert/inputs/kinetic_keyword_lock/catalog-motions.mp4.timing.json
[2026-10-02 18:51:24.739] [info] [INFO] job-lifecycle: slot_pool_close_ms=0.0 surface_release_ms=0.1
[2026-10-02 18:51:24.882] [info] [INFO] job-lifecycle: queue_close_ms=0.0 writer_join_ms=0.0 encoder_reset_ms=27.7 decoder_reset_ms=0.0 full_graph_reset_ms=142.2 sink_ctx_reset_ms=0.0 device_runtime_reset_ms=0.0 device_reservation_reset_ms=0.0
[2026-10-02 18:51:24.882] [info] [INFO] job-lifecycle: sidecar_write_ms=32.3 session_teardown_ms=170.3
[2026-10-02 18:51:24.893] [info] [INFO] job-lifecycle: execute_ms=2690.8 receipt_build_ms=0.0 receipt_write_ms=0.0 caller_tail_ms=0.0
