[2026-10-02 18:49:13.417] [info] [overlay-prepare] validated package=/tmp/velox-phrase-runtime-cert/inputs/kinetic_split_word/prepared.json hash=b52bdf747a1359b7a6ad5ae3bd0e1d6be35b032b84f6bd38b3559d76ccc6777d assets=0 text_runs=1 overlays=2
[2026-10-02 18:49:13.421] [info] [asset-profile] kind=3 path=assets/fonts/Poppins-Bold.ttf bytes=155996 cache=miss invalidated=0 stat=0.01ms hash=3.70ms hashed_bytes=155996 total=3.86ms
[2026-10-02 18:49:13.421] [info] [asset-digest-cache] hits=0 misses=1 invalidations=0 bytes_hashed=155996 lookup_ms=0.01 write_ms=0.02 full_hash_ms=3.70
[2026-10-02 18:49:13.424] [info] [plan-profile] read=0.22ms parse=3.80ms decode=69.42ms resolver=0.02ms compile_validate=6.89ms total=83.69ms
[2026-10-02 18:49:13.424] [info] [asset-profile] kind=3 path=assets/fonts/Poppins-Bold.ttf bytes=155996 cache=hit invalidated=0 stat=0.02ms hash=0.00ms hashed_bytes=0 total=0.17ms
[2026-10-02 18:49:13.424] [info] [asset-digest-cache] hits=1 misses=0 invalidations=0 bytes_hashed=0 lookup_ms=0.01 write_ms=0.00 full_hash_ms=0.00
[2026-10-02 18:49:13.429] [info] [plan-compile-profile] assets=0.36ms fingerprint=3.91ms media_resolution=0.02ms materialize=0.25ms composition_compile=0.00ms compatibility_view=0.26ms total=5.36ms
[2026-10-02 18:49:13.430] [info] [video] Auto-selecting yuv420p pipe pixel format for 1280x720 output
[2026-10-02 18:49:13.431] [info] [video] execution plan resolved (reason: required_gpu_native_full_graph); decode=1 composite=2 encode=1 interop=2 handoff=1 codec=3
[2026-10-02 18:49:13.453] [info] [video-runtime] created persistent runtime for device 0 (CUDA ordinal 0)
[2026-10-02 18:49:13.453] [info] [video] encoder feed capability: host_frame=false direct_yuv=false native_surface=true
[2026-10-02 18:49:13.676] [info] [native_av] CUDA context contract: native=0x5649d2414160 ffmpeg=0x5649d2414160
[2026-10-02 18:49:13.695] [info] [native_av] NVENC tuning applied: rc=constqp preset=p1 async_depth=4 nvenc_surfaces=8 qp=23 bitrate=0
[2026-10-02 18:49:13.728] [info] [native_av] encoder bitstream contract: codec=27 profile=100 level=-99 pix_fmt=119 parameter_sets=49 materialized=true
[2026-10-02 18:49:13.728] [info] [native_av] Opened native encoder: 1280x720 @ 24fps, codec=h264_nvenc, rc=constqp, preset=p1, output='/tmp/velox-phrase-runtime-cert/inputs/kinetic_split_word/catalog-motions.partial.mp4'
[2026-10-02 18:49:14.910] [info] [pool-warm] Pre-allocated and pre-imported 6 execution slots (1280x720) for native NVENC
[2026-10-02 18:49:14.993] [info] chronon3d::vulkan text batch formats: dst_image.format=109 atlas_image.format=44 atlas_encoding=2 (shader contract: dst rgba32f, atlas rgba8)
[2026-10-02 18:49:14.994] [info] [temp-lifetime] frame=0 after_level=0 live=[0,1,3,] retired=[]
[2026-10-02 18:49:14.994] [info] [exec-level-diag] frame=0 level=0 nodes=3 input_ms=0.006 dispatch_ms=4.471 fb_release_ms=0.006
[2026-10-02 18:49:14.994] [info] [graph-edge] frame=0 level=1 consumer_id=2 input_index=0 producer_id=0 producer_level=0
[2026-10-02 18:49:14.994] [info] [graph-edge] frame=0 level=1 consumer_id=2 input_index=1 producer_id=1 producer_level=0
[2026-10-02 18:49:14.994] [info] [graph-edge] frame=0 level=1 consumer_id=4 input_index=0 producer_id=3 producer_level=0
[2026-10-02 18:49:14.998] [info] [temp-lifetime] frame=0 after_level=1 live=[2,4,] retired=[0,1,3,]
[2026-10-02 18:49:14.998] [info] [exec-level-diag] frame=0 level=1 nodes=2 input_ms=0.060 dispatch_ms=3.808 fb_release_ms=0.014
[2026-10-02 18:49:14.998] [info] [graph-edge] frame=0 level=2 consumer_id=5 input_index=0 producer_id=2 producer_level=1
[2026-10-02 18:49:14.998] [info] [graph-edge] frame=0 level=2 consumer_id=5 input_index=1 producer_id=4 producer_level=1
[2026-10-02 18:49:14.998] [info] [temp-lifetime] frame=0 after_level=2 live=[5,] retired=[2,4,]
[2026-10-02 18:49:14.998] [info] [exec-level-diag] frame=0 level=2 nodes=1 input_ms=0.020 dispatch_ms=0.165 fb_release_ms=0.008
[2026-10-02 18:49:14.999] [info] [video] Exporting via Arena-backed SIMD pipeline
[2026-10-02 18:49:15.009] [info] [temp-lifetime] frame=1 after_level=0 live=[0,1,3,] retired=[]
[2026-10-02 18:49:15.009] [info] [exec-level-diag] frame=1 level=0 nodes=3 input_ms=0.003 dispatch_ms=1.323 fb_release_ms=0.005
[2026-10-02 18:49:15.009] [info] [graph-edge] frame=1 level=1 consumer_id=2 input_index=0 producer_id=0 producer_level=0
[2026-10-02 18:49:15.009] [info] [graph-edge] frame=1 level=1 consumer_id=2 input_index=1 producer_id=1 producer_level=0
[2026-10-02 18:49:15.009] [info] [graph-edge] frame=1 level=1 consumer_id=4 input_index=0 producer_id=3 producer_level=0
[2026-10-02 18:49:15.010] [info] [temp-lifetime] frame=1 after_level=1 live=[2,4,] retired=[0,1,3,]
[2026-10-02 18:49:15.010] [info] [exec-level-diag] frame=1 level=1 nodes=2 input_ms=0.063 dispatch_ms=0.597 fb_release_ms=0.018
[2026-10-02 18:49:15.010] [info] [graph-edge] frame=1 level=2 consumer_id=5 input_index=0 producer_id=2 producer_level=1
[2026-10-02 18:49:15.010] [info] [graph-edge] frame=1 level=2 consumer_id=5 input_index=1 producer_id=4 producer_level=1
[2026-10-02 18:49:15.010] [info] [temp-lifetime] frame=1 after_level=2 live=[5,] retired=[2,4,]
[2026-10-02 18:49:15.010] [info] [exec-level-diag] frame=1 level=2 nodes=1 input_ms=0.041 dispatch_ms=0.247 fb_release_ms=0.012
[2026-10-02 18:49:15.025] [info] [temp-lifetime] frame=2 after_level=0 live=[0,1,3,] retired=[]
[2026-10-02 18:49:15.025] [info] [exec-level-diag] frame=2 level=0 nodes=3 input_ms=0.003 dispatch_ms=1.491 fb_release_ms=0.004
[2026-10-02 18:49:15.025] [info] [graph-edge] frame=2 level=1 consumer_id=2 input_index=0 producer_id=0 producer_level=0
[2026-10-02 18:49:15.025] [info] [graph-edge] frame=2 level=1 consumer_id=2 input_index=1 producer_id=1 producer_level=0
[2026-10-02 18:49:15.025] [info] [graph-edge] frame=2 level=1 consumer_id=4 input_index=0 producer_id=3 producer_level=0
[2026-10-02 18:49:15.025] [info] [temp-lifetime] frame=2 after_level=1 live=[2,4,] retired=[0,1,3,]
[2026-10-02 18:49:15.025] [info] [exec-level-diag] frame=2 level=1 nodes=2 input_ms=0.028 dispatch_ms=0.497 fb_release_ms=0.019
[2026-10-02 18:49:15.025] [info] [graph-edge] frame=2 level=2 consumer_id=5 input_index=0 producer_id=2 producer_level=1
[2026-10-02 18:49:15.025] [info] [graph-edge] frame=2 level=2 consumer_id=5 input_index=1 producer_id=4 producer_level=1
[2026-10-02 18:49:15.026] [info] [temp-lifetime] frame=2 after_level=2 live=[5,] retired=[2,4,]
[2026-10-02 18:49:15.026] [info] [exec-level-diag] frame=2 level=2 nodes=1 input_ms=0.040 dispatch_ms=0.269 fb_release_ms=0.012
[2026-10-02 18:49:15.026] [info] [video]   4/48 frames
[2026-10-02 18:49:15.073] [info] [video]   8/48 frames
[2026-10-02 18:49:15.121] [info] [video]   12/48 frames
[2026-10-02 18:49:15.165] [info] [video]   16/48 frames
[2026-10-02 18:49:15.203] [info] [video]   20/48 frames
[2026-10-02 18:49:15.241] [info] [video]   24/48 frames
[2026-10-02 18:49:15.263] [info] [vulkan-lifecycle] frame=25 vram_bytes=333283328 live_surfaces=13 surface_bindings=7 registry_live_handles=107 physical_images=13 deferred_releases=2 vma_allocations=45 surfaces_created=157 surfaces_released=150 queue_packages=1 execution_slots_busy=2 command_batch_active=false
[2026-10-02 18:49:15.286] [info] [video]   28/48 frames
[2026-10-02 18:49:15.327] [info] [video]   32/48 frames
[2026-10-02 18:49:15.369] [info] [video]   36/48 frames
[2026-10-02 18:49:15.413] [info] [video]   40/48 frames
[2026-10-02 18:49:15.456] [info] [video]   44/48 frames
[2026-10-02 18:49:15.494] [info] [video]   48/48 frames
[2026-10-02 18:49:15.508] [info] [video] writer join complete
[2026-10-02 18:49:15.508] [info] [drain-debug] start drain, capacity=6
[2026-10-02 18:49:15.508] [info] [drain-debug] slot_id=4 has completion, waiting
[2026-10-02 18:49:15.508] [info] [drain-debug] slot_id=4 wait complete
[2026-10-02 18:49:15.508] [info] [drain-debug] slot_id=5 has completion, waiting
[2026-10-02 18:49:15.508] [info] [drain-debug] slot_id=5 wait complete
[2026-10-02 18:49:15.508] [info] [drain-debug] reap done, busy_count=0
[2026-10-02 18:49:15.508] [info] [video] trimming framebuffer pool
[2026-10-02 18:49:15.508] [info] [video] Released framebuffer pool — memory trimmed
[2026-10-02 18:49:15.508] [info] [video] frame-loop cleanup complete
[2026-10-02 18:49:15.508] [info] [video] Encoder write blocked duration: 0.00 ms
[2026-10-02 18:49:15.508] [info] [video_diag] conversion_and_copy_duration_ms: 0 ms
[2026-10-02 18:49:15.508] [info] [video_diag] conversion_bytes_written=0 encoder_staging_copy_bytes=0 encoder_slot_reuses=0
[2026-10-02 18:49:15.508] [info] [native_av] close: sending encoder flush
[2026-10-02 18:49:15.508] [info] [native_av] close: encoder flush accepted
[2026-10-02 18:49:15.509] [info] [native_av] close: packets drained=true
[2026-10-02 18:49:15.509] [info] [native_av] close: finalizing mux session
[2026-10-02 18:49:15.509] [info] [native_av] close: mux session finalized
[2026-10-02 18:49:15.509] [info] [native_av] Closed native encoder — 48 frames accepted, encoder_packets=48 mux_packets=48 packet_pts=0..47, YUV cache: 0 hits / 0 misses
[2026-10-02 18:49:15.509] [info] [video_native] convert=116.71ms  send_frame=10.67ms  backpressure=0.00ms  flush=1.22ms  receive_packet=0.89ms  mux_write=0.57ms  trailer=0.26ms
[2026-10-02 18:49:15.511] [info] [video] render_ms=570.84 encode_ms=7.11 writer_encode_ms=128.05 wall_ms=2080.09 nvml_stop_ms=0.14
[2026-10-02 18:49:15.511] [info] [video] FFmpeg queue wait duration: 0.38 ms
[2026-10-02 18:49:15.517] [info] [video] copy_eligible=true sha256=98922be4304ac80756cfa6572c7457fdce65becd51b47fe8a804923f3c510e2e
[2026-10-02 18:49:15.517] [info] [video] Wrote /tmp/velox-phrase-runtime-cert/inputs/kinetic_split_word/catalog-motions.mp4
[2026-10-02 18:49:15.518] [info] [startup-profile] total=934.98ms logger=0.12ms cli_bootstrap=14.27ms cli_parse=0.00ms composition=0.35ms plan_read=0.22ms json_parse=3.80ms plan_decode_validate=69.42ms asset_resolve=0.02ms plan_compile=6.89ms other=0.00ms
[2026-10-02 18:49:15.547] [info] [video] Wrote exact per-frame timing sidecar: /tmp/velox-phrase-runtime-cert/inputs/kinetic_split_word/catalog-motions.mp4.timing.json
[2026-10-02 18:49:15.574] [info] [INFO] job-lifecycle: slot_pool_close_ms=0.0 surface_release_ms=0.1
[2026-10-02 18:49:15.707] [info] [INFO] job-lifecycle: queue_close_ms=0.0 writer_join_ms=0.0 encoder_reset_ms=24.3 decoder_reset_ms=0.0 full_graph_reset_ms=132.6 sink_ctx_reset_ms=0.0 device_runtime_reset_ms=0.0 device_reservation_reset_ms=0.0
[2026-10-02 18:49:15.707] [info] [INFO] job-lifecycle: sidecar_write_ms=31.9 session_teardown_ms=157.2
[2026-10-02 18:49:15.715] [info] [INFO] job-lifecycle: execute_ms=2284.5 receipt_build_ms=0.0 receipt_write_ms=0.0 caller_tail_ms=0.0
