[2026-10-02 18:51:25.165] [info] [overlay-prepare] validated package=/tmp/velox-phrase-runtime-cert/inputs/light_sweep_reveal/prepared.json hash=91a8ccee1af5d326d70fa73f64fcbec6380ad8928e50873ab1417d1db1c6cd3d assets=0 text_runs=1 overlays=2
[2026-10-02 18:51:25.170] [info] [asset-profile] kind=3 path=assets/fonts/Poppins-Bold.ttf bytes=155996 cache=miss invalidated=0 stat=0.01ms hash=3.99ms hashed_bytes=155996 total=4.13ms
[2026-10-02 18:51:25.170] [info] [asset-digest-cache] hits=0 misses=1 invalidations=0 bytes_hashed=155996 lookup_ms=0.01 write_ms=0.02 full_hash_ms=3.99
[2026-10-02 18:51:25.172] [info] [plan-profile] read=0.17ms parse=2.86ms decode=58.23ms resolver=0.02ms compile_validate=6.28ms total=70.78ms
[2026-10-02 18:51:25.172] [info] [asset-profile] kind=3 path=assets/fonts/Poppins-Bold.ttf bytes=155996 cache=hit invalidated=0 stat=0.01ms hash=0.00ms hashed_bytes=0 total=0.12ms
[2026-10-02 18:51:25.172] [info] [asset-digest-cache] hits=1 misses=0 invalidations=0 bytes_hashed=0 lookup_ms=0.01 write_ms=0.00 full_hash_ms=0.00
[2026-10-02 18:51:25.175] [info] [plan-compile-profile] assets=0.26ms fingerprint=2.53ms media_resolution=0.00ms materialize=0.18ms composition_compile=0.00ms compatibility_view=0.13ms total=3.46ms
[2026-10-02 18:51:25.176] [info] [video] Auto-selecting yuv420p pipe pixel format for 1280x720 output
[2026-10-02 18:51:25.177] [info] [video] execution plan resolved (reason: required_gpu_native_full_graph); decode=1 composite=2 encode=1 interop=2 handoff=1 codec=3
[2026-10-02 18:51:25.202] [info] [video-runtime] created persistent runtime for device 0 (CUDA ordinal 0)
[2026-10-02 18:51:25.202] [info] [video] encoder feed capability: host_frame=false direct_yuv=false native_surface=true
[2026-10-02 18:51:25.489] [info] [native_av] CUDA context contract: native=0x56476c3f4760 ffmpeg=0x56476c3f4760
[2026-10-02 18:51:25.508] [info] [native_av] NVENC tuning applied: rc=constqp preset=p1 async_depth=4 nvenc_surfaces=8 qp=23 bitrate=0
[2026-10-02 18:51:25.541] [info] [native_av] encoder bitstream contract: codec=27 profile=100 level=-99 pix_fmt=119 parameter_sets=49 materialized=true
[2026-10-02 18:51:25.542] [info] [native_av] Opened native encoder: 1280x720 @ 24fps, codec=h264_nvenc, rc=constqp, preset=p1, output='/tmp/velox-phrase-runtime-cert/inputs/light_sweep_reveal/catalog-motions.partial.mp4'
[2026-10-02 18:51:26.825] [info] [pool-warm] Pre-allocated and pre-imported 6 execution slots (1280x720) for native NVENC
[2026-10-02 18:51:26.930] [info] chronon3d::vulkan text batch formats: dst_image.format=109 atlas_image.format=44 atlas_encoding=2 (shader contract: dst rgba32f, atlas rgba8)
[2026-10-02 18:51:26.930] [info] [temp-lifetime] frame=0 after_level=0 live=[0,1,3,] retired=[]
[2026-10-02 18:51:26.930] [info] [exec-level-diag] frame=0 level=0 nodes=3 input_ms=0.008 dispatch_ms=5.297 fb_release_ms=0.006
[2026-10-02 18:51:26.930] [info] [graph-edge] frame=0 level=1 consumer_id=2 input_index=0 producer_id=0 producer_level=0
[2026-10-02 18:51:26.931] [info] [graph-edge] frame=0 level=1 consumer_id=2 input_index=1 producer_id=1 producer_level=0
[2026-10-02 18:51:26.931] [info] [graph-edge] frame=0 level=1 consumer_id=4 input_index=0 producer_id=3 producer_level=0
[2026-10-02 18:51:26.935] [info] [temp-lifetime] frame=0 after_level=1 live=[2,4,] retired=[0,1,3,]
[2026-10-02 18:51:26.935] [info] [exec-level-diag] frame=0 level=1 nodes=2 input_ms=0.042 dispatch_ms=4.586 fb_release_ms=0.022
[2026-10-02 18:51:26.935] [info] [graph-edge] frame=0 level=2 consumer_id=5 input_index=0 producer_id=2 producer_level=1
[2026-10-02 18:51:26.935] [info] [graph-edge] frame=0 level=2 consumer_id=5 input_index=1 producer_id=4 producer_level=1
[2026-10-02 18:51:26.935] [info] [temp-lifetime] frame=0 after_level=2 live=[5,] retired=[2,4,]
[2026-10-02 18:51:26.935] [info] [exec-level-diag] frame=0 level=2 nodes=1 input_ms=0.020 dispatch_ms=0.178 fb_release_ms=0.008
[2026-10-02 18:51:26.936] [info] [video] Exporting via Arena-backed SIMD pipeline
[2026-10-02 18:51:26.947] [info] [temp-lifetime] frame=1 after_level=0 live=[0,1,3,] retired=[]
[2026-10-02 18:51:26.947] [info] [exec-level-diag] frame=1 level=0 nodes=3 input_ms=0.003 dispatch_ms=1.498 fb_release_ms=0.003
[2026-10-02 18:51:26.947] [info] [graph-edge] frame=1 level=1 consumer_id=2 input_index=0 producer_id=0 producer_level=0
[2026-10-02 18:51:26.947] [info] [graph-edge] frame=1 level=1 consumer_id=2 input_index=1 producer_id=1 producer_level=0
[2026-10-02 18:51:26.947] [info] [graph-edge] frame=1 level=1 consumer_id=4 input_index=0 producer_id=3 producer_level=0
[2026-10-02 18:51:26.947] [info] [temp-lifetime] frame=1 after_level=1 live=[2,4,] retired=[0,1,3,]
[2026-10-02 18:51:26.947] [info] [exec-level-diag] frame=1 level=1 nodes=2 input_ms=0.027 dispatch_ms=0.469 fb_release_ms=0.019
[2026-10-02 18:51:26.947] [info] [graph-edge] frame=1 level=2 consumer_id=5 input_index=0 producer_id=2 producer_level=1
[2026-10-02 18:51:26.948] [info] [graph-edge] frame=1 level=2 consumer_id=5 input_index=1 producer_id=4 producer_level=1
[2026-10-02 18:51:26.948] [info] [temp-lifetime] frame=1 after_level=2 live=[5,] retired=[2,4,]
[2026-10-02 18:51:26.948] [info] [exec-level-diag] frame=1 level=2 nodes=1 input_ms=0.043 dispatch_ms=0.253 fb_release_ms=0.013
[2026-10-02 18:51:26.963] [info] [temp-lifetime] frame=2 after_level=0 live=[0,1,3,] retired=[]
[2026-10-02 18:51:26.963] [info] [exec-level-diag] frame=2 level=0 nodes=3 input_ms=0.004 dispatch_ms=1.217 fb_release_ms=0.005
[2026-10-02 18:51:26.963] [info] [graph-edge] frame=2 level=1 consumer_id=2 input_index=0 producer_id=0 producer_level=0
[2026-10-02 18:51:26.963] [info] [graph-edge] frame=2 level=1 consumer_id=2 input_index=1 producer_id=1 producer_level=0
[2026-10-02 18:51:26.963] [info] [graph-edge] frame=2 level=1 consumer_id=4 input_index=0 producer_id=3 producer_level=0
[2026-10-02 18:51:26.963] [info] [temp-lifetime] frame=2 after_level=1 live=[2,4,] retired=[0,1,3,]
[2026-10-02 18:51:26.963] [info] [exec-level-diag] frame=2 level=1 nodes=2 input_ms=0.068 dispatch_ms=0.436 fb_release_ms=0.020
[2026-10-02 18:51:26.963] [info] [graph-edge] frame=2 level=2 consumer_id=5 input_index=0 producer_id=2 producer_level=1
[2026-10-02 18:51:26.963] [info] [graph-edge] frame=2 level=2 consumer_id=5 input_index=1 producer_id=4 producer_level=1
[2026-10-02 18:51:26.964] [info] [temp-lifetime] frame=2 after_level=2 live=[5,] retired=[2,4,]
[2026-10-02 18:51:26.964] [info] [exec-level-diag] frame=2 level=2 nodes=1 input_ms=0.052 dispatch_ms=0.268 fb_release_ms=0.013
[2026-10-02 18:51:26.964] [info] [video]   4/48 frames
[2026-10-02 18:51:27.014] [info] [video]   8/48 frames
[2026-10-02 18:51:27.059] [info] [video]   12/48 frames
[2026-10-02 18:51:27.106] [info] [video]   16/48 frames
[2026-10-02 18:51:27.152] [info] [video]   20/48 frames
[2026-10-02 18:51:27.197] [info] [video]   24/48 frames
[2026-10-02 18:51:27.218] [info] [vulkan-lifecycle] frame=25 vram_bytes=333283328 live_surfaces=13 surface_bindings=7 registry_live_handles=107 physical_images=13 deferred_releases=2 vma_allocations=45 surfaces_created=157 surfaces_released=150 queue_packages=1 execution_slots_busy=2 command_batch_active=false
[2026-10-02 18:51:27.243] [info] [video]   28/48 frames
[2026-10-02 18:51:27.291] [info] [video]   32/48 frames
[2026-10-02 18:51:27.336] [info] [video]   36/48 frames
[2026-10-02 18:51:27.382] [info] [video]   40/48 frames
[2026-10-02 18:51:27.433] [info] [video]   44/48 frames
[2026-10-02 18:51:27.481] [info] [video]   48/48 frames
[2026-10-02 18:51:27.495] [info] [video] writer join complete
[2026-10-02 18:51:27.496] [info] [drain-debug] start drain, capacity=6
[2026-10-02 18:51:27.496] [info] [drain-debug] slot_id=4 has completion, waiting
[2026-10-02 18:51:27.496] [info] [drain-debug] slot_id=4 wait complete
[2026-10-02 18:51:27.496] [info] [drain-debug] slot_id=5 has completion, waiting
[2026-10-02 18:51:27.496] [info] [drain-debug] slot_id=5 wait complete
[2026-10-02 18:51:27.496] [info] [drain-debug] reap done, busy_count=0
[2026-10-02 18:51:27.496] [info] [video] trimming framebuffer pool
[2026-10-02 18:51:27.496] [info] [video] Released framebuffer pool — memory trimmed
[2026-10-02 18:51:27.496] [info] [video] frame-loop cleanup complete
[2026-10-02 18:51:27.496] [info] [video] Encoder write blocked duration: 0.00 ms
[2026-10-02 18:51:27.496] [info] [video_diag] conversion_and_copy_duration_ms: 0 ms
[2026-10-02 18:51:27.496] [info] [video_diag] conversion_bytes_written=0 encoder_staging_copy_bytes=0 encoder_slot_reuses=0
[2026-10-02 18:51:27.496] [info] [native_av] close: sending encoder flush
[2026-10-02 18:51:27.496] [info] [native_av] close: encoder flush accepted
[2026-10-02 18:51:27.497] [info] [native_av] close: packets drained=true
[2026-10-02 18:51:27.497] [info] [native_av] close: finalizing mux session
[2026-10-02 18:51:27.497] [info] [native_av] close: mux session finalized
[2026-10-02 18:51:27.497] [info] [native_av] Closed native encoder — 48 frames accepted, encoder_packets=48 mux_packets=48 packet_pts=0..47, YUV cache: 0 hits / 0 misses
[2026-10-02 18:51:27.497] [info] [video_native] convert=112.13ms  send_frame=12.49ms  backpressure=0.00ms  flush=1.20ms  receive_packet=0.88ms  mux_write=0.74ms  trailer=0.26ms
[2026-10-02 18:51:27.499] [info] [video] render_ms=640.83 encode_ms=7.17 writer_encode_ms=124.97 wall_ms=2322.00 nvml_stop_ms=0.14
[2026-10-02 18:51:27.499] [info] [video] FFmpeg queue wait duration: 0.43 ms
[2026-10-02 18:51:27.506] [info] [video] copy_eligible=true sha256=176661d13071c6216404c5d12311f2999cfd1570f98cdf56c4d07c111d57abc0
[2026-10-02 18:51:27.506] [info] [video] Wrote /tmp/velox-phrase-runtime-cert/inputs/light_sweep_reveal/catalog-motions.mp4
[2026-10-02 18:51:27.506] [info] [startup-profile] total=1011.55ms logger=0.11ms cli_bootstrap=12.73ms cli_parse=0.00ms composition=0.33ms plan_read=0.17ms json_parse=2.86ms plan_decode_validate=58.23ms asset_resolve=0.02ms plan_compile=6.28ms other=0.00ms
[2026-10-02 18:51:27.536] [info] [video] Wrote exact per-frame timing sidecar: /tmp/velox-phrase-runtime-cert/inputs/light_sweep_reveal/catalog-motions.mp4.timing.json
[2026-10-02 18:51:27.572] [info] [INFO] job-lifecycle: slot_pool_close_ms=0.0 surface_release_ms=0.1
[2026-10-02 18:51:27.712] [info] [INFO] job-lifecycle: queue_close_ms=0.0 writer_join_ms=0.0 encoder_reset_ms=32.6 decoder_reset_ms=0.0 full_graph_reset_ms=140.1 sink_ctx_reset_ms=0.0 device_runtime_reset_ms=0.0 device_reservation_reset_ms=0.0
[2026-10-02 18:51:27.712] [info] [INFO] job-lifecycle: sidecar_write_ms=32.5 session_teardown_ms=173.1
[2026-10-02 18:51:27.721] [info] [INFO] job-lifecycle: execute_ms=2544.7 receipt_build_ms=0.0 receipt_write_ms=0.0 caller_tail_ms=0.0
