[2026-10-02 18:49:21.466] [info] [overlay-prepare] validated package=/tmp/velox-phrase-runtime-cert/inputs/liquid_glass_ripple/prepared.json hash=fb624599ba9fc2942233c6541623939316206ae43fc2f26262bd591ea88f1c71 assets=0 text_runs=1 overlays=2
[2026-10-02 18:49:21.470] [info] [asset-profile] kind=3 path=assets/fonts/Poppins-Bold.ttf bytes=155996 cache=miss invalidated=0 stat=0.01ms hash=3.46ms hashed_bytes=155996 total=3.60ms
[2026-10-02 18:49:21.470] [info] [asset-digest-cache] hits=0 misses=1 invalidations=0 bytes_hashed=155996 lookup_ms=0.01 write_ms=0.01 full_hash_ms=3.46
[2026-10-02 18:49:21.472] [info] [plan-profile] read=0.15ms parse=2.38ms decode=58.39ms resolver=0.02ms compile_validate=5.74ms total=69.91ms
[2026-10-02 18:49:21.472] [info] [asset-profile] kind=3 path=assets/fonts/Poppins-Bold.ttf bytes=155996 cache=hit invalidated=0 stat=0.01ms hash=0.00ms hashed_bytes=0 total=0.10ms
[2026-10-02 18:49:21.473] [info] [asset-digest-cache] hits=1 misses=0 invalidations=0 bytes_hashed=0 lookup_ms=0.01 write_ms=0.00 full_hash_ms=0.00
[2026-10-02 18:49:21.476] [info] [plan-compile-profile] assets=0.29ms fingerprint=2.54ms media_resolution=0.00ms materialize=0.17ms composition_compile=0.00ms compatibility_view=0.13ms total=3.48ms
[2026-10-02 18:49:21.477] [info] [video] Auto-selecting yuv420p pipe pixel format for 1280x720 output
[2026-10-02 18:49:21.477] [info] [video] execution plan resolved (reason: required_gpu_native_full_graph); decode=1 composite=2 encode=1 interop=2 handoff=1 codec=3
[2026-10-02 18:49:21.494] [info] [video-runtime] created persistent runtime for device 0 (CUDA ordinal 0)
[2026-10-02 18:49:21.494] [info] [video] encoder feed capability: host_frame=false direct_yuv=false native_surface=true
[2026-10-02 18:49:21.701] [info] [native_av] CUDA context contract: native=0x563ce6a027d0 ffmpeg=0x563ce6a027d0
[2026-10-02 18:49:21.724] [info] [native_av] NVENC tuning applied: rc=constqp preset=p1 async_depth=4 nvenc_surfaces=8 qp=23 bitrate=0
[2026-10-02 18:49:21.758] [info] [native_av] encoder bitstream contract: codec=27 profile=100 level=-99 pix_fmt=119 parameter_sets=49 materialized=true
[2026-10-02 18:49:21.759] [info] [native_av] Opened native encoder: 1280x720 @ 24fps, codec=h264_nvenc, rc=constqp, preset=p1, output='/tmp/velox-phrase-runtime-cert/inputs/liquid_glass_ripple/catalog-motions.partial.mp4'
[2026-10-02 18:49:22.995] [info] [pool-warm] Pre-allocated and pre-imported 6 execution slots (1280x720) for native NVENC
[2026-10-02 18:49:23.089] [info] chronon3d::vulkan text batch formats: dst_image.format=109 atlas_image.format=44 atlas_encoding=2 (shader contract: dst rgba32f, atlas rgba8)
[2026-10-02 18:49:23.089] [info] [temp-lifetime] frame=0 after_level=0 live=[0,1,3,] retired=[]
[2026-10-02 18:49:23.090] [info] [exec-level-diag] frame=0 level=0 nodes=3 input_ms=0.006 dispatch_ms=5.062 fb_release_ms=0.005
[2026-10-02 18:49:23.090] [info] [graph-edge] frame=0 level=1 consumer_id=2 input_index=0 producer_id=0 producer_level=0
[2026-10-02 18:49:23.090] [info] [graph-edge] frame=0 level=1 consumer_id=2 input_index=1 producer_id=1 producer_level=0
[2026-10-02 18:49:23.090] [info] [graph-edge] frame=0 level=1 consumer_id=4 input_index=0 producer_id=3 producer_level=0
[2026-10-02 18:49:23.094] [info] [temp-lifetime] frame=0 after_level=1 live=[2,4,] retired=[0,1,3,]
[2026-10-02 18:49:23.094] [info] [exec-level-diag] frame=0 level=1 nodes=2 input_ms=0.125 dispatch_ms=4.251 fb_release_ms=0.021
[2026-10-02 18:49:23.094] [info] [graph-edge] frame=0 level=2 consumer_id=5 input_index=0 producer_id=2 producer_level=1
[2026-10-02 18:49:23.094] [info] [graph-edge] frame=0 level=2 consumer_id=5 input_index=1 producer_id=4 producer_level=1
[2026-10-02 18:49:23.094] [info] [temp-lifetime] frame=0 after_level=2 live=[5,] retired=[2,4,]
[2026-10-02 18:49:23.095] [info] [exec-level-diag] frame=0 level=2 nodes=1 input_ms=0.117 dispatch_ms=0.187 fb_release_ms=0.009
[2026-10-02 18:49:23.095] [info] [video] Exporting via Arena-backed SIMD pipeline
[2026-10-02 18:49:23.104] [info] [temp-lifetime] frame=1 after_level=0 live=[0,1,3,] retired=[]
[2026-10-02 18:49:23.105] [info] [exec-level-diag] frame=1 level=0 nodes=3 input_ms=0.003 dispatch_ms=0.781 fb_release_ms=0.004
[2026-10-02 18:49:23.105] [info] [graph-edge] frame=1 level=1 consumer_id=2 input_index=0 producer_id=0 producer_level=0
[2026-10-02 18:49:23.105] [info] [graph-edge] frame=1 level=1 consumer_id=2 input_index=1 producer_id=1 producer_level=0
[2026-10-02 18:49:23.105] [info] [graph-edge] frame=1 level=1 consumer_id=4 input_index=0 producer_id=3 producer_level=0
[2026-10-02 18:49:23.105] [info] [temp-lifetime] frame=1 after_level=1 live=[2,4,] retired=[0,1,3,]
[2026-10-02 18:49:23.105] [info] [exec-level-diag] frame=1 level=1 nodes=2 input_ms=0.121 dispatch_ms=0.367 fb_release_ms=0.012
[2026-10-02 18:49:23.105] [info] [graph-edge] frame=1 level=2 consumer_id=5 input_index=0 producer_id=2 producer_level=1
[2026-10-02 18:49:23.105] [info] [graph-edge] frame=1 level=2 consumer_id=5 input_index=1 producer_id=4 producer_level=1
[2026-10-02 18:49:23.106] [info] [temp-lifetime] frame=1 after_level=2 live=[5,] retired=[2,4,]
[2026-10-02 18:49:23.106] [info] [exec-level-diag] frame=1 level=2 nodes=1 input_ms=0.090 dispatch_ms=0.176 fb_release_ms=0.009
[2026-10-02 18:49:23.120] [info] [temp-lifetime] frame=2 after_level=0 live=[0,1,3,] retired=[]
[2026-10-02 18:49:23.120] [info] [exec-level-diag] frame=2 level=0 nodes=3 input_ms=0.003 dispatch_ms=1.316 fb_release_ms=0.003
[2026-10-02 18:49:23.120] [info] [graph-edge] frame=2 level=1 consumer_id=2 input_index=0 producer_id=0 producer_level=0
[2026-10-02 18:49:23.120] [info] [graph-edge] frame=2 level=1 consumer_id=2 input_index=1 producer_id=1 producer_level=0
[2026-10-02 18:49:23.120] [info] [graph-edge] frame=2 level=1 consumer_id=4 input_index=0 producer_id=3 producer_level=0
[2026-10-02 18:49:23.121] [info] [temp-lifetime] frame=2 after_level=1 live=[2,4,] retired=[0,1,3,]
[2026-10-02 18:49:23.121] [info] [exec-level-diag] frame=2 level=1 nodes=2 input_ms=0.099 dispatch_ms=0.479 fb_release_ms=0.012
[2026-10-02 18:49:23.121] [info] [graph-edge] frame=2 level=2 consumer_id=5 input_index=0 producer_id=2 producer_level=1
[2026-10-02 18:49:23.121] [info] [graph-edge] frame=2 level=2 consumer_id=5 input_index=1 producer_id=4 producer_level=1
[2026-10-02 18:49:23.121] [info] [temp-lifetime] frame=2 after_level=2 live=[5,] retired=[2,4,]
[2026-10-02 18:49:23.121] [info] [exec-level-diag] frame=2 level=2 nodes=1 input_ms=0.089 dispatch_ms=0.204 fb_release_ms=0.009
[2026-10-02 18:49:23.121] [info] [video]   4/48 frames
[2026-10-02 18:49:23.173] [info] [video]   8/48 frames
[2026-10-02 18:49:23.218] [info] [video]   12/48 frames
[2026-10-02 18:49:23.265] [info] [video]   16/48 frames
[2026-10-02 18:49:23.313] [info] [video]   20/48 frames
[2026-10-02 18:49:23.355] [info] [video]   24/48 frames
[2026-10-02 18:49:23.375] [info] [vulkan-lifecycle] frame=25 vram_bytes=333283328 live_surfaces=13 surface_bindings=7 registry_live_handles=107 physical_images=13 deferred_releases=2 vma_allocations=45 surfaces_created=157 surfaces_released=150 queue_packages=1 execution_slots_busy=2 command_batch_active=false
[2026-10-02 18:49:23.395] [info] [video]   28/48 frames
[2026-10-02 18:49:23.441] [info] [video]   32/48 frames
[2026-10-02 18:49:23.486] [info] [video]   36/48 frames
[2026-10-02 18:49:23.525] [info] [video]   40/48 frames
[2026-10-02 18:49:23.564] [info] [video]   44/48 frames
[2026-10-02 18:49:23.603] [info] [video]   48/48 frames
[2026-10-02 18:49:23.620] [info] [video] writer join complete
[2026-10-02 18:49:23.620] [info] [drain-debug] start drain, capacity=6
[2026-10-02 18:49:23.620] [info] [drain-debug] slot_id=4 has completion, waiting
[2026-10-02 18:49:23.620] [info] [drain-debug] slot_id=4 wait complete
[2026-10-02 18:49:23.620] [info] [drain-debug] slot_id=5 has completion, waiting
[2026-10-02 18:49:23.620] [info] [drain-debug] slot_id=5 wait complete
[2026-10-02 18:49:23.620] [info] [drain-debug] reap done, busy_count=0
[2026-10-02 18:49:23.620] [info] [video] trimming framebuffer pool
[2026-10-02 18:49:23.621] [info] [video] Released framebuffer pool — memory trimmed
[2026-10-02 18:49:23.621] [info] [video] frame-loop cleanup complete
[2026-10-02 18:49:23.621] [info] [video] Encoder write blocked duration: 0.00 ms
[2026-10-02 18:49:23.621] [info] [video_diag] conversion_and_copy_duration_ms: 0 ms
[2026-10-02 18:49:23.621] [info] [video_diag] conversion_bytes_written=0 encoder_staging_copy_bytes=0 encoder_slot_reuses=0
[2026-10-02 18:49:23.621] [info] [native_av] close: sending encoder flush
[2026-10-02 18:49:23.621] [info] [native_av] close: encoder flush accepted
[2026-10-02 18:49:23.621] [info] [native_av] close: packets drained=true
[2026-10-02 18:49:23.622] [info] [native_av] close: finalizing mux session
[2026-10-02 18:49:23.622] [info] [native_av] close: mux session finalized
[2026-10-02 18:49:23.622] [info] [native_av] Closed native encoder — 48 frames accepted, encoder_packets=48 mux_packets=48 packet_pts=0..47, YUV cache: 0 hits / 0 misses
[2026-10-02 18:49:23.622] [info] [video_native] convert=113.84ms  send_frame=12.06ms  backpressure=0.00ms  flush=1.11ms  receive_packet=0.62ms  mux_write=0.66ms  trailer=0.33ms
[2026-10-02 18:49:23.623] [info] [video] render_ms=595.49 encode_ms=7.59 writer_encode_ms=126.94 wall_ms=2146.44 nvml_stop_ms=0.16
[2026-10-02 18:49:23.624] [info] [video] FFmpeg queue wait duration: 0.43 ms
[2026-10-02 18:49:23.630] [info] [video] copy_eligible=true sha256=55f7c535696df96125cc1cfa4e5a9252b881b8cc8508ae8eb26f5be6970fdef3
[2026-10-02 18:49:23.630] [info] [video] Wrote /tmp/velox-phrase-runtime-cert/inputs/liquid_glass_ripple/catalog-motions.mp4
[2026-10-02 18:49:23.631] [info] [startup-profile] total=910.73ms logger=0.12ms cli_bootstrap=14.67ms cli_parse=0.00ms composition=0.51ms plan_read=0.15ms json_parse=2.38ms plan_decode_validate=58.39ms asset_resolve=0.02ms plan_compile=5.74ms other=0.00ms
[2026-10-02 18:49:23.661] [info] [video] Wrote exact per-frame timing sidecar: /tmp/velox-phrase-runtime-cert/inputs/liquid_glass_ripple/catalog-motions.mp4.timing.json
[2026-10-02 18:49:23.690] [info] [INFO] job-lifecycle: slot_pool_close_ms=0.0 surface_release_ms=0.1
[2026-10-02 18:49:23.824] [info] [INFO] job-lifecycle: queue_close_ms=0.0 writer_join_ms=0.0 encoder_reset_ms=25.7 decoder_reset_ms=0.0 full_graph_reset_ms=134.1 sink_ctx_reset_ms=0.0 device_runtime_reset_ms=0.0 device_reservation_reset_ms=0.0
[2026-10-02 18:49:23.824] [info] [INFO] job-lifecycle: sidecar_write_ms=33.1 session_teardown_ms=160.2
[2026-10-02 18:49:23.833] [info] [INFO] job-lifecycle: execute_ms=2355.9 receipt_build_ms=0.0 receipt_write_ms=0.0 caller_tail_ms=0.0
