[2026-10-02 18:51:27.965] [info] [overlay-prepare] validated package=/tmp/velox-phrase-runtime-cert/inputs/magnetic_word_focus/prepared.json hash=76afaad7cda6a3d6fc86b4c33eb74e78f820cbe3c840342ceb01dc9315bc9b01 assets=0 text_runs=1 overlays=2
[2026-10-02 18:51:27.969] [info] [asset-profile] kind=3 path=assets/fonts/Poppins-Bold.ttf bytes=155996 cache=miss invalidated=0 stat=0.01ms hash=3.92ms hashed_bytes=155996 total=4.06ms
[2026-10-02 18:51:27.969] [info] [asset-digest-cache] hits=0 misses=1 invalidations=0 bytes_hashed=155996 lookup_ms=0.01 write_ms=0.02 full_hash_ms=3.92
[2026-10-02 18:51:27.971] [info] [plan-profile] read=0.18ms parse=2.43ms decode=54.49ms resolver=0.02ms compile_validate=6.25ms total=66.61ms
[2026-10-02 18:51:27.971] [info] [asset-profile] kind=3 path=assets/fonts/Poppins-Bold.ttf bytes=155996 cache=hit invalidated=0 stat=0.01ms hash=0.00ms hashed_bytes=0 total=0.10ms
[2026-10-02 18:51:27.971] [info] [asset-digest-cache] hits=1 misses=0 invalidations=0 bytes_hashed=0 lookup_ms=0.01 write_ms=0.00 full_hash_ms=0.00
[2026-10-02 18:51:27.975] [info] [plan-compile-profile] assets=0.22ms fingerprint=2.63ms media_resolution=0.00ms materialize=0.22ms composition_compile=0.00ms compatibility_view=0.15ms total=3.58ms
[2026-10-02 18:51:27.975] [info] [video] Auto-selecting yuv420p pipe pixel format for 1280x720 output
[2026-10-02 18:51:27.976] [info] [video] execution plan resolved (reason: required_gpu_native_full_graph); decode=1 composite=2 encode=1 interop=2 handoff=1 codec=3
[2026-10-02 18:51:28.002] [info] [video-runtime] created persistent runtime for device 0 (CUDA ordinal 0)
[2026-10-02 18:51:28.002] [info] [video] encoder feed capability: host_frame=false direct_yuv=false native_surface=true
[2026-10-02 18:51:28.284] [info] [native_av] CUDA context contract: native=0x5575555f0410 ffmpeg=0x5575555f0410
[2026-10-02 18:51:28.304] [info] [native_av] NVENC tuning applied: rc=constqp preset=p1 async_depth=4 nvenc_surfaces=8 qp=23 bitrate=0
[2026-10-02 18:51:28.340] [info] [native_av] encoder bitstream contract: codec=27 profile=100 level=-99 pix_fmt=119 parameter_sets=49 materialized=true
[2026-10-02 18:51:28.340] [info] [native_av] Opened native encoder: 1280x720 @ 24fps, codec=h264_nvenc, rc=constqp, preset=p1, output='/tmp/velox-phrase-runtime-cert/inputs/magnetic_word_focus/catalog-motions.partial.mp4'
[2026-10-02 18:51:29.618] [info] [pool-warm] Pre-allocated and pre-imported 6 execution slots (1280x720) for native NVENC
[2026-10-02 18:51:29.710] [info] chronon3d::vulkan text batch formats: dst_image.format=109 atlas_image.format=44 atlas_encoding=2 (shader contract: dst rgba32f, atlas rgba8)
[2026-10-02 18:51:29.711] [info] [temp-lifetime] frame=0 after_level=0 live=[0,1,3,] retired=[]
[2026-10-02 18:51:29.711] [info] [exec-level-diag] frame=0 level=0 nodes=3 input_ms=0.007 dispatch_ms=4.940 fb_release_ms=0.005
[2026-10-02 18:51:29.711] [info] [graph-edge] frame=0 level=1 consumer_id=2 input_index=0 producer_id=0 producer_level=0
[2026-10-02 18:51:29.711] [info] [graph-edge] frame=0 level=1 consumer_id=2 input_index=1 producer_id=1 producer_level=0
[2026-10-02 18:51:29.711] [info] [graph-edge] frame=0 level=1 consumer_id=4 input_index=0 producer_id=3 producer_level=0
[2026-10-02 18:51:29.716] [info] [temp-lifetime] frame=0 after_level=1 live=[2,4,] retired=[0,1,3,]
[2026-10-02 18:51:29.716] [info] [exec-level-diag] frame=0 level=1 nodes=2 input_ms=0.038 dispatch_ms=4.436 fb_release_ms=0.021
[2026-10-02 18:51:29.716] [info] [graph-edge] frame=0 level=2 consumer_id=5 input_index=0 producer_id=2 producer_level=1
[2026-10-02 18:51:29.716] [info] [graph-edge] frame=0 level=2 consumer_id=5 input_index=1 producer_id=4 producer_level=1
[2026-10-02 18:51:29.716] [info] [temp-lifetime] frame=0 after_level=2 live=[5,] retired=[2,4,]
[2026-10-02 18:51:29.716] [info] [exec-level-diag] frame=0 level=2 nodes=1 input_ms=0.020 dispatch_ms=0.184 fb_release_ms=0.008
[2026-10-02 18:51:29.716] [info] [video] Exporting via Arena-backed SIMD pipeline
[2026-10-02 18:51:29.727] [info] [temp-lifetime] frame=1 after_level=0 live=[0,1,3,] retired=[]
[2026-10-02 18:51:29.727] [info] [exec-level-diag] frame=1 level=0 nodes=3 input_ms=0.003 dispatch_ms=1.445 fb_release_ms=0.003
[2026-10-02 18:51:29.727] [info] [graph-edge] frame=1 level=1 consumer_id=2 input_index=0 producer_id=0 producer_level=0
[2026-10-02 18:51:29.727] [info] [graph-edge] frame=1 level=1 consumer_id=2 input_index=1 producer_id=1 producer_level=0
[2026-10-02 18:51:29.727] [info] [graph-edge] frame=1 level=1 consumer_id=4 input_index=0 producer_id=3 producer_level=0
[2026-10-02 18:51:29.727] [info] [temp-lifetime] frame=1 after_level=1 live=[2,4,] retired=[0,1,3,]
[2026-10-02 18:51:29.727] [info] [exec-level-diag] frame=1 level=1 nodes=2 input_ms=0.026 dispatch_ms=0.560 fb_release_ms=0.012
[2026-10-02 18:51:29.727] [info] [graph-edge] frame=1 level=2 consumer_id=5 input_index=0 producer_id=2 producer_level=1
[2026-10-02 18:51:29.727] [info] [graph-edge] frame=1 level=2 consumer_id=5 input_index=1 producer_id=4 producer_level=1
[2026-10-02 18:51:29.728] [info] [temp-lifetime] frame=1 after_level=2 live=[5,] retired=[2,4,]
[2026-10-02 18:51:29.728] [info] [exec-level-diag] frame=1 level=2 nodes=1 input_ms=0.019 dispatch_ms=0.171 fb_release_ms=0.008
[2026-10-02 18:51:29.742] [info] [temp-lifetime] frame=2 after_level=0 live=[0,1,3,] retired=[]
[2026-10-02 18:51:29.742] [info] [exec-level-diag] frame=2 level=0 nodes=3 input_ms=0.003 dispatch_ms=1.346 fb_release_ms=0.003
[2026-10-02 18:51:29.742] [info] [graph-edge] frame=2 level=1 consumer_id=2 input_index=0 producer_id=0 producer_level=0
[2026-10-02 18:51:29.742] [info] [graph-edge] frame=2 level=1 consumer_id=2 input_index=1 producer_id=1 producer_level=0
[2026-10-02 18:51:29.742] [info] [graph-edge] frame=2 level=1 consumer_id=4 input_index=0 producer_id=3 producer_level=0
[2026-10-02 18:51:29.742] [info] [temp-lifetime] frame=2 after_level=1 live=[2,4,] retired=[0,1,3,]
[2026-10-02 18:51:29.742] [info] [exec-level-diag] frame=2 level=1 nodes=2 input_ms=0.027 dispatch_ms=0.421 fb_release_ms=0.012
[2026-10-02 18:51:29.742] [info] [graph-edge] frame=2 level=2 consumer_id=5 input_index=0 producer_id=2 producer_level=1
[2026-10-02 18:51:29.742] [info] [graph-edge] frame=2 level=2 consumer_id=5 input_index=1 producer_id=4 producer_level=1
[2026-10-02 18:51:29.743] [info] [temp-lifetime] frame=2 after_level=2 live=[5,] retired=[2,4,]
[2026-10-02 18:51:29.743] [info] [exec-level-diag] frame=2 level=2 nodes=1 input_ms=0.018 dispatch_ms=0.178 fb_release_ms=0.008
[2026-10-02 18:51:29.743] [info] [video]   4/48 frames
[2026-10-02 18:51:29.788] [info] [video]   8/48 frames
[2026-10-02 18:51:29.831] [info] [video]   12/48 frames
[2026-10-02 18:51:29.870] [info] [video]   16/48 frames
[2026-10-02 18:51:29.910] [info] [video]   20/48 frames
[2026-10-02 18:51:29.949] [info] [video]   24/48 frames
[2026-10-02 18:51:29.971] [info] [vulkan-lifecycle] frame=25 vram_bytes=333283328 live_surfaces=13 surface_bindings=7 registry_live_handles=107 physical_images=13 deferred_releases=2 vma_allocations=50 surfaces_created=157 surfaces_released=150 queue_packages=1 execution_slots_busy=2 command_batch_active=false
[2026-10-02 18:51:29.991] [info] [video]   28/48 frames
[2026-10-02 18:51:30.030] [info] [video]   32/48 frames
[2026-10-02 18:51:30.070] [info] [video]   36/48 frames
[2026-10-02 18:51:30.109] [info] [video]   40/48 frames
[2026-10-02 18:51:30.150] [info] [video]   44/48 frames
[2026-10-02 18:51:30.189] [info] [video]   48/48 frames
[2026-10-02 18:51:30.203] [info] [video] writer join complete
[2026-10-02 18:51:30.203] [info] [drain-debug] start drain, capacity=6
[2026-10-02 18:51:30.203] [info] [drain-debug] slot_id=4 has completion, waiting
[2026-10-02 18:51:30.203] [info] [drain-debug] slot_id=4 wait complete
[2026-10-02 18:51:30.203] [info] [drain-debug] slot_id=5 has completion, waiting
[2026-10-02 18:51:30.203] [info] [drain-debug] slot_id=5 wait complete
[2026-10-02 18:51:30.203] [info] [drain-debug] reap done, busy_count=0
[2026-10-02 18:51:30.203] [info] [video] trimming framebuffer pool
[2026-10-02 18:51:30.203] [info] [video] Released framebuffer pool — memory trimmed
[2026-10-02 18:51:30.203] [info] [video] frame-loop cleanup complete
[2026-10-02 18:51:30.203] [info] [video] Encoder write blocked duration: 0.00 ms
[2026-10-02 18:51:30.204] [info] [video_diag] conversion_and_copy_duration_ms: 0 ms
[2026-10-02 18:51:30.204] [info] [video_diag] conversion_bytes_written=0 encoder_staging_copy_bytes=0 encoder_slot_reuses=0
[2026-10-02 18:51:30.204] [info] [native_av] close: sending encoder flush
[2026-10-02 18:51:30.204] [info] [native_av] close: encoder flush accepted
[2026-10-02 18:51:30.204] [info] [native_av] close: packets drained=true
[2026-10-02 18:51:30.204] [info] [native_av] close: finalizing mux session
[2026-10-02 18:51:30.205] [info] [native_av] close: mux session finalized
[2026-10-02 18:51:30.205] [info] [native_av] Closed native encoder — 48 frames accepted, encoder_packets=48 mux_packets=48 packet_pts=0..47, YUV cache: 0 hits / 0 misses
[2026-10-02 18:51:30.205] [info] [video_native] convert=116.14ms  send_frame=11.45ms  backpressure=0.00ms  flush=1.13ms  receive_packet=0.78ms  mux_write=0.64ms  trailer=0.29ms
[2026-10-02 18:51:30.206] [info] [video] render_ms=556.78 encode_ms=7.26 writer_encode_ms=129.30 wall_ms=2230.50 nvml_stop_ms=0.14
[2026-10-02 18:51:30.206] [info] [video] FFmpeg queue wait duration: 0.41 ms
[2026-10-02 18:51:30.214] [info] [video] copy_eligible=true sha256=832af21020ad5fee5be6c3251966a19b7ff4e33220f5320202ad4387db9eb85f
[2026-10-02 18:51:30.214] [info] [video] Wrote /tmp/velox-phrase-runtime-cert/inputs/magnetic_word_focus/catalog-motions.mp4
[2026-10-02 18:51:30.214] [info] [startup-profile] total=1015.42ms logger=0.12ms cli_bootstrap=10.10ms cli_parse=0.00ms composition=0.32ms plan_read=0.18ms json_parse=2.43ms plan_decode_validate=54.49ms asset_resolve=0.02ms plan_compile=6.25ms other=0.00ms
[2026-10-02 18:51:30.243] [info] [video] Wrote exact per-frame timing sidecar: /tmp/velox-phrase-runtime-cert/inputs/magnetic_word_focus/catalog-motions.mp4.timing.json
[2026-10-02 18:51:30.271] [info] [INFO] job-lifecycle: slot_pool_close_ms=0.0 surface_release_ms=0.1
[2026-10-02 18:51:30.404] [info] [INFO] job-lifecycle: queue_close_ms=0.0 writer_join_ms=0.0 encoder_reset_ms=25.9 decoder_reset_ms=0.0 full_graph_reset_ms=132.8 sink_ctx_reset_ms=0.0 device_runtime_reset_ms=0.0 device_reservation_reset_ms=0.0
[2026-10-02 18:51:30.404] [info] [INFO] job-lifecycle: sidecar_write_ms=31.2 session_teardown_ms=159.1
[2026-10-02 18:51:30.415] [info] [INFO] job-lifecycle: execute_ms=2439.4 receipt_build_ms=0.0 receipt_write_ms=0.0 caller_tail_ms=0.0
