[2026-10-02 18:49:26.558] [info] [overlay-prepare] validated package=/tmp/velox-phrase-runtime-cert/inputs/masked_upward_reveal/prepared.json hash=4f668b9c791f863f6c292a337bf027ed0392f5c603c8608e038df4d4f3d42ffd assets=0 text_runs=1 overlays=2
[2026-10-02 18:49:26.562] [info] [asset-profile] kind=3 path=assets/fonts/Poppins-Bold.ttf bytes=155996 cache=miss invalidated=0 stat=0.01ms hash=3.43ms hashed_bytes=155996 total=3.56ms
[2026-10-02 18:49:26.562] [info] [asset-digest-cache] hits=0 misses=1 invalidations=0 bytes_hashed=155996 lookup_ms=0.01 write_ms=0.01 full_hash_ms=3.43
[2026-10-02 18:49:26.564] [info] [plan-profile] read=0.12ms parse=1.54ms decode=52.28ms resolver=0.02ms compile_validate=5.29ms total=61.61ms
[2026-10-02 18:49:26.564] [info] [asset-profile] kind=3 path=assets/fonts/Poppins-Bold.ttf bytes=155996 cache=hit invalidated=0 stat=0.01ms hash=0.00ms hashed_bytes=0 total=0.10ms
[2026-10-02 18:49:26.564] [info] [asset-digest-cache] hits=1 misses=0 invalidations=0 bytes_hashed=0 lookup_ms=0.01 write_ms=0.00 full_hash_ms=0.00
[2026-10-02 18:49:26.567] [info] [plan-compile-profile] assets=0.32ms fingerprint=1.91ms media_resolution=0.00ms materialize=0.17ms composition_compile=0.00ms compatibility_view=0.09ms total=2.82ms
[2026-10-02 18:49:26.567] [info] [video] Auto-selecting yuv420p pipe pixel format for 1280x720 output
[2026-10-02 18:49:26.568] [info] [video] execution plan resolved (reason: required_gpu_native_full_graph); decode=1 composite=2 encode=1 interop=2 handoff=1 codec=3
[2026-10-02 18:49:26.584] [info] [video-runtime] created persistent runtime for device 0 (CUDA ordinal 0)
[2026-10-02 18:49:26.585] [info] [video] encoder feed capability: host_frame=false direct_yuv=false native_surface=true
[2026-10-02 18:49:26.792] [info] [native_av] CUDA context contract: native=0x55b379200e60 ffmpeg=0x55b379200e60
[2026-10-02 18:49:26.810] [info] [native_av] NVENC tuning applied: rc=constqp preset=p1 async_depth=4 nvenc_surfaces=8 qp=23 bitrate=0
[2026-10-02 18:49:26.842] [info] [native_av] encoder bitstream contract: codec=27 profile=100 level=-99 pix_fmt=119 parameter_sets=49 materialized=true
[2026-10-02 18:49:26.842] [info] [native_av] Opened native encoder: 1280x720 @ 24fps, codec=h264_nvenc, rc=constqp, preset=p1, output='/tmp/velox-phrase-runtime-cert/inputs/masked_upward_reveal/catalog-motions.partial.mp4'
[2026-10-02 18:49:28.067] [info] [pool-warm] Pre-allocated and pre-imported 6 execution slots (1280x720) for native NVENC
[2026-10-02 18:49:28.152] [info] chronon3d::vulkan text batch formats: dst_image.format=109 atlas_image.format=44 atlas_encoding=2 (shader contract: dst rgba32f, atlas rgba8)
[2026-10-02 18:49:28.158] [info] [temp-lifetime] frame=0 after_level=0 live=[0,1,3,] retired=[]
[2026-10-02 18:49:28.158] [info] [exec-level-diag] frame=0 level=0 nodes=3 input_ms=0.006 dispatch_ms=10.214 fb_release_ms=0.005
[2026-10-02 18:49:28.158] [info] [graph-edge] frame=0 level=1 consumer_id=2 input_index=0 producer_id=0 producer_level=0
[2026-10-02 18:49:28.158] [info] [graph-edge] frame=0 level=1 consumer_id=2 input_index=1 producer_id=1 producer_level=0
[2026-10-02 18:49:28.158] [info] [graph-edge] frame=0 level=1 consumer_id=4 input_index=0 producer_id=3 producer_level=0
[2026-10-02 18:49:28.163] [info] [temp-lifetime] frame=0 after_level=1 live=[2,4,] retired=[0,1,3,]
[2026-10-02 18:49:28.163] [info] [exec-level-diag] frame=0 level=1 nodes=2 input_ms=0.126 dispatch_ms=5.164 fb_release_ms=0.018
[2026-10-02 18:49:28.163] [info] [graph-edge] frame=0 level=2 consumer_id=5 input_index=0 producer_id=2 producer_level=1
[2026-10-02 18:49:28.163] [info] [graph-edge] frame=0 level=2 consumer_id=5 input_index=1 producer_id=4 producer_level=1
[2026-10-02 18:49:28.164] [info] [temp-lifetime] frame=0 after_level=2 live=[5,] retired=[2,4,]
[2026-10-02 18:49:28.164] [info] [exec-level-diag] frame=0 level=2 nodes=1 input_ms=0.120 dispatch_ms=0.224 fb_release_ms=0.011
[2026-10-02 18:49:28.164] [info] [video] Exporting via Arena-backed SIMD pipeline
[2026-10-02 18:49:28.176] [info] [temp-lifetime] frame=1 after_level=0 live=[0,1,3,] retired=[]
[2026-10-02 18:49:28.176] [info] [exec-level-diag] frame=1 level=0 nodes=3 input_ms=0.003 dispatch_ms=1.568 fb_release_ms=0.006
[2026-10-02 18:49:28.176] [info] [graph-edge] frame=1 level=1 consumer_id=2 input_index=0 producer_id=0 producer_level=0
[2026-10-02 18:49:28.176] [info] [graph-edge] frame=1 level=1 consumer_id=2 input_index=1 producer_id=1 producer_level=0
[2026-10-02 18:49:28.176] [info] [graph-edge] frame=1 level=1 consumer_id=4 input_index=0 producer_id=3 producer_level=0
[2026-10-02 18:49:28.177] [info] [temp-lifetime] frame=1 after_level=1 live=[2,4,] retired=[0,1,3,]
[2026-10-02 18:49:28.177] [info] [exec-level-diag] frame=1 level=1 nodes=2 input_ms=0.224 dispatch_ms=0.581 fb_release_ms=0.022
[2026-10-02 18:49:28.177] [info] [graph-edge] frame=1 level=2 consumer_id=5 input_index=0 producer_id=2 producer_level=1
[2026-10-02 18:49:28.177] [info] [graph-edge] frame=1 level=2 consumer_id=5 input_index=1 producer_id=4 producer_level=1
[2026-10-02 18:49:28.178] [info] [temp-lifetime] frame=1 after_level=2 live=[5,] retired=[2,4,]
[2026-10-02 18:49:28.178] [info] [exec-level-diag] frame=1 level=2 nodes=1 input_ms=0.136 dispatch_ms=0.277 fb_release_ms=0.014
[2026-10-02 18:49:28.193] [info] [temp-lifetime] frame=2 after_level=0 live=[0,1,3,] retired=[]
[2026-10-02 18:49:28.193] [info] [exec-level-diag] frame=2 level=0 nodes=3 input_ms=0.003 dispatch_ms=1.280 fb_release_ms=0.005
[2026-10-02 18:49:28.193] [info] [graph-edge] frame=2 level=1 consumer_id=2 input_index=0 producer_id=0 producer_level=0
[2026-10-02 18:49:28.193] [info] [graph-edge] frame=2 level=1 consumer_id=2 input_index=1 producer_id=1 producer_level=0
[2026-10-02 18:49:28.193] [info] [graph-edge] frame=2 level=1 consumer_id=4 input_index=0 producer_id=3 producer_level=0
[2026-10-02 18:49:28.194] [info] [temp-lifetime] frame=2 after_level=1 live=[2,4,] retired=[0,1,3,]
[2026-10-02 18:49:28.194] [info] [exec-level-diag] frame=2 level=1 nodes=2 input_ms=0.239 dispatch_ms=0.570 fb_release_ms=0.021
[2026-10-02 18:49:28.194] [info] [graph-edge] frame=2 level=2 consumer_id=5 input_index=0 producer_id=2 producer_level=1
[2026-10-02 18:49:28.194] [info] [graph-edge] frame=2 level=2 consumer_id=5 input_index=1 producer_id=4 producer_level=1
[2026-10-02 18:49:28.194] [info] [temp-lifetime] frame=2 after_level=2 live=[5,] retired=[2,4,]
[2026-10-02 18:49:28.194] [info] [exec-level-diag] frame=2 level=2 nodes=1 input_ms=0.130 dispatch_ms=0.271 fb_release_ms=0.014
[2026-10-02 18:49:28.195] [info] [video]   4/48 frames
[2026-10-02 18:49:28.246] [info] [video]   8/48 frames
[2026-10-02 18:49:28.299] [info] [video]   12/48 frames
[2026-10-02 18:49:28.351] [info] [video]   16/48 frames
[2026-10-02 18:49:28.400] [info] [video]   20/48 frames
[2026-10-02 18:49:28.452] [info] [video]   24/48 frames
[2026-10-02 18:49:28.477] [info] [vulkan-lifecycle] frame=25 vram_bytes=333283328 live_surfaces=13 surface_bindings=7 registry_live_handles=107 physical_images=13 deferred_releases=2 vma_allocations=50 surfaces_created=157 surfaces_released=150 queue_packages=1 execution_slots_busy=2 command_batch_active=false
[2026-10-02 18:49:28.501] [info] [video]   28/48 frames
[2026-10-02 18:49:28.559] [info] [video]   32/48 frames
[2026-10-02 18:49:28.602] [info] [video]   36/48 frames
[2026-10-02 18:49:28.656] [info] [video]   40/48 frames
[2026-10-02 18:49:28.707] [info] [video]   44/48 frames
[2026-10-02 18:49:28.760] [info] [video]   48/48 frames
[2026-10-02 18:49:28.777] [info] [video] writer join complete
[2026-10-02 18:49:28.777] [info] [drain-debug] start drain, capacity=6
[2026-10-02 18:49:28.777] [info] [drain-debug] slot_id=4 has completion, waiting
[2026-10-02 18:49:28.777] [info] [drain-debug] slot_id=4 wait complete
[2026-10-02 18:49:28.777] [info] [drain-debug] slot_id=5 has completion, waiting
[2026-10-02 18:49:28.778] [info] [drain-debug] slot_id=5 wait complete
[2026-10-02 18:49:28.778] [info] [drain-debug] reap done, busy_count=0
[2026-10-02 18:49:28.778] [info] [video] trimming framebuffer pool
[2026-10-02 18:49:28.778] [info] [video] Released framebuffer pool — memory trimmed
[2026-10-02 18:49:28.778] [info] [video] frame-loop cleanup complete
[2026-10-02 18:49:28.778] [info] [video] Encoder write blocked duration: 0.00 ms
[2026-10-02 18:49:28.778] [info] [video_diag] conversion_and_copy_duration_ms: 0 ms
[2026-10-02 18:49:28.778] [info] [video_diag] conversion_bytes_written=0 encoder_staging_copy_bytes=0 encoder_slot_reuses=0
[2026-10-02 18:49:28.778] [info] [native_av] close: sending encoder flush
[2026-10-02 18:49:28.778] [info] [native_av] close: encoder flush accepted
[2026-10-02 18:49:28.779] [info] [native_av] close: packets drained=true
[2026-10-02 18:49:28.779] [info] [native_av] close: finalizing mux session
[2026-10-02 18:49:28.779] [info] [native_av] close: mux session finalized
[2026-10-02 18:49:28.779] [info] [native_av] Closed native encoder — 48 frames accepted, encoder_packets=48 mux_packets=48 packet_pts=0..47, YUV cache: 0 hits / 0 misses
[2026-10-02 18:49:28.779] [info] [video_native] convert=112.34ms  send_frame=12.26ms  backpressure=0.00ms  flush=1.16ms  receive_packet=0.61ms  mux_write=0.70ms  trailer=0.38ms
[2026-10-02 18:49:28.781] [info] [video] render_ms=681.97 encode_ms=7.44 writer_encode_ms=126.81 wall_ms=2213.10 nvml_stop_ms=0.13
[2026-10-02 18:49:28.781] [info] [video] FFmpeg queue wait duration: 0.43 ms
[2026-10-02 18:49:28.788] [info] [video] copy_eligible=true sha256=9187d9495ec6d689ea557d639fe2e431e4f083ee34aa9c2ef023a048e4e1faca
[2026-10-02 18:49:28.788] [info] [video] Wrote /tmp/velox-phrase-runtime-cert/inputs/masked_upward_reveal/catalog-motions.mp4
[2026-10-02 18:49:28.788] [info] [startup-profile] total=919.42ms logger=0.10ms cli_bootstrap=9.83ms cli_parse=0.00ms composition=0.31ms plan_read=0.12ms json_parse=1.54ms plan_decode_validate=52.28ms asset_resolve=0.02ms plan_compile=5.29ms other=0.00ms
[2026-10-02 18:49:28.818] [info] [video] Wrote exact per-frame timing sidecar: /tmp/velox-phrase-runtime-cert/inputs/masked_upward_reveal/catalog-motions.mp4.timing.json
[2026-10-02 18:49:28.850] [info] [INFO] job-lifecycle: slot_pool_close_ms=0.0 surface_release_ms=0.1
[2026-10-02 18:49:28.995] [info] [INFO] job-lifecycle: queue_close_ms=0.0 writer_join_ms=0.0 encoder_reset_ms=29.7 decoder_reset_ms=0.0 full_graph_reset_ms=144.9 sink_ctx_reset_ms=0.0 device_runtime_reset_ms=0.0 device_reservation_reset_ms=0.0
[2026-10-02 18:49:28.995] [info] [INFO] job-lifecycle: sidecar_write_ms=32.0 session_teardown_ms=175.1
[2026-10-02 18:49:29.004] [info] [INFO] job-lifecycle: execute_ms=2436.8 receipt_build_ms=0.0 receipt_write_ms=0.0 caller_tail_ms=0.0
