[2026-10-02 18:49:29.231] [info] [overlay-prepare] validated package=/tmp/velox-phrase-runtime-cert/inputs/micro_tracker_kerning_compression/prepared.json hash=680733b37b98419183dc2526aa52537b4f230bd6bad9db496a5cedcd91bf4520 assets=0 text_runs=1 overlays=2
[2026-10-02 18:49:29.235] [info] [asset-profile] kind=3 path=assets/fonts/Poppins-Bold.ttf bytes=155996 cache=miss invalidated=0 stat=0.01ms hash=3.51ms hashed_bytes=155996 total=3.66ms
[2026-10-02 18:49:29.235] [info] [asset-digest-cache] hits=0 misses=1 invalidations=0 bytes_hashed=155996 lookup_ms=0.01 write_ms=0.01 full_hash_ms=3.51
[2026-10-02 18:49:29.237] [info] [plan-profile] read=0.13ms parse=1.68ms decode=51.86ms resolver=0.03ms compile_validate=5.54ms total=61.71ms
[2026-10-02 18:49:29.237] [info] [asset-profile] kind=3 path=assets/fonts/Poppins-Bold.ttf bytes=155996 cache=hit invalidated=0 stat=0.01ms hash=0.00ms hashed_bytes=0 total=0.10ms
[2026-10-02 18:49:29.237] [info] [asset-digest-cache] hits=1 misses=0 invalidations=0 bytes_hashed=0 lookup_ms=0.01 write_ms=0.00 full_hash_ms=0.00
[2026-10-02 18:49:29.240] [info] [plan-compile-profile] assets=0.32ms fingerprint=1.95ms media_resolution=0.00ms materialize=0.18ms composition_compile=0.00ms compatibility_view=0.11ms total=2.89ms
[2026-10-02 18:49:29.240] [info] [video] Auto-selecting yuv420p pipe pixel format for 1280x720 output
[2026-10-02 18:49:29.241] [info] [video] execution plan resolved (reason: required_gpu_native_full_graph); decode=1 composite=2 encode=1 interop=2 handoff=1 codec=3
[2026-10-02 18:49:29.259] [info] [video-runtime] created persistent runtime for device 0 (CUDA ordinal 0)
[2026-10-02 18:49:29.259] [info] [video] encoder feed capability: host_frame=false direct_yuv=false native_surface=true
[2026-10-02 18:49:29.469] [info] [native_av] CUDA context contract: native=0x562fda608090 ffmpeg=0x562fda608090
[2026-10-02 18:49:29.487] [info] [native_av] NVENC tuning applied: rc=constqp preset=p1 async_depth=4 nvenc_surfaces=8 qp=23 bitrate=0
[2026-10-02 18:49:29.518] [info] [native_av] encoder bitstream contract: codec=27 profile=100 level=-99 pix_fmt=119 parameter_sets=49 materialized=true
[2026-10-02 18:49:29.519] [info] [native_av] Opened native encoder: 1280x720 @ 24fps, codec=h264_nvenc, rc=constqp, preset=p1, output='/tmp/velox-phrase-runtime-cert/inputs/micro_tracker_kerning_compression/catalog-motions.partial.mp4'
[2026-10-02 18:49:30.683] [info] [pool-warm] Pre-allocated and pre-imported 6 execution slots (1280x720) for native NVENC
[2026-10-02 18:49:30.769] [info] chronon3d::vulkan text batch formats: dst_image.format=109 atlas_image.format=44 atlas_encoding=2 (shader contract: dst rgba32f, atlas rgba8)
[2026-10-02 18:49:30.769] [info] [temp-lifetime] frame=0 after_level=0 live=[0,1,3,] retired=[]
[2026-10-02 18:49:30.770] [info] [exec-level-diag] frame=0 level=0 nodes=3 input_ms=0.006 dispatch_ms=5.771 fb_release_ms=0.005
[2026-10-02 18:49:30.770] [info] [graph-edge] frame=0 level=1 consumer_id=2 input_index=0 producer_id=0 producer_level=0
[2026-10-02 18:49:30.770] [info] [graph-edge] frame=0 level=1 consumer_id=2 input_index=1 producer_id=1 producer_level=0
[2026-10-02 18:49:30.770] [info] [graph-edge] frame=0 level=1 consumer_id=4 input_index=0 producer_id=3 producer_level=0
[2026-10-02 18:49:30.774] [info] [temp-lifetime] frame=0 after_level=1 live=[2,4,] retired=[0,1,3,]
[2026-10-02 18:49:30.774] [info] [exec-level-diag] frame=0 level=1 nodes=2 input_ms=0.120 dispatch_ms=4.156 fb_release_ms=0.016
[2026-10-02 18:49:30.774] [info] [graph-edge] frame=0 level=2 consumer_id=5 input_index=0 producer_id=2 producer_level=1
[2026-10-02 18:49:30.774] [info] [graph-edge] frame=0 level=2 consumer_id=5 input_index=1 producer_id=4 producer_level=1
[2026-10-02 18:49:30.774] [info] [temp-lifetime] frame=0 after_level=2 live=[5,] retired=[2,4,]
[2026-10-02 18:49:30.774] [info] [exec-level-diag] frame=0 level=2 nodes=1 input_ms=0.112 dispatch_ms=0.184 fb_release_ms=0.009
[2026-10-02 18:49:30.775] [info] [video] Exporting via Arena-backed SIMD pipeline
[2026-10-02 18:49:30.785] [info] [temp-lifetime] frame=1 after_level=0 live=[0,1,3,] retired=[]
[2026-10-02 18:49:30.785] [info] [exec-level-diag] frame=1 level=0 nodes=3 input_ms=0.003 dispatch_ms=1.259 fb_release_ms=0.004
[2026-10-02 18:49:30.785] [info] [graph-edge] frame=1 level=1 consumer_id=2 input_index=0 producer_id=0 producer_level=0
[2026-10-02 18:49:30.785] [info] [graph-edge] frame=1 level=1 consumer_id=2 input_index=1 producer_id=1 producer_level=0
[2026-10-02 18:49:30.785] [info] [graph-edge] frame=1 level=1 consumer_id=4 input_index=0 producer_id=3 producer_level=0
[2026-10-02 18:49:30.785] [info] [temp-lifetime] frame=1 after_level=1 live=[2,4,] retired=[0,1,3,]
[2026-10-02 18:49:30.785] [info] [exec-level-diag] frame=1 level=1 nodes=2 input_ms=0.099 dispatch_ms=0.449 fb_release_ms=0.012
[2026-10-02 18:49:30.785] [info] [graph-edge] frame=1 level=2 consumer_id=5 input_index=0 producer_id=2 producer_level=1
[2026-10-02 18:49:30.785] [info] [graph-edge] frame=1 level=2 consumer_id=5 input_index=1 producer_id=4 producer_level=1
[2026-10-02 18:49:30.786] [info] [temp-lifetime] frame=1 after_level=2 live=[5,] retired=[2,4,]
[2026-10-02 18:49:30.786] [info] [exec-level-diag] frame=1 level=2 nodes=1 input_ms=0.088 dispatch_ms=0.180 fb_release_ms=0.009
[2026-10-02 18:49:30.799] [info] [temp-lifetime] frame=2 after_level=0 live=[0,1,3,] retired=[]
[2026-10-02 18:49:30.800] [info] [exec-level-diag] frame=2 level=0 nodes=3 input_ms=0.003 dispatch_ms=1.302 fb_release_ms=0.004
[2026-10-02 18:49:30.800] [info] [graph-edge] frame=2 level=1 consumer_id=2 input_index=0 producer_id=0 producer_level=0
[2026-10-02 18:49:30.800] [info] [graph-edge] frame=2 level=1 consumer_id=2 input_index=1 producer_id=1 producer_level=0
[2026-10-02 18:49:30.800] [info] [graph-edge] frame=2 level=1 consumer_id=4 input_index=0 producer_id=3 producer_level=0
[2026-10-02 18:49:30.801] [info] [temp-lifetime] frame=2 after_level=1 live=[2,4,] retired=[0,1,3,]
[2026-10-02 18:49:30.801] [info] [exec-level-diag] frame=2 level=1 nodes=2 input_ms=0.098 dispatch_ms=0.827 fb_release_ms=0.013
[2026-10-02 18:49:30.801] [info] [graph-edge] frame=2 level=2 consumer_id=5 input_index=0 producer_id=2 producer_level=1
[2026-10-02 18:49:30.801] [info] [graph-edge] frame=2 level=2 consumer_id=5 input_index=1 producer_id=4 producer_level=1
[2026-10-02 18:49:30.801] [info] [temp-lifetime] frame=2 after_level=2 live=[5,] retired=[2,4,]
[2026-10-02 18:49:30.801] [info] [exec-level-diag] frame=2 level=2 nodes=1 input_ms=0.068 dispatch_ms=0.203 fb_release_ms=0.009
[2026-10-02 18:49:30.801] [info] [video]   4/48 frames
[2026-10-02 18:49:30.846] [info] [video]   8/48 frames
[2026-10-02 18:49:30.891] [info] [video]   12/48 frames
[2026-10-02 18:49:30.937] [info] [video]   16/48 frames
[2026-10-02 18:49:30.975] [info] [video]   20/48 frames
[2026-10-02 18:49:31.023] [info] [video]   24/48 frames
[2026-10-02 18:49:31.045] [info] [vulkan-lifecycle] frame=25 vram_bytes=333283328 live_surfaces=13 surface_bindings=7 registry_live_handles=107 physical_images=13 deferred_releases=2 vma_allocations=45 surfaces_created=157 surfaces_released=150 queue_packages=1 execution_slots_busy=2 command_batch_active=false
[2026-10-02 18:49:31.067] [info] [video]   28/48 frames
[2026-10-02 18:49:31.109] [info] [video]   32/48 frames
[2026-10-02 18:49:31.150] [info] [video]   36/48 frames
[2026-10-02 18:49:31.196] [info] [video]   40/48 frames
[2026-10-02 18:49:31.238] [info] [video]   44/48 frames
[2026-10-02 18:49:31.283] [info] [video]   48/48 frames
[2026-10-02 18:49:31.296] [info] [video] writer join complete
[2026-10-02 18:49:31.296] [info] [drain-debug] start drain, capacity=6
[2026-10-02 18:49:31.296] [info] [drain-debug] slot_id=4 has completion, waiting
[2026-10-02 18:49:31.297] [info] [drain-debug] slot_id=4 wait complete
[2026-10-02 18:49:31.297] [info] [drain-debug] slot_id=5 has completion, waiting
[2026-10-02 18:49:31.297] [info] [drain-debug] slot_id=5 wait complete
[2026-10-02 18:49:31.297] [info] [drain-debug] reap done, busy_count=0
[2026-10-02 18:49:31.297] [info] [video] trimming framebuffer pool
[2026-10-02 18:49:31.297] [info] [video] Released framebuffer pool — memory trimmed
[2026-10-02 18:49:31.297] [info] [video] frame-loop cleanup complete
[2026-10-02 18:49:31.297] [info] [video] Encoder write blocked duration: 0.00 ms
[2026-10-02 18:49:31.297] [info] [video_diag] conversion_and_copy_duration_ms: 0 ms
[2026-10-02 18:49:31.297] [info] [video_diag] conversion_bytes_written=0 encoder_staging_copy_bytes=0 encoder_slot_reuses=0
[2026-10-02 18:49:31.297] [info] [native_av] close: sending encoder flush
[2026-10-02 18:49:31.297] [info] [native_av] close: encoder flush accepted
[2026-10-02 18:49:31.298] [info] [native_av] close: packets drained=true
[2026-10-02 18:49:31.298] [info] [native_av] close: finalizing mux session
[2026-10-02 18:49:31.298] [info] [native_av] close: mux session finalized
[2026-10-02 18:49:31.298] [info] [native_av] Closed native encoder — 48 frames accepted, encoder_packets=48 mux_packets=48 packet_pts=0..47, YUV cache: 0 hits / 0 misses
[2026-10-02 18:49:31.298] [info] [video_native] convert=114.47ms  send_frame=11.50ms  backpressure=0.00ms  flush=1.05ms  receive_packet=0.56ms  mux_write=0.67ms  trailer=0.32ms
[2026-10-02 18:49:31.300] [info] [video] render_ms=584.96 encode_ms=7.39 writer_encode_ms=126.71 wall_ms=2059.03 nvml_stop_ms=0.13
[2026-10-02 18:49:31.300] [info] [video] FFmpeg queue wait duration: 0.41 ms
[2026-10-02 18:49:31.307] [info] [video] copy_eligible=true sha256=dabdbc26539b90ee07bcf2e4b5b20cbde276abcef04e509ca192c84c96b536c4
[2026-10-02 18:49:31.307] [info] [video] Wrote /tmp/velox-phrase-runtime-cert/inputs/micro_tracker_kerning_compression/catalog-motions.mp4
[2026-10-02 18:49:31.307] [info] [startup-profile] total=872.82ms logger=0.10ms cli_bootstrap=10.04ms cli_parse=0.00ms composition=0.34ms plan_read=0.13ms json_parse=1.68ms plan_decode_validate=51.86ms asset_resolve=0.03ms plan_compile=5.54ms other=0.00ms
[2026-10-02 18:49:31.339] [info] [video] Wrote exact per-frame timing sidecar: /tmp/velox-phrase-runtime-cert/inputs/micro_tracker_kerning_compression/catalog-motions.mp4.timing.json
[2026-10-02 18:49:31.368] [info] [INFO] job-lifecycle: slot_pool_close_ms=0.0 surface_release_ms=0.1
[2026-10-02 18:49:31.507] [info] [INFO] job-lifecycle: queue_close_ms=0.0 writer_join_ms=0.0 encoder_reset_ms=26.2 decoder_reset_ms=0.0 full_graph_reset_ms=139.1 sink_ctx_reset_ms=0.0 device_runtime_reset_ms=0.0 device_reservation_reset_ms=0.0
[2026-10-02 18:49:31.507] [info] [INFO] job-lifecycle: sidecar_write_ms=34.4 session_teardown_ms=165.7
[2026-10-02 18:49:31.516] [info] [INFO] job-lifecycle: execute_ms=2275.3 receipt_build_ms=0.0 receipt_write_ms=0.0 caller_tail_ms=0.0
