[2026-10-02 18:49:31.777] [info] [overlay-prepare] validated package=/tmp/velox-phrase-runtime-cert/inputs/neon_flicker_ignite/prepared.json hash=6a380365a0e76c66552d1cd42b30db96a03771d2e05014a891dffd531e595b80 assets=0 text_runs=1 overlays=2
[2026-10-02 18:49:31.783] [info] [asset-profile] kind=3 path=assets/fonts/Poppins-Bold.ttf bytes=155996 cache=miss invalidated=0 stat=0.02ms hash=5.24ms hashed_bytes=155996 total=5.45ms
[2026-10-02 18:49:31.783] [info] [asset-digest-cache] hits=0 misses=1 invalidations=0 bytes_hashed=155996 lookup_ms=0.01 write_ms=0.02 full_hash_ms=5.24
[2026-10-02 18:49:31.786] [info] [plan-profile] read=0.18ms parse=2.55ms decode=68.20ms resolver=0.04ms compile_validate=9.10ms total=85.67ms
[2026-10-02 18:49:31.787] [info] [asset-profile] kind=3 path=assets/fonts/Poppins-Bold.ttf bytes=155996 cache=hit invalidated=0 stat=0.01ms hash=0.00ms hashed_bytes=0 total=0.17ms
[2026-10-02 18:49:31.787] [info] [asset-digest-cache] hits=1 misses=0 invalidations=0 bytes_hashed=0 lookup_ms=0.01 write_ms=0.00 full_hash_ms=0.00
[2026-10-02 18:49:31.793] [info] [plan-compile-profile] assets=0.42ms fingerprint=4.41ms media_resolution=0.00ms materialize=0.27ms composition_compile=0.00ms compatibility_view=0.22ms total=5.82ms
[2026-10-02 18:49:31.794] [info] [video] Auto-selecting yuv420p pipe pixel format for 1280x720 output
[2026-10-02 18:49:31.794] [info] [video] execution plan resolved (reason: required_gpu_native_full_graph); decode=1 composite=2 encode=1 interop=2 handoff=1 codec=3
[2026-10-02 18:49:31.814] [info] [video-runtime] created persistent runtime for device 0 (CUDA ordinal 0)
[2026-10-02 18:49:31.815] [info] [video] encoder feed capability: host_frame=false direct_yuv=false native_surface=true
[2026-10-02 18:49:32.027] [info] [native_av] CUDA context contract: native=0x561dbd2ac3e0 ffmpeg=0x561dbd2ac3e0
[2026-10-02 18:49:32.046] [info] [native_av] NVENC tuning applied: rc=constqp preset=p1 async_depth=4 nvenc_surfaces=8 qp=23 bitrate=0
[2026-10-02 18:49:32.078] [info] [native_av] encoder bitstream contract: codec=27 profile=100 level=-99 pix_fmt=119 parameter_sets=49 materialized=true
[2026-10-02 18:49:32.079] [info] [native_av] Opened native encoder: 1280x720 @ 24fps, codec=h264_nvenc, rc=constqp, preset=p1, output='/tmp/velox-phrase-runtime-cert/inputs/neon_flicker_ignite/catalog-motions.partial.mp4'
[2026-10-02 18:49:33.265] [info] [pool-warm] Pre-allocated and pre-imported 6 execution slots (1280x720) for native NVENC
[2026-10-02 18:49:33.355] [info] chronon3d::vulkan text batch formats: dst_image.format=109 atlas_image.format=44 atlas_encoding=2 (shader contract: dst rgba32f, atlas rgba8)
[2026-10-02 18:49:33.355] [info] [temp-lifetime] frame=0 after_level=0 live=[0,1,3,] retired=[]
[2026-10-02 18:49:33.355] [info] [exec-level-diag] frame=0 level=0 nodes=3 input_ms=0.006 dispatch_ms=4.508 fb_release_ms=0.005
[2026-10-02 18:49:33.356] [info] [graph-edge] frame=0 level=1 consumer_id=2 input_index=0 producer_id=0 producer_level=0
[2026-10-02 18:49:33.356] [info] [graph-edge] frame=0 level=1 consumer_id=2 input_index=1 producer_id=1 producer_level=0
[2026-10-02 18:49:33.356] [info] [graph-edge] frame=0 level=1 consumer_id=4 input_index=0 producer_id=3 producer_level=0
[2026-10-02 18:49:33.360] [info] [temp-lifetime] frame=0 after_level=1 live=[2,4,] retired=[0,1,3,]
[2026-10-02 18:49:33.361] [info] [exec-level-diag] frame=0 level=1 nodes=2 input_ms=0.191 dispatch_ms=4.712 fb_release_ms=0.014
[2026-10-02 18:49:33.361] [info] [graph-edge] frame=0 level=2 consumer_id=5 input_index=0 producer_id=2 producer_level=1
[2026-10-02 18:49:33.361] [info] [graph-edge] frame=0 level=2 consumer_id=5 input_index=1 producer_id=4 producer_level=1
[2026-10-02 18:49:33.361] [info] [temp-lifetime] frame=0 after_level=2 live=[5,] retired=[2,4,]
[2026-10-02 18:49:33.361] [info] [exec-level-diag] frame=0 level=2 nodes=1 input_ms=0.119 dispatch_ms=0.176 fb_release_ms=0.027
[2026-10-02 18:49:33.362] [info] [video] Exporting via Arena-backed SIMD pipeline
[2026-10-02 18:49:33.372] [info] [temp-lifetime] frame=1 after_level=0 live=[0,1,3,] retired=[]
[2026-10-02 18:49:33.372] [info] [exec-level-diag] frame=1 level=0 nodes=3 input_ms=0.003 dispatch_ms=1.442 fb_release_ms=0.004
[2026-10-02 18:49:33.372] [info] [graph-edge] frame=1 level=1 consumer_id=2 input_index=0 producer_id=0 producer_level=0
[2026-10-02 18:49:33.372] [info] [graph-edge] frame=1 level=1 consumer_id=2 input_index=1 producer_id=1 producer_level=0
[2026-10-02 18:49:33.372] [info] [graph-edge] frame=1 level=1 consumer_id=4 input_index=0 producer_id=3 producer_level=0
[2026-10-02 18:49:33.373] [info] [temp-lifetime] frame=1 after_level=1 live=[2,4,] retired=[0,1,3,]
[2026-10-02 18:49:33.373] [info] [exec-level-diag] frame=1 level=1 nodes=2 input_ms=0.098 dispatch_ms=0.574 fb_release_ms=0.020
[2026-10-02 18:49:33.373] [info] [graph-edge] frame=1 level=2 consumer_id=5 input_index=0 producer_id=2 producer_level=1
[2026-10-02 18:49:33.373] [info] [graph-edge] frame=1 level=2 consumer_id=5 input_index=1 producer_id=4 producer_level=1
[2026-10-02 18:49:33.374] [info] [temp-lifetime] frame=1 after_level=2 live=[5,] retired=[2,4,]
[2026-10-02 18:49:33.374] [info] [exec-level-diag] frame=1 level=2 nodes=1 input_ms=0.125 dispatch_ms=0.251 fb_release_ms=0.012
[2026-10-02 18:49:33.389] [info] [temp-lifetime] frame=2 after_level=0 live=[0,1,3,] retired=[]
[2026-10-02 18:49:33.389] [info] [exec-level-diag] frame=2 level=0 nodes=3 input_ms=0.004 dispatch_ms=1.530 fb_release_ms=0.004
[2026-10-02 18:49:33.389] [info] [graph-edge] frame=2 level=1 consumer_id=2 input_index=0 producer_id=0 producer_level=0
[2026-10-02 18:49:33.389] [info] [graph-edge] frame=2 level=1 consumer_id=2 input_index=1 producer_id=1 producer_level=0
[2026-10-02 18:49:33.389] [info] [graph-edge] frame=2 level=1 consumer_id=4 input_index=0 producer_id=3 producer_level=0
[2026-10-02 18:49:33.390] [info] [temp-lifetime] frame=2 after_level=1 live=[2,4,] retired=[0,1,3,]
[2026-10-02 18:49:33.390] [info] [exec-level-diag] frame=2 level=1 nodes=2 input_ms=0.122 dispatch_ms=0.650 fb_release_ms=0.019
[2026-10-02 18:49:33.390] [info] [graph-edge] frame=2 level=2 consumer_id=5 input_index=0 producer_id=2 producer_level=1
[2026-10-02 18:49:33.390] [info] [graph-edge] frame=2 level=2 consumer_id=5 input_index=1 producer_id=4 producer_level=1
[2026-10-02 18:49:33.391] [info] [temp-lifetime] frame=2 after_level=2 live=[5,] retired=[2,4,]
[2026-10-02 18:49:33.391] [info] [exec-level-diag] frame=2 level=2 nodes=1 input_ms=0.192 dispatch_ms=0.267 fb_release_ms=0.012
[2026-10-02 18:49:33.391] [info] [video]   4/48 frames
[2026-10-02 18:49:33.447] [info] [video]   8/48 frames
[2026-10-02 18:49:33.498] [info] [video]   12/48 frames
[2026-10-02 18:49:33.549] [info] [video]   16/48 frames
[2026-10-02 18:49:33.600] [info] [video]   20/48 frames
[2026-10-02 18:49:33.654] [info] [video]   24/48 frames
[2026-10-02 18:49:33.682] [info] [vulkan-lifecycle] frame=25 vram_bytes=333283328 live_surfaces=13 surface_bindings=7 registry_live_handles=107 physical_images=13 deferred_releases=2 vma_allocations=45 surfaces_created=157 surfaces_released=150 queue_packages=1 execution_slots_busy=2 command_batch_active=false
[2026-10-02 18:49:33.708] [info] [video]   28/48 frames
[2026-10-02 18:49:33.757] [info] [video]   32/48 frames
[2026-10-02 18:49:33.808] [info] [video]   36/48 frames
[2026-10-02 18:49:33.855] [info] [video]   40/48 frames
[2026-10-02 18:49:33.903] [info] [video]   44/48 frames
[2026-10-02 18:49:33.954] [info] [video]   48/48 frames
[2026-10-02 18:49:33.969] [info] [video] writer join complete
[2026-10-02 18:49:33.969] [info] [drain-debug] start drain, capacity=6
[2026-10-02 18:49:33.969] [info] [drain-debug] slot_id=4 has completion, waiting
[2026-10-02 18:49:33.969] [info] [drain-debug] slot_id=4 wait complete
[2026-10-02 18:49:33.969] [info] [drain-debug] slot_id=5 has completion, waiting
[2026-10-02 18:49:33.969] [info] [drain-debug] slot_id=5 wait complete
[2026-10-02 18:49:33.970] [info] [drain-debug] reap done, busy_count=0
[2026-10-02 18:49:33.970] [info] [video] trimming framebuffer pool
[2026-10-02 18:49:33.970] [info] [video] Released framebuffer pool — memory trimmed
[2026-10-02 18:49:33.970] [info] [video] frame-loop cleanup complete
[2026-10-02 18:49:33.970] [info] [video] Encoder write blocked duration: 0.00 ms
[2026-10-02 18:49:33.970] [info] [video_diag] conversion_and_copy_duration_ms: 0 ms
[2026-10-02 18:49:33.970] [info] [video_diag] conversion_bytes_written=0 encoder_staging_copy_bytes=0 encoder_slot_reuses=0
[2026-10-02 18:49:33.970] [info] [native_av] close: sending encoder flush
[2026-10-02 18:49:33.970] [info] [native_av] close: encoder flush accepted
[2026-10-02 18:49:33.970] [info] [native_av] close: packets drained=true
[2026-10-02 18:49:33.971] [info] [native_av] close: finalizing mux session
[2026-10-02 18:49:33.971] [info] [native_av] close: mux session finalized
[2026-10-02 18:49:33.971] [info] [native_av] Closed native encoder — 48 frames accepted, encoder_packets=48 mux_packets=48 packet_pts=0..47, YUV cache: 0 hits / 0 misses
[2026-10-02 18:49:33.971] [info] [video_native] convert=112.54ms  send_frame=12.46ms  backpressure=0.00ms  flush=0.85ms  receive_packet=0.21ms  mux_write=0.63ms  trailer=0.36ms
[2026-10-02 18:49:33.973] [info] [video] render_ms=675.42 encode_ms=8.18 writer_encode_ms=127.67 wall_ms=2178.83 nvml_stop_ms=0.11
[2026-10-02 18:49:33.973] [info] [video] FFmpeg queue wait duration: 0.43 ms
[2026-10-02 18:49:33.981] [info] [video] copy_eligible=true sha256=1406eaf50237016cad70cb378c73439a09b5f98e8dd488968258e6e547909ddc
[2026-10-02 18:49:33.981] [info] [video] Wrote /tmp/velox-phrase-runtime-cert/inputs/neon_flicker_ignite/catalog-motions.mp4
[2026-10-02 18:49:33.982] [info] [startup-profile] total=915.22ms logger=0.10ms cli_bootstrap=9.66ms cli_parse=0.00ms composition=0.30ms plan_read=0.18ms json_parse=2.55ms plan_decode_validate=68.20ms asset_resolve=0.04ms plan_compile=9.10ms other=0.00ms
[2026-10-02 18:49:34.014] [info] [video] Wrote exact per-frame timing sidecar: /tmp/velox-phrase-runtime-cert/inputs/neon_flicker_ignite/catalog-motions.mp4.timing.json
[2026-10-02 18:49:34.043] [info] [INFO] job-lifecycle: slot_pool_close_ms=0.0 surface_release_ms=0.1
[2026-10-02 18:49:34.174] [info] [INFO] job-lifecycle: queue_close_ms=0.0 writer_join_ms=0.0 encoder_reset_ms=26.3 decoder_reset_ms=0.0 full_graph_reset_ms=131.4 sink_ctx_reset_ms=0.0 device_runtime_reset_ms=0.0 device_reservation_reset_ms=0.0
[2026-10-02 18:49:34.175] [info] [INFO] job-lifecycle: sidecar_write_ms=35.0 session_teardown_ms=158.1
[2026-10-02 18:49:34.183] [info] [INFO] job-lifecycle: execute_ms=2388.9 receipt_build_ms=0.0 receipt_write_ms=0.0 caller_tail_ms=0.0
