[2026-10-02 18:49:34.414] [info] [overlay-prepare] validated package=/tmp/velox-phrase-runtime-cert/inputs/parallax_depth_stack/prepared.json hash=a50187f4961580bf811699b74615b62fb359a95426258afecf84daebf436405b assets=0 text_runs=1 overlays=2
[2026-10-02 18:49:34.418] [info] [asset-profile] kind=3 path=assets/fonts/Poppins-Bold.ttf bytes=155996 cache=miss invalidated=0 stat=0.01ms hash=3.49ms hashed_bytes=155996 total=3.62ms
[2026-10-02 18:49:34.418] [info] [asset-digest-cache] hits=0 misses=1 invalidations=0 bytes_hashed=155996 lookup_ms=0.01 write_ms=0.01 full_hash_ms=3.49
[2026-10-02 18:49:34.420] [info] [plan-profile] read=0.13ms parse=1.85ms decode=52.46ms resolver=0.02ms compile_validate=5.51ms total=62.68ms
[2026-10-02 18:49:34.420] [info] [asset-profile] kind=3 path=assets/fonts/Poppins-Bold.ttf bytes=155996 cache=hit invalidated=0 stat=0.01ms hash=0.00ms hashed_bytes=0 total=0.10ms
[2026-10-02 18:49:34.420] [info] [asset-digest-cache] hits=1 misses=0 invalidations=0 bytes_hashed=0 lookup_ms=0.01 write_ms=0.00 full_hash_ms=0.00
[2026-10-02 18:49:34.423] [info] [plan-compile-profile] assets=0.21ms fingerprint=2.23ms media_resolution=0.00ms materialize=0.16ms composition_compile=0.00ms compatibility_view=0.12ms total=3.07ms
[2026-10-02 18:49:34.424] [info] [video] Auto-selecting yuv420p pipe pixel format for 1280x720 output
[2026-10-02 18:49:34.424] [info] [video] execution plan resolved (reason: required_gpu_native_full_graph); decode=1 composite=2 encode=1 interop=2 handoff=1 codec=3
[2026-10-02 18:49:34.446] [info] [video-runtime] created persistent runtime for device 0 (CUDA ordinal 0)
[2026-10-02 18:49:34.446] [info] [video] encoder feed capability: host_frame=false direct_yuv=false native_surface=true
[2026-10-02 18:49:34.651] [info] [native_av] CUDA context contract: native=0x55d0fd4b2040 ffmpeg=0x55d0fd4b2040
[2026-10-02 18:49:34.670] [info] [native_av] NVENC tuning applied: rc=constqp preset=p1 async_depth=4 nvenc_surfaces=8 qp=23 bitrate=0
[2026-10-02 18:49:34.701] [info] [native_av] encoder bitstream contract: codec=27 profile=100 level=-99 pix_fmt=119 parameter_sets=49 materialized=true
[2026-10-02 18:49:34.702] [info] [native_av] Opened native encoder: 1280x720 @ 24fps, codec=h264_nvenc, rc=constqp, preset=p1, output='/tmp/velox-phrase-runtime-cert/inputs/parallax_depth_stack/catalog-motions.partial.mp4'
[2026-10-02 18:49:35.931] [info] [pool-warm] Pre-allocated and pre-imported 6 execution slots (1280x720) for native NVENC
[2026-10-02 18:49:36.015] [info] chronon3d::vulkan text batch formats: dst_image.format=109 atlas_image.format=44 atlas_encoding=2 (shader contract: dst rgba32f, atlas rgba8)
[2026-10-02 18:49:36.015] [info] [temp-lifetime] frame=0 after_level=0 live=[0,1,3,] retired=[]
[2026-10-02 18:49:36.016] [info] [exec-level-diag] frame=0 level=0 nodes=3 input_ms=0.006 dispatch_ms=4.501 fb_release_ms=0.004
[2026-10-02 18:49:36.016] [info] [graph-edge] frame=0 level=1 consumer_id=2 input_index=0 producer_id=0 producer_level=0
[2026-10-02 18:49:36.016] [info] [graph-edge] frame=0 level=1 consumer_id=2 input_index=1 producer_id=1 producer_level=0
[2026-10-02 18:49:36.016] [info] [graph-edge] frame=0 level=1 consumer_id=4 input_index=0 producer_id=3 producer_level=0
[2026-10-02 18:49:36.021] [info] [temp-lifetime] frame=0 after_level=1 live=[2,4,] retired=[0,1,3,]
[2026-10-02 18:49:36.021] [info] [exec-level-diag] frame=0 level=1 nodes=2 input_ms=0.118 dispatch_ms=5.564 fb_release_ms=0.016
[2026-10-02 18:49:36.021] [info] [graph-edge] frame=0 level=2 consumer_id=5 input_index=0 producer_id=2 producer_level=1
[2026-10-02 18:49:36.022] [info] [graph-edge] frame=0 level=2 consumer_id=5 input_index=1 producer_id=4 producer_level=1
[2026-10-02 18:49:36.022] [info] [temp-lifetime] frame=0 after_level=2 live=[5,] retired=[2,4,]
[2026-10-02 18:49:36.022] [info] [exec-level-diag] frame=0 level=2 nodes=1 input_ms=0.113 dispatch_ms=0.183 fb_release_ms=0.009
[2026-10-02 18:49:36.022] [info] [video] Exporting via Arena-backed SIMD pipeline
[2026-10-02 18:49:36.032] [info] [temp-lifetime] frame=1 after_level=0 live=[0,1,3,] retired=[]
[2026-10-02 18:49:36.032] [info] [exec-level-diag] frame=1 level=0 nodes=3 input_ms=0.003 dispatch_ms=1.352 fb_release_ms=0.003
[2026-10-02 18:49:36.032] [info] [graph-edge] frame=1 level=1 consumer_id=2 input_index=0 producer_id=0 producer_level=0
[2026-10-02 18:49:36.032] [info] [graph-edge] frame=1 level=1 consumer_id=2 input_index=1 producer_id=1 producer_level=0
[2026-10-02 18:49:36.032] [info] [graph-edge] frame=1 level=1 consumer_id=4 input_index=0 producer_id=3 producer_level=0
[2026-10-02 18:49:36.033] [info] [temp-lifetime] frame=1 after_level=1 live=[2,4,] retired=[0,1,3,]
[2026-10-02 18:49:36.033] [info] [exec-level-diag] frame=1 level=1 nodes=2 input_ms=0.096 dispatch_ms=0.518 fb_release_ms=0.013
[2026-10-02 18:49:36.033] [info] [graph-edge] frame=1 level=2 consumer_id=5 input_index=0 producer_id=2 producer_level=1
[2026-10-02 18:49:36.033] [info] [graph-edge] frame=1 level=2 consumer_id=5 input_index=1 producer_id=4 producer_level=1
[2026-10-02 18:49:36.033] [info] [temp-lifetime] frame=1 after_level=2 live=[5,] retired=[2,4,]
[2026-10-02 18:49:36.034] [info] [exec-level-diag] frame=1 level=2 nodes=1 input_ms=0.088 dispatch_ms=0.175 fb_release_ms=0.008
[2026-10-02 18:49:36.048] [info] [temp-lifetime] frame=2 after_level=0 live=[0,1,3,] retired=[]
[2026-10-02 18:49:36.048] [info] [exec-level-diag] frame=2 level=0 nodes=3 input_ms=0.003 dispatch_ms=1.387 fb_release_ms=0.004
[2026-10-02 18:49:36.048] [info] [graph-edge] frame=2 level=1 consumer_id=2 input_index=0 producer_id=0 producer_level=0
[2026-10-02 18:49:36.048] [info] [graph-edge] frame=2 level=1 consumer_id=2 input_index=1 producer_id=1 producer_level=0
[2026-10-02 18:49:36.048] [info] [graph-edge] frame=2 level=1 consumer_id=4 input_index=0 producer_id=3 producer_level=0
[2026-10-02 18:49:36.048] [info] [temp-lifetime] frame=2 after_level=1 live=[2,4,] retired=[0,1,3,]
[2026-10-02 18:49:36.048] [info] [exec-level-diag] frame=2 level=1 nodes=2 input_ms=0.097 dispatch_ms=0.516 fb_release_ms=0.016
[2026-10-02 18:49:36.048] [info] [graph-edge] frame=2 level=2 consumer_id=5 input_index=0 producer_id=2 producer_level=1
[2026-10-02 18:49:36.048] [info] [graph-edge] frame=2 level=2 consumer_id=5 input_index=1 producer_id=4 producer_level=1
[2026-10-02 18:49:36.049] [info] [temp-lifetime] frame=2 after_level=2 live=[5,] retired=[2,4,]
[2026-10-02 18:49:36.049] [info] [exec-level-diag] frame=2 level=2 nodes=1 input_ms=0.066 dispatch_ms=0.186 fb_release_ms=0.008
[2026-10-02 18:49:36.049] [info] [video]   4/48 frames
[2026-10-02 18:49:36.103] [info] [video]   8/48 frames
[2026-10-02 18:49:36.147] [info] [video]   12/48 frames
[2026-10-02 18:49:36.195] [info] [video]   16/48 frames
[2026-10-02 18:49:36.240] [info] [video]   20/48 frames
[2026-10-02 18:49:36.291] [info] [video]   24/48 frames
[2026-10-02 18:49:36.315] [info] [vulkan-lifecycle] frame=25 vram_bytes=333283328 live_surfaces=13 surface_bindings=7 registry_live_handles=107 physical_images=13 deferred_releases=2 vma_allocations=50 surfaces_created=157 surfaces_released=150 queue_packages=1 execution_slots_busy=2 command_batch_active=false
[2026-10-02 18:49:36.340] [info] [video]   28/48 frames
[2026-10-02 18:49:36.392] [info] [video]   32/48 frames
[2026-10-02 18:49:36.444] [info] [video]   36/48 frames
[2026-10-02 18:49:36.496] [info] [video]   40/48 frames
[2026-10-02 18:49:36.546] [info] [video]   44/48 frames
[2026-10-02 18:49:36.599] [info] [video]   48/48 frames
[2026-10-02 18:49:36.616] [info] [video] writer join complete
[2026-10-02 18:49:36.616] [info] [drain-debug] start drain, capacity=6
[2026-10-02 18:49:36.616] [info] [drain-debug] slot_id=4 has completion, waiting
[2026-10-02 18:49:36.616] [info] [drain-debug] slot_id=4 wait complete
[2026-10-02 18:49:36.616] [info] [drain-debug] slot_id=5 has completion, waiting
[2026-10-02 18:49:36.616] [info] [drain-debug] slot_id=5 wait complete
[2026-10-02 18:49:36.617] [info] [drain-debug] reap done, busy_count=0
[2026-10-02 18:49:36.617] [info] [video] trimming framebuffer pool
[2026-10-02 18:49:36.617] [info] [video] Released framebuffer pool — memory trimmed
[2026-10-02 18:49:36.617] [info] [video] frame-loop cleanup complete
[2026-10-02 18:49:36.617] [info] [video] Encoder write blocked duration: 0.00 ms
[2026-10-02 18:49:36.617] [info] [video_diag] conversion_and_copy_duration_ms: 0 ms
[2026-10-02 18:49:36.617] [info] [video_diag] conversion_bytes_written=0 encoder_staging_copy_bytes=0 encoder_slot_reuses=0
[2026-10-02 18:49:36.617] [info] [native_av] close: sending encoder flush
[2026-10-02 18:49:36.617] [info] [native_av] close: encoder flush accepted
[2026-10-02 18:49:36.617] [info] [native_av] close: packets drained=true
[2026-10-02 18:49:36.618] [info] [native_av] close: finalizing mux session
[2026-10-02 18:49:36.618] [info] [native_av] close: mux session finalized
[2026-10-02 18:49:36.618] [info] [native_av] Closed native encoder — 48 frames accepted, encoder_packets=48 mux_packets=48 packet_pts=0..47, YUV cache: 0 hits / 0 misses
[2026-10-02 18:49:36.618] [info] [video_native] convert=110.01ms  send_frame=12.37ms  backpressure=0.00ms  flush=1.11ms  receive_packet=0.58ms  mux_write=0.74ms  trailer=0.34ms
[2026-10-02 18:49:36.619] [info] [video] render_ms=657.12 encode_ms=7.37 writer_encode_ms=125.25 wall_ms=2195.21 nvml_stop_ms=0.10
[2026-10-02 18:49:36.620] [info] [video] FFmpeg queue wait duration: 0.43 ms
[2026-10-02 18:49:36.626] [info] [video] copy_eligible=true sha256=bf4a47bda4fcd853f84ebfef33c67ef1e419ac94ef63111c2956c93cb5197f41
[2026-10-02 18:49:36.626] [info] [video] Wrote /tmp/velox-phrase-runtime-cert/inputs/parallax_depth_stack/catalog-motions.mp4
[2026-10-02 18:49:36.627] [info] [startup-profile] total=916.23ms logger=0.10ms cli_bootstrap=10.06ms cli_parse=0.00ms composition=0.33ms plan_read=0.13ms json_parse=1.85ms plan_decode_validate=52.46ms asset_resolve=0.02ms plan_compile=5.51ms other=0.00ms
[2026-10-02 18:49:36.655] [info] [video] Wrote exact per-frame timing sidecar: /tmp/velox-phrase-runtime-cert/inputs/parallax_depth_stack/catalog-motions.mp4.timing.json
[2026-10-02 18:49:36.683] [info] [INFO] job-lifecycle: slot_pool_close_ms=0.0 surface_release_ms=0.1
[2026-10-02 18:49:36.808] [info] [INFO] job-lifecycle: queue_close_ms=0.0 writer_join_ms=0.0 encoder_reset_ms=25.5 decoder_reset_ms=0.0 full_graph_reset_ms=124.7 sink_ctx_reset_ms=0.0 device_runtime_reset_ms=0.0 device_reservation_reset_ms=0.0
[2026-10-02 18:49:36.808] [info] [INFO] job-lifecycle: sidecar_write_ms=30.9 session_teardown_ms=150.6
[2026-10-02 18:49:36.816] [info] [INFO] job-lifecycle: execute_ms=2392.3 receipt_build_ms=0.0 receipt_write_ms=0.0 caller_tail_ms=0.0
