[2026-10-02 18:52:17.238] [info] [overlay-prepare] validated package=/tmp/velox-phrase-runtime-cert/inputs/phrase_apple_clean_16_scale_line_build/prepared.json hash=3c70fa764c3177abc1763e2d5e2d60df2172c660b9d59fa39ae6de5c57e41b31 assets=0 text_runs=1 overlays=2
[2026-10-02 18:52:17.242] [info] [asset-profile] kind=3 path=assets/fonts/Poppins-Bold.ttf bytes=155996 cache=miss invalidated=0 stat=0.01ms hash=3.28ms hashed_bytes=155996 total=3.42ms
[2026-10-02 18:52:17.242] [info] [asset-digest-cache] hits=0 misses=1 invalidations=0 bytes_hashed=155996 lookup_ms=0.01 write_ms=0.01 full_hash_ms=3.28
[2026-10-02 18:52:17.244] [info] [plan-profile] read=0.12ms parse=2.27ms decode=54.67ms resolver=0.03ms compile_validate=5.52ms total=65.79ms
[2026-10-02 18:52:17.244] [info] [asset-profile] kind=3 path=assets/fonts/Poppins-Bold.ttf bytes=155996 cache=hit invalidated=0 stat=0.01ms hash=0.00ms hashed_bytes=0 total=0.10ms
[2026-10-02 18:52:17.244] [info] [asset-digest-cache] hits=1 misses=0 invalidations=0 bytes_hashed=0 lookup_ms=0.01 write_ms=0.00 full_hash_ms=0.00
[2026-10-02 18:52:17.247] [info] [plan-compile-profile] assets=0.28ms fingerprint=2.52ms media_resolution=0.00ms materialize=0.15ms composition_compile=0.00ms compatibility_view=0.13ms total=3.40ms
[2026-10-02 18:52:17.248] [info] [video] Auto-selecting yuv420p pipe pixel format for 1280x720 output
[2026-10-02 18:52:17.248] [info] [video] execution plan resolved (reason: required_gpu_native_full_graph); decode=1 composite=2 encode=1 interop=2 handoff=1 codec=3
[2026-10-02 18:52:17.267] [info] [video-runtime] created persistent runtime for device 0 (CUDA ordinal 0)
[2026-10-02 18:52:17.268] [info] [video] encoder feed capability: host_frame=false direct_yuv=false native_surface=true
[2026-10-02 18:52:17.560] [info] [native_av] CUDA context contract: native=0x55cbe669bf80 ffmpeg=0x55cbe669bf80
[2026-10-02 18:52:17.592] [info] [native_av] NVENC tuning applied: rc=constqp preset=p1 async_depth=4 nvenc_surfaces=8 qp=23 bitrate=0
[2026-10-02 18:52:17.640] [info] [native_av] encoder bitstream contract: codec=27 profile=100 level=-99 pix_fmt=119 parameter_sets=49 materialized=true
[2026-10-02 18:52:17.640] [info] [native_av] Opened native encoder: 1280x720 @ 24fps, codec=h264_nvenc, rc=constqp, preset=p1, output='/tmp/velox-phrase-runtime-cert/inputs/phrase_apple_clean_16_scale_line_build/catalog-motions.partial.mp4'
[2026-10-02 18:52:18.985] [info] [pool-warm] Pre-allocated and pre-imported 6 execution slots (1280x720) for native NVENC
[2026-10-02 18:52:19.091] [info] chronon3d::vulkan text batch formats: dst_image.format=109 atlas_image.format=44 atlas_encoding=2 (shader contract: dst rgba32f, atlas rgba8)
[2026-10-02 18:52:19.092] [info] [temp-lifetime] frame=0 after_level=0 live=[0,1,3,] retired=[]
[2026-10-02 18:52:19.092] [info] [exec-level-diag] frame=0 level=0 nodes=3 input_ms=0.008 dispatch_ms=13.611 fb_release_ms=0.006
[2026-10-02 18:52:19.092] [info] [graph-edge] frame=0 level=1 consumer_id=2 input_index=0 producer_id=0 producer_level=0
[2026-10-02 18:52:19.092] [info] [graph-edge] frame=0 level=1 consumer_id=2 input_index=1 producer_id=1 producer_level=0
[2026-10-02 18:52:19.092] [info] [graph-edge] frame=0 level=1 consumer_id=4 input_index=0 producer_id=3 producer_level=0
[2026-10-02 18:52:19.098] [info] [temp-lifetime] frame=0 after_level=1 live=[2,4,] retired=[0,1,3,]
[2026-10-02 18:52:19.098] [info] [exec-level-diag] frame=0 level=1 nodes=2 input_ms=0.128 dispatch_ms=5.169 fb_release_ms=0.021
[2026-10-02 18:52:19.098] [info] [graph-edge] frame=0 level=2 consumer_id=5 input_index=0 producer_id=2 producer_level=1
[2026-10-02 18:52:19.098] [info] [graph-edge] frame=0 level=2 consumer_id=5 input_index=1 producer_id=4 producer_level=1
[2026-10-02 18:52:19.098] [info] [temp-lifetime] frame=0 after_level=2 live=[5,] retired=[2,4,]
[2026-10-02 18:52:19.098] [info] [exec-level-diag] frame=0 level=2 nodes=1 input_ms=0.169 dispatch_ms=0.193 fb_release_ms=0.009
[2026-10-02 18:52:19.099] [info] [video] Exporting via Arena-backed SIMD pipeline
[2026-10-02 18:52:19.109] [info] [temp-lifetime] frame=1 after_level=0 live=[0,1,3,] retired=[]
[2026-10-02 18:52:19.109] [info] [exec-level-diag] frame=1 level=0 nodes=3 input_ms=0.003 dispatch_ms=1.324 fb_release_ms=0.004
[2026-10-02 18:52:19.109] [info] [graph-edge] frame=1 level=1 consumer_id=2 input_index=0 producer_id=0 producer_level=0
[2026-10-02 18:52:19.109] [info] [graph-edge] frame=1 level=1 consumer_id=2 input_index=1 producer_id=1 producer_level=0
[2026-10-02 18:52:19.109] [info] [graph-edge] frame=1 level=1 consumer_id=4 input_index=0 producer_id=3 producer_level=0
[2026-10-02 18:52:19.110] [info] [temp-lifetime] frame=1 after_level=1 live=[2,4,] retired=[0,1,3,]
[2026-10-02 18:52:19.110] [info] [exec-level-diag] frame=1 level=1 nodes=2 input_ms=0.126 dispatch_ms=0.472 fb_release_ms=0.012
[2026-10-02 18:52:19.110] [info] [graph-edge] frame=1 level=2 consumer_id=5 input_index=0 producer_id=2 producer_level=1
[2026-10-02 18:52:19.110] [info] [graph-edge] frame=1 level=2 consumer_id=5 input_index=1 producer_id=4 producer_level=1
[2026-10-02 18:52:19.110] [info] [temp-lifetime] frame=1 after_level=2 live=[5,] retired=[2,4,]
[2026-10-02 18:52:19.110] [info] [exec-level-diag] frame=1 level=2 nodes=1 input_ms=0.092 dispatch_ms=0.181 fb_release_ms=0.009
[2026-10-02 18:52:19.125] [info] [temp-lifetime] frame=2 after_level=0 live=[0,1,3,] retired=[]
[2026-10-02 18:52:19.125] [info] [exec-level-diag] frame=2 level=0 nodes=3 input_ms=0.003 dispatch_ms=1.384 fb_release_ms=0.004
[2026-10-02 18:52:19.125] [info] [graph-edge] frame=2 level=1 consumer_id=2 input_index=0 producer_id=0 producer_level=0
[2026-10-02 18:52:19.125] [info] [graph-edge] frame=2 level=1 consumer_id=2 input_index=1 producer_id=1 producer_level=0
[2026-10-02 18:52:19.125] [info] [graph-edge] frame=2 level=1 consumer_id=4 input_index=0 producer_id=3 producer_level=0
[2026-10-02 18:52:19.126] [info] [temp-lifetime] frame=2 after_level=1 live=[2,4,] retired=[0,1,3,]
[2026-10-02 18:52:19.126] [info] [exec-level-diag] frame=2 level=1 nodes=2 input_ms=0.100 dispatch_ms=0.549 fb_release_ms=0.013
[2026-10-02 18:52:19.126] [info] [graph-edge] frame=2 level=2 consumer_id=5 input_index=0 producer_id=2 producer_level=1
[2026-10-02 18:52:19.126] [info] [graph-edge] frame=2 level=2 consumer_id=5 input_index=1 producer_id=4 producer_level=1
[2026-10-02 18:52:19.126] [info] [temp-lifetime] frame=2 after_level=2 live=[5,] retired=[2,4,]
[2026-10-02 18:52:19.126] [info] [exec-level-diag] frame=2 level=2 nodes=1 input_ms=0.091 dispatch_ms=0.196 fb_release_ms=0.008
[2026-10-02 18:52:19.127] [info] [video]   4/48 frames
[2026-10-02 18:52:19.178] [info] [video]   8/48 frames
[2026-10-02 18:52:19.224] [info] [video]   12/48 frames
[2026-10-02 18:52:19.271] [info] [video]   16/48 frames
[2026-10-02 18:52:19.315] [info] [video]   20/48 frames
[2026-10-02 18:52:19.365] [info] [video]   24/48 frames
[2026-10-02 18:52:19.387] [info] [vulkan-lifecycle] frame=25 vram_bytes=333283328 live_surfaces=13 surface_bindings=7 registry_live_handles=107 physical_images=13 deferred_releases=2 vma_allocations=45 surfaces_created=157 surfaces_released=150 queue_packages=1 execution_slots_busy=2 command_batch_active=false
[2026-10-02 18:52:19.411] [info] [video]   28/48 frames
[2026-10-02 18:52:19.454] [info] [video]   32/48 frames
[2026-10-02 18:52:19.499] [info] [video]   36/48 frames
[2026-10-02 18:52:19.541] [info] [video]   40/48 frames
[2026-10-02 18:52:19.590] [info] [video]   44/48 frames
[2026-10-02 18:52:19.638] [info] [video]   48/48 frames
[2026-10-02 18:52:19.654] [info] [video] writer join complete
[2026-10-02 18:52:19.654] [info] [drain-debug] start drain, capacity=6
[2026-10-02 18:52:19.654] [info] [drain-debug] slot_id=4 has completion, waiting
[2026-10-02 18:52:19.655] [info] [drain-debug] slot_id=4 wait complete
[2026-10-02 18:52:19.655] [info] [drain-debug] slot_id=5 has completion, waiting
[2026-10-02 18:52:19.655] [info] [drain-debug] slot_id=5 wait complete
[2026-10-02 18:52:19.655] [info] [drain-debug] reap done, busy_count=0
[2026-10-02 18:52:19.655] [info] [video] trimming framebuffer pool
[2026-10-02 18:52:19.655] [info] [video] Released framebuffer pool — memory trimmed
[2026-10-02 18:52:19.655] [info] [video] frame-loop cleanup complete
[2026-10-02 18:52:19.655] [info] [video] Encoder write blocked duration: 0.00 ms
[2026-10-02 18:52:19.655] [info] [video_diag] conversion_and_copy_duration_ms: 0 ms
[2026-10-02 18:52:19.655] [info] [video_diag] conversion_bytes_written=0 encoder_staging_copy_bytes=0 encoder_slot_reuses=0
[2026-10-02 18:52:19.655] [info] [native_av] close: sending encoder flush
[2026-10-02 18:52:19.655] [info] [native_av] close: encoder flush accepted
[2026-10-02 18:52:19.656] [info] [native_av] close: packets drained=true
[2026-10-02 18:52:19.656] [info] [native_av] close: finalizing mux session
[2026-10-02 18:52:19.656] [info] [native_av] close: mux session finalized
[2026-10-02 18:52:19.656] [info] [native_av] Closed native encoder — 48 frames accepted, encoder_packets=48 mux_packets=48 packet_pts=0..47, YUV cache: 0 hits / 0 misses
[2026-10-02 18:52:19.656] [info] [video_native] convert=115.31ms  send_frame=12.81ms  backpressure=0.00ms  flush=1.00ms  receive_packet=0.49ms  mux_write=0.66ms  trailer=0.36ms
[2026-10-02 18:52:19.658] [info] [video] render_ms=639.16 encode_ms=7.11 writer_encode_ms=130.22 wall_ms=2409.44 nvml_stop_ms=0.12
[2026-10-02 18:52:19.658] [info] [video] FFmpeg queue wait duration: 0.41 ms
[2026-10-02 18:52:19.665] [info] [video] copy_eligible=true sha256=95b7de0dcd48115122bb9f2b2a3252abd8567644ff85b6eb645effa6178af8e6
[2026-10-02 18:52:19.665] [info] [video] Wrote /tmp/velox-phrase-runtime-cert/inputs/phrase_apple_clean_16_scale_line_build/catalog-motions.mp4
[2026-10-02 18:52:19.666] [info] [startup-profile] total=1102.79ms logger=0.10ms cli_bootstrap=9.61ms cli_parse=0.00ms composition=0.29ms plan_read=0.12ms json_parse=2.27ms plan_decode_validate=54.67ms asset_resolve=0.03ms plan_compile=5.52ms other=0.00ms
[2026-10-02 18:52:19.695] [info] [video] Wrote exact per-frame timing sidecar: /tmp/velox-phrase-runtime-cert/inputs/phrase_apple_clean_16_scale_line_build/catalog-motions.mp4.timing.json
[2026-10-02 18:52:19.724] [info] [INFO] job-lifecycle: slot_pool_close_ms=0.0 surface_release_ms=0.1
[2026-10-02 18:52:19.846] [info] [INFO] job-lifecycle: queue_close_ms=0.0 writer_join_ms=0.0 encoder_reset_ms=26.4 decoder_reset_ms=0.0 full_graph_reset_ms=122.4 sink_ctx_reset_ms=0.0 device_runtime_reset_ms=0.0 device_reservation_reset_ms=0.0
[2026-10-02 18:52:19.847] [info] [INFO] job-lifecycle: sidecar_write_ms=31.9 session_teardown_ms=149.2
[2026-10-02 18:52:19.856] [info] [INFO] job-lifecycle: execute_ms=2608.0 receipt_build_ms=0.0 receipt_write_ms=0.0 caller_tail_ms=0.0
