[2026-10-02 18:52:42.471] [info] [overlay-prepare] validated package=/tmp/velox-phrase-runtime-cert/inputs/phrase_apple_clean_25_opacity_soft_reveal/prepared.json hash=493b485ce702882bb108c2034bc4e41bdbbff90a580d02df105e54aa0140fc63 assets=0 text_runs=1 overlays=2
[2026-10-02 18:52:42.476] [info] [asset-profile] kind=3 path=assets/fonts/Poppins-Bold.ttf bytes=155996 cache=miss invalidated=0 stat=0.01ms hash=3.82ms hashed_bytes=155996 total=4.03ms
[2026-10-02 18:52:42.476] [info] [asset-digest-cache] hits=0 misses=1 invalidations=0 bytes_hashed=155996 lookup_ms=0.01 write_ms=0.05 full_hash_ms=3.82
[2026-10-02 18:52:42.479] [info] [plan-profile] read=0.22ms parse=2.06ms decode=55.82ms resolver=0.05ms compile_validate=7.62ms total=69.19ms
[2026-10-02 18:52:42.480] [info] [asset-profile] kind=3 path=assets/fonts/Poppins-Bold.ttf bytes=155996 cache=hit invalidated=0 stat=0.01ms hash=0.00ms hashed_bytes=0 total=0.15ms
[2026-10-02 18:52:42.480] [info] [asset-digest-cache] hits=1 misses=0 invalidations=0 bytes_hashed=0 lookup_ms=0.01 write_ms=0.00 full_hash_ms=0.00
[2026-10-02 18:52:42.483] [info] [plan-compile-profile] assets=0.40ms fingerprint=2.28ms media_resolution=0.00ms materialize=0.31ms composition_compile=0.00ms compatibility_view=0.15ms total=3.71ms
[2026-10-02 18:52:42.484] [info] [video] Auto-selecting yuv420p pipe pixel format for 1280x720 output
[2026-10-02 18:52:42.484] [info] [video] execution plan resolved (reason: required_gpu_native_full_graph); decode=1 composite=2 encode=1 interop=2 handoff=1 codec=3
[2026-10-02 18:52:42.503] [info] [video-runtime] created persistent runtime for device 0 (CUDA ordinal 0)
[2026-10-02 18:52:42.503] [info] [video] encoder feed capability: host_frame=false direct_yuv=false native_surface=true
[2026-10-02 18:52:42.734] [info] [native_av] CUDA context contract: native=0x562a26027150 ffmpeg=0x562a26027150
[2026-10-02 18:52:42.759] [info] [native_av] NVENC tuning applied: rc=constqp preset=p1 async_depth=4 nvenc_surfaces=8 qp=23 bitrate=0
[2026-10-02 18:52:42.800] [info] [native_av] encoder bitstream contract: codec=27 profile=100 level=-99 pix_fmt=119 parameter_sets=49 materialized=true
[2026-10-02 18:52:42.802] [info] [native_av] Opened native encoder: 1280x720 @ 24fps, codec=h264_nvenc, rc=constqp, preset=p1, output='/tmp/velox-phrase-runtime-cert/inputs/phrase_apple_clean_25_opacity_soft_reveal/catalog-motions.partial.mp4'
[2026-10-02 18:52:44.156] [info] [pool-warm] Pre-allocated and pre-imported 6 execution slots (1280x720) for native NVENC
[2026-10-02 18:52:44.263] [info] chronon3d::vulkan text batch formats: dst_image.format=109 atlas_image.format=44 atlas_encoding=2 (shader contract: dst rgba32f, atlas rgba8)
[2026-10-02 18:52:44.263] [info] [temp-lifetime] frame=0 after_level=0 live=[0,1,3,] retired=[]
[2026-10-02 18:52:44.263] [info] [exec-level-diag] frame=0 level=0 nodes=3 input_ms=0.007 dispatch_ms=6.005 fb_release_ms=0.009
[2026-10-02 18:52:44.263] [info] [graph-edge] frame=0 level=1 consumer_id=2 input_index=0 producer_id=0 producer_level=0
[2026-10-02 18:52:44.264] [info] [graph-edge] frame=0 level=1 consumer_id=2 input_index=1 producer_id=1 producer_level=0
[2026-10-02 18:52:44.264] [info] [graph-edge] frame=0 level=1 consumer_id=4 input_index=0 producer_id=3 producer_level=0
[2026-10-02 18:52:44.270] [info] [temp-lifetime] frame=0 after_level=1 live=[2,4,] retired=[0,1,3,]
[2026-10-02 18:52:44.270] [info] [exec-level-diag] frame=0 level=1 nodes=2 input_ms=0.112 dispatch_ms=6.190 fb_release_ms=0.068
[2026-10-02 18:52:44.270] [info] [graph-edge] frame=0 level=2 consumer_id=5 input_index=0 producer_id=2 producer_level=1
[2026-10-02 18:52:44.270] [info] [graph-edge] frame=0 level=2 consumer_id=5 input_index=1 producer_id=4 producer_level=1
[2026-10-02 18:52:44.271] [info] [temp-lifetime] frame=0 after_level=2 live=[5,] retired=[2,4,]
[2026-10-02 18:52:44.271] [info] [exec-level-diag] frame=0 level=2 nodes=1 input_ms=0.176 dispatch_ms=0.412 fb_release_ms=0.009
[2026-10-02 18:52:44.273] [info] [video] Exporting via Arena-backed SIMD pipeline
[2026-10-02 18:52:44.287] [info] [temp-lifetime] frame=1 after_level=0 live=[0,1,3,] retired=[]
[2026-10-02 18:52:44.288] [info] [exec-level-diag] frame=1 level=0 nodes=3 input_ms=0.010 dispatch_ms=1.799 fb_release_ms=0.005
[2026-10-02 18:52:44.288] [info] [graph-edge] frame=1 level=1 consumer_id=2 input_index=0 producer_id=0 producer_level=0
[2026-10-02 18:52:44.288] [info] [graph-edge] frame=1 level=1 consumer_id=2 input_index=1 producer_id=1 producer_level=0
[2026-10-02 18:52:44.288] [info] [graph-edge] frame=1 level=1 consumer_id=4 input_index=0 producer_id=3 producer_level=0
[2026-10-02 18:52:44.289] [info] [temp-lifetime] frame=1 after_level=1 live=[2,4,] retired=[0,1,3,]
[2026-10-02 18:52:44.290] [info] [exec-level-diag] frame=1 level=1 nodes=2 input_ms=0.113 dispatch_ms=1.730 fb_release_ms=0.021
[2026-10-02 18:52:44.290] [info] [graph-edge] frame=1 level=2 consumer_id=5 input_index=0 producer_id=2 producer_level=1
[2026-10-02 18:52:44.290] [info] [graph-edge] frame=1 level=2 consumer_id=5 input_index=1 producer_id=4 producer_level=1
[2026-10-02 18:52:44.290] [info] [temp-lifetime] frame=1 after_level=2 live=[5,] retired=[2,4,]
[2026-10-02 18:52:44.290] [info] [exec-level-diag] frame=1 level=2 nodes=1 input_ms=0.094 dispatch_ms=0.314 fb_release_ms=0.012
[2026-10-02 18:52:44.305] [info] [temp-lifetime] frame=2 after_level=0 live=[0,1,3,] retired=[]
[2026-10-02 18:52:44.305] [info] [exec-level-diag] frame=2 level=0 nodes=3 input_ms=0.009 dispatch_ms=2.702 fb_release_ms=0.006
[2026-10-02 18:52:44.306] [info] [graph-edge] frame=2 level=1 consumer_id=2 input_index=0 producer_id=0 producer_level=0
[2026-10-02 18:52:44.306] [info] [graph-edge] frame=2 level=1 consumer_id=2 input_index=1 producer_id=1 producer_level=0
[2026-10-02 18:52:44.306] [info] [graph-edge] frame=2 level=1 consumer_id=4 input_index=0 producer_id=3 producer_level=0
[2026-10-02 18:52:44.307] [info] [temp-lifetime] frame=2 after_level=1 live=[2,4,] retired=[0,1,3,]
[2026-10-02 18:52:44.307] [info] [exec-level-diag] frame=2 level=1 nodes=2 input_ms=0.141 dispatch_ms=1.638 fb_release_ms=0.019
[2026-10-02 18:52:44.307] [info] [graph-edge] frame=2 level=2 consumer_id=5 input_index=0 producer_id=2 producer_level=1
[2026-10-02 18:52:44.308] [info] [graph-edge] frame=2 level=2 consumer_id=5 input_index=1 producer_id=4 producer_level=1
[2026-10-02 18:52:44.308] [info] [temp-lifetime] frame=2 after_level=2 live=[5,] retired=[2,4,]
[2026-10-02 18:52:44.308] [info] [exec-level-diag] frame=2 level=2 nodes=1 input_ms=0.092 dispatch_ms=0.204 fb_release_ms=0.009
[2026-10-02 18:52:44.308] [info] [video]   4/48 frames
[2026-10-02 18:52:44.375] [info] [video]   8/48 frames
[2026-10-02 18:52:44.436] [info] [video]   12/48 frames
[2026-10-02 18:52:44.479] [info] [video]   16/48 frames
[2026-10-02 18:52:44.524] [info] [video]   20/48 frames
[2026-10-02 18:52:44.571] [info] [video]   24/48 frames
[2026-10-02 18:52:44.592] [info] [vulkan-lifecycle] frame=25 vram_bytes=333283328 live_surfaces=13 surface_bindings=7 registry_live_handles=107 physical_images=13 deferred_releases=2 vma_allocations=65 surfaces_created=157 surfaces_released=150 queue_packages=1 execution_slots_busy=2 command_batch_active=false
[2026-10-02 18:52:44.614] [info] [video]   28/48 frames
[2026-10-02 18:52:44.655] [info] [video]   32/48 frames
[2026-10-02 18:52:44.703] [info] [video]   36/48 frames
[2026-10-02 18:52:44.753] [info] [video]   40/48 frames
[2026-10-02 18:52:44.796] [info] [video]   44/48 frames
[2026-10-02 18:52:44.846] [info] [video]   48/48 frames
[2026-10-02 18:52:44.863] [info] [video] writer join complete
[2026-10-02 18:52:44.863] [info] [drain-debug] start drain, capacity=6
[2026-10-02 18:52:44.863] [info] [drain-debug] slot_id=4 has completion, waiting
[2026-10-02 18:52:44.863] [info] [drain-debug] slot_id=4 wait complete
[2026-10-02 18:52:44.863] [info] [drain-debug] slot_id=5 has completion, waiting
[2026-10-02 18:52:44.863] [info] [drain-debug] slot_id=5 wait complete
[2026-10-02 18:52:44.863] [info] [drain-debug] reap done, busy_count=0
[2026-10-02 18:52:44.863] [info] [video] trimming framebuffer pool
[2026-10-02 18:52:44.863] [info] [video] Released framebuffer pool — memory trimmed
[2026-10-02 18:52:44.863] [info] [video] frame-loop cleanup complete
[2026-10-02 18:52:44.863] [info] [video] Encoder write blocked duration: 0.00 ms
[2026-10-02 18:52:44.863] [info] [video_diag] conversion_and_copy_duration_ms: 0 ms
[2026-10-02 18:52:44.863] [info] [video_diag] conversion_bytes_written=0 encoder_staging_copy_bytes=0 encoder_slot_reuses=0
[2026-10-02 18:52:44.863] [info] [native_av] close: sending encoder flush
[2026-10-02 18:52:44.863] [info] [native_av] close: encoder flush accepted
[2026-10-02 18:52:44.864] [info] [native_av] close: packets drained=true
[2026-10-02 18:52:44.864] [info] [native_av] close: finalizing mux session
[2026-10-02 18:52:44.864] [info] [native_av] close: mux session finalized
[2026-10-02 18:52:44.864] [info] [native_av] Closed native encoder — 48 frames accepted, encoder_packets=48 mux_packets=48 packet_pts=0..47, YUV cache: 0 hits / 0 misses
[2026-10-02 18:52:44.864] [info] [video_native] convert=108.78ms  send_frame=19.50ms  backpressure=0.00ms  flush=1.08ms  receive_packet=0.58ms  mux_write=0.73ms  trailer=0.36ms
[2026-10-02 18:52:44.866] [info] [video] render_ms=670.68 encode_ms=7.84 writer_encode_ms=137.60 wall_ms=2381.78 nvml_stop_ms=0.14
[2026-10-02 18:52:44.866] [info] [video] FFmpeg queue wait duration: 0.79 ms
[2026-10-02 18:52:44.872] [info] [video] copy_eligible=true sha256=45526197945a0540e0517f7fa1c803409a1b32c2d9ee89141f07265ad8f5cce9
[2026-10-02 18:52:44.872] [info] [video] Wrote /tmp/velox-phrase-runtime-cert/inputs/phrase_apple_clean_25_opacity_soft_reveal/catalog-motions.mp4
[2026-10-02 18:52:44.872] [info] [startup-profile] total=1043.55ms logger=0.17ms cli_bootstrap=10.57ms cli_parse=0.00ms composition=0.39ms plan_read=0.22ms json_parse=2.06ms plan_decode_validate=55.82ms asset_resolve=0.05ms plan_compile=7.62ms other=0.00ms
[2026-10-02 18:52:44.902] [info] [video] Wrote exact per-frame timing sidecar: /tmp/velox-phrase-runtime-cert/inputs/phrase_apple_clean_25_opacity_soft_reveal/catalog-motions.mp4.timing.json
[2026-10-02 18:52:44.930] [info] [INFO] job-lifecycle: slot_pool_close_ms=0.0 surface_release_ms=0.1
[2026-10-02 18:52:45.078] [info] [INFO] job-lifecycle: queue_close_ms=0.0 writer_join_ms=0.0 encoder_reset_ms=25.7 decoder_reset_ms=0.0 full_graph_reset_ms=147.5 sink_ctx_reset_ms=0.0 device_runtime_reset_ms=0.0 device_reservation_reset_ms=0.0
[2026-10-02 18:52:45.078] [info] [INFO] job-lifecycle: sidecar_write_ms=32.3 session_teardown_ms=173.6
[2026-10-02 18:52:45.088] [info] [INFO] job-lifecycle: execute_ms=2604.2 receipt_build_ms=0.0 receipt_write_ms=0.0 caller_tail_ms=0.0
