[2026-10-02 18:51:33.318] [info] [overlay-prepare] validated package=/tmp/velox-phrase-runtime-cert/inputs/phrase_apple_clean_01_blur_soft_reveal/prepared.json hash=7c8ee306649f1320ae0012539d9e2550bab9beafc85e62e136ff82efc40fabbe assets=0 text_runs=1 overlays=2
[2026-10-02 18:51:33.323] [info] [asset-profile] kind=3 path=assets/fonts/Poppins-Bold.ttf bytes=155996 cache=miss invalidated=0 stat=0.01ms hash=3.70ms hashed_bytes=155996 total=3.85ms
[2026-10-02 18:51:33.323] [info] [asset-digest-cache] hits=0 misses=1 invalidations=0 bytes_hashed=155996 lookup_ms=0.01 write_ms=0.02 full_hash_ms=3.70
[2026-10-02 18:51:33.325] [info] [plan-profile] read=0.15ms parse=2.26ms decode=55.36ms resolver=0.03ms compile_validate=6.07ms total=67.16ms
[2026-10-02 18:51:33.325] [info] [asset-profile] kind=3 path=assets/fonts/Poppins-Bold.ttf bytes=155996 cache=hit invalidated=0 stat=0.01ms hash=0.00ms hashed_bytes=0 total=0.10ms
[2026-10-02 18:51:33.325] [info] [asset-digest-cache] hits=1 misses=0 invalidations=0 bytes_hashed=0 lookup_ms=0.01 write_ms=0.00 full_hash_ms=0.00
[2026-10-02 18:51:33.329] [info] [plan-compile-profile] assets=0.29ms fingerprint=2.49ms media_resolution=0.00ms materialize=0.21ms composition_compile=0.00ms compatibility_view=0.14ms total=3.53ms
[2026-10-02 18:51:33.329] [info] [video] Auto-selecting yuv420p pipe pixel format for 1280x720 output
[2026-10-02 18:51:33.330] [info] [video] execution plan resolved (reason: required_gpu_native_full_graph); decode=1 composite=2 encode=1 interop=2 handoff=1 codec=3
[2026-10-02 18:51:33.348] [info] [video-runtime] created persistent runtime for device 0 (CUDA ordinal 0)
[2026-10-02 18:51:33.348] [info] [video] encoder feed capability: host_frame=false direct_yuv=false native_surface=true
[2026-10-02 18:51:33.629] [info] [native_av] CUDA context contract: native=0x55fed9e73f70 ffmpeg=0x55fed9e73f70
[2026-10-02 18:51:33.648] [info] [native_av] NVENC tuning applied: rc=constqp preset=p1 async_depth=4 nvenc_surfaces=8 qp=23 bitrate=0
[2026-10-02 18:51:33.682] [info] [native_av] encoder bitstream contract: codec=27 profile=100 level=-99 pix_fmt=119 parameter_sets=49 materialized=true
[2026-10-02 18:51:33.682] [info] [native_av] Opened native encoder: 1280x720 @ 24fps, codec=h264_nvenc, rc=constqp, preset=p1, output='/tmp/velox-phrase-runtime-cert/inputs/phrase_apple_clean_01_blur_soft_reveal/catalog-motions.partial.mp4'
[2026-10-02 18:51:34.965] [info] [pool-warm] Pre-allocated and pre-imported 6 execution slots (1280x720) for native NVENC
[2026-10-02 18:51:35.082] [info] chronon3d::vulkan text batch formats: dst_image.format=109 atlas_image.format=44 atlas_encoding=2 (shader contract: dst rgba32f, atlas rgba8)
[2026-10-02 18:51:35.083] [info] [temp-lifetime] frame=0 after_level=0 live=[0,1,3,] retired=[]
[2026-10-02 18:51:35.083] [info] [exec-level-diag] frame=0 level=0 nodes=3 input_ms=0.009 dispatch_ms=4.948 fb_release_ms=0.005
[2026-10-02 18:51:35.083] [info] [graph-edge] frame=0 level=1 consumer_id=2 input_index=0 producer_id=0 producer_level=0
[2026-10-02 18:51:35.083] [info] [graph-edge] frame=0 level=1 consumer_id=2 input_index=1 producer_id=1 producer_level=0
[2026-10-02 18:51:35.083] [info] [graph-edge] frame=0 level=1 consumer_id=4 input_index=0 producer_id=3 producer_level=0
[2026-10-02 18:51:35.089] [info] [temp-lifetime] frame=0 after_level=1 live=[2,4,] retired=[0,1,3,]
[2026-10-02 18:51:35.089] [info] [exec-level-diag] frame=0 level=1 nodes=2 input_ms=0.126 dispatch_ms=5.332 fb_release_ms=0.021
[2026-10-02 18:51:35.089] [info] [graph-edge] frame=0 level=2 consumer_id=5 input_index=0 producer_id=2 producer_level=1
[2026-10-02 18:51:35.089] [info] [graph-edge] frame=0 level=2 consumer_id=5 input_index=1 producer_id=4 producer_level=1
[2026-10-02 18:51:35.089] [info] [temp-lifetime] frame=0 after_level=2 live=[5,] retired=[2,4,]
[2026-10-02 18:51:35.089] [info] [exec-level-diag] frame=0 level=2 nodes=1 input_ms=0.142 dispatch_ms=0.210 fb_release_ms=0.009
[2026-10-02 18:51:35.090] [info] [video] Exporting via Arena-backed SIMD pipeline
[2026-10-02 18:51:35.100] [info] [temp-lifetime] frame=1 after_level=0 live=[0,1,3,] retired=[]
[2026-10-02 18:51:35.100] [info] [exec-level-diag] frame=1 level=0 nodes=3 input_ms=0.003 dispatch_ms=1.372 fb_release_ms=0.003
[2026-10-02 18:51:35.100] [info] [graph-edge] frame=1 level=1 consumer_id=2 input_index=0 producer_id=0 producer_level=0
[2026-10-02 18:51:35.100] [info] [graph-edge] frame=1 level=1 consumer_id=2 input_index=1 producer_id=1 producer_level=0
[2026-10-02 18:51:35.100] [info] [graph-edge] frame=1 level=1 consumer_id=4 input_index=0 producer_id=3 producer_level=0
[2026-10-02 18:51:35.101] [info] [temp-lifetime] frame=1 after_level=1 live=[2,4,] retired=[0,1,3,]
[2026-10-02 18:51:35.101] [info] [exec-level-diag] frame=1 level=1 nodes=2 input_ms=0.099 dispatch_ms=0.485 fb_release_ms=0.013
[2026-10-02 18:51:35.101] [info] [graph-edge] frame=1 level=2 consumer_id=5 input_index=0 producer_id=2 producer_level=1
[2026-10-02 18:51:35.101] [info] [graph-edge] frame=1 level=2 consumer_id=5 input_index=1 producer_id=4 producer_level=1
[2026-10-02 18:51:35.101] [info] [temp-lifetime] frame=1 after_level=2 live=[5,] retired=[2,4,]
[2026-10-02 18:51:35.101] [info] [exec-level-diag] frame=1 level=2 nodes=1 input_ms=0.076 dispatch_ms=0.183 fb_release_ms=0.009
[2026-10-02 18:51:35.115] [info] [temp-lifetime] frame=2 after_level=0 live=[0,1,3,] retired=[]
[2026-10-02 18:51:35.115] [info] [exec-level-diag] frame=2 level=0 nodes=3 input_ms=0.003 dispatch_ms=1.094 fb_release_ms=0.003
[2026-10-02 18:51:35.115] [info] [graph-edge] frame=2 level=1 consumer_id=2 input_index=0 producer_id=0 producer_level=0
[2026-10-02 18:51:35.115] [info] [graph-edge] frame=2 level=1 consumer_id=2 input_index=1 producer_id=1 producer_level=0
[2026-10-02 18:51:35.116] [info] [graph-edge] frame=2 level=1 consumer_id=4 input_index=0 producer_id=3 producer_level=0
[2026-10-02 18:51:35.116] [info] [temp-lifetime] frame=2 after_level=1 live=[2,4,] retired=[0,1,3,]
[2026-10-02 18:51:35.116] [info] [exec-level-diag] frame=2 level=1 nodes=2 input_ms=0.121 dispatch_ms=0.460 fb_release_ms=0.012
[2026-10-02 18:51:35.116] [info] [graph-edge] frame=2 level=2 consumer_id=5 input_index=0 producer_id=2 producer_level=1
[2026-10-02 18:51:35.116] [info] [graph-edge] frame=2 level=2 consumer_id=5 input_index=1 producer_id=4 producer_level=1
[2026-10-02 18:51:35.116] [info] [temp-lifetime] frame=2 after_level=2 live=[5,] retired=[2,4,]
[2026-10-02 18:51:35.117] [info] [exec-level-diag] frame=2 level=2 nodes=1 input_ms=0.091 dispatch_ms=0.194 fb_release_ms=0.008
[2026-10-02 18:51:35.117] [info] [video]   4/48 frames
[2026-10-02 18:51:35.165] [info] [video]   8/48 frames
[2026-10-02 18:51:35.207] [info] [video]   12/48 frames
[2026-10-02 18:51:35.253] [info] [video]   16/48 frames
[2026-10-02 18:51:35.304] [info] [video]   20/48 frames
[2026-10-02 18:51:35.350] [info] [video]   24/48 frames
[2026-10-02 18:51:35.377] [info] [vulkan-lifecycle] frame=25 vram_bytes=333283328 live_surfaces=13 surface_bindings=7 registry_live_handles=107 physical_images=13 deferred_releases=2 vma_allocations=50 surfaces_created=157 surfaces_released=150 queue_packages=0 execution_slots_busy=2 command_batch_active=false
[2026-10-02 18:51:35.409] [info] [video]   28/48 frames
[2026-10-02 18:51:35.458] [info] [video]   32/48 frames
[2026-10-02 18:51:35.507] [info] [video]   36/48 frames
[2026-10-02 18:51:35.568] [info] [video]   40/48 frames
[2026-10-02 18:51:35.615] [info] [video]   44/48 frames
[2026-10-02 18:51:35.658] [info] [video]   48/48 frames
[2026-10-02 18:51:35.674] [info] [video] writer join complete
[2026-10-02 18:51:35.674] [info] [drain-debug] start drain, capacity=6
[2026-10-02 18:51:35.674] [info] [drain-debug] slot_id=4 has completion, waiting
[2026-10-02 18:51:35.674] [info] [drain-debug] slot_id=4 wait complete
[2026-10-02 18:51:35.674] [info] [drain-debug] slot_id=5 has completion, waiting
[2026-10-02 18:51:35.674] [info] [drain-debug] slot_id=5 wait complete
[2026-10-02 18:51:35.674] [info] [drain-debug] reap done, busy_count=0
[2026-10-02 18:51:35.675] [info] [video] trimming framebuffer pool
[2026-10-02 18:51:35.675] [info] [video] Released framebuffer pool — memory trimmed
[2026-10-02 18:51:35.675] [info] [video] frame-loop cleanup complete
[2026-10-02 18:51:35.675] [info] [video] Encoder write blocked duration: 0.00 ms
[2026-10-02 18:51:35.675] [info] [video_diag] conversion_and_copy_duration_ms: 0 ms
[2026-10-02 18:51:35.675] [info] [video_diag] conversion_bytes_written=0 encoder_staging_copy_bytes=0 encoder_slot_reuses=0
[2026-10-02 18:51:35.675] [info] [native_av] close: sending encoder flush
[2026-10-02 18:51:35.675] [info] [native_av] close: encoder flush accepted
[2026-10-02 18:51:35.675] [info] [native_av] close: packets drained=true
[2026-10-02 18:51:35.675] [info] [native_av] close: finalizing mux session
[2026-10-02 18:51:35.676] [info] [native_av] close: mux session finalized
[2026-10-02 18:51:35.676] [info] [native_av] Closed native encoder — 48 frames accepted, encoder_packets=48 mux_packets=48 packet_pts=0..47, YUV cache: 0 hits / 0 misses
[2026-10-02 18:51:35.676] [info] [video_native] convert=117.31ms  send_frame=12.86ms  backpressure=0.00ms  flush=1.02ms  receive_packet=0.49ms  mux_write=0.71ms  trailer=0.38ms
[2026-10-02 18:51:35.678] [info] [video] render_ms=678.23 encode_ms=7.72 writer_encode_ms=132.16 wall_ms=2347.87 nvml_stop_ms=0.15
[2026-10-02 18:51:35.678] [info] [video] FFmpeg queue wait duration: 0.42 ms
[2026-10-02 18:51:35.685] [info] [video] copy_eligible=true sha256=5e947a5f78732dc975fd8bbf79b456f4c82cd15ca4f58c4ce1aa379c266865d2
[2026-10-02 18:51:35.685] [info] [video] Wrote /tmp/velox-phrase-runtime-cert/inputs/phrase_apple_clean_01_blur_soft_reveal/catalog-motions.mp4
[2026-10-02 18:51:35.686] [info] [startup-profile] total=995.46ms logger=0.11ms cli_bootstrap=10.27ms cli_parse=0.00ms composition=0.35ms plan_read=0.15ms json_parse=2.26ms plan_decode_validate=55.36ms asset_resolve=0.03ms plan_compile=6.07ms other=0.00ms
[2026-10-02 18:51:35.714] [info] [video] Wrote exact per-frame timing sidecar: /tmp/velox-phrase-runtime-cert/inputs/phrase_apple_clean_01_blur_soft_reveal/catalog-motions.mp4.timing.json
[2026-10-02 18:51:35.747] [info] [INFO] job-lifecycle: slot_pool_close_ms=0.0 surface_release_ms=0.1
[2026-10-02 18:51:35.875] [info] [INFO] job-lifecycle: queue_close_ms=0.0 writer_join_ms=0.0 encoder_reset_ms=29.9 decoder_reset_ms=0.0 full_graph_reset_ms=128.3 sink_ctx_reset_ms=0.0 device_runtime_reset_ms=0.0 device_reservation_reset_ms=0.0
[2026-10-02 18:51:35.876] [info] [INFO] job-lifecycle: sidecar_write_ms=31.3 session_teardown_ms=158.6
[2026-10-02 18:51:35.886] [info] [INFO] job-lifecycle: execute_ms=2556.3 receipt_build_ms=0.0 receipt_write_ms=0.0 caller_tail_ms=0.0
