[2026-10-02 18:52:39.351] [info] [overlay-prepare] validated package=/tmp/velox-phrase-runtime-cert/inputs/phrase_apple_clean_24_tracking_soft_kinetic/prepared.json hash=ccca48d7613a567376e3a335e3554e1a1c2b7b7ab793f9a7b61b5e4f1fcc06ad assets=0 text_runs=1 overlays=2
[2026-10-02 18:52:39.355] [info] [asset-profile] kind=3 path=assets/fonts/Poppins-Bold.ttf bytes=155996 cache=miss invalidated=0 stat=0.01ms hash=3.74ms hashed_bytes=155996 total=3.88ms
[2026-10-02 18:52:39.355] [info] [asset-digest-cache] hits=0 misses=1 invalidations=0 bytes_hashed=155996 lookup_ms=0.01 write_ms=0.01 full_hash_ms=3.74
[2026-10-02 18:52:39.358] [info] [plan-profile] read=0.17ms parse=2.99ms decode=57.20ms resolver=0.03ms compile_validate=6.80ms total=71.10ms
[2026-10-02 18:52:39.358] [info] [asset-profile] kind=3 path=assets/fonts/Poppins-Bold.ttf bytes=155996 cache=hit invalidated=0 stat=0.01ms hash=0.00ms hashed_bytes=0 total=0.10ms
[2026-10-02 18:52:39.358] [info] [asset-digest-cache] hits=1 misses=0 invalidations=0 bytes_hashed=0 lookup_ms=0.01 write_ms=0.00 full_hash_ms=0.00
[2026-10-02 18:52:39.362] [info] [plan-compile-profile] assets=0.28ms fingerprint=3.25ms media_resolution=0.00ms materialize=0.16ms composition_compile=0.00ms compatibility_view=0.16ms total=4.21ms
[2026-10-02 18:52:39.363] [info] [video] Auto-selecting yuv420p pipe pixel format for 1280x720 output
[2026-10-02 18:52:39.363] [info] [video] execution plan resolved (reason: required_gpu_native_full_graph); decode=1 composite=2 encode=1 interop=2 handoff=1 codec=3
[2026-10-02 18:52:39.390] [info] [video-runtime] created persistent runtime for device 0 (CUDA ordinal 0)
[2026-10-02 18:52:39.391] [info] [video] encoder feed capability: host_frame=false direct_yuv=false native_surface=true
[2026-10-02 18:52:39.667] [info] [native_av] CUDA context contract: native=0x557463f71790 ffmpeg=0x557463f71790
[2026-10-02 18:52:39.686] [info] [native_av] NVENC tuning applied: rc=constqp preset=p1 async_depth=4 nvenc_surfaces=8 qp=23 bitrate=0
[2026-10-02 18:52:39.720] [info] [native_av] encoder bitstream contract: codec=27 profile=100 level=-99 pix_fmt=119 parameter_sets=49 materialized=true
[2026-10-02 18:52:39.720] [info] [native_av] Opened native encoder: 1280x720 @ 24fps, codec=h264_nvenc, rc=constqp, preset=p1, output='/tmp/velox-phrase-runtime-cert/inputs/phrase_apple_clean_24_tracking_soft_kinetic/catalog-motions.partial.mp4'
[2026-10-02 18:52:41.031] [info] [pool-warm] Pre-allocated and pre-imported 6 execution slots (1280x720) for native NVENC
[2026-10-02 18:52:41.149] [info] chronon3d::vulkan text batch formats: dst_image.format=109 atlas_image.format=44 atlas_encoding=2 (shader contract: dst rgba32f, atlas rgba8)
[2026-10-02 18:52:41.150] [info] [temp-lifetime] frame=0 after_level=0 live=[0,1,3,] retired=[]
[2026-10-02 18:52:41.150] [info] [exec-level-diag] frame=0 level=0 nodes=3 input_ms=0.008 dispatch_ms=6.919 fb_release_ms=0.012
[2026-10-02 18:52:41.150] [info] [graph-edge] frame=0 level=1 consumer_id=2 input_index=0 producer_id=0 producer_level=0
[2026-10-02 18:52:41.151] [info] [graph-edge] frame=0 level=1 consumer_id=2 input_index=1 producer_id=1 producer_level=0
[2026-10-02 18:52:41.151] [info] [graph-edge] frame=0 level=1 consumer_id=4 input_index=0 producer_id=3 producer_level=0
[2026-10-02 18:52:41.156] [info] [temp-lifetime] frame=0 after_level=1 live=[2,4,] retired=[0,1,3,]
[2026-10-02 18:52:41.156] [info] [exec-level-diag] frame=0 level=1 nodes=2 input_ms=0.120 dispatch_ms=5.642 fb_release_ms=0.048
[2026-10-02 18:52:41.157] [info] [graph-edge] frame=0 level=2 consumer_id=5 input_index=0 producer_id=2 producer_level=1
[2026-10-02 18:52:41.157] [info] [graph-edge] frame=0 level=2 consumer_id=5 input_index=1 producer_id=4 producer_level=1
[2026-10-02 18:52:41.157] [info] [temp-lifetime] frame=0 after_level=2 live=[5,] retired=[2,4,]
[2026-10-02 18:52:41.157] [info] [exec-level-diag] frame=0 level=2 nodes=1 input_ms=0.165 dispatch_ms=0.349 fb_release_ms=0.008
[2026-10-02 18:52:41.158] [info] [video] Exporting via Arena-backed SIMD pipeline
[2026-10-02 18:52:41.173] [info] [temp-lifetime] frame=1 after_level=0 live=[0,1,3,] retired=[]
[2026-10-02 18:52:41.173] [info] [exec-level-diag] frame=1 level=0 nodes=3 input_ms=0.011 dispatch_ms=3.207 fb_release_ms=0.010
[2026-10-02 18:52:41.174] [info] [graph-edge] frame=1 level=1 consumer_id=2 input_index=0 producer_id=0 producer_level=0
[2026-10-02 18:52:41.174] [info] [graph-edge] frame=1 level=1 consumer_id=2 input_index=1 producer_id=1 producer_level=0
[2026-10-02 18:52:41.174] [info] [graph-edge] frame=1 level=1 consumer_id=4 input_index=0 producer_id=3 producer_level=0
[2026-10-02 18:52:41.174] [info] [temp-lifetime] frame=1 after_level=1 live=[2,4,] retired=[0,1,3,]
[2026-10-02 18:52:41.174] [info] [exec-level-diag] frame=1 level=1 nodes=2 input_ms=0.116 dispatch_ms=0.629 fb_release_ms=0.032
[2026-10-02 18:52:41.174] [info] [graph-edge] frame=1 level=2 consumer_id=5 input_index=0 producer_id=2 producer_level=1
[2026-10-02 18:52:41.174] [info] [graph-edge] frame=1 level=2 consumer_id=5 input_index=1 producer_id=4 producer_level=1
[2026-10-02 18:52:41.175] [info] [temp-lifetime] frame=1 after_level=2 live=[5,] retired=[2,4,]
[2026-10-02 18:52:41.175] [info] [exec-level-diag] frame=1 level=2 nodes=1 input_ms=0.101 dispatch_ms=0.242 fb_release_ms=0.008
[2026-10-02 18:52:41.196] [info] [temp-lifetime] frame=2 after_level=0 live=[0,1,3,] retired=[]
[2026-10-02 18:52:41.196] [info] [exec-level-diag] frame=2 level=0 nodes=3 input_ms=0.008 dispatch_ms=2.000 fb_release_ms=0.006
[2026-10-02 18:52:41.196] [info] [graph-edge] frame=2 level=1 consumer_id=2 input_index=0 producer_id=0 producer_level=0
[2026-10-02 18:52:41.196] [info] [graph-edge] frame=2 level=1 consumer_id=2 input_index=1 producer_id=1 producer_level=0
[2026-10-02 18:52:41.196] [info] [graph-edge] frame=2 level=1 consumer_id=4 input_index=0 producer_id=3 producer_level=0
[2026-10-02 18:52:41.196] [info] [temp-lifetime] frame=2 after_level=1 live=[2,4,] retired=[0,1,3,]
[2026-10-02 18:52:41.196] [info] [exec-level-diag] frame=2 level=1 nodes=2 input_ms=0.129 dispatch_ms=0.410 fb_release_ms=0.017
[2026-10-02 18:52:41.197] [info] [graph-edge] frame=2 level=2 consumer_id=5 input_index=0 producer_id=2 producer_level=1
[2026-10-02 18:52:41.197] [info] [graph-edge] frame=2 level=2 consumer_id=5 input_index=1 producer_id=4 producer_level=1
[2026-10-02 18:52:41.197] [info] [temp-lifetime] frame=2 after_level=2 live=[5,] retired=[2,4,]
[2026-10-02 18:52:41.197] [info] [exec-level-diag] frame=2 level=2 nodes=1 input_ms=0.088 dispatch_ms=0.200 fb_release_ms=0.009
[2026-10-02 18:52:41.198] [info] [video]   4/48 frames
[2026-10-02 18:52:41.268] [info] [video]   8/48 frames
[2026-10-02 18:52:41.334] [info] [video]   12/48 frames
[2026-10-02 18:52:41.406] [info] [video]   16/48 frames
[2026-10-02 18:52:41.476] [info] [video]   20/48 frames
[2026-10-02 18:52:41.543] [info] [video]   24/48 frames
[2026-10-02 18:52:41.577] [info] [vulkan-lifecycle] frame=25 vram_bytes=333283328 live_surfaces=13 surface_bindings=7 registry_live_handles=107 physical_images=13 deferred_releases=2 vma_allocations=65 surfaces_created=157 surfaces_released=150 queue_packages=1 execution_slots_busy=2 command_batch_active=false
[2026-10-02 18:52:41.611] [info] [video]   28/48 frames
[2026-10-02 18:52:41.684] [info] [video]   32/48 frames
[2026-10-02 18:52:41.749] [info] [video]   36/48 frames
[2026-10-02 18:52:41.813] [info] [video]   40/48 frames
[2026-10-02 18:52:41.865] [info] [video]   44/48 frames
[2026-10-02 18:52:41.922] [info] [video]   48/48 frames
[2026-10-02 18:52:41.943] [info] [video] writer join complete
[2026-10-02 18:52:41.943] [info] [drain-debug] start drain, capacity=6
[2026-10-02 18:52:41.943] [info] [drain-debug] slot_id=4 has completion, waiting
[2026-10-02 18:52:41.943] [info] [drain-debug] slot_id=4 wait complete
[2026-10-02 18:52:41.943] [info] [drain-debug] slot_id=5 has completion, waiting
[2026-10-02 18:52:41.944] [info] [drain-debug] slot_id=5 wait complete
[2026-10-02 18:52:41.944] [info] [drain-debug] reap done, busy_count=0
[2026-10-02 18:52:41.944] [info] [video] trimming framebuffer pool
[2026-10-02 18:52:41.944] [info] [video] Released framebuffer pool — memory trimmed
[2026-10-02 18:52:41.944] [info] [video] frame-loop cleanup complete
[2026-10-02 18:52:41.944] [info] [video] Encoder write blocked duration: 0.00 ms
[2026-10-02 18:52:41.944] [info] [video_diag] conversion_and_copy_duration_ms: 0 ms
[2026-10-02 18:52:41.944] [info] [video_diag] conversion_bytes_written=0 encoder_staging_copy_bytes=0 encoder_slot_reuses=0
[2026-10-02 18:52:41.944] [info] [native_av] close: sending encoder flush
[2026-10-02 18:52:41.944] [info] [native_av] close: encoder flush accepted
[2026-10-02 18:52:41.944] [info] [native_av] close: packets drained=true
[2026-10-02 18:52:41.945] [info] [native_av] close: finalizing mux session
[2026-10-02 18:52:41.945] [info] [native_av] close: mux session finalized
[2026-10-02 18:52:41.945] [info] [native_av] Closed native encoder — 48 frames accepted, encoder_packets=48 mux_packets=48 packet_pts=0..47, YUV cache: 0 hits / 0 misses
[2026-10-02 18:52:41.945] [info] [video_native] convert=81.61ms  send_frame=33.92ms  backpressure=0.00ms  flush=1.10ms  receive_packet=0.51ms  mux_write=2.22ms  trailer=0.48ms
[2026-10-02 18:52:41.947] [info] [video] render_ms=876.51 encode_ms=8.23 writer_encode_ms=129.84 wall_ms=2583.71 nvml_stop_ms=0.15
[2026-10-02 18:52:41.947] [info] [video] FFmpeg queue wait duration: 1.37 ms
[2026-10-02 18:52:41.955] [info] [video] copy_eligible=true sha256=d0b8187f7922d1ef8450c65f7e0ed525375ea32107041a0e0e1fa6f5bf56d9ad
[2026-10-02 18:52:41.956] [info] [video] Wrote /tmp/velox-phrase-runtime-cert/inputs/phrase_apple_clean_24_tracking_soft_kinetic/catalog-motions.mp4
[2026-10-02 18:52:41.956] [info] [startup-profile] total=1017.89ms logger=0.10ms cli_bootstrap=9.80ms cli_parse=0.00ms composition=0.36ms plan_read=0.17ms json_parse=2.99ms plan_decode_validate=57.20ms asset_resolve=0.03ms plan_compile=6.80ms other=0.00ms
[2026-10-02 18:52:41.988] [info] [video] Wrote exact per-frame timing sidecar: /tmp/velox-phrase-runtime-cert/inputs/phrase_apple_clean_24_tracking_soft_kinetic/catalog-motions.mp4.timing.json
[2026-10-02 18:52:42.020] [info] [INFO] job-lifecycle: slot_pool_close_ms=0.0 surface_release_ms=0.1
[2026-10-02 18:52:42.158] [info] [INFO] job-lifecycle: queue_close_ms=0.0 writer_join_ms=0.0 encoder_reset_ms=29.2 decoder_reset_ms=0.0 full_graph_reset_ms=138.0 sink_ctx_reset_ms=0.0 device_runtime_reset_ms=0.0 device_reservation_reset_ms=0.0
[2026-10-02 18:52:42.159] [info] [INFO] job-lifecycle: sidecar_write_ms=34.5 session_teardown_ms=168.2
[2026-10-02 18:52:42.171] [info] [INFO] job-lifecycle: execute_ms=2807.8 receipt_build_ms=0.0 receipt_write_ms=0.0 caller_tail_ms=0.0
