[2026-10-02 18:52:01.202] [info] [overlay-prepare] validated package=/tmp/velox-phrase-runtime-cert/inputs/phrase_apple_clean_11_slide_left_ease/prepared.json hash=265b7b6208195bd427cfc5cf8ee4f6f9cafa548b22a0ef4ef30f77f633314537 assets=0 text_runs=1 overlays=2
[2026-10-02 18:52:01.206] [info] [asset-profile] kind=3 path=assets/fonts/Poppins-Bold.ttf bytes=155996 cache=miss invalidated=0 stat=0.01ms hash=3.59ms hashed_bytes=155996 total=3.74ms
[2026-10-02 18:52:01.206] [info] [asset-digest-cache] hits=0 misses=1 invalidations=0 bytes_hashed=155996 lookup_ms=0.01 write_ms=0.02 full_hash_ms=3.59
[2026-10-02 18:52:01.208] [info] [plan-profile] read=0.16ms parse=2.30ms decode=53.74ms resolver=0.03ms compile_validate=5.95ms total=65.48ms
[2026-10-02 18:52:01.209] [info] [asset-profile] kind=3 path=assets/fonts/Poppins-Bold.ttf bytes=155996 cache=hit invalidated=0 stat=0.01ms hash=0.00ms hashed_bytes=0 total=0.10ms
[2026-10-02 18:52:01.209] [info] [asset-digest-cache] hits=1 misses=0 invalidations=0 bytes_hashed=0 lookup_ms=0.01 write_ms=0.00 full_hash_ms=0.00
[2026-10-02 18:52:01.212] [info] [plan-compile-profile] assets=0.29ms fingerprint=2.52ms media_resolution=0.00ms materialize=0.17ms composition_compile=0.00ms compatibility_view=0.14ms total=3.50ms
[2026-10-02 18:52:01.213] [info] [video] Auto-selecting yuv420p pipe pixel format for 1280x720 output
[2026-10-02 18:52:01.213] [info] [video] execution plan resolved (reason: required_gpu_native_full_graph); decode=1 composite=2 encode=1 interop=2 handoff=1 codec=3
[2026-10-02 18:52:01.237] [info] [video-runtime] created persistent runtime for device 0 (CUDA ordinal 0)
[2026-10-02 18:52:01.238] [info] [video] encoder feed capability: host_frame=false direct_yuv=false native_surface=true
[2026-10-02 18:52:01.446] [info] [native_av] CUDA context contract: native=0x563a230d07b0 ffmpeg=0x563a230d07b0
[2026-10-02 18:52:01.465] [info] [native_av] NVENC tuning applied: rc=constqp preset=p1 async_depth=4 nvenc_surfaces=8 qp=23 bitrate=0
[2026-10-02 18:52:01.497] [info] [native_av] encoder bitstream contract: codec=27 profile=100 level=-99 pix_fmt=119 parameter_sets=49 materialized=true
[2026-10-02 18:52:01.498] [info] [native_av] Opened native encoder: 1280x720 @ 24fps, codec=h264_nvenc, rc=constqp, preset=p1, output='/tmp/velox-phrase-runtime-cert/inputs/phrase_apple_clean_11_slide_left_ease/catalog-motions.partial.mp4'
[2026-10-02 18:52:02.706] [info] [pool-warm] Pre-allocated and pre-imported 6 execution slots (1280x720) for native NVENC
[2026-10-02 18:52:02.797] [info] chronon3d::vulkan text batch formats: dst_image.format=109 atlas_image.format=44 atlas_encoding=2 (shader contract: dst rgba32f, atlas rgba8)
[2026-10-02 18:52:02.799] [info] [temp-lifetime] frame=0 after_level=0 live=[0,1,3,] retired=[]
[2026-10-02 18:52:02.799] [info] [exec-level-diag] frame=0 level=0 nodes=3 input_ms=0.006 dispatch_ms=5.913 fb_release_ms=0.006
[2026-10-02 18:52:02.799] [info] [graph-edge] frame=0 level=1 consumer_id=2 input_index=0 producer_id=0 producer_level=0
[2026-10-02 18:52:02.799] [info] [graph-edge] frame=0 level=1 consumer_id=2 input_index=1 producer_id=1 producer_level=0
[2026-10-02 18:52:02.799] [info] [graph-edge] frame=0 level=1 consumer_id=4 input_index=0 producer_id=3 producer_level=0
[2026-10-02 18:52:02.816] [info] [temp-lifetime] frame=0 after_level=1 live=[2,4,] retired=[0,1,3,]
[2026-10-02 18:52:02.816] [info] [exec-level-diag] frame=0 level=1 nodes=2 input_ms=0.120 dispatch_ms=16.613 fb_release_ms=0.053
[2026-10-02 18:52:02.816] [info] [graph-edge] frame=0 level=2 consumer_id=5 input_index=0 producer_id=2 producer_level=1
[2026-10-02 18:52:02.816] [info] [graph-edge] frame=0 level=2 consumer_id=5 input_index=1 producer_id=4 producer_level=1
[2026-10-02 18:52:02.816] [info] [temp-lifetime] frame=0 after_level=2 live=[5,] retired=[2,4,]
[2026-10-02 18:52:02.816] [info] [exec-level-diag] frame=0 level=2 nodes=1 input_ms=0.130 dispatch_ms=0.397 fb_release_ms=0.008
[2026-10-02 18:52:02.817] [info] [video] Exporting via Arena-backed SIMD pipeline
[2026-10-02 18:52:02.829] [info] [temp-lifetime] frame=1 after_level=0 live=[0,1,3,] retired=[]
[2026-10-02 18:52:02.829] [info] [exec-level-diag] frame=1 level=0 nodes=3 input_ms=0.005 dispatch_ms=2.020 fb_release_ms=0.004
[2026-10-02 18:52:02.829] [info] [graph-edge] frame=1 level=1 consumer_id=2 input_index=0 producer_id=0 producer_level=0
[2026-10-02 18:52:02.829] [info] [graph-edge] frame=1 level=1 consumer_id=2 input_index=1 producer_id=1 producer_level=0
[2026-10-02 18:52:02.829] [info] [graph-edge] frame=1 level=1 consumer_id=4 input_index=0 producer_id=3 producer_level=0
[2026-10-02 18:52:02.829] [info] [temp-lifetime] frame=1 after_level=1 live=[2,4,] retired=[0,1,3,]
[2026-10-02 18:52:02.829] [info] [exec-level-diag] frame=1 level=1 nodes=2 input_ms=0.120 dispatch_ms=0.524 fb_release_ms=0.015
[2026-10-02 18:52:02.829] [info] [graph-edge] frame=1 level=2 consumer_id=5 input_index=0 producer_id=2 producer_level=1
[2026-10-02 18:52:02.830] [info] [graph-edge] frame=1 level=2 consumer_id=5 input_index=1 producer_id=4 producer_level=1
[2026-10-02 18:52:02.830] [info] [temp-lifetime] frame=1 after_level=2 live=[5,] retired=[2,4,]
[2026-10-02 18:52:02.830] [info] [exec-level-diag] frame=1 level=2 nodes=1 input_ms=0.067 dispatch_ms=0.182 fb_release_ms=0.008
[2026-10-02 18:52:02.845] [info] [temp-lifetime] frame=2 after_level=0 live=[0,1,3,] retired=[]
[2026-10-02 18:52:02.845] [info] [exec-level-diag] frame=2 level=0 nodes=3 input_ms=0.006 dispatch_ms=1.187 fb_release_ms=0.004
[2026-10-02 18:52:02.845] [info] [graph-edge] frame=2 level=1 consumer_id=2 input_index=0 producer_id=0 producer_level=0
[2026-10-02 18:52:02.845] [info] [graph-edge] frame=2 level=1 consumer_id=2 input_index=1 producer_id=1 producer_level=0
[2026-10-02 18:52:02.845] [info] [graph-edge] frame=2 level=1 consumer_id=4 input_index=0 producer_id=3 producer_level=0
[2026-10-02 18:52:02.845] [info] [temp-lifetime] frame=2 after_level=1 live=[2,4,] retired=[0,1,3,]
[2026-10-02 18:52:02.846] [info] [exec-level-diag] frame=2 level=1 nodes=2 input_ms=0.105 dispatch_ms=0.402 fb_release_ms=0.015
[2026-10-02 18:52:02.846] [info] [graph-edge] frame=2 level=2 consumer_id=5 input_index=0 producer_id=2 producer_level=1
[2026-10-02 18:52:02.846] [info] [graph-edge] frame=2 level=2 consumer_id=5 input_index=1 producer_id=4 producer_level=1
[2026-10-02 18:52:02.846] [info] [temp-lifetime] frame=2 after_level=2 live=[5,] retired=[2,4,]
[2026-10-02 18:52:02.846] [info] [exec-level-diag] frame=2 level=2 nodes=1 input_ms=0.067 dispatch_ms=0.191 fb_release_ms=0.008
[2026-10-02 18:52:02.846] [info] [video]   4/48 frames
[2026-10-02 18:52:02.897] [info] [video]   8/48 frames
[2026-10-02 18:52:02.955] [info] [video]   12/48 frames
[2026-10-02 18:52:03.000] [info] [video]   16/48 frames
[2026-10-02 18:52:03.041] [info] [video]   20/48 frames
[2026-10-02 18:52:03.104] [info] [video]   24/48 frames
[2026-10-02 18:52:03.132] [info] [vulkan-lifecycle] frame=25 vram_bytes=333283328 live_surfaces=13 surface_bindings=7 registry_live_handles=107 physical_images=13 deferred_releases=2 vma_allocations=55 surfaces_created=157 surfaces_released=150 queue_packages=1 execution_slots_busy=2 command_batch_active=false
[2026-10-02 18:52:03.155] [info] [video]   28/48 frames
[2026-10-02 18:52:03.202] [info] [video]   32/48 frames
[2026-10-02 18:52:03.245] [info] [video]   36/48 frames
[2026-10-02 18:52:03.293] [info] [video]   40/48 frames
[2026-10-02 18:52:03.341] [info] [video]   44/48 frames
[2026-10-02 18:52:03.385] [info] [video]   48/48 frames
[2026-10-02 18:52:03.402] [info] [video] writer join complete
[2026-10-02 18:52:03.402] [info] [drain-debug] start drain, capacity=6
[2026-10-02 18:52:03.402] [info] [drain-debug] slot_id=4 has completion, waiting
[2026-10-02 18:52:03.403] [info] [drain-debug] slot_id=4 wait complete
[2026-10-02 18:52:03.403] [info] [drain-debug] slot_id=5 has completion, waiting
[2026-10-02 18:52:03.403] [info] [drain-debug] slot_id=5 wait complete
[2026-10-02 18:52:03.403] [info] [drain-debug] reap done, busy_count=0
[2026-10-02 18:52:03.403] [info] [video] trimming framebuffer pool
[2026-10-02 18:52:03.403] [info] [video] Released framebuffer pool — memory trimmed
[2026-10-02 18:52:03.403] [info] [video] frame-loop cleanup complete
[2026-10-02 18:52:03.403] [info] [video] Encoder write blocked duration: 0.00 ms
[2026-10-02 18:52:03.403] [info] [video_diag] conversion_and_copy_duration_ms: 0 ms
[2026-10-02 18:52:03.403] [info] [video_diag] conversion_bytes_written=0 encoder_staging_copy_bytes=0 encoder_slot_reuses=0
[2026-10-02 18:52:03.403] [info] [native_av] close: sending encoder flush
[2026-10-02 18:52:03.403] [info] [native_av] close: encoder flush accepted
[2026-10-02 18:52:03.404] [info] [native_av] close: packets drained=true
[2026-10-02 18:52:03.404] [info] [native_av] close: finalizing mux session
[2026-10-02 18:52:03.404] [info] [native_av] close: mux session finalized
[2026-10-02 18:52:03.404] [info] [native_av] Closed native encoder — 48 frames accepted, encoder_packets=48 mux_packets=48 packet_pts=0..47, YUV cache: 0 hits / 0 misses
[2026-10-02 18:52:03.404] [info] [video_native] convert=109.12ms  send_frame=15.48ms  backpressure=0.00ms  flush=1.16ms  receive_packet=0.63ms  mux_write=0.93ms  trailer=0.38ms
[2026-10-02 18:52:03.407] [info] [video] render_ms=663.58 encode_ms=8.49 writer_encode_ms=127.79 wall_ms=2193.51 nvml_stop_ms=0.15
[2026-10-02 18:52:03.407] [info] [video] FFmpeg queue wait duration: 0.53 ms
[2026-10-02 18:52:03.415] [info] [video] copy_eligible=true sha256=a437806fe596edf8df4686fe08d5a461b3dfdbeecb348880d0f0fceb5b24ff23
[2026-10-02 18:52:03.415] [info] [video] Wrote /tmp/velox-phrase-runtime-cert/inputs/phrase_apple_clean_11_slide_left_ease/catalog-motions.mp4
[2026-10-02 18:52:03.415] [info] [startup-profile] total=906.84ms logger=0.10ms cli_bootstrap=9.95ms cli_parse=0.00ms composition=0.35ms plan_read=0.16ms json_parse=2.30ms plan_decode_validate=53.74ms asset_resolve=0.03ms plan_compile=5.95ms other=0.00ms
[2026-10-02 18:52:03.446] [info] [video] Wrote exact per-frame timing sidecar: /tmp/velox-phrase-runtime-cert/inputs/phrase_apple_clean_11_slide_left_ease/catalog-motions.mp4.timing.json
[2026-10-02 18:52:03.475] [info] [INFO] job-lifecycle: slot_pool_close_ms=0.0 surface_release_ms=0.1
[2026-10-02 18:52:03.613] [info] [INFO] job-lifecycle: queue_close_ms=0.0 writer_join_ms=0.0 encoder_reset_ms=26.1 decoder_reset_ms=0.0 full_graph_reset_ms=137.9 sink_ctx_reset_ms=0.0 device_runtime_reset_ms=0.0 device_reservation_reset_ms=0.0
[2026-10-02 18:52:03.613] [info] [INFO] job-lifecycle: sidecar_write_ms=33.6 session_teardown_ms=164.4
[2026-10-02 18:52:03.622] [info] [INFO] job-lifecycle: execute_ms=2409.1 receipt_build_ms=0.0 receipt_write_ms=0.0 caller_tail_ms=0.0
