[2026-10-02 18:52:53.328] [info] [overlay-prepare] validated package=/tmp/velox-phrase-runtime-cert/inputs/phrase_apple_clean_29_opacity_hero_settle/prepared.json hash=17ab5714bc11ba99a0e8df8ac9583778bce887b05652f5cc3d3c3b8c46a89333 assets=0 text_runs=1 overlays=2
[2026-10-02 18:52:53.332] [info] [asset-profile] kind=3 path=assets/fonts/Poppins-Bold.ttf bytes=155996 cache=miss invalidated=0 stat=0.01ms hash=3.52ms hashed_bytes=155996 total=3.65ms
[2026-10-02 18:52:53.332] [info] [asset-digest-cache] hits=0 misses=1 invalidations=0 bytes_hashed=155996 lookup_ms=0.01 write_ms=0.01 full_hash_ms=3.52
[2026-10-02 18:52:53.334] [info] [plan-profile] read=0.13ms parse=2.26ms decode=52.98ms resolver=0.02ms compile_validate=5.74ms total=64.15ms
[2026-10-02 18:52:53.335] [info] [asset-profile] kind=3 path=assets/fonts/Poppins-Bold.ttf bytes=155996 cache=hit invalidated=0 stat=0.01ms hash=0.00ms hashed_bytes=0 total=0.10ms
[2026-10-02 18:52:53.335] [info] [asset-digest-cache] hits=1 misses=0 invalidations=0 bytes_hashed=0 lookup_ms=0.01 write_ms=0.00 full_hash_ms=0.00
[2026-10-02 18:52:53.338] [info] [plan-compile-profile] assets=0.22ms fingerprint=2.54ms media_resolution=0.00ms materialize=0.16ms composition_compile=0.00ms compatibility_view=0.12ms total=3.37ms
[2026-10-02 18:52:53.338] [info] [video] Auto-selecting yuv420p pipe pixel format for 1280x720 output
[2026-10-02 18:52:53.339] [info] [video] execution plan resolved (reason: required_gpu_native_full_graph); decode=1 composite=2 encode=1 interop=2 handoff=1 codec=3
[2026-10-02 18:52:53.356] [info] [video-runtime] created persistent runtime for device 0 (CUDA ordinal 0)
[2026-10-02 18:52:53.356] [info] [video] encoder feed capability: host_frame=false direct_yuv=false native_surface=true
[2026-10-02 18:52:53.566] [info] [native_av] CUDA context contract: native=0x560982891d20 ffmpeg=0x560982891d20
[2026-10-02 18:52:53.585] [info] [native_av] NVENC tuning applied: rc=constqp preset=p1 async_depth=4 nvenc_surfaces=8 qp=23 bitrate=0
[2026-10-02 18:52:53.616] [info] [native_av] encoder bitstream contract: codec=27 profile=100 level=-99 pix_fmt=119 parameter_sets=49 materialized=true
[2026-10-02 18:52:53.616] [info] [native_av] Opened native encoder: 1280x720 @ 24fps, codec=h264_nvenc, rc=constqp, preset=p1, output='/tmp/velox-phrase-runtime-cert/inputs/phrase_apple_clean_29_opacity_hero_settle/catalog-motions.partial.mp4'
[2026-10-02 18:52:54.808] [info] [pool-warm] Pre-allocated and pre-imported 6 execution slots (1280x720) for native NVENC
[2026-10-02 18:52:54.895] [info] chronon3d::vulkan text batch formats: dst_image.format=109 atlas_image.format=44 atlas_encoding=2 (shader contract: dst rgba32f, atlas rgba8)
[2026-10-02 18:52:54.896] [info] [temp-lifetime] frame=0 after_level=0 live=[0,1,3,] retired=[]
[2026-10-02 18:52:54.896] [info] [exec-level-diag] frame=0 level=0 nodes=3 input_ms=0.006 dispatch_ms=6.243 fb_release_ms=0.005
[2026-10-02 18:52:54.896] [info] [graph-edge] frame=0 level=1 consumer_id=2 input_index=0 producer_id=0 producer_level=0
[2026-10-02 18:52:54.896] [info] [graph-edge] frame=0 level=1 consumer_id=2 input_index=1 producer_id=1 producer_level=0
[2026-10-02 18:52:54.896] [info] [graph-edge] frame=0 level=1 consumer_id=4 input_index=0 producer_id=3 producer_level=0
[2026-10-02 18:52:54.901] [info] [temp-lifetime] frame=0 after_level=1 live=[2,4,] retired=[0,1,3,]
[2026-10-02 18:52:54.901] [info] [exec-level-diag] frame=0 level=1 nodes=2 input_ms=0.108 dispatch_ms=4.603 fb_release_ms=0.016
[2026-10-02 18:52:54.901] [info] [graph-edge] frame=0 level=2 consumer_id=5 input_index=0 producer_id=2 producer_level=1
[2026-10-02 18:52:54.901] [info] [graph-edge] frame=0 level=2 consumer_id=5 input_index=1 producer_id=4 producer_level=1
[2026-10-02 18:52:54.901] [info] [temp-lifetime] frame=0 after_level=2 live=[5,] retired=[2,4,]
[2026-10-02 18:52:54.901] [info] [exec-level-diag] frame=0 level=2 nodes=1 input_ms=0.125 dispatch_ms=0.211 fb_release_ms=0.008
[2026-10-02 18:52:54.902] [info] [video] Exporting via Arena-backed SIMD pipeline
[2026-10-02 18:52:54.911] [info] [temp-lifetime] frame=1 after_level=0 live=[0,1,3,] retired=[]
[2026-10-02 18:52:54.912] [info] [exec-level-diag] frame=1 level=0 nodes=3 input_ms=0.004 dispatch_ms=0.991 fb_release_ms=0.004
[2026-10-02 18:52:54.912] [info] [graph-edge] frame=1 level=1 consumer_id=2 input_index=0 producer_id=0 producer_level=0
[2026-10-02 18:52:54.912] [info] [graph-edge] frame=1 level=1 consumer_id=2 input_index=1 producer_id=1 producer_level=0
[2026-10-02 18:52:54.912] [info] [graph-edge] frame=1 level=1 consumer_id=4 input_index=0 producer_id=3 producer_level=0
[2026-10-02 18:52:54.912] [info] [temp-lifetime] frame=1 after_level=1 live=[2,4,] retired=[0,1,3,]
[2026-10-02 18:52:54.912] [info] [exec-level-diag] frame=1 level=1 nodes=2 input_ms=0.127 dispatch_ms=0.505 fb_release_ms=0.014
[2026-10-02 18:52:54.912] [info] [graph-edge] frame=1 level=2 consumer_id=5 input_index=0 producer_id=2 producer_level=1
[2026-10-02 18:52:54.912] [info] [graph-edge] frame=1 level=2 consumer_id=5 input_index=1 producer_id=4 producer_level=1
[2026-10-02 18:52:54.913] [info] [temp-lifetime] frame=1 after_level=2 live=[5,] retired=[2,4,]
[2026-10-02 18:52:54.913] [info] [exec-level-diag] frame=1 level=2 nodes=1 input_ms=0.092 dispatch_ms=0.179 fb_release_ms=0.009
[2026-10-02 18:52:54.927] [info] [temp-lifetime] frame=2 after_level=0 live=[0,1,3,] retired=[]
[2026-10-02 18:52:54.927] [info] [exec-level-diag] frame=2 level=0 nodes=3 input_ms=0.003 dispatch_ms=1.343 fb_release_ms=0.003
[2026-10-02 18:52:54.927] [info] [graph-edge] frame=2 level=1 consumer_id=2 input_index=0 producer_id=0 producer_level=0
[2026-10-02 18:52:54.927] [info] [graph-edge] frame=2 level=1 consumer_id=2 input_index=1 producer_id=1 producer_level=0
[2026-10-02 18:52:54.927] [info] [graph-edge] frame=2 level=1 consumer_id=4 input_index=0 producer_id=3 producer_level=0
[2026-10-02 18:52:54.928] [info] [temp-lifetime] frame=2 after_level=1 live=[2,4,] retired=[0,1,3,]
[2026-10-02 18:52:54.928] [info] [exec-level-diag] frame=2 level=1 nodes=2 input_ms=0.107 dispatch_ms=0.496 fb_release_ms=0.013
[2026-10-02 18:52:54.928] [info] [graph-edge] frame=2 level=2 consumer_id=5 input_index=0 producer_id=2 producer_level=1
[2026-10-02 18:52:54.928] [info] [graph-edge] frame=2 level=2 consumer_id=5 input_index=1 producer_id=4 producer_level=1
[2026-10-02 18:52:54.928] [info] [temp-lifetime] frame=2 after_level=2 live=[5,] retired=[2,4,]
[2026-10-02 18:52:54.928] [info] [exec-level-diag] frame=2 level=2 nodes=1 input_ms=0.092 dispatch_ms=0.188 fb_release_ms=0.008
[2026-10-02 18:52:54.929] [info] [video]   4/48 frames
[2026-10-02 18:52:54.977] [info] [video]   8/48 frames
[2026-10-02 18:52:55.022] [info] [video]   12/48 frames
[2026-10-02 18:52:55.069] [info] [video]   16/48 frames
[2026-10-02 18:52:55.118] [info] [video]   20/48 frames
[2026-10-02 18:52:55.168] [info] [video]   24/48 frames
[2026-10-02 18:52:55.193] [info] [vulkan-lifecycle] frame=25 vram_bytes=333283328 live_surfaces=13 surface_bindings=7 registry_live_handles=107 physical_images=13 deferred_releases=2 vma_allocations=45 surfaces_created=157 surfaces_released=150 queue_packages=1 execution_slots_busy=2 command_batch_active=false
[2026-10-02 18:52:55.217] [info] [video]   28/48 frames
[2026-10-02 18:52:55.264] [info] [video]   32/48 frames
[2026-10-02 18:52:55.308] [info] [video]   36/48 frames
[2026-10-02 18:52:55.354] [info] [video]   40/48 frames
[2026-10-02 18:52:55.396] [info] [video]   44/48 frames
[2026-10-02 18:52:55.442] [info] [video]   48/48 frames
[2026-10-02 18:52:55.456] [info] [video] writer join complete
[2026-10-02 18:52:55.456] [info] [drain-debug] start drain, capacity=6
[2026-10-02 18:52:55.456] [info] [drain-debug] slot_id=4 has completion, waiting
[2026-10-02 18:52:55.456] [info] [drain-debug] slot_id=4 wait complete
[2026-10-02 18:52:55.456] [info] [drain-debug] slot_id=5 has completion, waiting
[2026-10-02 18:52:55.457] [info] [drain-debug] slot_id=5 wait complete
[2026-10-02 18:52:55.457] [info] [drain-debug] reap done, busy_count=0
[2026-10-02 18:52:55.457] [info] [video] trimming framebuffer pool
[2026-10-02 18:52:55.457] [info] [video] Released framebuffer pool — memory trimmed
[2026-10-02 18:52:55.457] [info] [video] frame-loop cleanup complete
[2026-10-02 18:52:55.457] [info] [video] Encoder write blocked duration: 0.00 ms
[2026-10-02 18:52:55.457] [info] [video_diag] conversion_and_copy_duration_ms: 0 ms
[2026-10-02 18:52:55.457] [info] [video_diag] conversion_bytes_written=0 encoder_staging_copy_bytes=0 encoder_slot_reuses=0
[2026-10-02 18:52:55.457] [info] [native_av] close: sending encoder flush
[2026-10-02 18:52:55.457] [info] [native_av] close: encoder flush accepted
[2026-10-02 18:52:55.458] [info] [native_av] close: packets drained=true
[2026-10-02 18:52:55.458] [info] [native_av] close: finalizing mux session
[2026-10-02 18:52:55.458] [info] [native_av] close: mux session finalized
[2026-10-02 18:52:55.458] [info] [native_av] Closed native encoder — 48 frames accepted, encoder_packets=48 mux_packets=48 packet_pts=0..47, YUV cache: 0 hits / 0 misses
[2026-10-02 18:52:55.458] [info] [video_native] convert=113.38ms  send_frame=12.11ms  backpressure=0.00ms  flush=1.13ms  receive_packet=0.64ms  mux_write=0.76ms  trailer=0.31ms
[2026-10-02 18:52:55.460] [info] [video] render_ms=619.65 encode_ms=7.60 writer_encode_ms=128.81 wall_ms=2120.96 nvml_stop_ms=0.17
[2026-10-02 18:52:55.460] [info] [video] FFmpeg queue wait duration: 0.41 ms
[2026-10-02 18:52:55.467] [info] [video] copy_eligible=true sha256=d9d2476a45ca15ebfddd2f5135341fdd7634f5ec6adb8e53c7a5f5fb441d3a7b
[2026-10-02 18:52:55.467] [info] [video] Wrote /tmp/velox-phrase-runtime-cert/inputs/phrase_apple_clean_29_opacity_hero_settle/catalog-motions.mp4
[2026-10-02 18:52:55.467] [info] [startup-profile] total=900.21ms logger=0.09ms cli_bootstrap=9.57ms cli_parse=0.00ms composition=0.32ms plan_read=0.13ms json_parse=2.26ms plan_decode_validate=52.98ms asset_resolve=0.02ms plan_compile=5.74ms other=0.00ms
[2026-10-02 18:52:55.497] [info] [video] Wrote exact per-frame timing sidecar: /tmp/velox-phrase-runtime-cert/inputs/phrase_apple_clean_29_opacity_hero_settle/catalog-motions.mp4.timing.json
[2026-10-02 18:52:55.525] [info] [INFO] job-lifecycle: slot_pool_close_ms=0.0 surface_release_ms=0.1
[2026-10-02 18:52:55.650] [info] [INFO] job-lifecycle: queue_close_ms=0.0 writer_join_ms=0.0 encoder_reset_ms=25.7 decoder_reset_ms=0.0 full_graph_reset_ms=125.1 sink_ctx_reset_ms=0.0 device_runtime_reset_ms=0.0 device_reservation_reset_ms=0.0
[2026-10-02 18:52:55.651] [info] [INFO] job-lifecycle: sidecar_write_ms=31.9 session_teardown_ms=151.2
[2026-10-02 18:52:55.659] [info] [INFO] job-lifecycle: execute_ms=2320.4 receipt_build_ms=0.0 receipt_write_ms=0.0 caller_tail_ms=0.0
