[2026-10-02 18:51:52.926] [info] [overlay-prepare] validated package=/tmp/velox-phrase-runtime-cert/inputs/phrase_apple_clean_08_slide_up_spring/prepared.json hash=affa241690d545d2c6d32b4251f6e9397cb46e2001d4d3c6fe8d4d313ac1684d assets=0 text_runs=1 overlays=2
[2026-10-02 18:51:52.930] [info] [asset-profile] kind=3 path=assets/fonts/Poppins-Bold.ttf bytes=155996 cache=miss invalidated=0 stat=0.01ms hash=3.31ms hashed_bytes=155996 total=3.46ms
[2026-10-02 18:51:52.930] [info] [asset-digest-cache] hits=0 misses=1 invalidations=0 bytes_hashed=155996 lookup_ms=0.01 write_ms=0.02 full_hash_ms=3.31
[2026-10-02 18:51:52.932] [info] [plan-profile] read=0.15ms parse=2.44ms decode=56.24ms resolver=0.02ms compile_validate=5.72ms total=68.01ms
[2026-10-02 18:51:52.932] [info] [asset-profile] kind=3 path=assets/fonts/Poppins-Bold.ttf bytes=155996 cache=hit invalidated=0 stat=0.01ms hash=0.00ms hashed_bytes=0 total=0.10ms
[2026-10-02 18:51:52.932] [info] [asset-digest-cache] hits=1 misses=0 invalidations=0 bytes_hashed=0 lookup_ms=0.01 write_ms=0.00 full_hash_ms=0.00
[2026-10-02 18:51:52.936] [info] [plan-compile-profile] assets=0.31ms fingerprint=2.64ms media_resolution=0.00ms materialize=0.18ms composition_compile=0.00ms compatibility_view=0.14ms total=3.64ms
[2026-10-02 18:51:52.937] [info] [video] Auto-selecting yuv420p pipe pixel format for 1280x720 output
[2026-10-02 18:51:52.937] [info] [video] execution plan resolved (reason: required_gpu_native_full_graph); decode=1 composite=2 encode=1 interop=2 handoff=1 codec=3
[2026-10-02 18:51:52.954] [info] [video-runtime] created persistent runtime for device 0 (CUDA ordinal 0)
[2026-10-02 18:51:52.955] [info] [video] encoder feed capability: host_frame=false direct_yuv=false native_surface=true
[2026-10-02 18:51:53.237] [info] [native_av] CUDA context contract: native=0x562ca6ce2300 ffmpeg=0x562ca6ce2300
[2026-10-02 18:51:53.257] [info] [native_av] NVENC tuning applied: rc=constqp preset=p1 async_depth=4 nvenc_surfaces=8 qp=23 bitrate=0
[2026-10-02 18:51:53.291] [info] [native_av] encoder bitstream contract: codec=27 profile=100 level=-99 pix_fmt=119 parameter_sets=49 materialized=true
[2026-10-02 18:51:53.291] [info] [native_av] Opened native encoder: 1280x720 @ 24fps, codec=h264_nvenc, rc=constqp, preset=p1, output='/tmp/velox-phrase-runtime-cert/inputs/phrase_apple_clean_08_slide_up_spring/catalog-motions.partial.mp4'
[2026-10-02 18:51:54.559] [info] [pool-warm] Pre-allocated and pre-imported 6 execution slots (1280x720) for native NVENC
[2026-10-02 18:51:54.652] [info] chronon3d::vulkan text batch formats: dst_image.format=109 atlas_image.format=44 atlas_encoding=2 (shader contract: dst rgba32f, atlas rgba8)
[2026-10-02 18:51:54.653] [info] [temp-lifetime] frame=0 after_level=0 live=[0,1,3,] retired=[]
[2026-10-02 18:51:54.653] [info] [exec-level-diag] frame=0 level=0 nodes=3 input_ms=0.008 dispatch_ms=5.051 fb_release_ms=0.005
[2026-10-02 18:51:54.653] [info] [graph-edge] frame=0 level=1 consumer_id=2 input_index=0 producer_id=0 producer_level=0
[2026-10-02 18:51:54.653] [info] [graph-edge] frame=0 level=1 consumer_id=2 input_index=1 producer_id=1 producer_level=0
[2026-10-02 18:51:54.653] [info] [graph-edge] frame=0 level=1 consumer_id=4 input_index=0 producer_id=3 producer_level=0
[2026-10-02 18:51:54.658] [info] [temp-lifetime] frame=0 after_level=1 live=[2,4,] retired=[0,1,3,]
[2026-10-02 18:51:54.658] [info] [exec-level-diag] frame=0 level=1 nodes=2 input_ms=0.130 dispatch_ms=5.195 fb_release_ms=0.021
[2026-10-02 18:51:54.658] [info] [graph-edge] frame=0 level=2 consumer_id=5 input_index=0 producer_id=2 producer_level=1
[2026-10-02 18:51:54.658] [info] [graph-edge] frame=0 level=2 consumer_id=5 input_index=1 producer_id=4 producer_level=1
[2026-10-02 18:51:54.659] [info] [temp-lifetime] frame=0 after_level=2 live=[5,] retired=[2,4,]
[2026-10-02 18:51:54.659] [info] [exec-level-diag] frame=0 level=2 nodes=1 input_ms=0.104 dispatch_ms=0.181 fb_release_ms=0.009
[2026-10-02 18:51:54.659] [info] [video] Exporting via Arena-backed SIMD pipeline
[2026-10-02 18:51:54.670] [info] [temp-lifetime] frame=1 after_level=0 live=[0,1,3,] retired=[]
[2026-10-02 18:51:54.670] [info] [exec-level-diag] frame=1 level=0 nodes=3 input_ms=0.003 dispatch_ms=1.718 fb_release_ms=0.004
[2026-10-02 18:51:54.670] [info] [graph-edge] frame=1 level=1 consumer_id=2 input_index=0 producer_id=0 producer_level=0
[2026-10-02 18:51:54.670] [info] [graph-edge] frame=1 level=1 consumer_id=2 input_index=1 producer_id=1 producer_level=0
[2026-10-02 18:51:54.670] [info] [graph-edge] frame=1 level=1 consumer_id=4 input_index=0 producer_id=3 producer_level=0
[2026-10-02 18:51:54.671] [info] [temp-lifetime] frame=1 after_level=1 live=[2,4,] retired=[0,1,3,]
[2026-10-02 18:51:54.671] [info] [exec-level-diag] frame=1 level=1 nodes=2 input_ms=0.120 dispatch_ms=0.592 fb_release_ms=0.013
[2026-10-02 18:51:54.671] [info] [graph-edge] frame=1 level=2 consumer_id=5 input_index=0 producer_id=2 producer_level=1
[2026-10-02 18:51:54.671] [info] [graph-edge] frame=1 level=2 consumer_id=5 input_index=1 producer_id=4 producer_level=1
[2026-10-02 18:51:54.671] [info] [temp-lifetime] frame=1 after_level=2 live=[5,] retired=[2,4,]
[2026-10-02 18:51:54.671] [info] [exec-level-diag] frame=1 level=2 nodes=1 input_ms=0.092 dispatch_ms=0.180 fb_release_ms=0.009
[2026-10-02 18:51:54.686] [info] [temp-lifetime] frame=2 after_level=0 live=[0,1,3,] retired=[]
[2026-10-02 18:51:54.686] [info] [exec-level-diag] frame=2 level=0 nodes=3 input_ms=0.003 dispatch_ms=1.631 fb_release_ms=0.004
[2026-10-02 18:51:54.686] [info] [graph-edge] frame=2 level=1 consumer_id=2 input_index=0 producer_id=0 producer_level=0
[2026-10-02 18:51:54.686] [info] [graph-edge] frame=2 level=1 consumer_id=2 input_index=1 producer_id=1 producer_level=0
[2026-10-02 18:51:54.686] [info] [graph-edge] frame=2 level=1 consumer_id=4 input_index=0 producer_id=3 producer_level=0
[2026-10-02 18:51:54.687] [info] [temp-lifetime] frame=2 after_level=1 live=[2,4,] retired=[0,1,3,]
[2026-10-02 18:51:54.687] [info] [exec-level-diag] frame=2 level=1 nodes=2 input_ms=0.126 dispatch_ms=0.486 fb_release_ms=0.013
[2026-10-02 18:51:54.687] [info] [graph-edge] frame=2 level=2 consumer_id=5 input_index=0 producer_id=2 producer_level=1
[2026-10-02 18:51:54.687] [info] [graph-edge] frame=2 level=2 consumer_id=5 input_index=1 producer_id=4 producer_level=1
[2026-10-02 18:51:54.687] [info] [temp-lifetime] frame=2 after_level=2 live=[5,] retired=[2,4,]
[2026-10-02 18:51:54.687] [info] [exec-level-diag] frame=2 level=2 nodes=1 input_ms=0.091 dispatch_ms=0.192 fb_release_ms=0.009
[2026-10-02 18:51:54.688] [info] [video]   4/48 frames
[2026-10-02 18:51:54.738] [info] [video]   8/48 frames
[2026-10-02 18:51:54.781] [info] [video]   12/48 frames
[2026-10-02 18:51:54.829] [info] [video]   16/48 frames
[2026-10-02 18:51:54.874] [info] [video]   20/48 frames
[2026-10-02 18:51:54.924] [info] [video]   24/48 frames
[2026-10-02 18:51:54.948] [info] [vulkan-lifecycle] frame=25 vram_bytes=333283328 live_surfaces=13 surface_bindings=7 registry_live_handles=107 physical_images=13 deferred_releases=2 vma_allocations=45 surfaces_created=157 surfaces_released=150 queue_packages=1 execution_slots_busy=2 command_batch_active=false
[2026-10-02 18:51:54.974] [info] [video]   28/48 frames
[2026-10-02 18:51:55.022] [info] [video]   32/48 frames
[2026-10-02 18:51:55.069] [info] [video]   36/48 frames
[2026-10-02 18:51:55.114] [info] [video]   40/48 frames
[2026-10-02 18:51:55.159] [info] [video]   44/48 frames
[2026-10-02 18:51:55.207] [info] [video]   48/48 frames
[2026-10-02 18:51:55.221] [info] [video] writer join complete
[2026-10-02 18:51:55.221] [info] [drain-debug] start drain, capacity=6
[2026-10-02 18:51:55.221] [info] [drain-debug] slot_id=4 has completion, waiting
[2026-10-02 18:51:55.221] [info] [drain-debug] slot_id=4 wait complete
[2026-10-02 18:51:55.221] [info] [drain-debug] slot_id=5 has completion, waiting
[2026-10-02 18:51:55.221] [info] [drain-debug] slot_id=5 wait complete
[2026-10-02 18:51:55.221] [info] [drain-debug] reap done, busy_count=0
[2026-10-02 18:51:55.221] [info] [video] trimming framebuffer pool
[2026-10-02 18:51:55.221] [info] [video] Released framebuffer pool — memory trimmed
[2026-10-02 18:51:55.221] [info] [video] frame-loop cleanup complete
[2026-10-02 18:51:55.221] [info] [video] Encoder write blocked duration: 0.00 ms
[2026-10-02 18:51:55.221] [info] [video_diag] conversion_and_copy_duration_ms: 0 ms
[2026-10-02 18:51:55.221] [info] [video_diag] conversion_bytes_written=0 encoder_staging_copy_bytes=0 encoder_slot_reuses=0
[2026-10-02 18:51:55.221] [info] [native_av] close: sending encoder flush
[2026-10-02 18:51:55.221] [info] [native_av] close: encoder flush accepted
[2026-10-02 18:51:55.222] [info] [native_av] close: packets drained=true
[2026-10-02 18:51:55.222] [info] [native_av] close: finalizing mux session
[2026-10-02 18:51:55.222] [info] [native_av] close: mux session finalized
[2026-10-02 18:51:55.223] [info] [native_av] Closed native encoder — 48 frames accepted, encoder_packets=48 mux_packets=48 packet_pts=0..47, YUV cache: 0 hits / 0 misses
[2026-10-02 18:51:55.223] [info] [video_native] convert=117.34ms  send_frame=12.76ms  backpressure=0.00ms  flush=1.17ms  receive_packet=0.68ms  mux_write=0.78ms  trailer=0.34ms
[2026-10-02 18:51:55.224] [info] [video] render_ms=631.93 encode_ms=7.70 writer_encode_ms=133.04 wall_ms=2287.34 nvml_stop_ms=0.09
[2026-10-02 18:51:55.224] [info] [video] FFmpeg queue wait duration: 0.41 ms
[2026-10-02 18:51:55.232] [info] [video] copy_eligible=true sha256=09a860fb2953d9722107504aa7224dc5edb8e5354a4dfe00b096d6b7ad0ff9d3
[2026-10-02 18:51:55.232] [info] [video] Wrote /tmp/velox-phrase-runtime-cert/inputs/phrase_apple_clean_08_slide_up_spring/catalog-motions.mp4
[2026-10-02 18:51:55.232] [info] [startup-profile] total=996.80ms logger=0.11ms cli_bootstrap=10.06ms cli_parse=0.00ms composition=0.33ms plan_read=0.15ms json_parse=2.44ms plan_decode_validate=56.24ms asset_resolve=0.02ms plan_compile=5.72ms other=0.00ms
[2026-10-02 18:51:55.262] [info] [video] Wrote exact per-frame timing sidecar: /tmp/velox-phrase-runtime-cert/inputs/phrase_apple_clean_08_slide_up_spring/catalog-motions.mp4.timing.json
[2026-10-02 18:51:55.291] [info] [INFO] job-lifecycle: slot_pool_close_ms=0.0 surface_release_ms=0.1
[2026-10-02 18:51:55.429] [info] [INFO] job-lifecycle: queue_close_ms=0.0 writer_join_ms=0.0 encoder_reset_ms=26.6 decoder_reset_ms=0.0 full_graph_reset_ms=138.2 sink_ctx_reset_ms=0.0 device_runtime_reset_ms=0.0 device_reservation_reset_ms=0.0
[2026-10-02 18:51:55.430] [info] [INFO] job-lifecycle: sidecar_write_ms=32.3 session_teardown_ms=165.3
[2026-10-02 18:51:55.439] [info] [INFO] job-lifecycle: execute_ms=2502.5 receipt_build_ms=0.0 receipt_write_ms=0.0 caller_tail_ms=0.0
