[2026-10-02 18:52:22.903] [info] [overlay-prepare] validated package=/tmp/velox-phrase-runtime-cert/inputs/phrase_apple_clean_18_scale_card_tilt/prepared.json hash=4fce6bdc55ebc667c9abbaad9adab6a5599b7e98d30d9e446c6a29037631b477 assets=0 text_runs=1 overlays=2
[2026-10-02 18:52:22.907] [info] [asset-profile] kind=3 path=assets/fonts/Poppins-Bold.ttf bytes=155996 cache=miss invalidated=0 stat=0.01ms hash=3.61ms hashed_bytes=155996 total=3.77ms
[2026-10-02 18:52:22.908] [info] [asset-digest-cache] hits=0 misses=1 invalidations=0 bytes_hashed=155996 lookup_ms=0.01 write_ms=0.02 full_hash_ms=3.61
[2026-10-02 18:52:22.910] [info] [plan-profile] read=0.14ms parse=2.36ms decode=54.47ms resolver=0.03ms compile_validate=6.07ms total=66.18ms
[2026-10-02 18:52:22.910] [info] [asset-profile] kind=3 path=assets/fonts/Poppins-Bold.ttf bytes=155996 cache=hit invalidated=0 stat=0.01ms hash=0.00ms hashed_bytes=0 total=0.10ms
[2026-10-02 18:52:22.910] [info] [asset-digest-cache] hits=1 misses=0 invalidations=0 bytes_hashed=0 lookup_ms=0.01 write_ms=0.00 full_hash_ms=0.00
[2026-10-02 18:52:22.913] [info] [plan-compile-profile] assets=0.28ms fingerprint=2.59ms media_resolution=0.00ms materialize=0.18ms composition_compile=0.00ms compatibility_view=0.14ms total=3.55ms
[2026-10-02 18:52:22.914] [info] [video] Auto-selecting yuv420p pipe pixel format for 1280x720 output
[2026-10-02 18:52:22.914] [info] [video] execution plan resolved (reason: required_gpu_native_full_graph); decode=1 composite=2 encode=1 interop=2 handoff=1 codec=3
[2026-10-02 18:52:22.931] [info] [video-runtime] created persistent runtime for device 0 (CUDA ordinal 0)
[2026-10-02 18:52:22.932] [info] [video] encoder feed capability: host_frame=false direct_yuv=false native_surface=true
[2026-10-02 18:52:23.207] [info] [native_av] CUDA context contract: native=0x558199642300 ffmpeg=0x558199642300
[2026-10-02 18:52:23.230] [info] [native_av] NVENC tuning applied: rc=constqp preset=p1 async_depth=4 nvenc_surfaces=8 qp=23 bitrate=0
[2026-10-02 18:52:23.264] [info] [native_av] encoder bitstream contract: codec=27 profile=100 level=-99 pix_fmt=119 parameter_sets=49 materialized=true
[2026-10-02 18:52:23.264] [info] [native_av] Opened native encoder: 1280x720 @ 24fps, codec=h264_nvenc, rc=constqp, preset=p1, output='/tmp/velox-phrase-runtime-cert/inputs/phrase_apple_clean_18_scale_card_tilt/catalog-motions.partial.mp4'
[2026-10-02 18:52:24.568] [info] [pool-warm] Pre-allocated and pre-imported 6 execution slots (1280x720) for native NVENC
[2026-10-02 18:52:24.662] [info] chronon3d::vulkan text batch formats: dst_image.format=109 atlas_image.format=44 atlas_encoding=2 (shader contract: dst rgba32f, atlas rgba8)
[2026-10-02 18:52:24.663] [info] [temp-lifetime] frame=0 after_level=0 live=[0,1,3,] retired=[]
[2026-10-02 18:52:24.663] [info] [exec-level-diag] frame=0 level=0 nodes=3 input_ms=0.008 dispatch_ms=5.246 fb_release_ms=0.005
[2026-10-02 18:52:24.663] [info] [graph-edge] frame=0 level=1 consumer_id=2 input_index=0 producer_id=0 producer_level=0
[2026-10-02 18:52:24.663] [info] [graph-edge] frame=0 level=1 consumer_id=2 input_index=1 producer_id=1 producer_level=0
[2026-10-02 18:52:24.663] [info] [graph-edge] frame=0 level=1 consumer_id=4 input_index=0 producer_id=3 producer_level=0
[2026-10-02 18:52:24.667] [info] [temp-lifetime] frame=0 after_level=1 live=[2,4,] retired=[0,1,3,]
[2026-10-02 18:52:24.668] [info] [exec-level-diag] frame=0 level=1 nodes=2 input_ms=0.128 dispatch_ms=4.415 fb_release_ms=0.022
[2026-10-02 18:52:24.668] [info] [graph-edge] frame=0 level=2 consumer_id=5 input_index=0 producer_id=2 producer_level=1
[2026-10-02 18:52:24.668] [info] [graph-edge] frame=0 level=2 consumer_id=5 input_index=1 producer_id=4 producer_level=1
[2026-10-02 18:52:24.668] [info] [temp-lifetime] frame=0 after_level=2 live=[5,] retired=[2,4,]
[2026-10-02 18:52:24.668] [info] [exec-level-diag] frame=0 level=2 nodes=1 input_ms=0.173 dispatch_ms=0.195 fb_release_ms=0.008
[2026-10-02 18:52:24.669] [info] [video] Exporting via Arena-backed SIMD pipeline
[2026-10-02 18:52:24.679] [info] [temp-lifetime] frame=1 after_level=0 live=[0,1,3,] retired=[]
[2026-10-02 18:52:24.679] [info] [exec-level-diag] frame=1 level=0 nodes=3 input_ms=0.003 dispatch_ms=1.390 fb_release_ms=0.003
[2026-10-02 18:52:24.679] [info] [graph-edge] frame=1 level=1 consumer_id=2 input_index=0 producer_id=0 producer_level=0
[2026-10-02 18:52:24.679] [info] [graph-edge] frame=1 level=1 consumer_id=2 input_index=1 producer_id=1 producer_level=0
[2026-10-02 18:52:24.679] [info] [graph-edge] frame=1 level=1 consumer_id=4 input_index=0 producer_id=3 producer_level=0
[2026-10-02 18:52:24.680] [info] [temp-lifetime] frame=1 after_level=1 live=[2,4,] retired=[0,1,3,]
[2026-10-02 18:52:24.680] [info] [exec-level-diag] frame=1 level=1 nodes=2 input_ms=0.101 dispatch_ms=0.511 fb_release_ms=0.012
[2026-10-02 18:52:24.680] [info] [graph-edge] frame=1 level=2 consumer_id=5 input_index=0 producer_id=2 producer_level=1
[2026-10-02 18:52:24.680] [info] [graph-edge] frame=1 level=2 consumer_id=5 input_index=1 producer_id=4 producer_level=1
[2026-10-02 18:52:24.680] [info] [temp-lifetime] frame=1 after_level=2 live=[5,] retired=[2,4,]
[2026-10-02 18:52:24.680] [info] [exec-level-diag] frame=1 level=2 nodes=1 input_ms=0.118 dispatch_ms=0.183 fb_release_ms=0.008
[2026-10-02 18:52:24.695] [info] [temp-lifetime] frame=2 after_level=0 live=[0,1,3,] retired=[]
[2026-10-02 18:52:24.695] [info] [exec-level-diag] frame=2 level=0 nodes=3 input_ms=0.003 dispatch_ms=1.042 fb_release_ms=0.003
[2026-10-02 18:52:24.695] [info] [graph-edge] frame=2 level=1 consumer_id=2 input_index=0 producer_id=0 producer_level=0
[2026-10-02 18:52:24.695] [info] [graph-edge] frame=2 level=1 consumer_id=2 input_index=1 producer_id=1 producer_level=0
[2026-10-02 18:52:24.695] [info] [graph-edge] frame=2 level=1 consumer_id=4 input_index=0 producer_id=3 producer_level=0
[2026-10-02 18:52:24.695] [info] [temp-lifetime] frame=2 after_level=1 live=[2,4,] retired=[0,1,3,]
[2026-10-02 18:52:24.695] [info] [exec-level-diag] frame=2 level=1 nodes=2 input_ms=0.103 dispatch_ms=0.352 fb_release_ms=0.012
[2026-10-02 18:52:24.696] [info] [graph-edge] frame=2 level=2 consumer_id=5 input_index=0 producer_id=2 producer_level=1
[2026-10-02 18:52:24.696] [info] [graph-edge] frame=2 level=2 consumer_id=5 input_index=1 producer_id=4 producer_level=1
[2026-10-02 18:52:24.696] [info] [temp-lifetime] frame=2 after_level=2 live=[5,] retired=[2,4,]
[2026-10-02 18:52:24.696] [info] [exec-level-diag] frame=2 level=2 nodes=1 input_ms=0.071 dispatch_ms=0.190 fb_release_ms=0.008
[2026-10-02 18:52:24.696] [info] [video]   4/48 frames
[2026-10-02 18:52:24.739] [info] [video]   8/48 frames
[2026-10-02 18:52:24.781] [info] [video]   12/48 frames
[2026-10-02 18:52:24.821] [info] [video]   16/48 frames
[2026-10-02 18:52:24.864] [info] [video]   20/48 frames
[2026-10-02 18:52:24.903] [info] [video]   24/48 frames
[2026-10-02 18:52:24.922] [info] [vulkan-lifecycle] frame=25 vram_bytes=333283328 live_surfaces=13 surface_bindings=7 registry_live_handles=107 physical_images=13 deferred_releases=2 vma_allocations=45 surfaces_created=157 surfaces_released=150 queue_packages=1 execution_slots_busy=2 command_batch_active=false
[2026-10-02 18:52:24.942] [info] [video]   28/48 frames
[2026-10-02 18:52:24.984] [info] [video]   32/48 frames
[2026-10-02 18:52:25.024] [info] [video]   36/48 frames
[2026-10-02 18:52:25.066] [info] [video]   40/48 frames
[2026-10-02 18:52:25.109] [info] [video]   44/48 frames
[2026-10-02 18:52:25.151] [info] [video]   48/48 frames
[2026-10-02 18:52:25.168] [info] [video] writer join complete
[2026-10-02 18:52:25.168] [info] [drain-debug] start drain, capacity=6
[2026-10-02 18:52:25.168] [info] [drain-debug] slot_id=4 has completion, waiting
[2026-10-02 18:52:25.168] [info] [drain-debug] slot_id=4 wait complete
[2026-10-02 18:52:25.168] [info] [drain-debug] slot_id=5 has completion, waiting
[2026-10-02 18:52:25.169] [info] [drain-debug] slot_id=5 wait complete
[2026-10-02 18:52:25.169] [info] [drain-debug] reap done, busy_count=0
[2026-10-02 18:52:25.169] [info] [video] trimming framebuffer pool
[2026-10-02 18:52:25.169] [info] [video] Released framebuffer pool — memory trimmed
[2026-10-02 18:52:25.169] [info] [video] frame-loop cleanup complete
[2026-10-02 18:52:25.169] [info] [video] Encoder write blocked duration: 0.00 ms
[2026-10-02 18:52:25.169] [info] [video_diag] conversion_and_copy_duration_ms: 0 ms
[2026-10-02 18:52:25.169] [info] [video_diag] conversion_bytes_written=0 encoder_staging_copy_bytes=0 encoder_slot_reuses=0
[2026-10-02 18:52:25.169] [info] [native_av] close: sending encoder flush
[2026-10-02 18:52:25.169] [info] [native_av] close: encoder flush accepted
[2026-10-02 18:52:25.170] [info] [native_av] close: packets drained=true
[2026-10-02 18:52:25.170] [info] [native_av] close: finalizing mux session
[2026-10-02 18:52:25.170] [info] [native_av] close: mux session finalized
[2026-10-02 18:52:25.170] [info] [native_av] Closed native encoder — 48 frames accepted, encoder_packets=48 mux_packets=48 packet_pts=0..47, YUV cache: 0 hits / 0 misses
[2026-10-02 18:52:25.170] [info] [video_native] convert=114.05ms  send_frame=12.53ms  backpressure=0.00ms  flush=1.09ms  receive_packet=0.56ms  mux_write=0.73ms  trailer=0.38ms
[2026-10-02 18:52:25.172] [info] [video] render_ms=570.19 encode_ms=8.18 writer_encode_ms=127.10 wall_ms=2257.61 nvml_stop_ms=0.19
[2026-10-02 18:52:25.172] [info] [video] FFmpeg queue wait duration: 0.41 ms
[2026-10-02 18:52:25.180] [info] [video] copy_eligible=true sha256=2bdc4394f64804ac35eb8472c5b5ebc5ecec33fe023099eab69479be871db0b5
[2026-10-02 18:52:25.180] [info] [video] Wrote /tmp/velox-phrase-runtime-cert/inputs/phrase_apple_clean_18_scale_card_tilt/catalog-motions.mp4
[2026-10-02 18:52:25.180] [info] [startup-profile] total=1012.91ms logger=0.11ms cli_bootstrap=9.89ms cli_parse=0.00ms composition=0.32ms plan_read=0.14ms json_parse=2.36ms plan_decode_validate=54.47ms asset_resolve=0.03ms plan_compile=6.07ms other=0.00ms
[2026-10-02 18:52:25.209] [info] [video] Wrote exact per-frame timing sidecar: /tmp/velox-phrase-runtime-cert/inputs/phrase_apple_clean_18_scale_card_tilt/catalog-motions.mp4.timing.json
[2026-10-02 18:52:25.239] [info] [INFO] job-lifecycle: slot_pool_close_ms=0.0 surface_release_ms=0.1
[2026-10-02 18:52:25.368] [info] [INFO] job-lifecycle: queue_close_ms=0.0 writer_join_ms=0.0 encoder_reset_ms=26.6 decoder_reset_ms=0.0 full_graph_reset_ms=129.7 sink_ctx_reset_ms=0.0 device_runtime_reset_ms=0.0 device_reservation_reset_ms=0.0
[2026-10-02 18:52:25.369] [info] [INFO] job-lifecycle: sidecar_write_ms=31.3 session_teardown_ms=156.8
[2026-10-02 18:52:25.378] [info] [INFO] job-lifecycle: execute_ms=2464.1 receipt_build_ms=0.0 receipt_write_ms=0.0 caller_tail_ms=0.0
