[2026-10-02 18:52:10.246] [info] [overlay-prepare] validated package=/tmp/velox-phrase-runtime-cert/inputs/phrase_apple_clean_14_scale_bounce_clean/prepared.json hash=5b0f7f6704166323ae9a3869f4620bb19dfd99b6e18a63f895bcd93e30b4fdda assets=0 text_runs=1 overlays=2
[2026-10-02 18:52:10.251] [info] [asset-profile] kind=3 path=assets/fonts/Poppins-Bold.ttf bytes=155996 cache=miss invalidated=0 stat=0.01ms hash=4.79ms hashed_bytes=155996 total=5.03ms
[2026-10-02 18:52:10.251] [info] [asset-digest-cache] hits=0 misses=1 invalidations=0 bytes_hashed=155996 lookup_ms=0.01 write_ms=0.03 full_hash_ms=4.79
[2026-10-02 18:52:10.254] [info] [plan-profile] read=0.21ms parse=2.36ms decode=54.32ms resolver=0.06ms compile_validate=7.57ms total=68.46ms
[2026-10-02 18:52:10.254] [info] [asset-profile] kind=3 path=assets/fonts/Poppins-Bold.ttf bytes=155996 cache=hit invalidated=0 stat=0.01ms hash=0.00ms hashed_bytes=0 total=0.14ms
[2026-10-02 18:52:10.254] [info] [asset-digest-cache] hits=1 misses=0 invalidations=0 bytes_hashed=0 lookup_ms=0.01 write_ms=0.00 full_hash_ms=0.00
[2026-10-02 18:52:10.258] [info] [plan-compile-profile] assets=0.32ms fingerprint=2.77ms media_resolution=0.00ms materialize=0.22ms composition_compile=0.00ms compatibility_view=0.16ms total=3.92ms
[2026-10-02 18:52:10.259] [info] [video] Auto-selecting yuv420p pipe pixel format for 1280x720 output
[2026-10-02 18:52:10.259] [info] [video] execution plan resolved (reason: required_gpu_native_full_graph); decode=1 composite=2 encode=1 interop=2 handoff=1 codec=3
[2026-10-02 18:52:10.278] [info] [video-runtime] created persistent runtime for device 0 (CUDA ordinal 0)
[2026-10-02 18:52:10.279] [info] [video] encoder feed capability: host_frame=false direct_yuv=false native_surface=true
[2026-10-02 18:52:10.517] [info] [native_av] CUDA context contract: native=0x563431073a50 ffmpeg=0x563431073a50
[2026-10-02 18:52:10.539] [info] [native_av] NVENC tuning applied: rc=constqp preset=p1 async_depth=4 nvenc_surfaces=8 qp=23 bitrate=0
[2026-10-02 18:52:10.596] [info] [native_av] encoder bitstream contract: codec=27 profile=100 level=-99 pix_fmt=119 parameter_sets=49 materialized=true
[2026-10-02 18:52:10.596] [info] [native_av] Opened native encoder: 1280x720 @ 24fps, codec=h264_nvenc, rc=constqp, preset=p1, output='/tmp/velox-phrase-runtime-cert/inputs/phrase_apple_clean_14_scale_bounce_clean/catalog-motions.partial.mp4'
[2026-10-02 18:52:12.339] [info] [pool-warm] Pre-allocated and pre-imported 6 execution slots (1280x720) for native NVENC
[2026-10-02 18:52:12.447] [info] chronon3d::vulkan text batch formats: dst_image.format=109 atlas_image.format=44 atlas_encoding=2 (shader contract: dst rgba32f, atlas rgba8)
[2026-10-02 18:52:12.448] [info] [temp-lifetime] frame=0 after_level=0 live=[0,1,3,] retired=[]
[2026-10-02 18:52:12.448] [info] [exec-level-diag] frame=0 level=0 nodes=3 input_ms=0.007 dispatch_ms=6.345 fb_release_ms=0.006
[2026-10-02 18:52:12.448] [info] [graph-edge] frame=0 level=1 consumer_id=2 input_index=0 producer_id=0 producer_level=0
[2026-10-02 18:52:12.448] [info] [graph-edge] frame=0 level=1 consumer_id=2 input_index=1 producer_id=1 producer_level=0
[2026-10-02 18:52:12.448] [info] [graph-edge] frame=0 level=1 consumer_id=4 input_index=0 producer_id=3 producer_level=0
[2026-10-02 18:52:12.455] [info] [temp-lifetime] frame=0 after_level=1 live=[2,4,] retired=[0,1,3,]
[2026-10-02 18:52:12.455] [info] [exec-level-diag] frame=0 level=1 nodes=2 input_ms=0.171 dispatch_ms=6.287 fb_release_ms=0.028
[2026-10-02 18:52:12.455] [info] [graph-edge] frame=0 level=2 consumer_id=5 input_index=0 producer_id=2 producer_level=1
[2026-10-02 18:52:12.455] [info] [graph-edge] frame=0 level=2 consumer_id=5 input_index=1 producer_id=4 producer_level=1
[2026-10-02 18:52:12.455] [info] [temp-lifetime] frame=0 after_level=2 live=[5,] retired=[2,4,]
[2026-10-02 18:52:12.455] [info] [exec-level-diag] frame=0 level=2 nodes=1 input_ms=0.111 dispatch_ms=0.274 fb_release_ms=0.012
[2026-10-02 18:52:12.456] [info] [video] Exporting via Arena-backed SIMD pipeline
[2026-10-02 18:52:12.469] [info] [temp-lifetime] frame=1 after_level=0 live=[0,1,3,] retired=[]
[2026-10-02 18:52:12.469] [info] [exec-level-diag] frame=1 level=0 nodes=3 input_ms=0.005 dispatch_ms=1.440 fb_release_ms=0.004
[2026-10-02 18:52:12.469] [info] [graph-edge] frame=1 level=1 consumer_id=2 input_index=0 producer_id=0 producer_level=0
[2026-10-02 18:52:12.469] [info] [graph-edge] frame=1 level=1 consumer_id=2 input_index=1 producer_id=1 producer_level=0
[2026-10-02 18:52:12.469] [info] [graph-edge] frame=1 level=1 consumer_id=4 input_index=0 producer_id=3 producer_level=0
[2026-10-02 18:52:12.470] [info] [temp-lifetime] frame=1 after_level=1 live=[2,4,] retired=[0,1,3,]
[2026-10-02 18:52:12.470] [info] [exec-level-diag] frame=1 level=1 nodes=2 input_ms=0.120 dispatch_ms=0.490 fb_release_ms=0.015
[2026-10-02 18:52:12.470] [info] [graph-edge] frame=1 level=2 consumer_id=5 input_index=0 producer_id=2 producer_level=1
[2026-10-02 18:52:12.470] [info] [graph-edge] frame=1 level=2 consumer_id=5 input_index=1 producer_id=4 producer_level=1
[2026-10-02 18:52:12.470] [info] [temp-lifetime] frame=1 after_level=2 live=[5,] retired=[2,4,]
[2026-10-02 18:52:12.470] [info] [exec-level-diag] frame=1 level=2 nodes=1 input_ms=0.081 dispatch_ms=0.201 fb_release_ms=0.010
[2026-10-02 18:52:12.489] [info] [temp-lifetime] frame=2 after_level=0 live=[0,1,3,] retired=[]
[2026-10-02 18:52:12.489] [info] [exec-level-diag] frame=2 level=0 nodes=3 input_ms=0.006 dispatch_ms=1.485 fb_release_ms=0.005
[2026-10-02 18:52:12.489] [info] [graph-edge] frame=2 level=1 consumer_id=2 input_index=0 producer_id=0 producer_level=0
[2026-10-02 18:52:12.489] [info] [graph-edge] frame=2 level=1 consumer_id=2 input_index=1 producer_id=1 producer_level=0
[2026-10-02 18:52:12.489] [info] [graph-edge] frame=2 level=1 consumer_id=4 input_index=0 producer_id=3 producer_level=0
[2026-10-02 18:52:12.490] [info] [temp-lifetime] frame=2 after_level=1 live=[2,4,] retired=[0,1,3,]
[2026-10-02 18:52:12.490] [info] [exec-level-diag] frame=2 level=1 nodes=2 input_ms=0.146 dispatch_ms=0.507 fb_release_ms=0.019
[2026-10-02 18:52:12.490] [info] [graph-edge] frame=2 level=2 consumer_id=5 input_index=0 producer_id=2 producer_level=1
[2026-10-02 18:52:12.490] [info] [graph-edge] frame=2 level=2 consumer_id=5 input_index=1 producer_id=4 producer_level=1
[2026-10-02 18:52:12.490] [info] [temp-lifetime] frame=2 after_level=2 live=[5,] retired=[2,4,]
[2026-10-02 18:52:12.490] [info] [exec-level-diag] frame=2 level=2 nodes=1 input_ms=0.106 dispatch_ms=0.230 fb_release_ms=0.010
[2026-10-02 18:52:12.491] [info] [video]   4/48 frames
[2026-10-02 18:52:12.555] [info] [video]   8/48 frames
[2026-10-02 18:52:12.620] [info] [video]   12/48 frames
[2026-10-02 18:52:12.662] [info] [video]   16/48 frames
[2026-10-02 18:52:12.707] [info] [video]   20/48 frames
[2026-10-02 18:52:12.757] [info] [video]   24/48 frames
[2026-10-02 18:52:12.788] [info] [vulkan-lifecycle] frame=25 vram_bytes=333283328 live_surfaces=13 surface_bindings=7 registry_live_handles=107 physical_images=13 deferred_releases=2 vma_allocations=55 surfaces_created=157 surfaces_released=150 queue_packages=1 execution_slots_busy=2 command_batch_active=false
[2026-10-02 18:52:12.818] [info] [video]   28/48 frames
[2026-10-02 18:52:12.879] [info] [video]   32/48 frames
[2026-10-02 18:52:12.941] [info] [video]   36/48 frames
[2026-10-02 18:52:12.996] [info] [video]   40/48 frames
[2026-10-02 18:52:13.054] [info] [video]   44/48 frames
[2026-10-02 18:52:13.126] [info] [video]   48/48 frames
[2026-10-02 18:52:13.149] [info] [video] writer join complete
[2026-10-02 18:52:13.150] [info] [drain-debug] start drain, capacity=6
[2026-10-02 18:52:13.150] [info] [drain-debug] slot_id=4 has completion, waiting
[2026-10-02 18:52:13.150] [info] [drain-debug] slot_id=4 wait complete
[2026-10-02 18:52:13.150] [info] [drain-debug] slot_id=5 has completion, waiting
[2026-10-02 18:52:13.150] [info] [drain-debug] slot_id=5 wait complete
[2026-10-02 18:52:13.150] [info] [drain-debug] reap done, busy_count=0
[2026-10-02 18:52:13.150] [info] [video] trimming framebuffer pool
[2026-10-02 18:52:13.150] [info] [video] Released framebuffer pool — memory trimmed
[2026-10-02 18:52:13.151] [info] [video] frame-loop cleanup complete
[2026-10-02 18:52:13.151] [info] [video] Encoder write blocked duration: 0.00 ms
[2026-10-02 18:52:13.151] [info] [video_diag] conversion_and_copy_duration_ms: 0 ms
[2026-10-02 18:52:13.151] [info] [video_diag] conversion_bytes_written=0 encoder_staging_copy_bytes=0 encoder_slot_reuses=0
[2026-10-02 18:52:13.151] [info] [native_av] close: sending encoder flush
[2026-10-02 18:52:13.151] [info] [native_av] close: encoder flush accepted
[2026-10-02 18:52:13.151] [info] [native_av] close: packets drained=true
[2026-10-02 18:52:13.151] [info] [native_av] close: finalizing mux session
[2026-10-02 18:52:13.152] [info] [native_av] close: mux session finalized
[2026-10-02 18:52:13.152] [info] [native_av] Closed native encoder — 48 frames accepted, encoder_packets=48 mux_packets=48 packet_pts=0..47, YUV cache: 0 hits / 0 misses
[2026-10-02 18:52:13.152] [info] [video_native] convert=110.51ms  send_frame=26.27ms  backpressure=0.00ms  flush=1.13ms  receive_packet=0.30ms  mux_write=1.62ms  trailer=0.60ms
[2026-10-02 18:52:13.154] [info] [video] render_ms=778.70 encode_ms=8.39 writer_encode_ms=146.87 wall_ms=2895.01 nvml_stop_ms=0.13
[2026-10-02 18:52:13.154] [info] [video] FFmpeg queue wait duration: 0.88 ms
[2026-10-02 18:52:13.165] [info] [video] copy_eligible=true sha256=d88e796783bc166e8a6de8ffea8ab7d0cfcd2493a0a420d612711558a4b496c4
[2026-10-02 18:52:13.165] [info] [video] Wrote /tmp/velox-phrase-runtime-cert/inputs/phrase_apple_clean_14_scale_bounce_clean/catalog-motions.mp4
[2026-10-02 18:52:13.165] [info] [startup-profile] total=1312.46ms logger=0.11ms cli_bootstrap=10.08ms cli_parse=0.00ms composition=0.32ms plan_read=0.21ms json_parse=2.36ms plan_decode_validate=54.32ms asset_resolve=0.06ms plan_compile=7.57ms other=0.00ms
[2026-10-02 18:52:13.214] [info] [video] Wrote exact per-frame timing sidecar: /tmp/velox-phrase-runtime-cert/inputs/phrase_apple_clean_14_scale_bounce_clean/catalog-motions.mp4.timing.json
[2026-10-02 18:52:13.256] [info] [INFO] job-lifecycle: slot_pool_close_ms=0.0 surface_release_ms=0.2
[2026-10-02 18:52:13.446] [info] [INFO] job-lifecycle: queue_close_ms=0.0 writer_join_ms=0.0 encoder_reset_ms=37.3 decoder_reset_ms=0.0 full_graph_reset_ms=190.0 sink_ctx_reset_ms=0.0 device_runtime_reset_ms=0.0 device_reservation_reset_ms=0.0
[2026-10-02 18:52:13.447] [info] [INFO] job-lifecycle: sidecar_write_ms=53.3 session_teardown_ms=228.1
[2026-10-02 18:52:13.458] [info] [INFO] job-lifecycle: execute_ms=3199.5 receipt_build_ms=0.0 receipt_write_ms=0.0 caller_tail_ms=0.0
