[2026-10-02 18:51:50.161] [info] [overlay-prepare] validated package=/tmp/velox-phrase-runtime-cert/inputs/phrase_apple_clean_07_slide_up_soft/prepared.json hash=e4f41f08d77fdaeb071ac2b88d6c43071bc22d38b5d726244c4eb6173fc1e691 assets=0 text_runs=1 overlays=2
[2026-10-02 18:51:50.165] [info] [asset-profile] kind=3 path=assets/fonts/Poppins-Bold.ttf bytes=155996 cache=miss invalidated=0 stat=0.01ms hash=3.75ms hashed_bytes=155996 total=3.90ms
[2026-10-02 18:51:50.165] [info] [asset-digest-cache] hits=0 misses=1 invalidations=0 bytes_hashed=155996 lookup_ms=0.01 write_ms=0.02 full_hash_ms=3.75
[2026-10-02 18:51:50.167] [info] [plan-profile] read=0.16ms parse=2.26ms decode=54.13ms resolver=0.02ms compile_validate=6.16ms total=65.83ms
[2026-10-02 18:51:50.167] [info] [asset-profile] kind=3 path=assets/fonts/Poppins-Bold.ttf bytes=155996 cache=hit invalidated=0 stat=0.01ms hash=0.00ms hashed_bytes=0 total=0.10ms
[2026-10-02 18:51:50.167] [info] [asset-digest-cache] hits=1 misses=0 invalidations=0 bytes_hashed=0 lookup_ms=0.01 write_ms=0.00 full_hash_ms=0.00
[2026-10-02 18:51:50.171] [info] [plan-compile-profile] assets=0.30ms fingerprint=2.62ms media_resolution=0.00ms materialize=0.20ms composition_compile=0.00ms compatibility_view=0.15ms total=3.65ms
[2026-10-02 18:51:50.172] [info] [video] Auto-selecting yuv420p pipe pixel format for 1280x720 output
[2026-10-02 18:51:50.172] [info] [video] execution plan resolved (reason: required_gpu_native_full_graph); decode=1 composite=2 encode=1 interop=2 handoff=1 codec=3
[2026-10-02 18:51:50.190] [info] [video-runtime] created persistent runtime for device 0 (CUDA ordinal 0)
[2026-10-02 18:51:50.190] [info] [video] encoder feed capability: host_frame=false direct_yuv=false native_surface=true
[2026-10-02 18:51:50.482] [info] [native_av] CUDA context contract: native=0x563ea67ade90 ffmpeg=0x563ea67ade90
[2026-10-02 18:51:50.501] [info] [native_av] NVENC tuning applied: rc=constqp preset=p1 async_depth=4 nvenc_surfaces=8 qp=23 bitrate=0
[2026-10-02 18:51:50.535] [info] [native_av] encoder bitstream contract: codec=27 profile=100 level=-99 pix_fmt=119 parameter_sets=49 materialized=true
[2026-10-02 18:51:50.536] [info] [native_av] Opened native encoder: 1280x720 @ 24fps, codec=h264_nvenc, rc=constqp, preset=p1, output='/tmp/velox-phrase-runtime-cert/inputs/phrase_apple_clean_07_slide_up_soft/catalog-motions.partial.mp4'
[2026-10-02 18:51:51.820] [info] [pool-warm] Pre-allocated and pre-imported 6 execution slots (1280x720) for native NVENC
[2026-10-02 18:51:51.918] [info] chronon3d::vulkan text batch formats: dst_image.format=109 atlas_image.format=44 atlas_encoding=2 (shader contract: dst rgba32f, atlas rgba8)
[2026-10-02 18:51:51.919] [info] [temp-lifetime] frame=0 after_level=0 live=[0,1,3,] retired=[]
[2026-10-02 18:51:51.919] [info] [exec-level-diag] frame=0 level=0 nodes=3 input_ms=0.007 dispatch_ms=4.924 fb_release_ms=0.004
[2026-10-02 18:51:51.919] [info] [graph-edge] frame=0 level=1 consumer_id=2 input_index=0 producer_id=0 producer_level=0
[2026-10-02 18:51:51.919] [info] [graph-edge] frame=0 level=1 consumer_id=2 input_index=1 producer_id=1 producer_level=0
[2026-10-02 18:51:51.919] [info] [graph-edge] frame=0 level=1 consumer_id=4 input_index=0 producer_id=3 producer_level=0
[2026-10-02 18:51:51.924] [info] [temp-lifetime] frame=0 after_level=1 live=[2,4,] retired=[0,1,3,]
[2026-10-02 18:51:51.924] [info] [exec-level-diag] frame=0 level=1 nodes=2 input_ms=0.108 dispatch_ms=4.842 fb_release_ms=0.018
[2026-10-02 18:51:51.924] [info] [graph-edge] frame=0 level=2 consumer_id=5 input_index=0 producer_id=2 producer_level=1
[2026-10-02 18:51:51.924] [info] [graph-edge] frame=0 level=2 consumer_id=5 input_index=1 producer_id=4 producer_level=1
[2026-10-02 18:51:51.924] [info] [temp-lifetime] frame=0 after_level=2 live=[5,] retired=[2,4,]
[2026-10-02 18:51:51.924] [info] [exec-level-diag] frame=0 level=2 nodes=1 input_ms=0.115 dispatch_ms=0.208 fb_release_ms=0.008
[2026-10-02 18:51:51.925] [info] [video] Exporting via Arena-backed SIMD pipeline
[2026-10-02 18:51:51.936] [info] [temp-lifetime] frame=1 after_level=0 live=[0,1,3,] retired=[]
[2026-10-02 18:51:51.936] [info] [exec-level-diag] frame=1 level=0 nodes=3 input_ms=0.003 dispatch_ms=1.515 fb_release_ms=0.004
[2026-10-02 18:51:51.936] [info] [graph-edge] frame=1 level=1 consumer_id=2 input_index=0 producer_id=0 producer_level=0
[2026-10-02 18:51:51.936] [info] [graph-edge] frame=1 level=1 consumer_id=2 input_index=1 producer_id=1 producer_level=0
[2026-10-02 18:51:51.936] [info] [graph-edge] frame=1 level=1 consumer_id=4 input_index=0 producer_id=3 producer_level=0
[2026-10-02 18:51:51.936] [info] [temp-lifetime] frame=1 after_level=1 live=[2,4,] retired=[0,1,3,]
[2026-10-02 18:51:51.937] [info] [exec-level-diag] frame=1 level=1 nodes=2 input_ms=0.102 dispatch_ms=0.570 fb_release_ms=0.019
[2026-10-02 18:51:51.937] [info] [graph-edge] frame=1 level=2 consumer_id=5 input_index=0 producer_id=2 producer_level=1
[2026-10-02 18:51:51.937] [info] [graph-edge] frame=1 level=2 consumer_id=5 input_index=1 producer_id=4 producer_level=1
[2026-10-02 18:51:51.937] [info] [temp-lifetime] frame=1 after_level=2 live=[5,] retired=[2,4,]
[2026-10-02 18:51:51.937] [info] [exec-level-diag] frame=1 level=2 nodes=1 input_ms=0.129 dispatch_ms=0.294 fb_release_ms=0.014
[2026-10-02 18:51:51.952] [info] [temp-lifetime] frame=2 after_level=0 live=[0,1,3,] retired=[]
[2026-10-02 18:51:51.952] [info] [exec-level-diag] frame=2 level=0 nodes=3 input_ms=0.003 dispatch_ms=1.206 fb_release_ms=0.005
[2026-10-02 18:51:51.952] [info] [graph-edge] frame=2 level=1 consumer_id=2 input_index=0 producer_id=0 producer_level=0
[2026-10-02 18:51:51.952] [info] [graph-edge] frame=2 level=1 consumer_id=2 input_index=1 producer_id=1 producer_level=0
[2026-10-02 18:51:51.952] [info] [graph-edge] frame=2 level=1 consumer_id=4 input_index=0 producer_id=3 producer_level=0
[2026-10-02 18:51:51.953] [info] [temp-lifetime] frame=2 after_level=1 live=[2,4,] retired=[0,1,3,]
[2026-10-02 18:51:51.953] [info] [exec-level-diag] frame=2 level=1 nodes=2 input_ms=0.131 dispatch_ms=0.469 fb_release_ms=0.019
[2026-10-02 18:51:51.953] [info] [graph-edge] frame=2 level=2 consumer_id=5 input_index=0 producer_id=2 producer_level=1
[2026-10-02 18:51:51.953] [info] [graph-edge] frame=2 level=2 consumer_id=5 input_index=1 producer_id=4 producer_level=1
[2026-10-02 18:51:51.953] [info] [temp-lifetime] frame=2 after_level=2 live=[5,] retired=[2,4,]
[2026-10-02 18:51:51.954] [info] [exec-level-diag] frame=2 level=2 nodes=1 input_ms=0.111 dispatch_ms=0.274 fb_release_ms=0.013
[2026-10-02 18:51:51.954] [info] [video]   4/48 frames
[2026-10-02 18:51:52.004] [info] [video]   8/48 frames
[2026-10-02 18:51:52.051] [info] [video]   12/48 frames
[2026-10-02 18:51:52.095] [info] [video]   16/48 frames
[2026-10-02 18:51:52.138] [info] [video]   20/48 frames
[2026-10-02 18:51:52.184] [info] [video]   24/48 frames
[2026-10-02 18:51:52.208] [info] [vulkan-lifecycle] frame=25 vram_bytes=333283328 live_surfaces=13 surface_bindings=7 registry_live_handles=107 physical_images=13 deferred_releases=2 vma_allocations=45 surfaces_created=157 surfaces_released=150 queue_packages=1 execution_slots_busy=2 command_batch_active=false
[2026-10-02 18:51:52.230] [info] [video]   28/48 frames
[2026-10-02 18:51:52.277] [info] [video]   32/48 frames
[2026-10-02 18:51:52.320] [info] [video]   36/48 frames
[2026-10-02 18:51:52.363] [info] [video]   40/48 frames
[2026-10-02 18:51:52.411] [info] [video]   44/48 frames
[2026-10-02 18:51:52.459] [info] [video]   48/48 frames
[2026-10-02 18:51:52.474] [info] [video] writer join complete
[2026-10-02 18:51:52.474] [info] [drain-debug] start drain, capacity=6
[2026-10-02 18:51:52.474] [info] [drain-debug] slot_id=4 has completion, waiting
[2026-10-02 18:51:52.474] [info] [drain-debug] slot_id=4 wait complete
[2026-10-02 18:51:52.474] [info] [drain-debug] slot_id=5 has completion, waiting
[2026-10-02 18:51:52.475] [info] [drain-debug] slot_id=5 wait complete
[2026-10-02 18:51:52.475] [info] [drain-debug] reap done, busy_count=0
[2026-10-02 18:51:52.475] [info] [video] trimming framebuffer pool
[2026-10-02 18:51:52.475] [info] [video] Released framebuffer pool — memory trimmed
[2026-10-02 18:51:52.475] [info] [video] frame-loop cleanup complete
[2026-10-02 18:51:52.475] [info] [video] Encoder write blocked duration: 0.00 ms
[2026-10-02 18:51:52.475] [info] [video_diag] conversion_and_copy_duration_ms: 0 ms
[2026-10-02 18:51:52.475] [info] [video_diag] conversion_bytes_written=0 encoder_staging_copy_bytes=0 encoder_slot_reuses=0
[2026-10-02 18:51:52.475] [info] [native_av] close: sending encoder flush
[2026-10-02 18:51:52.475] [info] [native_av] close: encoder flush accepted
[2026-10-02 18:51:52.476] [info] [native_av] close: packets drained=true
[2026-10-02 18:51:52.476] [info] [native_av] close: finalizing mux session
[2026-10-02 18:51:52.476] [info] [native_av] close: mux session finalized
[2026-10-02 18:51:52.476] [info] [native_av] Closed native encoder — 48 frames accepted, encoder_packets=48 mux_packets=48 packet_pts=0..47, YUV cache: 0 hits / 0 misses
[2026-10-02 18:51:52.476] [info] [video_native] convert=111.00ms  send_frame=13.14ms  backpressure=0.00ms  flush=1.15ms  receive_packet=0.61ms  mux_write=0.71ms  trailer=0.38ms
[2026-10-02 18:51:52.478] [info] [video] render_ms=623.14 encode_ms=7.81 writer_encode_ms=125.68 wall_ms=2305.81 nvml_stop_ms=0.16
[2026-10-02 18:51:52.478] [info] [video] FFmpeg queue wait duration: 0.44 ms
[2026-10-02 18:51:52.485] [info] [video] copy_eligible=true sha256=fb66567b08fdbceb9a292462b18d9538cf03f9f377499914b27fd4ff0829f311
[2026-10-02 18:51:52.485] [info] [video] Wrote /tmp/velox-phrase-runtime-cert/inputs/phrase_apple_clean_07_slide_up_soft/catalog-motions.mp4
[2026-10-02 18:51:52.486] [info] [startup-profile] total=1018.37ms logger=0.11ms cli_bootstrap=10.32ms cli_parse=0.00ms composition=0.34ms plan_read=0.16ms json_parse=2.26ms plan_decode_validate=54.13ms asset_resolve=0.02ms plan_compile=6.16ms other=0.00ms
[2026-10-02 18:51:52.515] [info] [video] Wrote exact per-frame timing sidecar: /tmp/velox-phrase-runtime-cert/inputs/phrase_apple_clean_07_slide_up_soft/catalog-motions.mp4.timing.json
[2026-10-02 18:51:52.549] [info] [INFO] job-lifecycle: slot_pool_close_ms=0.0 surface_release_ms=0.1
[2026-10-02 18:51:52.671] [info] [INFO] job-lifecycle: queue_close_ms=0.0 writer_join_ms=0.0 encoder_reset_ms=31.3 decoder_reset_ms=0.0 full_graph_reset_ms=122.7 sink_ctx_reset_ms=0.0 device_runtime_reset_ms=0.0 device_reservation_reset_ms=0.0
[2026-10-02 18:51:52.672] [info] [INFO] job-lifecycle: sidecar_write_ms=31.4 session_teardown_ms=154.5
[2026-10-02 18:51:52.682] [info] [INFO] job-lifecycle: execute_ms=2509.9 receipt_build_ms=0.0 receipt_write_ms=0.0 caller_tail_ms=0.0
