[2026-10-02 18:52:31.222] [info] [overlay-prepare] validated package=/tmp/velox-phrase-runtime-cert/inputs/phrase_apple_clean_21_tracking_magnetic/prepared.json hash=8de378c6b1f466bfdf9e34b0e3f729577637d7fbff4750e8d5201767673139a9 assets=0 text_runs=1 overlays=2
[2026-10-02 18:52:31.227] [info] [asset-profile] kind=3 path=assets/fonts/Poppins-Bold.ttf bytes=155996 cache=miss invalidated=0 stat=0.01ms hash=3.75ms hashed_bytes=155996 total=3.89ms
[2026-10-02 18:52:31.227] [info] [asset-digest-cache] hits=0 misses=1 invalidations=0 bytes_hashed=155996 lookup_ms=0.01 write_ms=0.02 full_hash_ms=3.75
[2026-10-02 18:52:31.229] [info] [plan-profile] read=0.15ms parse=2.29ms decode=53.57ms resolver=0.03ms compile_validate=6.08ms total=65.39ms
[2026-10-02 18:52:31.229] [info] [asset-profile] kind=3 path=assets/fonts/Poppins-Bold.ttf bytes=155996 cache=hit invalidated=0 stat=0.01ms hash=0.00ms hashed_bytes=0 total=0.10ms
[2026-10-02 18:52:31.229] [info] [asset-digest-cache] hits=1 misses=0 invalidations=0 bytes_hashed=0 lookup_ms=0.01 write_ms=0.00 full_hash_ms=0.00
[2026-10-02 18:52:31.233] [info] [plan-compile-profile] assets=0.29ms fingerprint=2.49ms media_resolution=0.00ms materialize=0.19ms composition_compile=0.00ms compatibility_view=0.17ms total=3.53ms
[2026-10-02 18:52:31.233] [info] [video] Auto-selecting yuv420p pipe pixel format for 1280x720 output
[2026-10-02 18:52:31.234] [info] [video] execution plan resolved (reason: required_gpu_native_full_graph); decode=1 composite=2 encode=1 interop=2 handoff=1 codec=3
[2026-10-02 18:52:31.257] [info] [video-runtime] created persistent runtime for device 0 (CUDA ordinal 0)
[2026-10-02 18:52:31.257] [info] [video] encoder feed capability: host_frame=false direct_yuv=false native_surface=true
[2026-10-02 18:52:31.540] [info] [native_av] CUDA context contract: native=0x5558188f8f70 ffmpeg=0x5558188f8f70
[2026-10-02 18:52:31.561] [info] [native_av] NVENC tuning applied: rc=constqp preset=p1 async_depth=4 nvenc_surfaces=8 qp=23 bitrate=0
[2026-10-02 18:52:31.594] [info] [native_av] encoder bitstream contract: codec=27 profile=100 level=-99 pix_fmt=119 parameter_sets=49 materialized=true
[2026-10-02 18:52:31.595] [info] [native_av] Opened native encoder: 1280x720 @ 24fps, codec=h264_nvenc, rc=constqp, preset=p1, output='/tmp/velox-phrase-runtime-cert/inputs/phrase_apple_clean_21_tracking_magnetic/catalog-motions.partial.mp4'
[2026-10-02 18:52:32.884] [info] [pool-warm] Pre-allocated and pre-imported 6 execution slots (1280x720) for native NVENC
[2026-10-02 18:52:32.982] [info] chronon3d::vulkan text batch formats: dst_image.format=109 atlas_image.format=44 atlas_encoding=2 (shader contract: dst rgba32f, atlas rgba8)
[2026-10-02 18:52:32.983] [info] [temp-lifetime] frame=0 after_level=0 live=[0,1,3,] retired=[]
[2026-10-02 18:52:32.983] [info] [exec-level-diag] frame=0 level=0 nodes=3 input_ms=0.008 dispatch_ms=5.198 fb_release_ms=0.005
[2026-10-02 18:52:32.983] [info] [graph-edge] frame=0 level=1 consumer_id=2 input_index=0 producer_id=0 producer_level=0
[2026-10-02 18:52:32.983] [info] [graph-edge] frame=0 level=1 consumer_id=2 input_index=1 producer_id=1 producer_level=0
[2026-10-02 18:52:32.983] [info] [graph-edge] frame=0 level=1 consumer_id=4 input_index=0 producer_id=3 producer_level=0
[2026-10-02 18:52:32.987] [info] [temp-lifetime] frame=0 after_level=1 live=[2,4,] retired=[0,1,3,]
[2026-10-02 18:52:32.987] [info] [exec-level-diag] frame=0 level=1 nodes=2 input_ms=0.048 dispatch_ms=4.474 fb_release_ms=0.022
[2026-10-02 18:52:32.987] [info] [graph-edge] frame=0 level=2 consumer_id=5 input_index=0 producer_id=2 producer_level=1
[2026-10-02 18:52:32.987] [info] [graph-edge] frame=0 level=2 consumer_id=5 input_index=1 producer_id=4 producer_level=1
[2026-10-02 18:52:32.988] [info] [temp-lifetime] frame=0 after_level=2 live=[5,] retired=[2,4,]
[2026-10-02 18:52:32.988] [info] [exec-level-diag] frame=0 level=2 nodes=1 input_ms=0.022 dispatch_ms=0.190 fb_release_ms=0.009
[2026-10-02 18:52:32.988] [info] [video] Exporting via Arena-backed SIMD pipeline
[2026-10-02 18:52:32.999] [info] [temp-lifetime] frame=1 after_level=0 live=[0,1,3,] retired=[]
[2026-10-02 18:52:32.999] [info] [exec-level-diag] frame=1 level=0 nodes=3 input_ms=0.003 dispatch_ms=1.485 fb_release_ms=0.004
[2026-10-02 18:52:32.999] [info] [graph-edge] frame=1 level=1 consumer_id=2 input_index=0 producer_id=0 producer_level=0
[2026-10-02 18:52:32.999] [info] [graph-edge] frame=1 level=1 consumer_id=2 input_index=1 producer_id=1 producer_level=0
[2026-10-02 18:52:32.999] [info] [graph-edge] frame=1 level=1 consumer_id=4 input_index=0 producer_id=3 producer_level=0
[2026-10-02 18:52:33.000] [info] [temp-lifetime] frame=1 after_level=1 live=[2,4,] retired=[0,1,3,]
[2026-10-02 18:52:33.000] [info] [exec-level-diag] frame=1 level=1 nodes=2 input_ms=0.029 dispatch_ms=0.616 fb_release_ms=0.013
[2026-10-02 18:52:33.000] [info] [graph-edge] frame=1 level=2 consumer_id=5 input_index=0 producer_id=2 producer_level=1
[2026-10-02 18:52:33.000] [info] [graph-edge] frame=1 level=2 consumer_id=5 input_index=1 producer_id=4 producer_level=1
[2026-10-02 18:52:33.000] [info] [temp-lifetime] frame=1 after_level=2 live=[5,] retired=[2,4,]
[2026-10-02 18:52:33.000] [info] [exec-level-diag] frame=1 level=2 nodes=1 input_ms=0.020 dispatch_ms=0.173 fb_release_ms=0.009
[2026-10-02 18:52:33.015] [info] [temp-lifetime] frame=2 after_level=0 live=[0,1,3,] retired=[]
[2026-10-02 18:52:33.015] [info] [exec-level-diag] frame=2 level=0 nodes=3 input_ms=0.003 dispatch_ms=1.389 fb_release_ms=0.004
[2026-10-02 18:52:33.015] [info] [graph-edge] frame=2 level=1 consumer_id=2 input_index=0 producer_id=0 producer_level=0
[2026-10-02 18:52:33.015] [info] [graph-edge] frame=2 level=1 consumer_id=2 input_index=1 producer_id=1 producer_level=0
[2026-10-02 18:52:33.015] [info] [graph-edge] frame=2 level=1 consumer_id=4 input_index=0 producer_id=3 producer_level=0
[2026-10-02 18:52:33.015] [info] [temp-lifetime] frame=2 after_level=1 live=[2,4,] retired=[0,1,3,]
[2026-10-02 18:52:33.015] [info] [exec-level-diag] frame=2 level=1 nodes=2 input_ms=0.030 dispatch_ms=0.449 fb_release_ms=0.014
[2026-10-02 18:52:33.015] [info] [graph-edge] frame=2 level=2 consumer_id=5 input_index=0 producer_id=2 producer_level=1
[2026-10-02 18:52:33.015] [info] [graph-edge] frame=2 level=2 consumer_id=5 input_index=1 producer_id=4 producer_level=1
[2026-10-02 18:52:33.015] [info] [temp-lifetime] frame=2 after_level=2 live=[5,] retired=[2,4,]
[2026-10-02 18:52:33.015] [info] [exec-level-diag] frame=2 level=2 nodes=1 input_ms=0.020 dispatch_ms=0.189 fb_release_ms=0.008
[2026-10-02 18:52:33.016] [info] [video]   4/48 frames
[2026-10-02 18:52:33.060] [info] [video]   8/48 frames
[2026-10-02 18:52:33.102] [info] [video]   12/48 frames
[2026-10-02 18:52:33.149] [info] [video]   16/48 frames
[2026-10-02 18:52:33.195] [info] [video]   20/48 frames
[2026-10-02 18:52:33.254] [info] [video]   24/48 frames
[2026-10-02 18:52:33.280] [info] [vulkan-lifecycle] frame=25 vram_bytes=333283328 live_surfaces=13 surface_bindings=7 registry_live_handles=107 physical_images=13 deferred_releases=2 vma_allocations=45 surfaces_created=157 surfaces_released=150 queue_packages=1 execution_slots_busy=2 command_batch_active=false
[2026-10-02 18:52:33.307] [info] [video]   28/48 frames
[2026-10-02 18:52:33.360] [info] [video]   32/48 frames
[2026-10-02 18:52:33.425] [info] [video]   36/48 frames
[2026-10-02 18:52:33.470] [info] [video]   40/48 frames
[2026-10-02 18:52:33.512] [info] [video]   44/48 frames
[2026-10-02 18:52:33.562] [info] [video]   48/48 frames
[2026-10-02 18:52:33.579] [info] [video] writer join complete
[2026-10-02 18:52:33.579] [info] [drain-debug] start drain, capacity=6
[2026-10-02 18:52:33.579] [info] [drain-debug] slot_id=4 has completion, waiting
[2026-10-02 18:52:33.579] [info] [drain-debug] slot_id=4 wait complete
[2026-10-02 18:52:33.579] [info] [drain-debug] slot_id=5 has completion, waiting
[2026-10-02 18:52:33.579] [info] [drain-debug] slot_id=5 wait complete
[2026-10-02 18:52:33.579] [info] [drain-debug] reap done, busy_count=0
[2026-10-02 18:52:33.579] [info] [video] trimming framebuffer pool
[2026-10-02 18:52:33.579] [info] [video] Released framebuffer pool — memory trimmed
[2026-10-02 18:52:33.579] [info] [video] frame-loop cleanup complete
[2026-10-02 18:52:33.579] [info] [video] Encoder write blocked duration: 0.00 ms
[2026-10-02 18:52:33.579] [info] [video_diag] conversion_and_copy_duration_ms: 0 ms
[2026-10-02 18:52:33.579] [info] [video_diag] conversion_bytes_written=0 encoder_staging_copy_bytes=0 encoder_slot_reuses=0
[2026-10-02 18:52:33.579] [info] [native_av] close: sending encoder flush
[2026-10-02 18:52:33.579] [info] [native_av] close: encoder flush accepted
[2026-10-02 18:52:33.580] [info] [native_av] close: packets drained=true
[2026-10-02 18:52:33.580] [info] [native_av] close: finalizing mux session
[2026-10-02 18:52:33.580] [info] [native_av] close: mux session finalized
[2026-10-02 18:52:33.580] [info] [native_av] Closed native encoder — 48 frames accepted, encoder_packets=48 mux_packets=48 packet_pts=0..47, YUV cache: 0 hits / 0 misses
[2026-10-02 18:52:33.581] [info] [video_native] convert=112.23ms  send_frame=13.65ms  backpressure=0.00ms  flush=1.22ms  receive_packet=0.94ms  mux_write=0.84ms  trailer=0.23ms
[2026-10-02 18:52:33.582] [info] [video] render_ms=662.07 encode_ms=7.30 writer_encode_ms=128.68 wall_ms=2348.26 nvml_stop_ms=0.15
[2026-10-02 18:52:33.582] [info] [video] FFmpeg queue wait duration: 0.45 ms
[2026-10-02 18:52:33.589] [info] [video] copy_eligible=true sha256=f511225a9b19aefe9c773dba1e09a476a11aa326c1466e43cc1c97d03371a2f1
[2026-10-02 18:52:33.589] [info] [video] Wrote /tmp/velox-phrase-runtime-cert/inputs/phrase_apple_clean_21_tracking_magnetic/catalog-motions.mp4
[2026-10-02 18:52:33.589] [info] [startup-profile] total=1007.96ms logger=0.12ms cli_bootstrap=9.96ms cli_parse=0.00ms composition=0.30ms plan_read=0.15ms json_parse=2.29ms plan_decode_validate=53.57ms asset_resolve=0.03ms plan_compile=6.08ms other=0.00ms
[2026-10-02 18:52:33.619] [info] [video] Wrote exact per-frame timing sidecar: /tmp/velox-phrase-runtime-cert/inputs/phrase_apple_clean_21_tracking_magnetic/catalog-motions.mp4.timing.json
[2026-10-02 18:52:33.649] [info] [INFO] job-lifecycle: slot_pool_close_ms=0.0 surface_release_ms=0.1
[2026-10-02 18:52:33.782] [info] [INFO] job-lifecycle: queue_close_ms=0.0 writer_join_ms=0.0 encoder_reset_ms=27.5 decoder_reset_ms=0.0 full_graph_reset_ms=132.9 sink_ctx_reset_ms=0.0 device_runtime_reset_ms=0.0 device_reservation_reset_ms=0.0
[2026-10-02 18:52:33.782] [info] [INFO] job-lifecycle: sidecar_write_ms=32.1 session_teardown_ms=160.7
[2026-10-02 18:52:33.790] [info] [INFO] job-lifecycle: execute_ms=2557.0 receipt_build_ms=0.0 receipt_write_ms=0.0 caller_tail_ms=0.0
