[2026-10-02 18:51:41.735] [info] [overlay-prepare] validated package=/tmp/velox-phrase-runtime-cert/inputs/phrase_apple_clean_04_blur_tracking_drift/prepared.json hash=d40aee9790bb627d6369653d29d310598e4ed6ccae5fc1d46d740bc91f5cd1cf assets=0 text_runs=1 overlays=2
[2026-10-02 18:51:41.739] [info] [asset-profile] kind=3 path=assets/fonts/Poppins-Bold.ttf bytes=155996 cache=miss invalidated=0 stat=0.01ms hash=3.86ms hashed_bytes=155996 total=4.00ms
[2026-10-02 18:51:41.739] [info] [asset-digest-cache] hits=0 misses=1 invalidations=0 bytes_hashed=155996 lookup_ms=0.01 write_ms=0.02 full_hash_ms=3.86
[2026-10-02 18:51:41.742] [info] [plan-profile] read=0.19ms parse=3.06ms decode=57.86ms resolver=0.03ms compile_validate=6.68ms total=71.96ms
[2026-10-02 18:51:41.742] [info] [asset-profile] kind=3 path=assets/fonts/Poppins-Bold.ttf bytes=155996 cache=hit invalidated=0 stat=0.01ms hash=0.00ms hashed_bytes=0 total=0.10ms
[2026-10-02 18:51:41.742] [info] [asset-digest-cache] hits=1 misses=0 invalidations=0 bytes_hashed=0 lookup_ms=0.01 write_ms=0.00 full_hash_ms=0.00
[2026-10-02 18:51:41.746] [info] [plan-compile-profile] assets=0.29ms fingerprint=3.19ms media_resolution=0.00ms materialize=0.18ms composition_compile=0.00ms compatibility_view=0.16ms total=4.18ms
[2026-10-02 18:51:41.747] [info] [video] Auto-selecting yuv420p pipe pixel format for 1280x720 output
[2026-10-02 18:51:41.747] [info] [video] execution plan resolved (reason: required_gpu_native_full_graph); decode=1 composite=2 encode=1 interop=2 handoff=1 codec=3
[2026-10-02 18:51:41.766] [info] [video-runtime] created persistent runtime for device 0 (CUDA ordinal 0)
[2026-10-02 18:51:41.766] [info] [video] encoder feed capability: host_frame=false direct_yuv=false native_surface=true
[2026-10-02 18:51:42.046] [info] [native_av] CUDA context contract: native=0x562c82053b30 ffmpeg=0x562c82053b30
[2026-10-02 18:51:42.066] [info] [native_av] NVENC tuning applied: rc=constqp preset=p1 async_depth=4 nvenc_surfaces=8 qp=23 bitrate=0
[2026-10-02 18:51:42.101] [info] [native_av] encoder bitstream contract: codec=27 profile=100 level=-99 pix_fmt=119 parameter_sets=49 materialized=true
[2026-10-02 18:51:42.102] [info] [native_av] Opened native encoder: 1280x720 @ 24fps, codec=h264_nvenc, rc=constqp, preset=p1, output='/tmp/velox-phrase-runtime-cert/inputs/phrase_apple_clean_04_blur_tracking_drift/catalog-motions.partial.mp4'
[2026-10-02 18:51:43.381] [info] [pool-warm] Pre-allocated and pre-imported 6 execution slots (1280x720) for native NVENC
[2026-10-02 18:51:43.484] [info] chronon3d::vulkan text batch formats: dst_image.format=109 atlas_image.format=44 atlas_encoding=2 (shader contract: dst rgba32f, atlas rgba8)
[2026-10-02 18:51:43.485] [info] [temp-lifetime] frame=0 after_level=0 live=[0,1,3,] retired=[]
[2026-10-02 18:51:43.485] [info] [exec-level-diag] frame=0 level=0 nodes=3 input_ms=0.008 dispatch_ms=6.619 fb_release_ms=0.007
[2026-10-02 18:51:43.485] [info] [graph-edge] frame=0 level=1 consumer_id=2 input_index=0 producer_id=0 producer_level=0
[2026-10-02 18:51:43.485] [info] [graph-edge] frame=0 level=1 consumer_id=2 input_index=1 producer_id=1 producer_level=0
[2026-10-02 18:51:43.485] [info] [graph-edge] frame=0 level=1 consumer_id=4 input_index=0 producer_id=3 producer_level=0
[2026-10-02 18:51:43.489] [info] [temp-lifetime] frame=0 after_level=1 live=[2,4,] retired=[0,1,3,]
[2026-10-02 18:51:43.489] [info] [exec-level-diag] frame=0 level=1 nodes=2 input_ms=0.131 dispatch_ms=4.167 fb_release_ms=0.028
[2026-10-02 18:51:43.489] [info] [graph-edge] frame=0 level=2 consumer_id=5 input_index=0 producer_id=2 producer_level=1
[2026-10-02 18:51:43.490] [info] [graph-edge] frame=0 level=2 consumer_id=5 input_index=1 producer_id=4 producer_level=1
[2026-10-02 18:51:43.490] [info] [temp-lifetime] frame=0 after_level=2 live=[5,] retired=[2,4,]
[2026-10-02 18:51:43.490] [info] [exec-level-diag] frame=0 level=2 nodes=1 input_ms=0.154 dispatch_ms=0.205 fb_release_ms=0.008
[2026-10-02 18:51:43.491] [info] [video] Exporting via Arena-backed SIMD pipeline
[2026-10-02 18:51:43.502] [info] [temp-lifetime] frame=1 after_level=0 live=[0,1,3,] retired=[]
[2026-10-02 18:51:43.502] [info] [exec-level-diag] frame=1 level=0 nodes=3 input_ms=0.006 dispatch_ms=1.281 fb_release_ms=0.004
[2026-10-02 18:51:43.502] [info] [graph-edge] frame=1 level=1 consumer_id=2 input_index=0 producer_id=0 producer_level=0
[2026-10-02 18:51:43.502] [info] [graph-edge] frame=1 level=1 consumer_id=2 input_index=1 producer_id=1 producer_level=0
[2026-10-02 18:51:43.502] [info] [graph-edge] frame=1 level=1 consumer_id=4 input_index=0 producer_id=3 producer_level=0
[2026-10-02 18:51:43.503] [info] [temp-lifetime] frame=1 after_level=1 live=[2,4,] retired=[0,1,3,]
[2026-10-02 18:51:43.503] [info] [exec-level-diag] frame=1 level=1 nodes=2 input_ms=0.125 dispatch_ms=0.443 fb_release_ms=0.016
[2026-10-02 18:51:43.503] [info] [graph-edge] frame=1 level=2 consumer_id=5 input_index=0 producer_id=2 producer_level=1
[2026-10-02 18:51:43.503] [info] [graph-edge] frame=1 level=2 consumer_id=5 input_index=1 producer_id=4 producer_level=1
[2026-10-02 18:51:43.503] [info] [temp-lifetime] frame=1 after_level=2 live=[5,] retired=[2,4,]
[2026-10-02 18:51:43.503] [info] [exec-level-diag] frame=1 level=2 nodes=1 input_ms=0.091 dispatch_ms=0.182 fb_release_ms=0.009
[2026-10-02 18:51:43.519] [info] [temp-lifetime] frame=2 after_level=0 live=[0,1,3,] retired=[]
[2026-10-02 18:51:43.519] [info] [exec-level-diag] frame=2 level=0 nodes=3 input_ms=0.004 dispatch_ms=1.783 fb_release_ms=0.004
[2026-10-02 18:51:43.519] [info] [graph-edge] frame=2 level=1 consumer_id=2 input_index=0 producer_id=0 producer_level=0
[2026-10-02 18:51:43.519] [info] [graph-edge] frame=2 level=1 consumer_id=2 input_index=1 producer_id=1 producer_level=0
[2026-10-02 18:51:43.519] [info] [graph-edge] frame=2 level=1 consumer_id=4 input_index=0 producer_id=3 producer_level=0
[2026-10-02 18:51:43.520] [info] [temp-lifetime] frame=2 after_level=1 live=[2,4,] retired=[0,1,3,]
[2026-10-02 18:51:43.520] [info] [exec-level-diag] frame=2 level=1 nodes=2 input_ms=0.028 dispatch_ms=0.488 fb_release_ms=0.013
[2026-10-02 18:51:43.520] [info] [graph-edge] frame=2 level=2 consumer_id=5 input_index=0 producer_id=2 producer_level=1
[2026-10-02 18:51:43.520] [info] [graph-edge] frame=2 level=2 consumer_id=5 input_index=1 producer_id=4 producer_level=1
[2026-10-02 18:51:43.520] [info] [temp-lifetime] frame=2 after_level=2 live=[5,] retired=[2,4,]
[2026-10-02 18:51:43.520] [info] [exec-level-diag] frame=2 level=2 nodes=1 input_ms=0.086 dispatch_ms=0.195 fb_release_ms=0.009
[2026-10-02 18:51:43.520] [info] [video]   4/48 frames
[2026-10-02 18:51:43.571] [info] [video]   8/48 frames
[2026-10-02 18:51:43.620] [info] [video]   12/48 frames
[2026-10-02 18:51:43.666] [info] [video]   16/48 frames
[2026-10-02 18:51:43.710] [info] [video]   20/48 frames
[2026-10-02 18:51:43.758] [info] [video]   24/48 frames
[2026-10-02 18:51:43.784] [info] [vulkan-lifecycle] frame=25 vram_bytes=333283328 live_surfaces=13 surface_bindings=7 registry_live_handles=107 physical_images=13 deferred_releases=2 vma_allocations=50 surfaces_created=157 surfaces_released=150 queue_packages=1 execution_slots_busy=2 command_batch_active=false
[2026-10-02 18:51:43.810] [info] [video]   28/48 frames
[2026-10-02 18:51:43.855] [info] [video]   32/48 frames
[2026-10-02 18:51:43.898] [info] [video]   36/48 frames
[2026-10-02 18:51:43.946] [info] [video]   40/48 frames
[2026-10-02 18:51:43.991] [info] [video]   44/48 frames
[2026-10-02 18:51:44.037] [info] [video]   48/48 frames
[2026-10-02 18:51:44.053] [info] [video] writer join complete
[2026-10-02 18:51:44.053] [info] [drain-debug] start drain, capacity=6
[2026-10-02 18:51:44.053] [info] [drain-debug] slot_id=4 has completion, waiting
[2026-10-02 18:51:44.054] [info] [drain-debug] slot_id=4 wait complete
[2026-10-02 18:51:44.054] [info] [drain-debug] slot_id=5 has completion, waiting
[2026-10-02 18:51:44.054] [info] [drain-debug] slot_id=5 wait complete
[2026-10-02 18:51:44.054] [info] [drain-debug] reap done, busy_count=0
[2026-10-02 18:51:44.054] [info] [video] trimming framebuffer pool
[2026-10-02 18:51:44.054] [info] [video] Released framebuffer pool — memory trimmed
[2026-10-02 18:51:44.054] [info] [video] frame-loop cleanup complete
[2026-10-02 18:51:44.054] [info] [video] Encoder write blocked duration: 0.00 ms
[2026-10-02 18:51:44.054] [info] [video_diag] conversion_and_copy_duration_ms: 0 ms
[2026-10-02 18:51:44.054] [info] [video_diag] conversion_bytes_written=0 encoder_staging_copy_bytes=0 encoder_slot_reuses=0
[2026-10-02 18:51:44.054] [info] [native_av] close: sending encoder flush
[2026-10-02 18:51:44.054] [info] [native_av] close: encoder flush accepted
[2026-10-02 18:51:44.055] [info] [native_av] close: packets drained=true
[2026-10-02 18:51:44.055] [info] [native_av] close: finalizing mux session
[2026-10-02 18:51:44.055] [info] [native_av] close: mux session finalized
[2026-10-02 18:51:44.055] [info] [native_av] Closed native encoder — 48 frames accepted, encoder_packets=48 mux_packets=48 packet_pts=0..47, YUV cache: 0 hits / 0 misses
[2026-10-02 18:51:44.055] [info] [video_native] convert=113.31ms  send_frame=13.07ms  backpressure=0.00ms  flush=1.05ms  receive_packet=0.56ms  mux_write=0.69ms  trailer=0.32ms
[2026-10-02 18:51:44.057] [info] [video] render_ms=639.56 encode_ms=7.74 writer_encode_ms=128.54 wall_ms=2309.45 nvml_stop_ms=0.14
[2026-10-02 18:51:44.057] [info] [video] FFmpeg queue wait duration: 0.42 ms
[2026-10-02 18:51:44.065] [info] [video] copy_eligible=true sha256=0996291b5f88c71f765f2a86d9b9c22e4769f5ba774b3964ef0359a5f3f32d37
[2026-10-02 18:51:44.065] [info] [video] Wrote /tmp/velox-phrase-runtime-cert/inputs/phrase_apple_clean_04_blur_tracking_drift/catalog-motions.mp4
[2026-10-02 18:51:44.066] [info] [startup-profile] total=1008.39ms logger=0.11ms cli_bootstrap=10.99ms cli_parse=0.00ms composition=0.35ms plan_read=0.19ms json_parse=3.06ms plan_decode_validate=57.86ms asset_resolve=0.03ms plan_compile=6.68ms other=0.00ms
[2026-10-02 18:51:44.095] [info] [video] Wrote exact per-frame timing sidecar: /tmp/velox-phrase-runtime-cert/inputs/phrase_apple_clean_04_blur_tracking_drift/catalog-motions.mp4.timing.json
[2026-10-02 18:51:44.124] [info] [INFO] job-lifecycle: slot_pool_close_ms=0.0 surface_release_ms=0.1
[2026-10-02 18:51:44.252] [info] [INFO] job-lifecycle: queue_close_ms=0.0 writer_join_ms=0.0 encoder_reset_ms=26.6 decoder_reset_ms=0.0 full_graph_reset_ms=127.7 sink_ctx_reset_ms=0.0 device_runtime_reset_ms=0.0 device_reservation_reset_ms=0.0
[2026-10-02 18:51:44.252] [info] [INFO] job-lifecycle: sidecar_write_ms=32.0 session_teardown_ms=154.8
[2026-10-02 18:51:44.262] [info] [INFO] job-lifecycle: execute_ms=2515.2 receipt_build_ms=0.0 receipt_write_ms=0.0 caller_tail_ms=0.0
