[2026-10-02 18:52:07.003] [info] [overlay-prepare] validated package=/tmp/velox-phrase-runtime-cert/inputs/phrase_apple_clean_13_scale_soft_pop/prepared.json hash=d257bb87e0f4a9bedc2161f636d078d0e27ea9f9147d3e9b56a270c68b654dcb assets=0 text_runs=1 overlays=2
[2026-10-02 18:52:07.008] [info] [asset-profile] kind=3 path=assets/fonts/Poppins-Bold.ttf bytes=155996 cache=miss invalidated=0 stat=0.01ms hash=4.12ms hashed_bytes=155996 total=4.30ms
[2026-10-02 18:52:07.008] [info] [asset-digest-cache] hits=0 misses=1 invalidations=0 bytes_hashed=155996 lookup_ms=0.01 write_ms=0.02 full_hash_ms=4.12
[2026-10-02 18:52:07.010] [info] [plan-profile] read=0.19ms parse=2.30ms decode=55.77ms resolver=0.03ms compile_validate=6.73ms total=68.58ms
[2026-10-02 18:52:07.011] [info] [asset-profile] kind=3 path=assets/fonts/Poppins-Bold.ttf bytes=155996 cache=hit invalidated=0 stat=0.01ms hash=0.00ms hashed_bytes=0 total=0.13ms
[2026-10-02 18:52:07.011] [info] [asset-digest-cache] hits=1 misses=0 invalidations=0 bytes_hashed=0 lookup_ms=0.01 write_ms=0.00 full_hash_ms=0.00
[2026-10-02 18:52:07.014] [info] [plan-compile-profile] assets=0.34ms fingerprint=2.60ms media_resolution=0.00ms materialize=0.21ms composition_compile=0.00ms compatibility_view=0.18ms total=3.77ms
[2026-10-02 18:52:07.015] [info] [video] Auto-selecting yuv420p pipe pixel format for 1280x720 output
[2026-10-02 18:52:07.016] [info] [video] execution plan resolved (reason: required_gpu_native_full_graph); decode=1 composite=2 encode=1 interop=2 handoff=1 codec=3
[2026-10-02 18:52:07.042] [info] [video-runtime] created persistent runtime for device 0 (CUDA ordinal 0)
[2026-10-02 18:52:07.042] [info] [video] encoder feed capability: host_frame=false direct_yuv=false native_surface=true
[2026-10-02 18:52:07.365] [info] [native_av] CUDA context contract: native=0x55f12c2caea0 ffmpeg=0x55f12c2caea0
[2026-10-02 18:52:07.392] [info] [native_av] NVENC tuning applied: rc=constqp preset=p1 async_depth=4 nvenc_surfaces=8 qp=23 bitrate=0
[2026-10-02 18:52:07.435] [info] [native_av] encoder bitstream contract: codec=27 profile=100 level=-99 pix_fmt=119 parameter_sets=49 materialized=true
[2026-10-02 18:52:07.436] [info] [native_av] Opened native encoder: 1280x720 @ 24fps, codec=h264_nvenc, rc=constqp, preset=p1, output='/tmp/velox-phrase-runtime-cert/inputs/phrase_apple_clean_13_scale_soft_pop/catalog-motions.partial.mp4'
[2026-10-02 18:52:08.883] [info] [pool-warm] Pre-allocated and pre-imported 6 execution slots (1280x720) for native NVENC
[2026-10-02 18:52:09.015] [info] chronon3d::vulkan text batch formats: dst_image.format=109 atlas_image.format=44 atlas_encoding=2 (shader contract: dst rgba32f, atlas rgba8)
[2026-10-02 18:52:09.016] [info] [temp-lifetime] frame=0 after_level=0 live=[0,1,3,] retired=[]
[2026-10-02 18:52:09.016] [info] [exec-level-diag] frame=0 level=0 nodes=3 input_ms=0.004 dispatch_ms=8.191 fb_release_ms=0.007
[2026-10-02 18:52:09.016] [info] [graph-edge] frame=0 level=1 consumer_id=2 input_index=0 producer_id=0 producer_level=0
[2026-10-02 18:52:09.016] [info] [graph-edge] frame=0 level=1 consumer_id=2 input_index=1 producer_id=1 producer_level=0
[2026-10-02 18:52:09.016] [info] [graph-edge] frame=0 level=1 consumer_id=4 input_index=0 producer_id=3 producer_level=0
[2026-10-02 18:52:09.021] [info] [temp-lifetime] frame=0 after_level=1 live=[2,4,] retired=[0,1,3,]
[2026-10-02 18:52:09.021] [info] [exec-level-diag] frame=0 level=1 nodes=2 input_ms=0.049 dispatch_ms=5.363 fb_release_ms=0.029
[2026-10-02 18:52:09.021] [info] [graph-edge] frame=0 level=2 consumer_id=5 input_index=0 producer_id=2 producer_level=1
[2026-10-02 18:52:09.021] [info] [graph-edge] frame=0 level=2 consumer_id=5 input_index=1 producer_id=4 producer_level=1
[2026-10-02 18:52:09.022] [info] [temp-lifetime] frame=0 after_level=2 live=[5,] retired=[2,4,]
[2026-10-02 18:52:09.022] [info] [exec-level-diag] frame=0 level=2 nodes=1 input_ms=0.023 dispatch_ms=0.199 fb_release_ms=0.008
[2026-10-02 18:52:09.022] [info] [video] Exporting via Arena-backed SIMD pipeline
[2026-10-02 18:52:09.034] [info] [temp-lifetime] frame=1 after_level=0 live=[0,1,3,] retired=[]
[2026-10-02 18:52:09.034] [info] [exec-level-diag] frame=1 level=0 nodes=3 input_ms=0.007 dispatch_ms=1.486 fb_release_ms=0.005
[2026-10-02 18:52:09.034] [info] [graph-edge] frame=1 level=1 consumer_id=2 input_index=0 producer_id=0 producer_level=0
[2026-10-02 18:52:09.034] [info] [graph-edge] frame=1 level=1 consumer_id=2 input_index=1 producer_id=1 producer_level=0
[2026-10-02 18:52:09.034] [info] [graph-edge] frame=1 level=1 consumer_id=4 input_index=0 producer_id=3 producer_level=0
[2026-10-02 18:52:09.034] [info] [temp-lifetime] frame=1 after_level=1 live=[2,4,] retired=[0,1,3,]
[2026-10-02 18:52:09.034] [info] [exec-level-diag] frame=1 level=1 nodes=2 input_ms=0.033 dispatch_ms=0.413 fb_release_ms=0.017
[2026-10-02 18:52:09.034] [info] [graph-edge] frame=1 level=2 consumer_id=5 input_index=0 producer_id=2 producer_level=1
[2026-10-02 18:52:09.034] [info] [graph-edge] frame=1 level=2 consumer_id=5 input_index=1 producer_id=4 producer_level=1
[2026-10-02 18:52:09.035] [info] [temp-lifetime] frame=1 after_level=2 live=[5,] retired=[2,4,]
[2026-10-02 18:52:09.035] [info] [exec-level-diag] frame=1 level=2 nodes=1 input_ms=0.019 dispatch_ms=0.173 fb_release_ms=0.008
[2026-10-02 18:52:09.054] [info] [temp-lifetime] frame=2 after_level=0 live=[0,1,3,] retired=[]
[2026-10-02 18:52:09.054] [info] [exec-level-diag] frame=2 level=0 nodes=3 input_ms=0.007 dispatch_ms=1.689 fb_release_ms=0.006
[2026-10-02 18:52:09.054] [info] [graph-edge] frame=2 level=1 consumer_id=2 input_index=0 producer_id=0 producer_level=0
[2026-10-02 18:52:09.054] [info] [graph-edge] frame=2 level=1 consumer_id=2 input_index=1 producer_id=1 producer_level=0
[2026-10-02 18:52:09.054] [info] [graph-edge] frame=2 level=1 consumer_id=4 input_index=0 producer_id=3 producer_level=0
[2026-10-02 18:52:09.055] [info] [temp-lifetime] frame=2 after_level=1 live=[2,4,] retired=[0,1,3,]
[2026-10-02 18:52:09.055] [info] [exec-level-diag] frame=2 level=1 nodes=2 input_ms=0.032 dispatch_ms=0.600 fb_release_ms=0.014
[2026-10-02 18:52:09.055] [info] [graph-edge] frame=2 level=2 consumer_id=5 input_index=0 producer_id=2 producer_level=1
[2026-10-02 18:52:09.055] [info] [graph-edge] frame=2 level=2 consumer_id=5 input_index=1 producer_id=4 producer_level=1
[2026-10-02 18:52:09.055] [info] [temp-lifetime] frame=2 after_level=2 live=[5,] retired=[2,4,]
[2026-10-02 18:52:09.055] [info] [exec-level-diag] frame=2 level=2 nodes=1 input_ms=0.020 dispatch_ms=0.176 fb_release_ms=0.008
[2026-10-02 18:52:09.056] [info] [video]   4/48 frames
[2026-10-02 18:52:09.112] [info] [video]   8/48 frames
[2026-10-02 18:52:09.170] [info] [video]   12/48 frames
[2026-10-02 18:52:09.234] [info] [video]   16/48 frames
[2026-10-02 18:52:09.294] [info] [video]   20/48 frames
[2026-10-02 18:52:09.343] [info] [video]   24/48 frames
[2026-10-02 18:52:09.375] [info] [vulkan-lifecycle] frame=25 vram_bytes=333283328 live_surfaces=13 surface_bindings=7 registry_live_handles=107 physical_images=13 deferred_releases=2 vma_allocations=60 surfaces_created=157 surfaces_released=150 queue_packages=1 execution_slots_busy=2 command_batch_active=false
[2026-10-02 18:52:09.405] [info] [video]   28/48 frames
[2026-10-02 18:52:09.459] [info] [video]   32/48 frames
[2026-10-02 18:52:09.505] [info] [video]   36/48 frames
[2026-10-02 18:52:09.567] [info] [video]   40/48 frames
[2026-10-02 18:52:09.625] [info] [video]   44/48 frames
[2026-10-02 18:52:09.689] [info] [video]   48/48 frames
[2026-10-02 18:52:09.704] [info] [video] writer join complete
[2026-10-02 18:52:09.704] [info] [drain-debug] start drain, capacity=6
[2026-10-02 18:52:09.704] [info] [drain-debug] slot_id=4 has completion, waiting
[2026-10-02 18:52:09.704] [info] [drain-debug] slot_id=4 wait complete
[2026-10-02 18:52:09.704] [info] [drain-debug] slot_id=5 has completion, waiting
[2026-10-02 18:52:09.705] [info] [drain-debug] slot_id=5 wait complete
[2026-10-02 18:52:09.705] [info] [drain-debug] reap done, busy_count=0
[2026-10-02 18:52:09.705] [info] [video] trimming framebuffer pool
[2026-10-02 18:52:09.705] [info] [video] Released framebuffer pool — memory trimmed
[2026-10-02 18:52:09.705] [info] [video] frame-loop cleanup complete
[2026-10-02 18:52:09.705] [info] [video] Encoder write blocked duration: 0.00 ms
[2026-10-02 18:52:09.705] [info] [video_diag] conversion_and_copy_duration_ms: 0 ms
[2026-10-02 18:52:09.705] [info] [video_diag] conversion_bytes_written=0 encoder_staging_copy_bytes=0 encoder_slot_reuses=0
[2026-10-02 18:52:09.705] [info] [native_av] close: sending encoder flush
[2026-10-02 18:52:09.705] [info] [native_av] close: encoder flush accepted
[2026-10-02 18:52:09.706] [info] [native_av] close: packets drained=true
[2026-10-02 18:52:09.706] [info] [native_av] close: finalizing mux session
[2026-10-02 18:52:09.706] [info] [native_av] close: mux session finalized
[2026-10-02 18:52:09.706] [info] [native_av] Closed native encoder — 48 frames accepted, encoder_packets=48 mux_packets=48 packet_pts=0..47, YUV cache: 0 hits / 0 misses
[2026-10-02 18:52:09.706] [info] [video_native] convert=90.25ms  send_frame=30.03ms  backpressure=0.00ms  flush=1.06ms  receive_packet=0.82ms  mux_write=1.99ms  trailer=0.26ms
[2026-10-02 18:52:09.707] [info] [video] render_ms=790.27 encode_ms=7.22 writer_encode_ms=131.15 wall_ms=2691.70 nvml_stop_ms=0.15
[2026-10-02 18:52:09.707] [info] [video] FFmpeg queue wait duration: 1.00 ms
[2026-10-02 18:52:09.716] [info] [video] copy_eligible=true sha256=d9e4d4de5723c11c2bc8bb729cdffefc26197ad536dac53d0c5d9bed41694df5
[2026-10-02 18:52:09.716] [info] [video] Wrote /tmp/velox-phrase-runtime-cert/inputs/phrase_apple_clean_13_scale_soft_pop/catalog-motions.mp4
[2026-10-02 18:52:09.717] [info] [startup-profile] total=1150.10ms logger=0.12ms cli_bootstrap=10.26ms cli_parse=0.00ms composition=0.34ms plan_read=0.19ms json_parse=2.30ms plan_decode_validate=55.77ms asset_resolve=0.03ms plan_compile=6.73ms other=0.00ms
[2026-10-02 18:52:09.750] [info] [video] Wrote exact per-frame timing sidecar: /tmp/velox-phrase-runtime-cert/inputs/phrase_apple_clean_13_scale_soft_pop/catalog-motions.mp4.timing.json
[2026-10-02 18:52:09.789] [info] [INFO] job-lifecycle: slot_pool_close_ms=0.0 surface_release_ms=0.1
[2026-10-02 18:52:09.943] [info] [INFO] job-lifecycle: queue_close_ms=0.0 writer_join_ms=0.0 encoder_reset_ms=36.5 decoder_reset_ms=0.0 full_graph_reset_ms=153.5 sink_ctx_reset_ms=0.0 device_runtime_reset_ms=0.0 device_reservation_reset_ms=0.0
[2026-10-02 18:52:09.943] [info] [INFO] job-lifecycle: sidecar_write_ms=35.4 session_teardown_ms=190.4
[2026-10-02 18:52:09.955] [info] [INFO] job-lifecycle: execute_ms=2940.0 receipt_build_ms=0.0 receipt_write_ms=0.0 caller_tail_ms=0.0
