[2026-10-02 18:52:25.636] [info] [overlay-prepare] validated package=/tmp/velox-phrase-runtime-cert/inputs/phrase_apple_clean_19_tracking_tighten/prepared.json hash=0128aa86d43435e788dc4c158a3b5fe015183d29b703595bb9b9fb6600f95cf6 assets=0 text_runs=1 overlays=2
[2026-10-02 18:52:25.641] [info] [asset-profile] kind=3 path=assets/fonts/Poppins-Bold.ttf bytes=155996 cache=miss invalidated=0 stat=0.01ms hash=4.38ms hashed_bytes=155996 total=4.55ms
[2026-10-02 18:52:25.641] [info] [asset-digest-cache] hits=0 misses=1 invalidations=0 bytes_hashed=155996 lookup_ms=0.01 write_ms=0.02 full_hash_ms=4.38
[2026-10-02 18:52:25.643] [info] [plan-profile] read=0.15ms parse=2.36ms decode=58.72ms resolver=0.03ms compile_validate=6.83ms total=71.29ms
[2026-10-02 18:52:25.643] [info] [asset-profile] kind=3 path=assets/fonts/Poppins-Bold.ttf bytes=155996 cache=hit invalidated=0 stat=0.01ms hash=0.00ms hashed_bytes=0 total=0.10ms
[2026-10-02 18:52:25.644] [info] [asset-digest-cache] hits=1 misses=0 invalidations=0 bytes_hashed=0 lookup_ms=0.01 write_ms=0.00 full_hash_ms=0.00
[2026-10-02 18:52:25.647] [info] [plan-compile-profile] assets=0.28ms fingerprint=2.58ms media_resolution=0.00ms materialize=0.21ms composition_compile=0.00ms compatibility_view=0.16ms total=3.58ms
[2026-10-02 18:52:25.648] [info] [video] Auto-selecting yuv420p pipe pixel format for 1280x720 output
[2026-10-02 18:52:25.648] [info] [video] execution plan resolved (reason: required_gpu_native_full_graph); decode=1 composite=2 encode=1 interop=2 handoff=1 codec=3
[2026-10-02 18:52:25.666] [info] [video-runtime] created persistent runtime for device 0 (CUDA ordinal 0)
[2026-10-02 18:52:25.667] [info] [video] encoder feed capability: host_frame=false direct_yuv=false native_surface=true
[2026-10-02 18:52:25.960] [info] [native_av] CUDA context contract: native=0x564aa2288f60 ffmpeg=0x564aa2288f60
[2026-10-02 18:52:25.980] [info] [native_av] NVENC tuning applied: rc=constqp preset=p1 async_depth=4 nvenc_surfaces=8 qp=23 bitrate=0
[2026-10-02 18:52:26.015] [info] [native_av] encoder bitstream contract: codec=27 profile=100 level=-99 pix_fmt=119 parameter_sets=49 materialized=true
[2026-10-02 18:52:26.016] [info] [native_av] Opened native encoder: 1280x720 @ 24fps, codec=h264_nvenc, rc=constqp, preset=p1, output='/tmp/velox-phrase-runtime-cert/inputs/phrase_apple_clean_19_tracking_tighten/catalog-motions.partial.mp4'
[2026-10-02 18:52:27.355] [info] [pool-warm] Pre-allocated and pre-imported 6 execution slots (1280x720) for native NVENC
[2026-10-02 18:52:27.466] [info] chronon3d::vulkan text batch formats: dst_image.format=109 atlas_image.format=44 atlas_encoding=2 (shader contract: dst rgba32f, atlas rgba8)
[2026-10-02 18:52:27.466] [info] [temp-lifetime] frame=0 after_level=0 live=[0,1,3,] retired=[]
[2026-10-02 18:52:27.466] [info] [exec-level-diag] frame=0 level=0 nodes=3 input_ms=0.007 dispatch_ms=5.108 fb_release_ms=0.006
[2026-10-02 18:52:27.466] [info] [graph-edge] frame=0 level=1 consumer_id=2 input_index=0 producer_id=0 producer_level=0
[2026-10-02 18:52:27.467] [info] [graph-edge] frame=0 level=1 consumer_id=2 input_index=1 producer_id=1 producer_level=0
[2026-10-02 18:52:27.467] [info] [graph-edge] frame=0 level=1 consumer_id=4 input_index=0 producer_id=3 producer_level=0
[2026-10-02 18:52:27.472] [info] [temp-lifetime] frame=0 after_level=1 live=[2,4,] retired=[0,1,3,]
[2026-10-02 18:52:27.472] [info] [exec-level-diag] frame=0 level=1 nodes=2 input_ms=0.148 dispatch_ms=5.150 fb_release_ms=0.018
[2026-10-02 18:52:27.472] [info] [graph-edge] frame=0 level=2 consumer_id=5 input_index=0 producer_id=2 producer_level=1
[2026-10-02 18:52:27.472] [info] [graph-edge] frame=0 level=2 consumer_id=5 input_index=1 producer_id=4 producer_level=1
[2026-10-02 18:52:27.472] [info] [temp-lifetime] frame=0 after_level=2 live=[5,] retired=[2,4,]
[2026-10-02 18:52:27.472] [info] [exec-level-diag] frame=0 level=2 nodes=1 input_ms=0.261 dispatch_ms=0.212 fb_release_ms=0.010
[2026-10-02 18:52:27.473] [info] [video] Exporting via Arena-backed SIMD pipeline
[2026-10-02 18:52:27.486] [info] [temp-lifetime] frame=1 after_level=0 live=[0,1,3,] retired=[]
[2026-10-02 18:52:27.486] [info] [exec-level-diag] frame=1 level=0 nodes=3 input_ms=0.015 dispatch_ms=1.084 fb_release_ms=0.003
[2026-10-02 18:52:27.486] [info] [graph-edge] frame=1 level=1 consumer_id=2 input_index=0 producer_id=0 producer_level=0
[2026-10-02 18:52:27.486] [info] [graph-edge] frame=1 level=1 consumer_id=2 input_index=1 producer_id=1 producer_level=0
[2026-10-02 18:52:27.486] [info] [graph-edge] frame=1 level=1 consumer_id=4 input_index=0 producer_id=3 producer_level=0
[2026-10-02 18:52:27.486] [info] [temp-lifetime] frame=1 after_level=1 live=[2,4,] retired=[0,1,3,]
[2026-10-02 18:52:27.486] [info] [exec-level-diag] frame=1 level=1 nodes=2 input_ms=0.100 dispatch_ms=0.402 fb_release_ms=0.011
[2026-10-02 18:52:27.486] [info] [graph-edge] frame=1 level=2 consumer_id=5 input_index=0 producer_id=2 producer_level=1
[2026-10-02 18:52:27.486] [info] [graph-edge] frame=1 level=2 consumer_id=5 input_index=1 producer_id=4 producer_level=1
[2026-10-02 18:52:27.487] [info] [temp-lifetime] frame=1 after_level=2 live=[5,] retired=[2,4,]
[2026-10-02 18:52:27.487] [info] [exec-level-diag] frame=1 level=2 nodes=1 input_ms=0.069 dispatch_ms=0.176 fb_release_ms=0.009
[2026-10-02 18:52:27.501] [info] [temp-lifetime] frame=2 after_level=0 live=[0,1,3,] retired=[]
[2026-10-02 18:52:27.502] [info] [exec-level-diag] frame=2 level=0 nodes=3 input_ms=0.003 dispatch_ms=0.975 fb_release_ms=0.003
[2026-10-02 18:52:27.502] [info] [graph-edge] frame=2 level=1 consumer_id=2 input_index=0 producer_id=0 producer_level=0
[2026-10-02 18:52:27.502] [info] [graph-edge] frame=2 level=1 consumer_id=2 input_index=1 producer_id=1 producer_level=0
[2026-10-02 18:52:27.502] [info] [graph-edge] frame=2 level=1 consumer_id=4 input_index=0 producer_id=3 producer_level=0
[2026-10-02 18:52:27.502] [info] [temp-lifetime] frame=2 after_level=1 live=[2,4,] retired=[0,1,3,]
[2026-10-02 18:52:27.502] [info] [exec-level-diag] frame=2 level=1 nodes=2 input_ms=0.103 dispatch_ms=0.482 fb_release_ms=0.013
[2026-10-02 18:52:27.502] [info] [graph-edge] frame=2 level=2 consumer_id=5 input_index=0 producer_id=2 producer_level=1
[2026-10-02 18:52:27.502] [info] [graph-edge] frame=2 level=2 consumer_id=5 input_index=1 producer_id=4 producer_level=1
[2026-10-02 18:52:27.503] [info] [temp-lifetime] frame=2 after_level=2 live=[5,] retired=[2,4,]
[2026-10-02 18:52:27.503] [info] [exec-level-diag] frame=2 level=2 nodes=1 input_ms=0.071 dispatch_ms=0.196 fb_release_ms=0.008
[2026-10-02 18:52:27.503] [info] [video]   4/48 frames
[2026-10-02 18:52:27.547] [info] [video]   8/48 frames
[2026-10-02 18:52:27.595] [info] [video]   12/48 frames
[2026-10-02 18:52:27.640] [info] [video]   16/48 frames
[2026-10-02 18:52:27.686] [info] [video]   20/48 frames
[2026-10-02 18:52:27.733] [info] [video]   24/48 frames
[2026-10-02 18:52:27.755] [info] [vulkan-lifecycle] frame=25 vram_bytes=333283328 live_surfaces=13 surface_bindings=7 registry_live_handles=107 physical_images=13 deferred_releases=2 vma_allocations=55 surfaces_created=157 surfaces_released=150 queue_packages=1 execution_slots_busy=2 command_batch_active=false
[2026-10-02 18:52:27.775] [info] [video]   28/48 frames
[2026-10-02 18:52:27.819] [info] [video]   32/48 frames
[2026-10-02 18:52:27.862] [info] [video]   36/48 frames
[2026-10-02 18:52:27.908] [info] [video]   40/48 frames
[2026-10-02 18:52:27.954] [info] [video]   44/48 frames
[2026-10-02 18:52:28.001] [info] [video]   48/48 frames
[2026-10-02 18:52:28.017] [info] [video] writer join complete
[2026-10-02 18:52:28.017] [info] [drain-debug] start drain, capacity=6
[2026-10-02 18:52:28.017] [info] [drain-debug] slot_id=4 has completion, waiting
[2026-10-02 18:52:28.017] [info] [drain-debug] slot_id=4 wait complete
[2026-10-02 18:52:28.017] [info] [drain-debug] slot_id=5 has completion, waiting
[2026-10-02 18:52:28.018] [info] [drain-debug] slot_id=5 wait complete
[2026-10-02 18:52:28.018] [info] [drain-debug] reap done, busy_count=0
[2026-10-02 18:52:28.018] [info] [video] trimming framebuffer pool
[2026-10-02 18:52:28.018] [info] [video] Released framebuffer pool — memory trimmed
[2026-10-02 18:52:28.018] [info] [video] frame-loop cleanup complete
[2026-10-02 18:52:28.018] [info] [video] Encoder write blocked duration: 0.00 ms
[2026-10-02 18:52:28.018] [info] [video_diag] conversion_and_copy_duration_ms: 0 ms
[2026-10-02 18:52:28.018] [info] [video_diag] conversion_bytes_written=0 encoder_staging_copy_bytes=0 encoder_slot_reuses=0
[2026-10-02 18:52:28.018] [info] [native_av] close: sending encoder flush
[2026-10-02 18:52:28.018] [info] [native_av] close: encoder flush accepted
[2026-10-02 18:52:28.019] [info] [native_av] close: packets drained=true
[2026-10-02 18:52:28.019] [info] [native_av] close: finalizing mux session
[2026-10-02 18:52:28.019] [info] [native_av] close: mux session finalized
[2026-10-02 18:52:28.019] [info] [native_av] Closed native encoder — 48 frames accepted, encoder_packets=48 mux_packets=48 packet_pts=0..47, YUV cache: 0 hits / 0 misses
[2026-10-02 18:52:28.019] [info] [video_native] convert=115.90ms  send_frame=13.74ms  backpressure=0.00ms  flush=0.81ms  receive_packet=0.39ms  mux_write=0.74ms  trailer=0.30ms
[2026-10-02 18:52:28.021] [info] [video] render_ms=621.56 encode_ms=7.96 writer_encode_ms=132.72 wall_ms=2372.98 nvml_stop_ms=0.12
[2026-10-02 18:52:28.021] [info] [video] FFmpeg queue wait duration: 0.46 ms
[2026-10-02 18:52:28.028] [info] [video] copy_eligible=true sha256=38c5907487cd80578b9007c99abf72978c3bab600fe774269619da9e86348973
[2026-10-02 18:52:28.028] [info] [video] Wrote /tmp/velox-phrase-runtime-cert/inputs/phrase_apple_clean_19_tracking_tighten/catalog-motions.mp4
[2026-10-02 18:52:28.029] [info] [startup-profile] total=1053.92ms logger=0.11ms cli_bootstrap=10.66ms cli_parse=0.00ms composition=0.36ms plan_read=0.15ms json_parse=2.36ms plan_decode_validate=58.72ms asset_resolve=0.03ms plan_compile=6.83ms other=0.00ms
[2026-10-02 18:52:28.060] [info] [video] Wrote exact per-frame timing sidecar: /tmp/velox-phrase-runtime-cert/inputs/phrase_apple_clean_19_tracking_tighten/catalog-motions.mp4.timing.json
[2026-10-02 18:52:28.089] [info] [INFO] job-lifecycle: slot_pool_close_ms=0.0 surface_release_ms=0.1
[2026-10-02 18:52:28.215] [info] [INFO] job-lifecycle: queue_close_ms=0.0 writer_join_ms=0.0 encoder_reset_ms=26.7 decoder_reset_ms=0.0 full_graph_reset_ms=126.3 sink_ctx_reset_ms=0.0 device_runtime_reset_ms=0.0 device_reservation_reset_ms=0.0
[2026-10-02 18:52:28.215] [info] [INFO] job-lifecycle: sidecar_write_ms=33.4 session_teardown_ms=153.4
[2026-10-02 18:52:28.225] [info] [INFO] job-lifecycle: execute_ms=2577.0 receipt_build_ms=0.0 receipt_write_ms=0.0 caller_tail_ms=0.0
