[2026-10-02 18:52:34.031] [info] [overlay-prepare] validated package=/tmp/velox-phrase-runtime-cert/inputs/phrase_apple_clean_22_tracking_word_focus/prepared.json hash=ba587d506f65eb5a0b80ece881f3a43db1c5c0ed61ed0d3d239052019067b991 assets=0 text_runs=1 overlays=2
[2026-10-02 18:52:34.035] [info] [asset-profile] kind=3 path=assets/fonts/Poppins-Bold.ttf bytes=155996 cache=miss invalidated=0 stat=0.01ms hash=3.50ms hashed_bytes=155996 total=3.63ms
[2026-10-02 18:52:34.035] [info] [asset-digest-cache] hits=0 misses=1 invalidations=0 bytes_hashed=155996 lookup_ms=0.01 write_ms=0.01 full_hash_ms=3.50
[2026-10-02 18:52:34.038] [info] [plan-profile] read=0.18ms parse=2.96ms decode=56.98ms resolver=0.03ms compile_validate=6.15ms total=70.25ms
[2026-10-02 18:52:34.038] [info] [asset-profile] kind=3 path=assets/fonts/Poppins-Bold.ttf bytes=155996 cache=hit invalidated=0 stat=0.01ms hash=0.00ms hashed_bytes=0 total=0.10ms
[2026-10-02 18:52:34.038] [info] [asset-digest-cache] hits=1 misses=0 invalidations=0 bytes_hashed=0 lookup_ms=0.01 write_ms=0.00 full_hash_ms=0.00
[2026-10-02 18:52:34.042] [info] [plan-compile-profile] assets=0.21ms fingerprint=3.17ms media_resolution=0.00ms materialize=0.17ms composition_compile=0.00ms compatibility_view=0.15ms total=4.08ms
[2026-10-02 18:52:34.043] [info] [video] Auto-selecting yuv420p pipe pixel format for 1280x720 output
[2026-10-02 18:52:34.043] [info] [video] execution plan resolved (reason: required_gpu_native_full_graph); decode=1 composite=2 encode=1 interop=2 handoff=1 codec=3
[2026-10-02 18:52:34.060] [info] [video-runtime] created persistent runtime for device 0 (CUDA ordinal 0)
[2026-10-02 18:52:34.060] [info] [video] encoder feed capability: host_frame=false direct_yuv=false native_surface=true
[2026-10-02 18:52:34.260] [info] [native_av] CUDA context contract: native=0x557ef3a30b00 ffmpeg=0x557ef3a30b00
[2026-10-02 18:52:34.279] [info] [native_av] NVENC tuning applied: rc=constqp preset=p1 async_depth=4 nvenc_surfaces=8 qp=23 bitrate=0
[2026-10-02 18:52:34.310] [info] [native_av] encoder bitstream contract: codec=27 profile=100 level=-99 pix_fmt=119 parameter_sets=49 materialized=true
[2026-10-02 18:52:34.310] [info] [native_av] Opened native encoder: 1280x720 @ 24fps, codec=h264_nvenc, rc=constqp, preset=p1, output='/tmp/velox-phrase-runtime-cert/inputs/phrase_apple_clean_22_tracking_word_focus/catalog-motions.partial.mp4'
[2026-10-02 18:52:35.521] [info] [pool-warm] Pre-allocated and pre-imported 6 execution slots (1280x720) for native NVENC
[2026-10-02 18:52:35.611] [info] chronon3d::vulkan text batch formats: dst_image.format=109 atlas_image.format=44 atlas_encoding=2 (shader contract: dst rgba32f, atlas rgba8)
[2026-10-02 18:52:35.612] [info] [temp-lifetime] frame=0 after_level=0 live=[0,1,3,] retired=[]
[2026-10-02 18:52:35.612] [info] [exec-level-diag] frame=0 level=0 nodes=3 input_ms=0.005 dispatch_ms=4.631 fb_release_ms=0.004
[2026-10-02 18:52:35.612] [info] [graph-edge] frame=0 level=1 consumer_id=2 input_index=0 producer_id=0 producer_level=0
[2026-10-02 18:52:35.612] [info] [graph-edge] frame=0 level=1 consumer_id=2 input_index=1 producer_id=1 producer_level=0
[2026-10-02 18:52:35.612] [info] [graph-edge] frame=0 level=1 consumer_id=4 input_index=0 producer_id=3 producer_level=0
[2026-10-02 18:52:35.617] [info] [temp-lifetime] frame=0 after_level=1 live=[2,4,] retired=[0,1,3,]
[2026-10-02 18:52:35.617] [info] [exec-level-diag] frame=0 level=1 nodes=2 input_ms=0.041 dispatch_ms=4.894 fb_release_ms=0.016
[2026-10-02 18:52:35.617] [info] [graph-edge] frame=0 level=2 consumer_id=5 input_index=0 producer_id=2 producer_level=1
[2026-10-02 18:52:35.617] [info] [graph-edge] frame=0 level=2 consumer_id=5 input_index=1 producer_id=4 producer_level=1
[2026-10-02 18:52:35.617] [info] [temp-lifetime] frame=0 after_level=2 live=[5,] retired=[2,4,]
[2026-10-02 18:52:35.617] [info] [exec-level-diag] frame=0 level=2 nodes=1 input_ms=0.021 dispatch_ms=0.200 fb_release_ms=0.009
[2026-10-02 18:52:35.618] [info] [video] Exporting via Arena-backed SIMD pipeline
[2026-10-02 18:52:35.628] [info] [temp-lifetime] frame=1 after_level=0 live=[0,1,3,] retired=[]
[2026-10-02 18:52:35.628] [info] [exec-level-diag] frame=1 level=0 nodes=3 input_ms=0.003 dispatch_ms=1.405 fb_release_ms=0.004
[2026-10-02 18:52:35.628] [info] [graph-edge] frame=1 level=1 consumer_id=2 input_index=0 producer_id=0 producer_level=0
[2026-10-02 18:52:35.628] [info] [graph-edge] frame=1 level=1 consumer_id=2 input_index=1 producer_id=1 producer_level=0
[2026-10-02 18:52:35.628] [info] [graph-edge] frame=1 level=1 consumer_id=4 input_index=0 producer_id=3 producer_level=0
[2026-10-02 18:52:35.629] [info] [temp-lifetime] frame=1 after_level=1 live=[2,4,] retired=[0,1,3,]
[2026-10-02 18:52:35.629] [info] [exec-level-diag] frame=1 level=1 nodes=2 input_ms=0.026 dispatch_ms=0.427 fb_release_ms=0.012
[2026-10-02 18:52:35.629] [info] [graph-edge] frame=1 level=2 consumer_id=5 input_index=0 producer_id=2 producer_level=1
[2026-10-02 18:52:35.629] [info] [graph-edge] frame=1 level=2 consumer_id=5 input_index=1 producer_id=4 producer_level=1
[2026-10-02 18:52:35.629] [info] [temp-lifetime] frame=1 after_level=2 live=[5,] retired=[2,4,]
[2026-10-02 18:52:35.629] [info] [exec-level-diag] frame=1 level=2 nodes=1 input_ms=0.019 dispatch_ms=0.182 fb_release_ms=0.008
[2026-10-02 18:52:35.644] [info] [temp-lifetime] frame=2 after_level=0 live=[0,1,3,] retired=[]
[2026-10-02 18:52:35.644] [info] [exec-level-diag] frame=2 level=0 nodes=3 input_ms=0.003 dispatch_ms=2.085 fb_release_ms=0.004
[2026-10-02 18:52:35.644] [info] [graph-edge] frame=2 level=1 consumer_id=2 input_index=0 producer_id=0 producer_level=0
[2026-10-02 18:52:35.644] [info] [graph-edge] frame=2 level=1 consumer_id=2 input_index=1 producer_id=1 producer_level=0
[2026-10-02 18:52:35.644] [info] [graph-edge] frame=2 level=1 consumer_id=4 input_index=0 producer_id=3 producer_level=0
[2026-10-02 18:52:35.645] [info] [temp-lifetime] frame=2 after_level=1 live=[2,4,] retired=[0,1,3,]
[2026-10-02 18:52:35.645] [info] [exec-level-diag] frame=2 level=1 nodes=2 input_ms=0.027 dispatch_ms=0.579 fb_release_ms=0.013
[2026-10-02 18:52:35.645] [info] [graph-edge] frame=2 level=2 consumer_id=5 input_index=0 producer_id=2 producer_level=1
[2026-10-02 18:52:35.645] [info] [graph-edge] frame=2 level=2 consumer_id=5 input_index=1 producer_id=4 producer_level=1
[2026-10-02 18:52:35.645] [info] [temp-lifetime] frame=2 after_level=2 live=[5,] retired=[2,4,]
[2026-10-02 18:52:35.645] [info] [exec-level-diag] frame=2 level=2 nodes=1 input_ms=0.019 dispatch_ms=0.200 fb_release_ms=0.008
[2026-10-02 18:52:35.645] [info] [video]   4/48 frames
[2026-10-02 18:52:35.696] [info] [video]   8/48 frames
[2026-10-02 18:52:35.744] [info] [video]   12/48 frames
[2026-10-02 18:52:35.797] [info] [video]   16/48 frames
[2026-10-02 18:52:35.843] [info] [video]   20/48 frames
[2026-10-02 18:52:35.891] [info] [video]   24/48 frames
[2026-10-02 18:52:35.912] [info] [vulkan-lifecycle] frame=25 vram_bytes=333283328 live_surfaces=13 surface_bindings=7 registry_live_handles=107 physical_images=13 deferred_releases=2 vma_allocations=50 surfaces_created=157 surfaces_released=150 queue_packages=0 execution_slots_busy=2 command_batch_active=false
[2026-10-02 18:52:35.935] [info] [video]   28/48 frames
[2026-10-02 18:52:35.991] [info] [video]   32/48 frames
[2026-10-02 18:52:36.043] [info] [video]   36/48 frames
[2026-10-02 18:52:36.099] [info] [video]   40/48 frames
[2026-10-02 18:52:36.154] [info] [video]   44/48 frames
[2026-10-02 18:52:36.201] [info] [video]   48/48 frames
[2026-10-02 18:52:36.217] [info] [video] writer join complete
[2026-10-02 18:52:36.217] [info] [drain-debug] start drain, capacity=6
[2026-10-02 18:52:36.217] [info] [drain-debug] slot_id=4 has completion, waiting
[2026-10-02 18:52:36.217] [info] [drain-debug] slot_id=4 wait complete
[2026-10-02 18:52:36.217] [info] [drain-debug] slot_id=5 has completion, waiting
[2026-10-02 18:52:36.217] [info] [drain-debug] slot_id=5 wait complete
[2026-10-02 18:52:36.217] [info] [drain-debug] reap done, busy_count=0
[2026-10-02 18:52:36.217] [info] [video] trimming framebuffer pool
[2026-10-02 18:52:36.217] [info] [video] Released framebuffer pool — memory trimmed
[2026-10-02 18:52:36.217] [info] [video] frame-loop cleanup complete
[2026-10-02 18:52:36.217] [info] [video] Encoder write blocked duration: 0.00 ms
[2026-10-02 18:52:36.217] [info] [video_diag] conversion_and_copy_duration_ms: 0 ms
[2026-10-02 18:52:36.217] [info] [video_diag] conversion_bytes_written=0 encoder_staging_copy_bytes=0 encoder_slot_reuses=0
[2026-10-02 18:52:36.217] [info] [native_av] close: sending encoder flush
[2026-10-02 18:52:36.217] [info] [native_av] close: encoder flush accepted
[2026-10-02 18:52:36.218] [info] [native_av] close: packets drained=true
[2026-10-02 18:52:36.218] [info] [native_av] close: finalizing mux session
[2026-10-02 18:52:36.218] [info] [native_av] close: mux session finalized
[2026-10-02 18:52:36.218] [info] [native_av] Closed native encoder — 48 frames accepted, encoder_packets=48 mux_packets=48 packet_pts=0..47, YUV cache: 0 hits / 0 misses
[2026-10-02 18:52:36.218] [info] [video_native] convert=115.65ms  send_frame=12.31ms  backpressure=0.00ms  flush=1.16ms  receive_packet=0.85ms  mux_write=0.71ms  trailer=0.25ms
[2026-10-02 18:52:36.220] [info] [video] render_ms=665.99 encode_ms=7.66 writer_encode_ms=129.91 wall_ms=2177.26 nvml_stop_ms=0.13
[2026-10-02 18:52:36.220] [info] [video] FFmpeg queue wait duration: 0.48 ms
[2026-10-02 18:52:36.228] [info] [video] copy_eligible=true sha256=ff38aeac415163c1f9c4690b14af56e4ec6113aa07d1aa41d08cce3501c3efea
[2026-10-02 18:52:36.228] [info] [video] Wrote /tmp/velox-phrase-runtime-cert/inputs/phrase_apple_clean_22_tracking_word_focus/catalog-motions.mp4
[2026-10-02 18:52:36.228] [info] [startup-profile] total=894.50ms logger=0.10ms cli_bootstrap=9.66ms cli_parse=0.00ms composition=0.33ms plan_read=0.18ms json_parse=2.96ms plan_decode_validate=56.98ms asset_resolve=0.03ms plan_compile=6.15ms other=0.00ms
[2026-10-02 18:52:36.259] [info] [video] Wrote exact per-frame timing sidecar: /tmp/velox-phrase-runtime-cert/inputs/phrase_apple_clean_22_tracking_word_focus/catalog-motions.mp4.timing.json
[2026-10-02 18:52:36.289] [info] [INFO] job-lifecycle: slot_pool_close_ms=0.0 surface_release_ms=0.1
[2026-10-02 18:52:36.427] [info] [INFO] job-lifecycle: queue_close_ms=0.0 writer_join_ms=0.0 encoder_reset_ms=27.2 decoder_reset_ms=0.0 full_graph_reset_ms=137.8 sink_ctx_reset_ms=0.0 device_runtime_reset_ms=0.0 device_reservation_reset_ms=0.0
[2026-10-02 18:52:36.427] [info] [INFO] job-lifecycle: sidecar_write_ms=33.5 session_teardown_ms=165.3
[2026-10-02 18:52:36.437] [info] [INFO] job-lifecycle: execute_ms=2394.4 receipt_build_ms=0.0 receipt_write_ms=0.0 caller_tail_ms=0.0
