[2026-10-02 18:51:55.677] [info] [overlay-prepare] validated package=/tmp/velox-phrase-runtime-cert/inputs/phrase_apple_clean_09_slide_down_catch/prepared.json hash=f92e2eefb9487a96d4d3bcc8daecbdd0d095590ac25c60b330a55e99c849b8d7 assets=0 text_runs=1 overlays=2
[2026-10-02 18:51:55.681] [info] [asset-profile] kind=3 path=assets/fonts/Poppins-Bold.ttf bytes=155996 cache=miss invalidated=0 stat=0.01ms hash=3.64ms hashed_bytes=155996 total=3.78ms
[2026-10-02 18:51:55.681] [info] [asset-digest-cache] hits=0 misses=1 invalidations=0 bytes_hashed=155996 lookup_ms=0.01 write_ms=0.02 full_hash_ms=3.64
[2026-10-02 18:51:55.683] [info] [plan-profile] read=0.14ms parse=2.25ms decode=52.84ms resolver=0.03ms compile_validate=5.97ms total=64.36ms
[2026-10-02 18:51:55.683] [info] [asset-profile] kind=3 path=assets/fonts/Poppins-Bold.ttf bytes=155996 cache=hit invalidated=0 stat=0.01ms hash=0.00ms hashed_bytes=0 total=0.10ms
[2026-10-02 18:51:55.683] [info] [asset-digest-cache] hits=1 misses=0 invalidations=0 bytes_hashed=0 lookup_ms=0.01 write_ms=0.00 full_hash_ms=0.00
[2026-10-02 18:51:55.686] [info] [plan-compile-profile] assets=0.29ms fingerprint=2.51ms media_resolution=0.00ms materialize=0.17ms composition_compile=0.00ms compatibility_view=0.13ms total=3.45ms
[2026-10-02 18:51:55.687] [info] [video] Auto-selecting yuv420p pipe pixel format for 1280x720 output
[2026-10-02 18:51:55.687] [info] [video] execution plan resolved (reason: required_gpu_native_full_graph); decode=1 composite=2 encode=1 interop=2 handoff=1 codec=3
[2026-10-02 18:51:55.705] [info] [video-runtime] created persistent runtime for device 0 (CUDA ordinal 0)
[2026-10-02 18:51:55.705] [info] [video] encoder feed capability: host_frame=false direct_yuv=false native_surface=true
[2026-10-02 18:51:55.992] [info] [native_av] CUDA context contract: native=0x563719bdfd80 ffmpeg=0x563719bdfd80
[2026-10-02 18:51:56.012] [info] [native_av] NVENC tuning applied: rc=constqp preset=p1 async_depth=4 nvenc_surfaces=8 qp=23 bitrate=0
[2026-10-02 18:51:56.047] [info] [native_av] encoder bitstream contract: codec=27 profile=100 level=-99 pix_fmt=119 parameter_sets=49 materialized=true
[2026-10-02 18:51:56.048] [info] [native_av] Opened native encoder: 1280x720 @ 24fps, codec=h264_nvenc, rc=constqp, preset=p1, output='/tmp/velox-phrase-runtime-cert/inputs/phrase_apple_clean_09_slide_down_catch/catalog-motions.partial.mp4'
[2026-10-02 18:51:57.326] [info] [pool-warm] Pre-allocated and pre-imported 6 execution slots (1280x720) for native NVENC
[2026-10-02 18:51:57.427] [info] chronon3d::vulkan text batch formats: dst_image.format=109 atlas_image.format=44 atlas_encoding=2 (shader contract: dst rgba32f, atlas rgba8)
[2026-10-02 18:51:57.427] [info] [temp-lifetime] frame=0 after_level=0 live=[0,1,3,] retired=[]
[2026-10-02 18:51:57.427] [info] [exec-level-diag] frame=0 level=0 nodes=3 input_ms=0.008 dispatch_ms=10.275 fb_release_ms=0.005
[2026-10-02 18:51:57.427] [info] [graph-edge] frame=0 level=1 consumer_id=2 input_index=0 producer_id=0 producer_level=0
[2026-10-02 18:51:57.427] [info] [graph-edge] frame=0 level=1 consumer_id=2 input_index=1 producer_id=1 producer_level=0
[2026-10-02 18:51:57.428] [info] [graph-edge] frame=0 level=1 consumer_id=4 input_index=0 producer_id=3 producer_level=0
[2026-10-02 18:51:57.432] [info] [temp-lifetime] frame=0 after_level=1 live=[2,4,] retired=[0,1,3,]
[2026-10-02 18:51:57.432] [info] [exec-level-diag] frame=0 level=1 nodes=2 input_ms=0.104 dispatch_ms=4.167 fb_release_ms=0.016
[2026-10-02 18:51:57.432] [info] [graph-edge] frame=0 level=2 consumer_id=5 input_index=0 producer_id=2 producer_level=1
[2026-10-02 18:51:57.432] [info] [graph-edge] frame=0 level=2 consumer_id=5 input_index=1 producer_id=4 producer_level=1
[2026-10-02 18:51:57.432] [info] [temp-lifetime] frame=0 after_level=2 live=[5,] retired=[2,4,]
[2026-10-02 18:51:57.432] [info] [exec-level-diag] frame=0 level=2 nodes=1 input_ms=0.122 dispatch_ms=0.204 fb_release_ms=0.008
[2026-10-02 18:51:57.433] [info] [video] Exporting via Arena-backed SIMD pipeline
[2026-10-02 18:51:57.443] [info] [temp-lifetime] frame=1 after_level=0 live=[0,1,3,] retired=[]
[2026-10-02 18:51:57.443] [info] [exec-level-diag] frame=1 level=0 nodes=3 input_ms=0.003 dispatch_ms=1.087 fb_release_ms=0.003
[2026-10-02 18:51:57.443] [info] [graph-edge] frame=1 level=1 consumer_id=2 input_index=0 producer_id=0 producer_level=0
[2026-10-02 18:51:57.443] [info] [graph-edge] frame=1 level=1 consumer_id=2 input_index=1 producer_id=1 producer_level=0
[2026-10-02 18:51:57.443] [info] [graph-edge] frame=1 level=1 consumer_id=4 input_index=0 producer_id=3 producer_level=0
[2026-10-02 18:51:57.444] [info] [temp-lifetime] frame=1 after_level=1 live=[2,4,] retired=[0,1,3,]
[2026-10-02 18:51:57.444] [info] [exec-level-diag] frame=1 level=1 nodes=2 input_ms=0.123 dispatch_ms=0.586 fb_release_ms=0.012
[2026-10-02 18:51:57.444] [info] [graph-edge] frame=1 level=2 consumer_id=5 input_index=0 producer_id=2 producer_level=1
[2026-10-02 18:51:57.444] [info] [graph-edge] frame=1 level=2 consumer_id=5 input_index=1 producer_id=4 producer_level=1
[2026-10-02 18:51:57.444] [info] [temp-lifetime] frame=1 after_level=2 live=[5,] retired=[2,4,]
[2026-10-02 18:51:57.444] [info] [exec-level-diag] frame=1 level=2 nodes=1 input_ms=0.069 dispatch_ms=0.178 fb_release_ms=0.009
[2026-10-02 18:51:57.458] [info] [temp-lifetime] frame=2 after_level=0 live=[0,1,3,] retired=[]
[2026-10-02 18:51:57.458] [info] [exec-level-diag] frame=2 level=0 nodes=3 input_ms=0.003 dispatch_ms=0.995 fb_release_ms=0.003
[2026-10-02 18:51:57.458] [info] [graph-edge] frame=2 level=1 consumer_id=2 input_index=0 producer_id=0 producer_level=0
[2026-10-02 18:51:57.458] [info] [graph-edge] frame=2 level=1 consumer_id=2 input_index=1 producer_id=1 producer_level=0
[2026-10-02 18:51:57.458] [info] [graph-edge] frame=2 level=1 consumer_id=4 input_index=0 producer_id=3 producer_level=0
[2026-10-02 18:51:57.459] [info] [temp-lifetime] frame=2 after_level=1 live=[2,4,] retired=[0,1,3,]
[2026-10-02 18:51:57.459] [info] [exec-level-diag] frame=2 level=1 nodes=2 input_ms=0.119 dispatch_ms=0.546 fb_release_ms=0.013
[2026-10-02 18:51:57.459] [info] [graph-edge] frame=2 level=2 consumer_id=5 input_index=0 producer_id=2 producer_level=1
[2026-10-02 18:51:57.459] [info] [graph-edge] frame=2 level=2 consumer_id=5 input_index=1 producer_id=4 producer_level=1
[2026-10-02 18:51:57.459] [info] [temp-lifetime] frame=2 after_level=2 live=[5,] retired=[2,4,]
[2026-10-02 18:51:57.459] [info] [exec-level-diag] frame=2 level=2 nodes=1 input_ms=0.087 dispatch_ms=0.193 fb_release_ms=0.009
[2026-10-02 18:51:57.460] [info] [video]   4/48 frames
[2026-10-02 18:51:57.508] [info] [video]   8/48 frames
[2026-10-02 18:51:57.557] [info] [video]   12/48 frames
[2026-10-02 18:51:57.605] [info] [video]   16/48 frames
[2026-10-02 18:51:57.652] [info] [video]   20/48 frames
[2026-10-02 18:51:57.699] [info] [video]   24/48 frames
[2026-10-02 18:51:57.722] [info] [vulkan-lifecycle] frame=25 vram_bytes=333283328 live_surfaces=13 surface_bindings=7 registry_live_handles=107 physical_images=13 deferred_releases=2 vma_allocations=45 surfaces_created=157 surfaces_released=150 queue_packages=1 execution_slots_busy=2 command_batch_active=false
[2026-10-02 18:51:57.747] [info] [video]   28/48 frames
[2026-10-02 18:51:57.791] [info] [video]   32/48 frames
[2026-10-02 18:51:57.835] [info] [video]   36/48 frames
[2026-10-02 18:51:57.883] [info] [video]   40/48 frames
[2026-10-02 18:51:57.928] [info] [video]   44/48 frames
[2026-10-02 18:51:57.978] [info] [video]   48/48 frames
[2026-10-02 18:51:57.992] [info] [video] writer join complete
[2026-10-02 18:51:57.992] [info] [drain-debug] start drain, capacity=6
[2026-10-02 18:51:57.992] [info] [drain-debug] slot_id=4 has completion, waiting
[2026-10-02 18:51:57.992] [info] [drain-debug] slot_id=4 wait complete
[2026-10-02 18:51:57.992] [info] [drain-debug] slot_id=5 has completion, waiting
[2026-10-02 18:51:57.992] [info] [drain-debug] slot_id=5 wait complete
[2026-10-02 18:51:57.992] [info] [drain-debug] reap done, busy_count=0
[2026-10-02 18:51:57.992] [info] [video] trimming framebuffer pool
[2026-10-02 18:51:57.992] [info] [video] Released framebuffer pool — memory trimmed
[2026-10-02 18:51:57.992] [info] [video] frame-loop cleanup complete
[2026-10-02 18:51:57.992] [info] [video] Encoder write blocked duration: 0.00 ms
[2026-10-02 18:51:57.992] [info] [video_diag] conversion_and_copy_duration_ms: 0 ms
[2026-10-02 18:51:57.992] [info] [video_diag] conversion_bytes_written=0 encoder_staging_copy_bytes=0 encoder_slot_reuses=0
[2026-10-02 18:51:57.992] [info] [native_av] close: sending encoder flush
[2026-10-02 18:51:57.993] [info] [native_av] close: encoder flush accepted
[2026-10-02 18:51:57.993] [info] [native_av] close: packets drained=true
[2026-10-02 18:51:57.993] [info] [native_av] close: finalizing mux session
[2026-10-02 18:51:57.993] [info] [native_av] close: mux session finalized
[2026-10-02 18:51:57.993] [info] [native_av] Closed native encoder — 48 frames accepted, encoder_packets=48 mux_packets=48 packet_pts=0..47, YUV cache: 0 hits / 0 misses
[2026-10-02 18:51:57.994] [info] [video_native] convert=116.79ms  send_frame=11.69ms  backpressure=0.00ms  flush=1.03ms  receive_packet=0.53ms  mux_write=0.61ms  trailer=0.33ms
[2026-10-02 18:51:57.995] [info] [video] render_ms=636.75 encode_ms=7.64 writer_encode_ms=129.58 wall_ms=2307.70 nvml_stop_ms=0.15
[2026-10-02 18:51:57.995] [info] [video] FFmpeg queue wait duration: 0.38 ms
[2026-10-02 18:51:58.002] [info] [video] copy_eligible=true sha256=1d291ae2acb5ef9dc5ad5e290276c30685e3fb5488c4a44dbb9d37eb70a0ab5a
[2026-10-02 18:51:58.003] [info] [video] Wrote /tmp/velox-phrase-runtime-cert/inputs/phrase_apple_clean_09_slide_down_catch/catalog-motions.mp4
[2026-10-02 18:51:58.003] [info] [startup-profile] total=1014.48ms logger=0.11ms cli_bootstrap=9.87ms cli_parse=0.00ms composition=0.30ms plan_read=0.14ms json_parse=2.25ms plan_decode_validate=52.84ms asset_resolve=0.03ms plan_compile=5.97ms other=0.00ms
[2026-10-02 18:51:58.032] [info] [video] Wrote exact per-frame timing sidecar: /tmp/velox-phrase-runtime-cert/inputs/phrase_apple_clean_09_slide_down_catch/catalog-motions.mp4.timing.json
[2026-10-02 18:51:58.068] [info] [INFO] job-lifecycle: slot_pool_close_ms=0.0 surface_release_ms=0.1
[2026-10-02 18:51:58.196] [info] [INFO] job-lifecycle: queue_close_ms=0.0 writer_join_ms=0.0 encoder_reset_ms=32.5 decoder_reset_ms=0.0 full_graph_reset_ms=128.8 sink_ctx_reset_ms=0.0 device_runtime_reset_ms=0.0 device_reservation_reset_ms=0.0
[2026-10-02 18:51:58.197] [info] [INFO] job-lifecycle: sidecar_write_ms=31.9 session_teardown_ms=161.7
[2026-10-02 18:51:58.206] [info] [INFO] job-lifecycle: execute_ms=2518.4 receipt_build_ms=0.0 receipt_write_ms=0.0 caller_tail_ms=0.0
