[2026-10-02 18:52:45.336] [info] [overlay-prepare] validated package=/tmp/velox-phrase-runtime-cert/inputs/phrase_apple_clean_26_opacity_depth_push/prepared.json hash=f9c815c2c7f3a7c1466ffc53d51ac7525622fe565492b9333a80ed41462375c8 assets=0 text_runs=1 overlays=2
[2026-10-02 18:52:45.341] [info] [asset-profile] kind=3 path=assets/fonts/Poppins-Bold.ttf bytes=155996 cache=miss invalidated=0 stat=0.01ms hash=3.63ms hashed_bytes=155996 total=3.78ms
[2026-10-02 18:52:45.341] [info] [asset-digest-cache] hits=0 misses=1 invalidations=0 bytes_hashed=155996 lookup_ms=0.01 write_ms=0.02 full_hash_ms=3.63
[2026-10-02 18:52:45.343] [info] [plan-profile] read=0.13ms parse=3.07ms decode=58.01ms resolver=0.03ms compile_validate=6.09ms total=71.02ms
[2026-10-02 18:52:45.343] [info] [asset-profile] kind=3 path=assets/fonts/Poppins-Bold.ttf bytes=155996 cache=hit invalidated=0 stat=0.01ms hash=0.00ms hashed_bytes=0 total=0.10ms
[2026-10-02 18:52:45.343] [info] [asset-digest-cache] hits=1 misses=0 invalidations=0 bytes_hashed=0 lookup_ms=0.01 write_ms=0.00 full_hash_ms=0.00
[2026-10-02 18:52:45.347] [info] [plan-compile-profile] assets=0.30ms fingerprint=2.76ms media_resolution=0.00ms materialize=0.17ms composition_compile=0.00ms compatibility_view=0.13ms total=3.75ms
[2026-10-02 18:52:45.348] [info] [video] Auto-selecting yuv420p pipe pixel format for 1280x720 output
[2026-10-02 18:52:45.348] [info] [video] execution plan resolved (reason: required_gpu_native_full_graph); decode=1 composite=2 encode=1 interop=2 handoff=1 codec=3
[2026-10-02 18:52:45.372] [info] [video-runtime] created persistent runtime for device 0 (CUDA ordinal 0)
[2026-10-02 18:52:45.373] [info] [video] encoder feed capability: host_frame=false direct_yuv=false native_surface=true
[2026-10-02 18:52:45.596] [info] [native_av] CUDA context contract: native=0x55c8e1a60d90 ffmpeg=0x55c8e1a60d90
[2026-10-02 18:52:45.616] [info] [native_av] NVENC tuning applied: rc=constqp preset=p1 async_depth=4 nvenc_surfaces=8 qp=23 bitrate=0
[2026-10-02 18:52:45.650] [info] [native_av] encoder bitstream contract: codec=27 profile=100 level=-99 pix_fmt=119 parameter_sets=49 materialized=true
[2026-10-02 18:52:45.651] [info] [native_av] Opened native encoder: 1280x720 @ 24fps, codec=h264_nvenc, rc=constqp, preset=p1, output='/tmp/velox-phrase-runtime-cert/inputs/phrase_apple_clean_26_opacity_depth_push/catalog-motions.partial.mp4'
[2026-10-02 18:52:46.907] [info] [pool-warm] Pre-allocated and pre-imported 6 execution slots (1280x720) for native NVENC
[2026-10-02 18:52:47.003] [info] chronon3d::vulkan text batch formats: dst_image.format=109 atlas_image.format=44 atlas_encoding=2 (shader contract: dst rgba32f, atlas rgba8)
[2026-10-02 18:52:47.004] [info] [temp-lifetime] frame=0 after_level=0 live=[0,1,3,] retired=[]
[2026-10-02 18:52:47.004] [info] [exec-level-diag] frame=0 level=0 nodes=3 input_ms=0.008 dispatch_ms=5.555 fb_release_ms=0.008
[2026-10-02 18:52:47.004] [info] [graph-edge] frame=0 level=1 consumer_id=2 input_index=0 producer_id=0 producer_level=0
[2026-10-02 18:52:47.004] [info] [graph-edge] frame=0 level=1 consumer_id=2 input_index=1 producer_id=1 producer_level=0
[2026-10-02 18:52:47.004] [info] [graph-edge] frame=0 level=1 consumer_id=4 input_index=0 producer_id=3 producer_level=0
[2026-10-02 18:52:47.008] [info] [temp-lifetime] frame=0 after_level=1 live=[2,4,] retired=[0,1,3,]
[2026-10-02 18:52:47.008] [info] [exec-level-diag] frame=0 level=1 nodes=2 input_ms=0.230 dispatch_ms=3.841 fb_release_ms=0.025
[2026-10-02 18:52:47.008] [info] [graph-edge] frame=0 level=2 consumer_id=5 input_index=0 producer_id=2 producer_level=1
[2026-10-02 18:52:47.009] [info] [graph-edge] frame=0 level=2 consumer_id=5 input_index=1 producer_id=4 producer_level=1
[2026-10-02 18:52:47.009] [info] [temp-lifetime] frame=0 after_level=2 live=[5,] retired=[2,4,]
[2026-10-02 18:52:47.009] [info] [exec-level-diag] frame=0 level=2 nodes=1 input_ms=0.204 dispatch_ms=0.288 fb_release_ms=0.016
[2026-10-02 18:52:47.010] [info] [video] Exporting via Arena-backed SIMD pipeline
[2026-10-02 18:52:47.025] [info] [temp-lifetime] frame=1 after_level=0 live=[0,1,3,] retired=[]
[2026-10-02 18:52:47.025] [info] [exec-level-diag] frame=1 level=0 nodes=3 input_ms=0.005 dispatch_ms=1.512 fb_release_ms=0.006
[2026-10-02 18:52:47.025] [info] [graph-edge] frame=1 level=1 consumer_id=2 input_index=0 producer_id=0 producer_level=0
[2026-10-02 18:52:47.025] [info] [graph-edge] frame=1 level=1 consumer_id=2 input_index=1 producer_id=1 producer_level=0
[2026-10-02 18:52:47.025] [info] [graph-edge] frame=1 level=1 consumer_id=4 input_index=0 producer_id=3 producer_level=0
[2026-10-02 18:52:47.026] [info] [temp-lifetime] frame=1 after_level=1 live=[2,4,] retired=[0,1,3,]
[2026-10-02 18:52:47.026] [info] [exec-level-diag] frame=1 level=1 nodes=2 input_ms=0.249 dispatch_ms=0.621 fb_release_ms=0.020
[2026-10-02 18:52:47.026] [info] [graph-edge] frame=1 level=2 consumer_id=5 input_index=0 producer_id=2 producer_level=1
[2026-10-02 18:52:47.026] [info] [graph-edge] frame=1 level=2 consumer_id=5 input_index=1 producer_id=4 producer_level=1
[2026-10-02 18:52:47.026] [info] [temp-lifetime] frame=1 after_level=2 live=[5,] retired=[2,4,]
[2026-10-02 18:52:47.026] [info] [exec-level-diag] frame=1 level=2 nodes=1 input_ms=0.132 dispatch_ms=0.267 fb_release_ms=0.014
[2026-10-02 18:52:47.041] [info] [temp-lifetime] frame=2 after_level=0 live=[0,1,3,] retired=[]
[2026-10-02 18:52:47.041] [info] [exec-level-diag] frame=2 level=0 nodes=3 input_ms=0.005 dispatch_ms=1.067 fb_release_ms=0.005
[2026-10-02 18:52:47.041] [info] [graph-edge] frame=2 level=1 consumer_id=2 input_index=0 producer_id=0 producer_level=0
[2026-10-02 18:52:47.041] [info] [graph-edge] frame=2 level=1 consumer_id=2 input_index=1 producer_id=1 producer_level=0
[2026-10-02 18:52:47.041] [info] [graph-edge] frame=2 level=1 consumer_id=4 input_index=0 producer_id=3 producer_level=0
[2026-10-02 18:52:47.042] [info] [temp-lifetime] frame=2 after_level=1 live=[2,4,] retired=[0,1,3,]
[2026-10-02 18:52:47.042] [info] [exec-level-diag] frame=2 level=1 nodes=2 input_ms=0.184 dispatch_ms=0.568 fb_release_ms=0.020
[2026-10-02 18:52:47.042] [info] [graph-edge] frame=2 level=2 consumer_id=5 input_index=0 producer_id=2 producer_level=1
[2026-10-02 18:52:47.042] [info] [graph-edge] frame=2 level=2 consumer_id=5 input_index=1 producer_id=4 producer_level=1
[2026-10-02 18:52:47.043] [info] [temp-lifetime] frame=2 after_level=2 live=[5,] retired=[2,4,]
[2026-10-02 18:52:47.043] [info] [exec-level-diag] frame=2 level=2 nodes=1 input_ms=0.130 dispatch_ms=0.280 fb_release_ms=0.013
[2026-10-02 18:52:47.043] [info] [video]   4/48 frames
[2026-10-02 18:52:47.090] [info] [video]   8/48 frames
[2026-10-02 18:52:47.130] [info] [video]   12/48 frames
[2026-10-02 18:52:47.176] [info] [video]   16/48 frames
[2026-10-02 18:52:47.218] [info] [video]   20/48 frames
[2026-10-02 18:52:47.259] [info] [video]   24/48 frames
[2026-10-02 18:52:47.284] [info] [vulkan-lifecycle] frame=25 vram_bytes=333283328 live_surfaces=13 surface_bindings=7 registry_live_handles=107 physical_images=13 deferred_releases=2 vma_allocations=45 surfaces_created=157 surfaces_released=150 queue_packages=1 execution_slots_busy=2 command_batch_active=false
[2026-10-02 18:52:47.309] [info] [video]   28/48 frames
[2026-10-02 18:52:47.353] [info] [video]   32/48 frames
[2026-10-02 18:52:47.397] [info] [video]   36/48 frames
[2026-10-02 18:52:47.439] [info] [video]   40/48 frames
[2026-10-02 18:52:47.482] [info] [video]   44/48 frames
[2026-10-02 18:52:47.523] [info] [video]   48/48 frames
[2026-10-02 18:52:47.539] [info] [video] writer join complete
[2026-10-02 18:52:47.539] [info] [drain-debug] start drain, capacity=6
[2026-10-02 18:52:47.540] [info] [drain-debug] slot_id=4 has completion, waiting
[2026-10-02 18:52:47.540] [info] [drain-debug] slot_id=4 wait complete
[2026-10-02 18:52:47.540] [info] [drain-debug] slot_id=5 has completion, waiting
[2026-10-02 18:52:47.540] [info] [drain-debug] slot_id=5 wait complete
[2026-10-02 18:52:47.540] [info] [drain-debug] reap done, busy_count=0
[2026-10-02 18:52:47.540] [info] [video] trimming framebuffer pool
[2026-10-02 18:52:47.540] [info] [video] Released framebuffer pool — memory trimmed
[2026-10-02 18:52:47.540] [info] [video] frame-loop cleanup complete
[2026-10-02 18:52:47.540] [info] [video] Encoder write blocked duration: 0.00 ms
[2026-10-02 18:52:47.540] [info] [video_diag] conversion_and_copy_duration_ms: 0 ms
[2026-10-02 18:52:47.540] [info] [video_diag] conversion_bytes_written=0 encoder_staging_copy_bytes=0 encoder_slot_reuses=0
[2026-10-02 18:52:47.540] [info] [native_av] close: sending encoder flush
[2026-10-02 18:52:47.540] [info] [native_av] close: encoder flush accepted
[2026-10-02 18:52:47.541] [info] [native_av] close: packets drained=true
[2026-10-02 18:52:47.541] [info] [native_av] close: finalizing mux session
[2026-10-02 18:52:47.541] [info] [native_av] close: mux session finalized
[2026-10-02 18:52:47.541] [info] [native_av] Closed native encoder — 48 frames accepted, encoder_packets=48 mux_packets=48 packet_pts=0..47, YUV cache: 0 hits / 0 misses
[2026-10-02 18:52:47.541] [info] [video_native] convert=115.29ms  send_frame=12.03ms  backpressure=0.00ms  flush=1.16ms  receive_packet=0.61ms  mux_write=0.65ms  trailer=0.36ms
[2026-10-02 18:52:47.543] [info] [video] render_ms=604.39 encode_ms=7.69 writer_encode_ms=129.10 wall_ms=2195.01 nvml_stop_ms=0.14
[2026-10-02 18:52:47.543] [info] [video] FFmpeg queue wait duration: 0.41 ms
[2026-10-02 18:52:47.550] [info] [video] copy_eligible=true sha256=f4dc28ba2e4e1443d858ac17c7e25f78101e40a4f7e7ac63ac0814baaa91b2ad
[2026-10-02 18:52:47.551] [info] [video] Wrote /tmp/velox-phrase-runtime-cert/inputs/phrase_apple_clean_26_opacity_depth_push/catalog-motions.mp4
[2026-10-02 18:52:47.551] [info] [startup-profile] total=931.99ms logger=0.10ms cli_bootstrap=9.95ms cli_parse=0.00ms composition=0.33ms plan_read=0.13ms json_parse=3.07ms plan_decode_validate=58.01ms asset_resolve=0.03ms plan_compile=6.09ms other=0.00ms
[2026-10-02 18:52:47.580] [info] [video] Wrote exact per-frame timing sidecar: /tmp/velox-phrase-runtime-cert/inputs/phrase_apple_clean_26_opacity_depth_push/catalog-motions.mp4.timing.json
[2026-10-02 18:52:47.608] [info] [INFO] job-lifecycle: slot_pool_close_ms=0.0 surface_release_ms=0.1
[2026-10-02 18:52:47.732] [info] [INFO] job-lifecycle: queue_close_ms=0.0 writer_join_ms=0.0 encoder_reset_ms=25.8 decoder_reset_ms=0.0 full_graph_reset_ms=123.7 sink_ctx_reset_ms=0.0 device_runtime_reset_ms=0.0 device_reservation_reset_ms=0.0
[2026-10-02 18:52:47.732] [info] [INFO] job-lifecycle: sidecar_write_ms=31.0 session_teardown_ms=149.9
[2026-10-02 18:52:47.741] [info] [INFO] job-lifecycle: execute_ms=2393.5 receipt_build_ms=0.0 receipt_write_ms=0.0 caller_tail_ms=0.0
