[2026-10-02 18:51:47.342] [info] [overlay-prepare] validated package=/tmp/velox-phrase-runtime-cert/inputs/phrase_apple_clean_06_blur_gravity/prepared.json hash=84a08c81dd1d5c533ea2a62daf5646a3f7cbfb657b92dfabdb0d34989a0b5875 assets=0 text_runs=1 overlays=2
[2026-10-02 18:51:47.347] [info] [asset-profile] kind=3 path=assets/fonts/Poppins-Bold.ttf bytes=155996 cache=miss invalidated=0 stat=0.01ms hash=3.94ms hashed_bytes=155996 total=4.13ms
[2026-10-02 18:51:47.347] [info] [asset-digest-cache] hits=0 misses=1 invalidations=0 bytes_hashed=155996 lookup_ms=0.01 write_ms=0.02 full_hash_ms=3.94
[2026-10-02 18:51:47.349] [info] [plan-profile] read=0.40ms parse=4.72ms decode=84.02ms resolver=0.03ms compile_validate=6.73ms total=102.16ms
[2026-10-02 18:51:47.350] [info] [asset-profile] kind=3 path=assets/fonts/Poppins-Bold.ttf bytes=155996 cache=hit invalidated=0 stat=0.01ms hash=0.00ms hashed_bytes=0 total=0.10ms
[2026-10-02 18:51:47.350] [info] [asset-digest-cache] hits=1 misses=0 invalidations=0 bytes_hashed=0 lookup_ms=0.01 write_ms=0.00 full_hash_ms=0.00
[2026-10-02 18:51:47.354] [info] [plan-compile-profile] assets=0.21ms fingerprint=3.06ms media_resolution=0.00ms materialize=0.18ms composition_compile=0.00ms compatibility_view=0.16ms total=4.04ms
[2026-10-02 18:51:47.355] [info] [video] Auto-selecting yuv420p pipe pixel format for 1280x720 output
[2026-10-02 18:51:47.355] [info] [video] execution plan resolved (reason: required_gpu_native_full_graph); decode=1 composite=2 encode=1 interop=2 handoff=1 codec=3
[2026-10-02 18:51:47.374] [info] [video-runtime] created persistent runtime for device 0 (CUDA ordinal 0)
[2026-10-02 18:51:47.374] [info] [video] encoder feed capability: host_frame=false direct_yuv=false native_surface=true
[2026-10-02 18:51:47.604] [info] [native_av] CUDA context contract: native=0x55bfd171e030 ffmpeg=0x55bfd171e030
[2026-10-02 18:51:47.625] [info] [native_av] NVENC tuning applied: rc=constqp preset=p1 async_depth=4 nvenc_surfaces=8 qp=23 bitrate=0
[2026-10-02 18:51:47.664] [info] [native_av] encoder bitstream contract: codec=27 profile=100 level=-99 pix_fmt=119 parameter_sets=49 materialized=true
[2026-10-02 18:51:47.664] [info] [native_av] Opened native encoder: 1280x720 @ 24fps, codec=h264_nvenc, rc=constqp, preset=p1, output='/tmp/velox-phrase-runtime-cert/inputs/phrase_apple_clean_06_blur_gravity/catalog-motions.partial.mp4'
[2026-10-02 18:51:49.017] [info] [pool-warm] Pre-allocated and pre-imported 6 execution slots (1280x720) for native NVENC
[2026-10-02 18:51:49.128] [info] chronon3d::vulkan text batch formats: dst_image.format=109 atlas_image.format=44 atlas_encoding=2 (shader contract: dst rgba32f, atlas rgba8)
[2026-10-02 18:51:49.129] [info] [temp-lifetime] frame=0 after_level=0 live=[0,1,3,] retired=[]
[2026-10-02 18:51:49.129] [info] [exec-level-diag] frame=0 level=0 nodes=3 input_ms=0.007 dispatch_ms=17.950 fb_release_ms=0.008
[2026-10-02 18:51:49.129] [info] [graph-edge] frame=0 level=1 consumer_id=2 input_index=0 producer_id=0 producer_level=0
[2026-10-02 18:51:49.129] [info] [graph-edge] frame=0 level=1 consumer_id=2 input_index=1 producer_id=1 producer_level=0
[2026-10-02 18:51:49.129] [info] [graph-edge] frame=0 level=1 consumer_id=4 input_index=0 producer_id=3 producer_level=0
[2026-10-02 18:51:49.134] [info] [temp-lifetime] frame=0 after_level=1 live=[2,4,] retired=[0,1,3,]
[2026-10-02 18:51:49.134] [info] [exec-level-diag] frame=0 level=1 nodes=2 input_ms=0.083 dispatch_ms=4.876 fb_release_ms=0.024
[2026-10-02 18:51:49.134] [info] [graph-edge] frame=0 level=2 consumer_id=5 input_index=0 producer_id=2 producer_level=1
[2026-10-02 18:51:49.134] [info] [graph-edge] frame=0 level=2 consumer_id=5 input_index=1 producer_id=4 producer_level=1
[2026-10-02 18:51:49.134] [info] [temp-lifetime] frame=0 after_level=2 live=[5,] retired=[2,4,]
[2026-10-02 18:51:49.134] [info] [exec-level-diag] frame=0 level=2 nodes=1 input_ms=0.030 dispatch_ms=0.229 fb_release_ms=0.008
[2026-10-02 18:51:49.135] [info] [video] Exporting via Arena-backed SIMD pipeline
[2026-10-02 18:51:49.147] [info] [temp-lifetime] frame=1 after_level=0 live=[0,1,3,] retired=[]
[2026-10-02 18:51:49.147] [info] [exec-level-diag] frame=1 level=0 nodes=3 input_ms=0.008 dispatch_ms=1.628 fb_release_ms=0.004
[2026-10-02 18:51:49.147] [info] [graph-edge] frame=1 level=1 consumer_id=2 input_index=0 producer_id=0 producer_level=0
[2026-10-02 18:51:49.147] [info] [graph-edge] frame=1 level=1 consumer_id=2 input_index=1 producer_id=1 producer_level=0
[2026-10-02 18:51:49.147] [info] [graph-edge] frame=1 level=1 consumer_id=4 input_index=0 producer_id=3 producer_level=0
[2026-10-02 18:51:49.148] [info] [temp-lifetime] frame=1 after_level=1 live=[2,4,] retired=[0,1,3,]
[2026-10-02 18:51:49.148] [info] [exec-level-diag] frame=1 level=1 nodes=2 input_ms=0.036 dispatch_ms=0.515 fb_release_ms=0.013
[2026-10-02 18:51:49.148] [info] [graph-edge] frame=1 level=2 consumer_id=5 input_index=0 producer_id=2 producer_level=1
[2026-10-02 18:51:49.148] [info] [graph-edge] frame=1 level=2 consumer_id=5 input_index=1 producer_id=4 producer_level=1
[2026-10-02 18:51:49.148] [info] [temp-lifetime] frame=1 after_level=2 live=[5,] retired=[2,4,]
[2026-10-02 18:51:49.148] [info] [exec-level-diag] frame=1 level=2 nodes=1 input_ms=0.029 dispatch_ms=0.225 fb_release_ms=0.008
[2026-10-02 18:51:49.164] [info] [temp-lifetime] frame=2 after_level=0 live=[0,1,3,] retired=[]
[2026-10-02 18:51:49.164] [info] [exec-level-diag] frame=2 level=0 nodes=3 input_ms=0.005 dispatch_ms=1.349 fb_release_ms=0.004
[2026-10-02 18:51:49.164] [info] [graph-edge] frame=2 level=1 consumer_id=2 input_index=0 producer_id=0 producer_level=0
[2026-10-02 18:51:49.164] [info] [graph-edge] frame=2 level=1 consumer_id=2 input_index=1 producer_id=1 producer_level=0
[2026-10-02 18:51:49.164] [info] [graph-edge] frame=2 level=1 consumer_id=4 input_index=0 producer_id=3 producer_level=0
[2026-10-02 18:51:49.164] [info] [temp-lifetime] frame=2 after_level=1 live=[2,4,] retired=[0,1,3,]
[2026-10-02 18:51:49.164] [info] [exec-level-diag] frame=2 level=1 nodes=2 input_ms=0.034 dispatch_ms=0.457 fb_release_ms=0.022
[2026-10-02 18:51:49.164] [info] [graph-edge] frame=2 level=2 consumer_id=5 input_index=0 producer_id=2 producer_level=1
[2026-10-02 18:51:49.164] [info] [graph-edge] frame=2 level=2 consumer_id=5 input_index=1 producer_id=4 producer_level=1
[2026-10-02 18:51:49.164] [info] [temp-lifetime] frame=2 after_level=2 live=[5,] retired=[2,4,]
[2026-10-02 18:51:49.164] [info] [exec-level-diag] frame=2 level=2 nodes=1 input_ms=0.032 dispatch_ms=0.238 fb_release_ms=0.008
[2026-10-02 18:51:49.165] [info] [video]   4/48 frames
[2026-10-02 18:51:49.214] [info] [video]   8/48 frames
[2026-10-02 18:51:49.257] [info] [video]   12/48 frames
[2026-10-02 18:51:49.302] [info] [video]   16/48 frames
[2026-10-02 18:51:49.348] [info] [video]   20/48 frames
[2026-10-02 18:51:49.397] [info] [video]   24/48 frames
[2026-10-02 18:51:49.427] [info] [vulkan-lifecycle] frame=25 vram_bytes=333283328 live_surfaces=13 surface_bindings=7 registry_live_handles=107 physical_images=13 deferred_releases=2 vma_allocations=45 surfaces_created=157 surfaces_released=150 queue_packages=1 execution_slots_busy=2 command_batch_active=false
[2026-10-02 18:51:49.450] [info] [video]   28/48 frames
[2026-10-02 18:51:49.495] [info] [video]   32/48 frames
[2026-10-02 18:51:49.541] [info] [video]   36/48 frames
[2026-10-02 18:51:49.592] [info] [video]   40/48 frames
[2026-10-02 18:51:49.638] [info] [video]   44/48 frames
[2026-10-02 18:51:49.685] [info] [video]   48/48 frames
[2026-10-02 18:51:49.701] [info] [video] writer join complete
[2026-10-02 18:51:49.701] [info] [drain-debug] start drain, capacity=6
[2026-10-02 18:51:49.701] [info] [drain-debug] slot_id=4 has completion, waiting
[2026-10-02 18:51:49.701] [info] [drain-debug] slot_id=4 wait complete
[2026-10-02 18:51:49.701] [info] [drain-debug] slot_id=5 has completion, waiting
[2026-10-02 18:51:49.701] [info] [drain-debug] slot_id=5 wait complete
[2026-10-02 18:51:49.701] [info] [drain-debug] reap done, busy_count=0
[2026-10-02 18:51:49.701] [info] [video] trimming framebuffer pool
[2026-10-02 18:51:49.701] [info] [video] Released framebuffer pool — memory trimmed
[2026-10-02 18:51:49.701] [info] [video] frame-loop cleanup complete
[2026-10-02 18:51:49.701] [info] [video] Encoder write blocked duration: 0.00 ms
[2026-10-02 18:51:49.701] [info] [video_diag] conversion_and_copy_duration_ms: 0 ms
[2026-10-02 18:51:49.701] [info] [video_diag] conversion_bytes_written=0 encoder_staging_copy_bytes=0 encoder_slot_reuses=0
[2026-10-02 18:51:49.701] [info] [native_av] close: sending encoder flush
[2026-10-02 18:51:49.701] [info] [native_av] close: encoder flush accepted
[2026-10-02 18:51:49.702] [info] [native_av] close: packets drained=true
[2026-10-02 18:51:49.702] [info] [native_av] close: finalizing mux session
[2026-10-02 18:51:49.703] [info] [native_av] close: mux session finalized
[2026-10-02 18:51:49.703] [info] [native_av] Closed native encoder — 48 frames accepted, encoder_packets=48 mux_packets=48 packet_pts=0..47, YUV cache: 0 hits / 0 misses
[2026-10-02 18:51:49.703] [info] [video_native] convert=115.12ms  send_frame=13.58ms  backpressure=0.00ms  flush=1.18ms  receive_packet=0.86ms  mux_write=0.78ms  trailer=0.26ms
[2026-10-02 18:51:49.704] [info] [video] render_ms=653.73 encode_ms=7.19 writer_encode_ms=130.66 wall_ms=2349.06 nvml_stop_ms=0.12
[2026-10-02 18:51:49.704] [info] [video] FFmpeg queue wait duration: 0.47 ms
[2026-10-02 18:51:49.712] [info] [video] copy_eligible=true sha256=45eec3bbb0863c9fd8d342354c6fb5eca137141d26986fe2f3be523fa81ccb29
[2026-10-02 18:51:49.712] [info] [video] Wrote /tmp/velox-phrase-runtime-cert/inputs/phrase_apple_clean_06_blur_gravity/catalog-motions.mp4
[2026-10-02 18:51:49.712] [info] [startup-profile] total=1021.63ms logger=0.10ms cli_bootstrap=10.29ms cli_parse=0.00ms composition=0.32ms plan_read=0.40ms json_parse=4.72ms plan_decode_validate=84.02ms asset_resolve=0.03ms plan_compile=6.73ms other=0.00ms
[2026-10-02 18:51:49.741] [info] [video] Wrote exact per-frame timing sidecar: /tmp/velox-phrase-runtime-cert/inputs/phrase_apple_clean_06_blur_gravity/catalog-motions.mp4.timing.json
[2026-10-02 18:51:49.772] [info] [INFO] job-lifecycle: slot_pool_close_ms=0.0 surface_release_ms=0.1
[2026-10-02 18:51:49.903] [info] [INFO] job-lifecycle: queue_close_ms=0.0 writer_join_ms=0.0 encoder_reset_ms=28.2 decoder_reset_ms=0.0 full_graph_reset_ms=131.0 sink_ctx_reset_ms=0.0 device_runtime_reset_ms=0.0 device_reservation_reset_ms=0.0
[2026-10-02 18:51:49.903] [info] [INFO] job-lifecycle: sidecar_write_ms=31.3 session_teardown_ms=159.6
[2026-10-02 18:51:49.917] [info] [INFO] job-lifecycle: execute_ms=2562.4 receipt_build_ms=0.0 receipt_write_ms=0.0 caller_tail_ms=0.0
