[2026-10-02 18:52:47.997] [info] [overlay-prepare] validated package=/tmp/velox-phrase-runtime-cert/inputs/phrase_apple_clean_27_opacity_parallax/prepared.json hash=6f84295bb229ac9b9fd3cde1d8ba11d0c48beec51e8237b11fa08fbe70521a64 assets=0 text_runs=1 overlays=2
[2026-10-02 18:52:48.001] [info] [asset-profile] kind=3 path=assets/fonts/Poppins-Bold.ttf bytes=155996 cache=miss invalidated=0 stat=0.01ms hash=3.27ms hashed_bytes=155996 total=3.41ms
[2026-10-02 18:52:48.001] [info] [asset-digest-cache] hits=0 misses=1 invalidations=0 bytes_hashed=155996 lookup_ms=0.01 write_ms=0.01 full_hash_ms=3.27
[2026-10-02 18:52:48.003] [info] [plan-profile] read=0.14ms parse=2.47ms decode=54.67ms resolver=0.03ms compile_validate=5.66ms total=66.28ms
[2026-10-02 18:52:48.003] [info] [asset-profile] kind=3 path=assets/fonts/Poppins-Bold.ttf bytes=155996 cache=hit invalidated=0 stat=0.01ms hash=0.00ms hashed_bytes=0 total=0.10ms
[2026-10-02 18:52:48.003] [info] [asset-digest-cache] hits=1 misses=0 invalidations=0 bytes_hashed=0 lookup_ms=0.01 write_ms=0.00 full_hash_ms=0.00
[2026-10-02 18:52:48.007] [info] [plan-compile-profile] assets=0.28ms fingerprint=2.62ms media_resolution=0.00ms materialize=0.16ms composition_compile=0.00ms compatibility_view=0.13ms total=3.53ms
[2026-10-02 18:52:48.008] [info] [video] Auto-selecting yuv420p pipe pixel format for 1280x720 output
[2026-10-02 18:52:48.008] [info] [video] execution plan resolved (reason: required_gpu_native_full_graph); decode=1 composite=2 encode=1 interop=2 handoff=1 codec=3
[2026-10-02 18:52:48.031] [info] [video-runtime] created persistent runtime for device 0 (CUDA ordinal 0)
[2026-10-02 18:52:48.031] [info] [video] encoder feed capability: host_frame=false direct_yuv=false native_surface=true
[2026-10-02 18:52:48.254] [info] [native_av] CUDA context contract: native=0x5599c0c45340 ffmpeg=0x5599c0c45340
[2026-10-02 18:52:48.273] [info] [native_av] NVENC tuning applied: rc=constqp preset=p1 async_depth=4 nvenc_surfaces=8 qp=23 bitrate=0
[2026-10-02 18:52:48.306] [info] [native_av] encoder bitstream contract: codec=27 profile=100 level=-99 pix_fmt=119 parameter_sets=49 materialized=true
[2026-10-02 18:52:48.307] [info] [native_av] Opened native encoder: 1280x720 @ 24fps, codec=h264_nvenc, rc=constqp, preset=p1, output='/tmp/velox-phrase-runtime-cert/inputs/phrase_apple_clean_27_opacity_parallax/catalog-motions.partial.mp4'
[2026-10-02 18:52:49.575] [info] [pool-warm] Pre-allocated and pre-imported 6 execution slots (1280x720) for native NVENC
[2026-10-02 18:52:49.666] [info] chronon3d::vulkan text batch formats: dst_image.format=109 atlas_image.format=44 atlas_encoding=2 (shader contract: dst rgba32f, atlas rgba8)
[2026-10-02 18:52:49.667] [info] [temp-lifetime] frame=0 after_level=0 live=[0,1,3,] retired=[]
[2026-10-02 18:52:49.667] [info] [exec-level-diag] frame=0 level=0 nodes=3 input_ms=0.006 dispatch_ms=6.454 fb_release_ms=0.005
[2026-10-02 18:52:49.667] [info] [graph-edge] frame=0 level=1 consumer_id=2 input_index=0 producer_id=0 producer_level=0
[2026-10-02 18:52:49.667] [info] [graph-edge] frame=0 level=1 consumer_id=2 input_index=1 producer_id=1 producer_level=0
[2026-10-02 18:52:49.667] [info] [graph-edge] frame=0 level=1 consumer_id=4 input_index=0 producer_id=3 producer_level=0
[2026-10-02 18:52:49.674] [info] [temp-lifetime] frame=0 after_level=1 live=[2,4,] retired=[0,1,3,]
[2026-10-02 18:52:49.674] [info] [exec-level-diag] frame=0 level=1 nodes=2 input_ms=0.103 dispatch_ms=6.130 fb_release_ms=0.020
[2026-10-02 18:52:49.674] [info] [graph-edge] frame=0 level=2 consumer_id=5 input_index=0 producer_id=2 producer_level=1
[2026-10-02 18:52:49.674] [info] [graph-edge] frame=0 level=2 consumer_id=5 input_index=1 producer_id=4 producer_level=1
[2026-10-02 18:52:49.674] [info] [temp-lifetime] frame=0 after_level=2 live=[5,] retired=[2,4,]
[2026-10-02 18:52:49.674] [info] [exec-level-diag] frame=0 level=2 nodes=1 input_ms=0.110 dispatch_ms=0.185 fb_release_ms=0.008
[2026-10-02 18:52:49.675] [info] [video] Exporting via Arena-backed SIMD pipeline
[2026-10-02 18:52:49.685] [info] [temp-lifetime] frame=1 after_level=0 live=[0,1,3,] retired=[]
[2026-10-02 18:52:49.685] [info] [exec-level-diag] frame=1 level=0 nodes=3 input_ms=0.003 dispatch_ms=1.604 fb_release_ms=0.004
[2026-10-02 18:52:49.686] [info] [graph-edge] frame=1 level=1 consumer_id=2 input_index=0 producer_id=0 producer_level=0
[2026-10-02 18:52:49.686] [info] [graph-edge] frame=1 level=1 consumer_id=2 input_index=1 producer_id=1 producer_level=0
[2026-10-02 18:52:49.686] [info] [graph-edge] frame=1 level=1 consumer_id=4 input_index=0 producer_id=3 producer_level=0
[2026-10-02 18:52:49.686] [info] [temp-lifetime] frame=1 after_level=1 live=[2,4,] retired=[0,1,3,]
[2026-10-02 18:52:49.686] [info] [exec-level-diag] frame=1 level=1 nodes=2 input_ms=0.111 dispatch_ms=0.511 fb_release_ms=0.018
[2026-10-02 18:52:49.686] [info] [graph-edge] frame=1 level=2 consumer_id=5 input_index=0 producer_id=2 producer_level=1
[2026-10-02 18:52:49.686] [info] [graph-edge] frame=1 level=2 consumer_id=5 input_index=1 producer_id=4 producer_level=1
[2026-10-02 18:52:49.687] [info] [temp-lifetime] frame=1 after_level=2 live=[5,] retired=[2,4,]
[2026-10-02 18:52:49.687] [info] [exec-level-diag] frame=1 level=2 nodes=1 input_ms=0.139 dispatch_ms=0.254 fb_release_ms=0.013
[2026-10-02 18:52:49.704] [info] [temp-lifetime] frame=2 after_level=0 live=[0,1,3,] retired=[]
[2026-10-02 18:52:49.704] [info] [exec-level-diag] frame=2 level=0 nodes=3 input_ms=0.005 dispatch_ms=1.438 fb_release_ms=0.004
[2026-10-02 18:52:49.704] [info] [graph-edge] frame=2 level=1 consumer_id=2 input_index=0 producer_id=0 producer_level=0
[2026-10-02 18:52:49.704] [info] [graph-edge] frame=2 level=1 consumer_id=2 input_index=1 producer_id=1 producer_level=0
[2026-10-02 18:52:49.704] [info] [graph-edge] frame=2 level=1 consumer_id=4 input_index=0 producer_id=3 producer_level=0
[2026-10-02 18:52:49.705] [info] [temp-lifetime] frame=2 after_level=1 live=[2,4,] retired=[0,1,3,]
[2026-10-02 18:52:49.705] [info] [exec-level-diag] frame=2 level=1 nodes=2 input_ms=0.124 dispatch_ms=0.562 fb_release_ms=0.016
[2026-10-02 18:52:49.705] [info] [graph-edge] frame=2 level=2 consumer_id=5 input_index=0 producer_id=2 producer_level=1
[2026-10-02 18:52:49.705] [info] [graph-edge] frame=2 level=2 consumer_id=5 input_index=1 producer_id=4 producer_level=1
[2026-10-02 18:52:49.705] [info] [temp-lifetime] frame=2 after_level=2 live=[5,] retired=[2,4,]
[2026-10-02 18:52:49.705] [info] [exec-level-diag] frame=2 level=2 nodes=1 input_ms=0.084 dispatch_ms=0.195 fb_release_ms=0.009
[2026-10-02 18:52:49.706] [info] [video]   4/48 frames
[2026-10-02 18:52:49.756] [info] [video]   8/48 frames
[2026-10-02 18:52:49.798] [info] [video]   12/48 frames
[2026-10-02 18:52:49.841] [info] [video]   16/48 frames
[2026-10-02 18:52:49.883] [info] [video]   20/48 frames
[2026-10-02 18:52:49.929] [info] [video]   24/48 frames
[2026-10-02 18:52:49.951] [info] [vulkan-lifecycle] frame=25 vram_bytes=333283328 live_surfaces=13 surface_bindings=7 registry_live_handles=107 physical_images=13 deferred_releases=2 vma_allocations=45 surfaces_created=157 surfaces_released=150 queue_packages=1 execution_slots_busy=2 command_batch_active=false
[2026-10-02 18:52:49.973] [info] [video]   28/48 frames
[2026-10-02 18:52:50.018] [info] [video]   32/48 frames
[2026-10-02 18:52:50.065] [info] [video]   36/48 frames
[2026-10-02 18:52:50.109] [info] [video]   40/48 frames
[2026-10-02 18:52:50.156] [info] [video]   44/48 frames
[2026-10-02 18:52:50.197] [info] [video]   48/48 frames
[2026-10-02 18:52:50.211] [info] [video] writer join complete
[2026-10-02 18:52:50.211] [info] [drain-debug] start drain, capacity=6
[2026-10-02 18:52:50.211] [info] [drain-debug] slot_id=4 has completion, waiting
[2026-10-02 18:52:50.211] [info] [drain-debug] slot_id=4 wait complete
[2026-10-02 18:52:50.211] [info] [drain-debug] slot_id=5 has completion, waiting
[2026-10-02 18:52:50.212] [info] [drain-debug] slot_id=5 wait complete
[2026-10-02 18:52:50.212] [info] [drain-debug] reap done, busy_count=0
[2026-10-02 18:52:50.212] [info] [video] trimming framebuffer pool
[2026-10-02 18:52:50.212] [info] [video] Released framebuffer pool — memory trimmed
[2026-10-02 18:52:50.212] [info] [video] frame-loop cleanup complete
[2026-10-02 18:52:50.212] [info] [video] Encoder write blocked duration: 0.00 ms
[2026-10-02 18:52:50.212] [info] [video_diag] conversion_and_copy_duration_ms: 0 ms
[2026-10-02 18:52:50.212] [info] [video_diag] conversion_bytes_written=0 encoder_staging_copy_bytes=0 encoder_slot_reuses=0
[2026-10-02 18:52:50.212] [info] [native_av] close: sending encoder flush
[2026-10-02 18:52:50.212] [info] [native_av] close: encoder flush accepted
[2026-10-02 18:52:50.213] [info] [native_av] close: packets drained=true
[2026-10-02 18:52:50.213] [info] [native_av] close: finalizing mux session
[2026-10-02 18:52:50.213] [info] [native_av] close: mux session finalized
[2026-10-02 18:52:50.213] [info] [native_av] Closed native encoder — 48 frames accepted, encoder_packets=48 mux_packets=48 packet_pts=0..47, YUV cache: 0 hits / 0 misses
[2026-10-02 18:52:50.213] [info] [video_native] convert=117.20ms  send_frame=13.29ms  backpressure=0.00ms  flush=1.21ms  receive_packet=0.63ms  mux_write=0.64ms  trailer=0.40ms
[2026-10-02 18:52:50.215] [info] [video] render_ms=606.32 encode_ms=8.03 writer_encode_ms=132.42 wall_ms=2206.92 nvml_stop_ms=0.16
[2026-10-02 18:52:50.215] [info] [video] FFmpeg queue wait duration: 0.41 ms
[2026-10-02 18:52:50.221] [info] [video] copy_eligible=true sha256=dbe6120e2bf0c6251e8aa19d8b82b6a91da4230678d17ca76ebcb930343fb7d6
[2026-10-02 18:52:50.221] [info] [video] Wrote /tmp/velox-phrase-runtime-cert/inputs/phrase_apple_clean_27_opacity_parallax/catalog-motions.mp4
[2026-10-02 18:52:50.222] [info] [startup-profile] total=937.41ms logger=0.10ms cli_bootstrap=10.28ms cli_parse=0.00ms composition=0.30ms plan_read=0.14ms json_parse=2.47ms plan_decode_validate=54.67ms asset_resolve=0.03ms plan_compile=5.66ms other=0.00ms
[2026-10-02 18:52:50.251] [info] [video] Wrote exact per-frame timing sidecar: /tmp/velox-phrase-runtime-cert/inputs/phrase_apple_clean_27_opacity_parallax/catalog-motions.mp4.timing.json
[2026-10-02 18:52:50.279] [info] [INFO] job-lifecycle: slot_pool_close_ms=0.0 surface_release_ms=0.1
[2026-10-02 18:52:50.405] [info] [INFO] job-lifecycle: queue_close_ms=0.0 writer_join_ms=0.0 encoder_reset_ms=26.1 decoder_reset_ms=0.0 full_graph_reset_ms=125.4 sink_ctx_reset_ms=0.0 device_runtime_reset_ms=0.0 device_reservation_reset_ms=0.0
[2026-10-02 18:52:50.405] [info] [INFO] job-lifecycle: sidecar_write_ms=31.5 session_teardown_ms=152.0
[2026-10-02 18:52:50.416] [info] [INFO] job-lifecycle: execute_ms=2408.7 receipt_build_ms=0.0 receipt_write_ms=0.0 caller_tail_ms=0.0
