[2026-10-02 18:51:36.142] [info] [overlay-prepare] validated package=/tmp/velox-phrase-runtime-cert/inputs/phrase_apple_clean_02_blur_focus_snap/prepared.json hash=c7454df554ae905f9b19248943ba0f9cc266315b688338e100b6c54cdfa6e6a9 assets=0 text_runs=1 overlays=2
[2026-10-02 18:51:36.146] [info] [asset-profile] kind=3 path=assets/fonts/Poppins-Bold.ttf bytes=155996 cache=miss invalidated=0 stat=0.01ms hash=3.64ms hashed_bytes=155996 total=3.79ms
[2026-10-02 18:51:36.146] [info] [asset-digest-cache] hits=0 misses=1 invalidations=0 bytes_hashed=155996 lookup_ms=0.01 write_ms=0.01 full_hash_ms=3.64
[2026-10-02 18:51:36.149] [info] [plan-profile] read=0.23ms parse=2.42ms decode=54.37ms resolver=0.03ms compile_validate=6.15ms total=66.59ms
[2026-10-02 18:51:36.149] [info] [asset-profile] kind=3 path=assets/fonts/Poppins-Bold.ttf bytes=155996 cache=hit invalidated=0 stat=0.01ms hash=0.00ms hashed_bytes=0 total=0.10ms
[2026-10-02 18:51:36.149] [info] [asset-digest-cache] hits=1 misses=0 invalidations=0 bytes_hashed=0 lookup_ms=0.01 write_ms=0.00 full_hash_ms=0.00
[2026-10-02 18:51:36.152] [info] [plan-compile-profile] assets=0.30ms fingerprint=2.62ms media_resolution=0.00ms materialize=0.20ms composition_compile=0.00ms compatibility_view=0.15ms total=3.67ms
[2026-10-02 18:51:36.153] [info] [video] Auto-selecting yuv420p pipe pixel format for 1280x720 output
[2026-10-02 18:51:36.154] [info] [video] execution plan resolved (reason: required_gpu_native_full_graph); decode=1 composite=2 encode=1 interop=2 handoff=1 codec=3
[2026-10-02 18:51:36.171] [info] [video-runtime] created persistent runtime for device 0 (CUDA ordinal 0)
[2026-10-02 18:51:36.172] [info] [video] encoder feed capability: host_frame=false direct_yuv=false native_surface=true
[2026-10-02 18:51:36.393] [info] [native_av] CUDA context contract: native=0x561da03ac930 ffmpeg=0x561da03ac930
[2026-10-02 18:51:36.411] [info] [native_av] NVENC tuning applied: rc=constqp preset=p1 async_depth=4 nvenc_surfaces=8 qp=23 bitrate=0
[2026-10-02 18:51:36.444] [info] [native_av] encoder bitstream contract: codec=27 profile=100 level=-99 pix_fmt=119 parameter_sets=49 materialized=true
[2026-10-02 18:51:36.444] [info] [native_av] Opened native encoder: 1280x720 @ 24fps, codec=h264_nvenc, rc=constqp, preset=p1, output='/tmp/velox-phrase-runtime-cert/inputs/phrase_apple_clean_02_blur_focus_snap/catalog-motions.partial.mp4'
[2026-10-02 18:51:37.739] [info] [pool-warm] Pre-allocated and pre-imported 6 execution slots (1280x720) for native NVENC
[2026-10-02 18:51:37.841] [info] chronon3d::vulkan text batch formats: dst_image.format=109 atlas_image.format=44 atlas_encoding=2 (shader contract: dst rgba32f, atlas rgba8)
[2026-10-02 18:51:37.842] [info] [temp-lifetime] frame=0 after_level=0 live=[0,1,3,] retired=[]
[2026-10-02 18:51:37.842] [info] [exec-level-diag] frame=0 level=0 nodes=3 input_ms=0.008 dispatch_ms=6.365 fb_release_ms=0.005
[2026-10-02 18:51:37.842] [info] [graph-edge] frame=0 level=1 consumer_id=2 input_index=0 producer_id=0 producer_level=0
[2026-10-02 18:51:37.842] [info] [graph-edge] frame=0 level=1 consumer_id=2 input_index=1 producer_id=1 producer_level=0
[2026-10-02 18:51:37.842] [info] [graph-edge] frame=0 level=1 consumer_id=4 input_index=0 producer_id=3 producer_level=0
[2026-10-02 18:51:37.848] [info] [temp-lifetime] frame=0 after_level=1 live=[2,4,] retired=[0,1,3,]
[2026-10-02 18:51:37.848] [info] [exec-level-diag] frame=0 level=1 nodes=2 input_ms=0.204 dispatch_ms=5.780 fb_release_ms=0.023
[2026-10-02 18:51:37.848] [info] [graph-edge] frame=0 level=2 consumer_id=5 input_index=0 producer_id=2 producer_level=1
[2026-10-02 18:51:37.849] [info] [graph-edge] frame=0 level=2 consumer_id=5 input_index=1 producer_id=4 producer_level=1
[2026-10-02 18:51:37.849] [info] [temp-lifetime] frame=0 after_level=2 live=[5,] retired=[2,4,]
[2026-10-02 18:51:37.849] [info] [exec-level-diag] frame=0 level=2 nodes=1 input_ms=0.124 dispatch_ms=0.224 fb_release_ms=0.008
[2026-10-02 18:51:37.850] [info] [video] Exporting via Arena-backed SIMD pipeline
[2026-10-02 18:51:37.862] [info] [temp-lifetime] frame=1 after_level=0 live=[0,1,3,] retired=[]
[2026-10-02 18:51:37.862] [info] [exec-level-diag] frame=1 level=0 nodes=3 input_ms=0.006 dispatch_ms=1.706 fb_release_ms=0.005
[2026-10-02 18:51:37.862] [info] [graph-edge] frame=1 level=1 consumer_id=2 input_index=0 producer_id=0 producer_level=0
[2026-10-02 18:51:37.862] [info] [graph-edge] frame=1 level=1 consumer_id=2 input_index=1 producer_id=1 producer_level=0
[2026-10-02 18:51:37.862] [info] [graph-edge] frame=1 level=1 consumer_id=4 input_index=0 producer_id=3 producer_level=0
[2026-10-02 18:51:37.864] [info] [temp-lifetime] frame=1 after_level=1 live=[2,4,] retired=[0,1,3,]
[2026-10-02 18:51:37.864] [info] [exec-level-diag] frame=1 level=1 nodes=2 input_ms=0.180 dispatch_ms=1.514 fb_release_ms=0.021
[2026-10-02 18:51:37.864] [info] [graph-edge] frame=1 level=2 consumer_id=5 input_index=0 producer_id=2 producer_level=1
[2026-10-02 18:51:37.864] [info] [graph-edge] frame=1 level=2 consumer_id=5 input_index=1 producer_id=4 producer_level=1
[2026-10-02 18:51:37.864] [info] [temp-lifetime] frame=1 after_level=2 live=[5,] retired=[2,4,]
[2026-10-02 18:51:37.864] [info] [exec-level-diag] frame=1 level=2 nodes=1 input_ms=0.126 dispatch_ms=0.283 fb_release_ms=0.013
[2026-10-02 18:51:37.881] [info] [temp-lifetime] frame=2 after_level=0 live=[0,1,3,] retired=[]
[2026-10-02 18:51:37.881] [info] [exec-level-diag] frame=2 level=0 nodes=3 input_ms=0.008 dispatch_ms=1.807 fb_release_ms=0.006
[2026-10-02 18:51:37.881] [info] [graph-edge] frame=2 level=1 consumer_id=2 input_index=0 producer_id=0 producer_level=0
[2026-10-02 18:51:37.881] [info] [graph-edge] frame=2 level=1 consumer_id=2 input_index=1 producer_id=1 producer_level=0
[2026-10-02 18:51:37.881] [info] [graph-edge] frame=2 level=1 consumer_id=4 input_index=0 producer_id=3 producer_level=0
[2026-10-02 18:51:37.883] [info] [temp-lifetime] frame=2 after_level=1 live=[2,4,] retired=[0,1,3,]
[2026-10-02 18:51:37.883] [info] [exec-level-diag] frame=2 level=1 nodes=2 input_ms=0.186 dispatch_ms=1.469 fb_release_ms=0.019
[2026-10-02 18:51:37.883] [info] [graph-edge] frame=2 level=2 consumer_id=5 input_index=0 producer_id=2 producer_level=1
[2026-10-02 18:51:37.883] [info] [graph-edge] frame=2 level=2 consumer_id=5 input_index=1 producer_id=4 producer_level=1
[2026-10-02 18:51:37.883] [info] [temp-lifetime] frame=2 after_level=2 live=[5,] retired=[2,4,]
[2026-10-02 18:51:37.883] [info] [exec-level-diag] frame=2 level=2 nodes=1 input_ms=0.068 dispatch_ms=0.186 fb_release_ms=0.008
[2026-10-02 18:51:37.884] [info] [video]   4/48 frames
[2026-10-02 18:51:37.936] [info] [video]   8/48 frames
[2026-10-02 18:51:37.988] [info] [video]   12/48 frames
[2026-10-02 18:51:38.039] [info] [video]   16/48 frames
[2026-10-02 18:51:38.090] [info] [video]   20/48 frames
[2026-10-02 18:51:38.139] [info] [video]   24/48 frames
[2026-10-02 18:51:38.166] [info] [vulkan-lifecycle] frame=25 vram_bytes=333283328 live_surfaces=13 surface_bindings=7 registry_live_handles=107 physical_images=13 deferred_releases=2 vma_allocations=65 surfaces_created=157 surfaces_released=150 queue_packages=1 execution_slots_busy=2 command_batch_active=false
[2026-10-02 18:51:38.193] [info] [video]   28/48 frames
[2026-10-02 18:51:38.245] [info] [video]   32/48 frames
[2026-10-02 18:51:38.296] [info] [video]   36/48 frames
[2026-10-02 18:51:38.345] [info] [video]   40/48 frames
[2026-10-02 18:51:38.393] [info] [video]   44/48 frames
[2026-10-02 18:51:38.439] [info] [video]   48/48 frames
[2026-10-02 18:51:38.456] [info] [video] writer join complete
[2026-10-02 18:51:38.456] [info] [drain-debug] start drain, capacity=6
[2026-10-02 18:51:38.456] [info] [drain-debug] slot_id=4 has completion, waiting
[2026-10-02 18:51:38.456] [info] [drain-debug] slot_id=4 wait complete
[2026-10-02 18:51:38.456] [info] [drain-debug] slot_id=5 has completion, waiting
[2026-10-02 18:51:38.456] [info] [drain-debug] slot_id=5 wait complete
[2026-10-02 18:51:38.456] [info] [drain-debug] reap done, busy_count=0
[2026-10-02 18:51:38.456] [info] [video] trimming framebuffer pool
[2026-10-02 18:51:38.456] [info] [video] Released framebuffer pool — memory trimmed
[2026-10-02 18:51:38.456] [info] [video] frame-loop cleanup complete
[2026-10-02 18:51:38.456] [info] [video] Encoder write blocked duration: 0.00 ms
[2026-10-02 18:51:38.456] [info] [video_diag] conversion_and_copy_duration_ms: 0 ms
[2026-10-02 18:51:38.457] [info] [video_diag] conversion_bytes_written=0 encoder_staging_copy_bytes=0 encoder_slot_reuses=0
[2026-10-02 18:51:38.457] [info] [native_av] close: sending encoder flush
[2026-10-02 18:51:38.457] [info] [native_av] close: encoder flush accepted
[2026-10-02 18:51:38.457] [info] [native_av] close: packets drained=true
[2026-10-02 18:51:38.457] [info] [native_av] close: finalizing mux session
[2026-10-02 18:51:38.457] [info] [native_av] close: mux session finalized
[2026-10-02 18:51:38.458] [info] [native_av] Closed native encoder — 48 frames accepted, encoder_packets=48 mux_packets=48 packet_pts=0..47, YUV cache: 0 hits / 0 misses
[2026-10-02 18:51:38.458] [info] [video_native] convert=110.26ms  send_frame=14.40ms  backpressure=0.00ms  flush=0.97ms  receive_packet=0.47ms  mux_write=0.81ms  trailer=0.35ms
[2026-10-02 18:51:38.459] [info] [video] render_ms=685.62 encode_ms=7.63 writer_encode_ms=127.64 wall_ms=2305.65 nvml_stop_ms=0.11
[2026-10-02 18:51:38.459] [info] [video] FFmpeg queue wait duration: 0.47 ms
[2026-10-02 18:51:38.467] [info] [video] copy_eligible=true sha256=2a250dcc753762de912df820b5777dfe0aebb0ae61b3d0727ac5ccf47924f085
[2026-10-02 18:51:38.467] [info] [video] Wrote /tmp/velox-phrase-runtime-cert/inputs/phrase_apple_clean_02_blur_focus_snap/catalog-motions.mp4
[2026-10-02 18:51:38.467] [info] [startup-profile] total=941.41ms logger=0.12ms cli_bootstrap=10.03ms cli_parse=0.00ms composition=0.33ms plan_read=0.23ms json_parse=2.42ms plan_decode_validate=54.37ms asset_resolve=0.03ms plan_compile=6.15ms other=0.00ms
[2026-10-02 18:51:38.497] [info] [video] Wrote exact per-frame timing sidecar: /tmp/velox-phrase-runtime-cert/inputs/phrase_apple_clean_02_blur_focus_snap/catalog-motions.mp4.timing.json
[2026-10-02 18:51:38.530] [info] [INFO] job-lifecycle: slot_pool_close_ms=0.0 surface_release_ms=0.1
[2026-10-02 18:51:38.659] [info] [INFO] job-lifecycle: queue_close_ms=0.0 writer_join_ms=0.0 encoder_reset_ms=30.5 decoder_reset_ms=0.0 full_graph_reset_ms=129.3 sink_ctx_reset_ms=0.0 device_runtime_reset_ms=0.0 device_reservation_reset_ms=0.0
[2026-10-02 18:51:38.660] [info] [INFO] job-lifecycle: sidecar_write_ms=32.2 session_teardown_ms=160.2
[2026-10-02 18:51:38.670] [info] [INFO] job-lifecycle: execute_ms=2516.2 receipt_build_ms=0.0 receipt_write_ms=0.0 caller_tail_ms=0.0
