[2026-10-02 18:51:38.925] [info] [overlay-prepare] validated package=/tmp/velox-phrase-runtime-cert/inputs/phrase_apple_clean_03_blur_scale_clean/prepared.json hash=9532280808fb0c0e0265d3eb1a1ef1eb9e53dd0a743b7dd0268b82eee3cf4221 assets=0 text_runs=1 overlays=2
[2026-10-02 18:51:38.930] [info] [asset-profile] kind=3 path=assets/fonts/Poppins-Bold.ttf bytes=155996 cache=miss invalidated=0 stat=0.01ms hash=3.55ms hashed_bytes=155996 total=3.71ms
[2026-10-02 18:51:38.930] [info] [asset-digest-cache] hits=0 misses=1 invalidations=0 bytes_hashed=155996 lookup_ms=0.01 write_ms=0.02 full_hash_ms=3.55
[2026-10-02 18:51:38.932] [info] [plan-profile] read=0.20ms parse=2.83ms decode=57.32ms resolver=0.03ms compile_validate=6.67ms total=71.49ms
[2026-10-02 18:51:38.933] [info] [asset-profile] kind=3 path=assets/fonts/Poppins-Bold.ttf bytes=155996 cache=hit invalidated=0 stat=0.01ms hash=0.00ms hashed_bytes=0 total=0.10ms
[2026-10-02 18:51:38.933] [info] [asset-digest-cache] hits=1 misses=0 invalidations=0 bytes_hashed=0 lookup_ms=0.01 write_ms=0.00 full_hash_ms=0.00
[2026-10-02 18:51:38.937] [info] [plan-compile-profile] assets=0.31ms fingerprint=3.05ms media_resolution=0.00ms materialize=0.18ms composition_compile=0.00ms compatibility_view=0.17ms total=4.13ms
[2026-10-02 18:51:38.938] [info] [video] Auto-selecting yuv420p pipe pixel format for 1280x720 output
[2026-10-02 18:51:38.938] [info] [video] execution plan resolved (reason: required_gpu_native_full_graph); decode=1 composite=2 encode=1 interop=2 handoff=1 codec=3
[2026-10-02 18:51:38.956] [info] [video-runtime] created persistent runtime for device 0 (CUDA ordinal 0)
[2026-10-02 18:51:38.956] [info] [video] encoder feed capability: host_frame=false direct_yuv=false native_surface=true
[2026-10-02 18:51:39.238] [info] [native_av] CUDA context contract: native=0x560244682040 ffmpeg=0x560244682040
[2026-10-02 18:51:39.258] [info] [native_av] NVENC tuning applied: rc=constqp preset=p1 async_depth=4 nvenc_surfaces=8 qp=23 bitrate=0
[2026-10-02 18:51:39.294] [info] [native_av] encoder bitstream contract: codec=27 profile=100 level=-99 pix_fmt=119 parameter_sets=49 materialized=true
[2026-10-02 18:51:39.294] [info] [native_av] Opened native encoder: 1280x720 @ 24fps, codec=h264_nvenc, rc=constqp, preset=p1, output='/tmp/velox-phrase-runtime-cert/inputs/phrase_apple_clean_03_blur_scale_clean/catalog-motions.partial.mp4'
[2026-10-02 18:51:40.581] [info] [pool-warm] Pre-allocated and pre-imported 6 execution slots (1280x720) for native NVENC
[2026-10-02 18:51:40.691] [info] chronon3d::vulkan text batch formats: dst_image.format=109 atlas_image.format=44 atlas_encoding=2 (shader contract: dst rgba32f, atlas rgba8)
[2026-10-02 18:51:40.692] [info] [temp-lifetime] frame=0 after_level=0 live=[0,1,3,] retired=[]
[2026-10-02 18:51:40.692] [info] [exec-level-diag] frame=0 level=0 nodes=3 input_ms=0.007 dispatch_ms=5.635 fb_release_ms=0.005
[2026-10-02 18:51:40.692] [info] [graph-edge] frame=0 level=1 consumer_id=2 input_index=0 producer_id=0 producer_level=0
[2026-10-02 18:51:40.692] [info] [graph-edge] frame=0 level=1 consumer_id=2 input_index=1 producer_id=1 producer_level=0
[2026-10-02 18:51:40.693] [info] [graph-edge] frame=0 level=1 consumer_id=4 input_index=0 producer_id=3 producer_level=0
[2026-10-02 18:51:40.697] [info] [temp-lifetime] frame=0 after_level=1 live=[2,4,] retired=[0,1,3,]
[2026-10-02 18:51:40.697] [info] [exec-level-diag] frame=0 level=1 nodes=2 input_ms=0.130 dispatch_ms=4.409 fb_release_ms=0.021
[2026-10-02 18:51:40.697] [info] [graph-edge] frame=0 level=2 consumer_id=5 input_index=0 producer_id=2 producer_level=1
[2026-10-02 18:51:40.697] [info] [graph-edge] frame=0 level=2 consumer_id=5 input_index=1 producer_id=4 producer_level=1
[2026-10-02 18:51:40.697] [info] [temp-lifetime] frame=0 after_level=2 live=[5,] retired=[2,4,]
[2026-10-02 18:51:40.698] [info] [exec-level-diag] frame=0 level=2 nodes=1 input_ms=0.110 dispatch_ms=0.208 fb_release_ms=0.009
[2026-10-02 18:51:40.698] [info] [video] Exporting via Arena-backed SIMD pipeline
[2026-10-02 18:51:40.710] [info] [temp-lifetime] frame=1 after_level=0 live=[0,1,3,] retired=[]
[2026-10-02 18:51:40.710] [info] [exec-level-diag] frame=1 level=0 nodes=3 input_ms=0.003 dispatch_ms=2.381 fb_release_ms=0.005
[2026-10-02 18:51:40.710] [info] [graph-edge] frame=1 level=1 consumer_id=2 input_index=0 producer_id=0 producer_level=0
[2026-10-02 18:51:40.710] [info] [graph-edge] frame=1 level=1 consumer_id=2 input_index=1 producer_id=1 producer_level=0
[2026-10-02 18:51:40.710] [info] [graph-edge] frame=1 level=1 consumer_id=4 input_index=0 producer_id=3 producer_level=0
[2026-10-02 18:51:40.712] [info] [temp-lifetime] frame=1 after_level=1 live=[2,4,] retired=[0,1,3,]
[2026-10-02 18:51:40.712] [info] [exec-level-diag] frame=1 level=1 nodes=2 input_ms=0.121 dispatch_ms=1.595 fb_release_ms=0.015
[2026-10-02 18:51:40.712] [info] [graph-edge] frame=1 level=2 consumer_id=5 input_index=0 producer_id=2 producer_level=1
[2026-10-02 18:51:40.712] [info] [graph-edge] frame=1 level=2 consumer_id=5 input_index=1 producer_id=4 producer_level=1
[2026-10-02 18:51:40.712] [info] [temp-lifetime] frame=1 after_level=2 live=[5,] retired=[2,4,]
[2026-10-02 18:51:40.712] [info] [exec-level-diag] frame=1 level=2 nodes=1 input_ms=0.096 dispatch_ms=0.184 fb_release_ms=0.009
[2026-10-02 18:51:40.727] [info] [temp-lifetime] frame=2 after_level=0 live=[0,1,3,] retired=[]
[2026-10-02 18:51:40.728] [info] [exec-level-diag] frame=2 level=0 nodes=3 input_ms=0.003 dispatch_ms=1.383 fb_release_ms=0.004
[2026-10-02 18:51:40.728] [info] [graph-edge] frame=2 level=1 consumer_id=2 input_index=0 producer_id=0 producer_level=0
[2026-10-02 18:51:40.728] [info] [graph-edge] frame=2 level=1 consumer_id=2 input_index=1 producer_id=1 producer_level=0
[2026-10-02 18:51:40.728] [info] [graph-edge] frame=2 level=1 consumer_id=4 input_index=0 producer_id=3 producer_level=0
[2026-10-02 18:51:40.728] [info] [temp-lifetime] frame=2 after_level=1 live=[2,4,] retired=[0,1,3,]
[2026-10-02 18:51:40.728] [info] [exec-level-diag] frame=2 level=1 nodes=2 input_ms=0.118 dispatch_ms=0.417 fb_release_ms=0.015
[2026-10-02 18:51:40.728] [info] [graph-edge] frame=2 level=2 consumer_id=5 input_index=0 producer_id=2 producer_level=1
[2026-10-02 18:51:40.728] [info] [graph-edge] frame=2 level=2 consumer_id=5 input_index=1 producer_id=4 producer_level=1
[2026-10-02 18:51:40.729] [info] [temp-lifetime] frame=2 after_level=2 live=[5,] retired=[2,4,]
[2026-10-02 18:51:40.729] [info] [exec-level-diag] frame=2 level=2 nodes=1 input_ms=0.085 dispatch_ms=0.195 fb_release_ms=0.008
[2026-10-02 18:51:40.729] [info] [video]   4/48 frames
[2026-10-02 18:51:40.780] [info] [video]   8/48 frames
[2026-10-02 18:51:40.828] [info] [video]   12/48 frames
[2026-10-02 18:51:40.875] [info] [video]   16/48 frames
[2026-10-02 18:51:40.924] [info] [video]   20/48 frames
[2026-10-02 18:51:40.985] [info] [video]   24/48 frames
[2026-10-02 18:51:41.006] [info] [vulkan-lifecycle] frame=25 vram_bytes=333283328 live_surfaces=13 surface_bindings=7 registry_live_handles=107 physical_images=13 deferred_releases=2 vma_allocations=55 surfaces_created=157 surfaces_released=150 queue_packages=1 execution_slots_busy=2 command_batch_active=false
[2026-10-02 18:51:41.028] [info] [video]   28/48 frames
[2026-10-02 18:51:41.076] [info] [video]   32/48 frames
[2026-10-02 18:51:41.123] [info] [video]   36/48 frames
[2026-10-02 18:51:41.166] [info] [video]   40/48 frames
[2026-10-02 18:51:41.214] [info] [video]   44/48 frames
[2026-10-02 18:51:41.255] [info] [video]   48/48 frames
[2026-10-02 18:51:41.272] [info] [video] writer join complete
[2026-10-02 18:51:41.272] [info] [drain-debug] start drain, capacity=6
[2026-10-02 18:51:41.272] [info] [drain-debug] slot_id=4 has completion, waiting
[2026-10-02 18:51:41.272] [info] [drain-debug] slot_id=4 wait complete
[2026-10-02 18:51:41.272] [info] [drain-debug] slot_id=5 has completion, waiting
[2026-10-02 18:51:41.272] [info] [drain-debug] slot_id=5 wait complete
[2026-10-02 18:51:41.272] [info] [drain-debug] reap done, busy_count=0
[2026-10-02 18:51:41.272] [info] [video] trimming framebuffer pool
[2026-10-02 18:51:41.272] [info] [video] Released framebuffer pool — memory trimmed
[2026-10-02 18:51:41.272] [info] [video] frame-loop cleanup complete
[2026-10-02 18:51:41.272] [info] [video] Encoder write blocked duration: 0.00 ms
[2026-10-02 18:51:41.272] [info] [video_diag] conversion_and_copy_duration_ms: 0 ms
[2026-10-02 18:51:41.272] [info] [video_diag] conversion_bytes_written=0 encoder_staging_copy_bytes=0 encoder_slot_reuses=0
[2026-10-02 18:51:41.273] [info] [native_av] close: sending encoder flush
[2026-10-02 18:51:41.273] [info] [native_av] close: encoder flush accepted
[2026-10-02 18:51:41.273] [info] [native_av] close: packets drained=true
[2026-10-02 18:51:41.273] [info] [native_av] close: finalizing mux session
[2026-10-02 18:51:41.273] [info] [native_av] close: mux session finalized
[2026-10-02 18:51:41.274] [info] [native_av] Closed native encoder — 48 frames accepted, encoder_packets=48 mux_packets=48 packet_pts=0..47, YUV cache: 0 hits / 0 misses
[2026-10-02 18:51:41.274] [info] [video_native] convert=114.87ms  send_frame=13.29ms  backpressure=0.00ms  flush=1.01ms  receive_packet=0.47ms  mux_write=0.73ms  trailer=0.37ms
[2026-10-02 18:51:41.275] [info] [video] render_ms=660.48 encode_ms=7.76 writer_encode_ms=130.29 wall_ms=2337.30 nvml_stop_ms=0.15
[2026-10-02 18:51:41.275] [info] [video] FFmpeg queue wait duration: 0.44 ms
[2026-10-02 18:51:41.283] [info] [video] copy_eligible=true sha256=44436a548c3386b0ec6e5c6afacb23b03d7215ab5ec247446d5ce094525571c9
[2026-10-02 18:51:41.283] [info] [video] Wrote /tmp/velox-phrase-runtime-cert/inputs/phrase_apple_clean_03_blur_scale_clean/catalog-motions.mp4
[2026-10-02 18:51:41.284] [info] [startup-profile] total=1004.59ms logger=0.11ms cli_bootstrap=10.11ms cli_parse=0.00ms composition=0.32ms plan_read=0.20ms json_parse=2.83ms plan_decode_validate=57.32ms asset_resolve=0.03ms plan_compile=6.67ms other=0.00ms
[2026-10-02 18:51:41.313] [info] [video] Wrote exact per-frame timing sidecar: /tmp/velox-phrase-runtime-cert/inputs/phrase_apple_clean_03_blur_scale_clean/catalog-motions.mp4.timing.json
[2026-10-02 18:51:41.343] [info] [INFO] job-lifecycle: slot_pool_close_ms=0.0 surface_release_ms=0.1
[2026-10-02 18:51:41.476] [info] [INFO] job-lifecycle: queue_close_ms=0.0 writer_join_ms=0.0 encoder_reset_ms=26.7 decoder_reset_ms=0.0 full_graph_reset_ms=133.6 sink_ctx_reset_ms=0.0 device_runtime_reset_ms=0.0 device_reservation_reset_ms=0.0
[2026-10-02 18:51:41.477] [info] [INFO] job-lifecycle: sidecar_write_ms=32.3 session_teardown_ms=160.8
[2026-10-02 18:51:41.486] [info] [INFO] job-lifecycle: execute_ms=2547.8 receipt_build_ms=0.0 receipt_write_ms=0.0 caller_tail_ms=0.0
