[2026-10-02 18:49:37.064] [info] [overlay-prepare] validated package=/tmp/velox-phrase-runtime-cert/inputs/pixel_grid_alpha_matrix/prepared.json hash=14ebee3df2d1343063fa31f3535ead5cc4c2862fe030120240fc9f2912ae24ce assets=0 text_runs=1 overlays=2
[2026-10-02 18:49:37.068] [info] [asset-profile] kind=3 path=assets/fonts/Poppins-Bold.ttf bytes=155996 cache=miss invalidated=0 stat=0.01ms hash=3.57ms hashed_bytes=155996 total=3.71ms
[2026-10-02 18:49:37.068] [info] [asset-digest-cache] hits=0 misses=1 invalidations=0 bytes_hashed=155996 lookup_ms=0.01 write_ms=0.01 full_hash_ms=3.57
[2026-10-02 18:49:37.070] [info] [plan-profile] read=0.13ms parse=2.34ms decode=55.50ms resolver=0.02ms compile_validate=5.89ms total=67.11ms
[2026-10-02 18:49:37.071] [info] [asset-profile] kind=3 path=assets/fonts/Poppins-Bold.ttf bytes=155996 cache=hit invalidated=0 stat=0.01ms hash=0.00ms hashed_bytes=0 total=0.10ms
[2026-10-02 18:49:37.071] [info] [asset-digest-cache] hits=1 misses=0 invalidations=0 bytes_hashed=0 lookup_ms=0.01 write_ms=0.00 full_hash_ms=0.00
[2026-10-02 18:49:37.074] [info] [plan-compile-profile] assets=0.28ms fingerprint=2.64ms media_resolution=0.00ms materialize=0.17ms composition_compile=0.00ms compatibility_view=0.14ms total=3.58ms
[2026-10-02 18:49:37.075] [info] [video] Auto-selecting yuv420p pipe pixel format for 1280x720 output
[2026-10-02 18:49:37.075] [info] [video] execution plan resolved (reason: required_gpu_native_full_graph); decode=1 composite=2 encode=1 interop=2 handoff=1 codec=3
[2026-10-02 18:49:37.092] [info] [video-runtime] created persistent runtime for device 0 (CUDA ordinal 0)
[2026-10-02 18:49:37.093] [info] [video] encoder feed capability: host_frame=false direct_yuv=false native_surface=true
[2026-10-02 18:49:37.300] [info] [native_av] CUDA context contract: native=0x556ebc20f1e0 ffmpeg=0x556ebc20f1e0
[2026-10-02 18:49:37.319] [info] [native_av] NVENC tuning applied: rc=constqp preset=p1 async_depth=4 nvenc_surfaces=8 qp=23 bitrate=0
[2026-10-02 18:49:37.352] [info] [native_av] encoder bitstream contract: codec=27 profile=100 level=-99 pix_fmt=119 parameter_sets=49 materialized=true
[2026-10-02 18:49:37.352] [info] [native_av] Opened native encoder: 1280x720 @ 24fps, codec=h264_nvenc, rc=constqp, preset=p1, output='/tmp/velox-phrase-runtime-cert/inputs/pixel_grid_alpha_matrix/catalog-motions.partial.mp4'
[2026-10-02 18:49:38.560] [info] [pool-warm] Pre-allocated and pre-imported 6 execution slots (1280x720) for native NVENC
[2026-10-02 18:49:38.644] [info] chronon3d::vulkan text batch formats: dst_image.format=109 atlas_image.format=44 atlas_encoding=2 (shader contract: dst rgba32f, atlas rgba8)
[2026-10-02 18:49:38.645] [info] [temp-lifetime] frame=0 after_level=0 live=[0,1,3,] retired=[]
[2026-10-02 18:49:38.645] [info] [exec-level-diag] frame=0 level=0 nodes=3 input_ms=0.008 dispatch_ms=4.920 fb_release_ms=0.005
[2026-10-02 18:49:38.645] [info] [graph-edge] frame=0 level=1 consumer_id=2 input_index=0 producer_id=0 producer_level=0
[2026-10-02 18:49:38.645] [info] [graph-edge] frame=0 level=1 consumer_id=2 input_index=1 producer_id=1 producer_level=0
[2026-10-02 18:49:38.645] [info] [graph-edge] frame=0 level=1 consumer_id=4 input_index=0 producer_id=3 producer_level=0
[2026-10-02 18:49:38.650] [info] [temp-lifetime] frame=0 after_level=1 live=[2,4,] retired=[0,1,3,]
[2026-10-02 18:49:38.650] [info] [exec-level-diag] frame=0 level=1 nodes=2 input_ms=0.120 dispatch_ms=4.950 fb_release_ms=0.019
[2026-10-02 18:49:38.650] [info] [graph-edge] frame=0 level=2 consumer_id=5 input_index=0 producer_id=2 producer_level=1
[2026-10-02 18:49:38.650] [info] [graph-edge] frame=0 level=2 consumer_id=5 input_index=1 producer_id=4 producer_level=1
[2026-10-02 18:49:38.651] [info] [temp-lifetime] frame=0 after_level=2 live=[5,] retired=[2,4,]
[2026-10-02 18:49:38.651] [info] [exec-level-diag] frame=0 level=2 nodes=1 input_ms=0.108 dispatch_ms=0.210 fb_release_ms=0.012
[2026-10-02 18:49:38.651] [info] [video] Exporting via Arena-backed SIMD pipeline
[2026-10-02 18:49:38.662] [info] [temp-lifetime] frame=1 after_level=0 live=[0,1,3,] retired=[]
[2026-10-02 18:49:38.662] [info] [exec-level-diag] frame=1 level=0 nodes=3 input_ms=0.003 dispatch_ms=1.394 fb_release_ms=0.006
[2026-10-02 18:49:38.662] [info] [graph-edge] frame=1 level=1 consumer_id=2 input_index=0 producer_id=0 producer_level=0
[2026-10-02 18:49:38.662] [info] [graph-edge] frame=1 level=1 consumer_id=2 input_index=1 producer_id=1 producer_level=0
[2026-10-02 18:49:38.662] [info] [graph-edge] frame=1 level=1 consumer_id=4 input_index=0 producer_id=3 producer_level=0
[2026-10-02 18:49:38.663] [info] [temp-lifetime] frame=1 after_level=1 live=[2,4,] retired=[0,1,3,]
[2026-10-02 18:49:38.663] [info] [exec-level-diag] frame=1 level=1 nodes=2 input_ms=0.095 dispatch_ms=0.559 fb_release_ms=0.020
[2026-10-02 18:49:38.663] [info] [graph-edge] frame=1 level=2 consumer_id=5 input_index=0 producer_id=2 producer_level=1
[2026-10-02 18:49:38.663] [info] [graph-edge] frame=1 level=2 consumer_id=5 input_index=1 producer_id=4 producer_level=1
[2026-10-02 18:49:38.663] [info] [temp-lifetime] frame=1 after_level=2 live=[5,] retired=[2,4,]
[2026-10-02 18:49:38.663] [info] [exec-level-diag] frame=1 level=2 nodes=1 input_ms=0.124 dispatch_ms=0.257 fb_release_ms=0.013
[2026-10-02 18:49:38.679] [info] [temp-lifetime] frame=2 after_level=0 live=[0,1,3,] retired=[]
[2026-10-02 18:49:38.679] [info] [exec-level-diag] frame=2 level=0 nodes=3 input_ms=0.004 dispatch_ms=1.313 fb_release_ms=0.005
[2026-10-02 18:49:38.679] [info] [graph-edge] frame=2 level=1 consumer_id=2 input_index=0 producer_id=0 producer_level=0
[2026-10-02 18:49:38.679] [info] [graph-edge] frame=2 level=1 consumer_id=2 input_index=1 producer_id=1 producer_level=0
[2026-10-02 18:49:38.679] [info] [graph-edge] frame=2 level=1 consumer_id=4 input_index=0 producer_id=3 producer_level=0
[2026-10-02 18:49:38.680] [info] [temp-lifetime] frame=2 after_level=1 live=[2,4,] retired=[0,1,3,]
[2026-10-02 18:49:38.680] [info] [exec-level-diag] frame=2 level=1 nodes=2 input_ms=0.120 dispatch_ms=0.491 fb_release_ms=0.021
[2026-10-02 18:49:38.680] [info] [graph-edge] frame=2 level=2 consumer_id=5 input_index=0 producer_id=2 producer_level=1
[2026-10-02 18:49:38.680] [info] [graph-edge] frame=2 level=2 consumer_id=5 input_index=1 producer_id=4 producer_level=1
[2026-10-02 18:49:38.680] [info] [temp-lifetime] frame=2 after_level=2 live=[5,] retired=[2,4,]
[2026-10-02 18:49:38.680] [info] [exec-level-diag] frame=2 level=2 nodes=1 input_ms=0.122 dispatch_ms=0.294 fb_release_ms=0.013
[2026-10-02 18:49:38.681] [info] [video]   4/48 frames
[2026-10-02 18:49:38.734] [info] [video]   8/48 frames
[2026-10-02 18:49:38.785] [info] [video]   12/48 frames
[2026-10-02 18:49:38.837] [info] [video]   16/48 frames
[2026-10-02 18:49:38.890] [info] [video]   20/48 frames
[2026-10-02 18:49:38.941] [info] [video]   24/48 frames
[2026-10-02 18:49:38.968] [info] [vulkan-lifecycle] frame=25 vram_bytes=333283328 live_surfaces=13 surface_bindings=7 registry_live_handles=107 physical_images=13 deferred_releases=2 vma_allocations=50 surfaces_created=157 surfaces_released=150 queue_packages=1 execution_slots_busy=2 command_batch_active=false
[2026-10-02 18:49:38.995] [info] [video]   28/48 frames
[2026-10-02 18:49:39.043] [info] [video]   32/48 frames
[2026-10-02 18:49:39.094] [info] [video]   36/48 frames
[2026-10-02 18:49:39.142] [info] [video]   40/48 frames
[2026-10-02 18:49:39.197] [info] [video]   44/48 frames
[2026-10-02 18:49:39.242] [info] [video]   48/48 frames
[2026-10-02 18:49:39.263] [info] [video] writer join complete
[2026-10-02 18:49:39.263] [info] [drain-debug] start drain, capacity=6
[2026-10-02 18:49:39.263] [info] [drain-debug] slot_id=4 has completion, waiting
[2026-10-02 18:49:39.263] [info] [drain-debug] slot_id=4 wait complete
[2026-10-02 18:49:39.263] [info] [drain-debug] slot_id=5 has completion, waiting
[2026-10-02 18:49:39.263] [info] [drain-debug] slot_id=5 wait complete
[2026-10-02 18:49:39.263] [info] [drain-debug] reap done, busy_count=0
[2026-10-02 18:49:39.263] [info] [video] trimming framebuffer pool
[2026-10-02 18:49:39.263] [info] [video] Released framebuffer pool — memory trimmed
[2026-10-02 18:49:39.263] [info] [video] frame-loop cleanup complete
[2026-10-02 18:49:39.263] [info] [video] Encoder write blocked duration: 0.00 ms
[2026-10-02 18:49:39.263] [info] [video_diag] conversion_and_copy_duration_ms: 0 ms
[2026-10-02 18:49:39.263] [info] [video_diag] conversion_bytes_written=0 encoder_staging_copy_bytes=0 encoder_slot_reuses=0
[2026-10-02 18:49:39.263] [info] [native_av] close: sending encoder flush
[2026-10-02 18:49:39.263] [info] [native_av] close: encoder flush accepted
[2026-10-02 18:49:39.264] [info] [native_av] close: packets drained=true
[2026-10-02 18:49:39.264] [info] [native_av] close: finalizing mux session
[2026-10-02 18:49:39.264] [info] [native_av] close: mux session finalized
[2026-10-02 18:49:39.264] [info] [native_av] Closed native encoder — 48 frames accepted, encoder_packets=48 mux_packets=48 packet_pts=0..47, YUV cache: 0 hits / 0 misses
[2026-10-02 18:49:39.265] [info] [video_native] convert=112.37ms  send_frame=11.96ms  backpressure=0.00ms  flush=1.11ms  receive_packet=0.59ms  mux_write=0.65ms  trailer=0.32ms
[2026-10-02 18:49:39.266] [info] [video] render_ms=674.76 encode_ms=7.33 writer_encode_ms=125.94 wall_ms=2190.77 nvml_stop_ms=0.14
[2026-10-02 18:49:39.266] [info] [video] FFmpeg queue wait duration: 0.44 ms
[2026-10-02 18:49:39.273] [info] [video] copy_eligible=true sha256=dc7dce2bbdaf95c71e8963f61096ab2147ae514cf28e0e0e8149471110fd0750
[2026-10-02 18:49:39.273] [info] [video] Wrote /tmp/velox-phrase-runtime-cert/inputs/pixel_grid_alpha_matrix/catalog-motions.mp4
[2026-10-02 18:49:39.273] [info] [startup-profile] total=893.86ms logger=0.10ms cli_bootstrap=9.75ms cli_parse=0.00ms composition=0.31ms plan_read=0.13ms json_parse=2.34ms plan_decode_validate=55.50ms asset_resolve=0.02ms plan_compile=5.89ms other=0.00ms
[2026-10-02 18:49:39.303] [info] [video] Wrote exact per-frame timing sidecar: /tmp/velox-phrase-runtime-cert/inputs/pixel_grid_alpha_matrix/catalog-motions.mp4.timing.json
[2026-10-02 18:49:39.332] [info] [INFO] job-lifecycle: slot_pool_close_ms=0.0 surface_release_ms=0.1
[2026-10-02 18:49:39.474] [info] [INFO] job-lifecycle: queue_close_ms=0.0 writer_join_ms=0.0 encoder_reset_ms=26.4 decoder_reset_ms=0.0 full_graph_reset_ms=142.0 sink_ctx_reset_ms=0.0 device_runtime_reset_ms=0.0 device_reservation_reset_ms=0.0
[2026-10-02 18:49:39.474] [info] [INFO] job-lifecycle: sidecar_write_ms=31.7 session_teardown_ms=168.8
[2026-10-02 18:49:39.483] [info] [INFO] job-lifecycle: execute_ms=2408.3 receipt_build_ms=0.0 receipt_write_ms=0.0 caller_tail_ms=0.0
