[2026-10-02 18:53:01.085] [info] [overlay-prepare] validated package=/tmp/velox-phrase-runtime-cert/inputs/precision_word_stagger/prepared.json hash=2737a63aa03de592dfaf205a266d22459f9e48def4302874c786e4351429c632 assets=0 text_runs=1 overlays=2
[2026-10-02 18:53:01.089] [info] [asset-profile] kind=3 path=assets/fonts/Poppins-Bold.ttf bytes=155996 cache=miss invalidated=0 stat=0.01ms hash=3.50ms hashed_bytes=155996 total=3.64ms
[2026-10-02 18:53:01.089] [info] [asset-digest-cache] hits=0 misses=1 invalidations=0 bytes_hashed=155996 lookup_ms=0.01 write_ms=0.01 full_hash_ms=3.50
[2026-10-02 18:53:01.092] [info] [plan-profile] read=0.19ms parse=3.12ms decode=56.91ms resolver=0.02ms compile_validate=6.39ms total=70.86ms
[2026-10-02 18:53:01.092] [info] [asset-profile] kind=3 path=assets/fonts/Poppins-Bold.ttf bytes=155996 cache=hit invalidated=0 stat=0.01ms hash=0.00ms hashed_bytes=0 total=0.10ms
[2026-10-02 18:53:01.092] [info] [asset-digest-cache] hits=1 misses=0 invalidations=0 bytes_hashed=0 lookup_ms=0.01 write_ms=0.00 full_hash_ms=0.00
[2026-10-02 18:53:01.096] [info] [plan-compile-profile] assets=0.33ms fingerprint=3.34ms media_resolution=0.00ms materialize=0.17ms composition_compile=0.00ms compatibility_view=0.31ms total=4.54ms
[2026-10-02 18:53:01.097] [info] [video] Auto-selecting yuv420p pipe pixel format for 1280x720 output
[2026-10-02 18:53:01.098] [info] [video] execution plan resolved (reason: required_gpu_native_full_graph); decode=1 composite=2 encode=1 interop=2 handoff=1 codec=3
[2026-10-02 18:53:01.115] [info] [video-runtime] created persistent runtime for device 0 (CUDA ordinal 0)
[2026-10-02 18:53:01.115] [info] [video] encoder feed capability: host_frame=false direct_yuv=false native_surface=true
[2026-10-02 18:53:01.319] [info] [native_av] CUDA context contract: native=0x559dad82ce40 ffmpeg=0x559dad82ce40
[2026-10-02 18:53:01.337] [info] [native_av] NVENC tuning applied: rc=constqp preset=p1 async_depth=4 nvenc_surfaces=8 qp=23 bitrate=0
[2026-10-02 18:53:01.369] [info] [native_av] encoder bitstream contract: codec=27 profile=100 level=-99 pix_fmt=119 parameter_sets=49 materialized=true
[2026-10-02 18:53:01.369] [info] [native_av] Opened native encoder: 1280x720 @ 24fps, codec=h264_nvenc, rc=constqp, preset=p1, output='/tmp/velox-phrase-runtime-cert/inputs/precision_word_stagger/catalog-motions.partial.mp4'
[2026-10-02 18:53:02.547] [info] [pool-warm] Pre-allocated and pre-imported 6 execution slots (1280x720) for native NVENC
[2026-10-02 18:53:02.632] [info] chronon3d::vulkan text batch formats: dst_image.format=109 atlas_image.format=44 atlas_encoding=2 (shader contract: dst rgba32f, atlas rgba8)
[2026-10-02 18:53:02.632] [info] [temp-lifetime] frame=0 after_level=0 live=[0,1,3,] retired=[]
[2026-10-02 18:53:02.632] [info] [exec-level-diag] frame=0 level=0 nodes=3 input_ms=0.006 dispatch_ms=5.346 fb_release_ms=0.004
[2026-10-02 18:53:02.632] [info] [graph-edge] frame=0 level=1 consumer_id=2 input_index=0 producer_id=0 producer_level=0
[2026-10-02 18:53:02.632] [info] [graph-edge] frame=0 level=1 consumer_id=2 input_index=1 producer_id=1 producer_level=0
[2026-10-02 18:53:02.632] [info] [graph-edge] frame=0 level=1 consumer_id=4 input_index=0 producer_id=3 producer_level=0
[2026-10-02 18:53:02.637] [info] [temp-lifetime] frame=0 after_level=1 live=[2,4,] retired=[0,1,3,]
[2026-10-02 18:53:02.637] [info] [exec-level-diag] frame=0 level=1 nodes=2 input_ms=0.125 dispatch_ms=4.255 fb_release_ms=0.015
[2026-10-02 18:53:02.637] [info] [graph-edge] frame=0 level=2 consumer_id=5 input_index=0 producer_id=2 producer_level=1
[2026-10-02 18:53:02.637] [info] [graph-edge] frame=0 level=2 consumer_id=5 input_index=1 producer_id=4 producer_level=1
[2026-10-02 18:53:02.637] [info] [temp-lifetime] frame=0 after_level=2 live=[5,] retired=[2,4,]
[2026-10-02 18:53:02.637] [info] [exec-level-diag] frame=0 level=2 nodes=1 input_ms=0.126 dispatch_ms=0.181 fb_release_ms=0.008
[2026-10-02 18:53:02.638] [info] [video] Exporting via Arena-backed SIMD pipeline
[2026-10-02 18:53:02.648] [info] [temp-lifetime] frame=1 after_level=0 live=[0,1,3,] retired=[]
[2026-10-02 18:53:02.648] [info] [exec-level-diag] frame=1 level=0 nodes=3 input_ms=0.003 dispatch_ms=1.409 fb_release_ms=0.003
[2026-10-02 18:53:02.648] [info] [graph-edge] frame=1 level=1 consumer_id=2 input_index=0 producer_id=0 producer_level=0
[2026-10-02 18:53:02.648] [info] [graph-edge] frame=1 level=1 consumer_id=2 input_index=1 producer_id=1 producer_level=0
[2026-10-02 18:53:02.648] [info] [graph-edge] frame=1 level=1 consumer_id=4 input_index=0 producer_id=3 producer_level=0
[2026-10-02 18:53:02.649] [info] [temp-lifetime] frame=1 after_level=1 live=[2,4,] retired=[0,1,3,]
[2026-10-02 18:53:02.649] [info] [exec-level-diag] frame=1 level=1 nodes=2 input_ms=0.129 dispatch_ms=0.534 fb_release_ms=0.012
[2026-10-02 18:53:02.649] [info] [graph-edge] frame=1 level=2 consumer_id=5 input_index=0 producer_id=2 producer_level=1
[2026-10-02 18:53:02.649] [info] [graph-edge] frame=1 level=2 consumer_id=5 input_index=1 producer_id=4 producer_level=1
[2026-10-02 18:53:02.649] [info] [temp-lifetime] frame=1 after_level=2 live=[5,] retired=[2,4,]
[2026-10-02 18:53:02.649] [info] [exec-level-diag] frame=1 level=2 nodes=1 input_ms=0.110 dispatch_ms=0.175 fb_release_ms=0.008
[2026-10-02 18:53:02.663] [info] [temp-lifetime] frame=2 after_level=0 live=[0,1,3,] retired=[]
[2026-10-02 18:53:02.664] [info] [exec-level-diag] frame=2 level=0 nodes=3 input_ms=0.003 dispatch_ms=1.335 fb_release_ms=0.003
[2026-10-02 18:53:02.664] [info] [graph-edge] frame=2 level=1 consumer_id=2 input_index=0 producer_id=0 producer_level=0
[2026-10-02 18:53:02.664] [info] [graph-edge] frame=2 level=1 consumer_id=2 input_index=1 producer_id=1 producer_level=0
[2026-10-02 18:53:02.664] [info] [graph-edge] frame=2 level=1 consumer_id=4 input_index=0 producer_id=3 producer_level=0
[2026-10-02 18:53:02.664] [info] [temp-lifetime] frame=2 after_level=1 live=[2,4,] retired=[0,1,3,]
[2026-10-02 18:53:02.664] [info] [exec-level-diag] frame=2 level=1 nodes=2 input_ms=0.119 dispatch_ms=0.442 fb_release_ms=0.012
[2026-10-02 18:53:02.664] [info] [graph-edge] frame=2 level=2 consumer_id=5 input_index=0 producer_id=2 producer_level=1
[2026-10-02 18:53:02.664] [info] [graph-edge] frame=2 level=2 consumer_id=5 input_index=1 producer_id=4 producer_level=1
[2026-10-02 18:53:02.665] [info] [temp-lifetime] frame=2 after_level=2 live=[5,] retired=[2,4,]
[2026-10-02 18:53:02.665] [info] [exec-level-diag] frame=2 level=2 nodes=1 input_ms=0.090 dispatch_ms=0.186 fb_release_ms=0.008
[2026-10-02 18:53:02.665] [info] [video]   4/48 frames
[2026-10-02 18:53:02.713] [info] [video]   8/48 frames
[2026-10-02 18:53:02.756] [info] [video]   12/48 frames
[2026-10-02 18:53:02.804] [info] [video]   16/48 frames
[2026-10-02 18:53:02.852] [info] [video]   20/48 frames
[2026-10-02 18:53:02.895] [info] [video]   24/48 frames
[2026-10-02 18:53:02.918] [info] [vulkan-lifecycle] frame=25 vram_bytes=333283328 live_surfaces=13 surface_bindings=7 registry_live_handles=107 physical_images=13 deferred_releases=2 vma_allocations=45 surfaces_created=157 surfaces_released=150 queue_packages=1 execution_slots_busy=2 command_batch_active=false
[2026-10-02 18:53:02.941] [info] [video]   28/48 frames
[2026-10-02 18:53:02.981] [info] [video]   32/48 frames
[2026-10-02 18:53:03.030] [info] [video]   36/48 frames
[2026-10-02 18:53:03.084] [info] [video]   40/48 frames
[2026-10-02 18:53:03.125] [info] [video]   44/48 frames
[2026-10-02 18:53:03.173] [info] [video]   48/48 frames
[2026-10-02 18:53:03.189] [info] [video] writer join complete
[2026-10-02 18:53:03.189] [info] [drain-debug] start drain, capacity=6
[2026-10-02 18:53:03.190] [info] [drain-debug] slot_id=4 has completion, waiting
[2026-10-02 18:53:03.190] [info] [drain-debug] slot_id=4 wait complete
[2026-10-02 18:53:03.190] [info] [drain-debug] slot_id=5 has completion, waiting
[2026-10-02 18:53:03.190] [info] [drain-debug] slot_id=5 wait complete
[2026-10-02 18:53:03.190] [info] [drain-debug] reap done, busy_count=0
[2026-10-02 18:53:03.190] [info] [video] trimming framebuffer pool
[2026-10-02 18:53:03.190] [info] [video] Released framebuffer pool — memory trimmed
[2026-10-02 18:53:03.190] [info] [video] frame-loop cleanup complete
[2026-10-02 18:53:03.190] [info] [video] Encoder write blocked duration: 0.00 ms
[2026-10-02 18:53:03.190] [info] [video_diag] conversion_and_copy_duration_ms: 0 ms
[2026-10-02 18:53:03.190] [info] [video_diag] conversion_bytes_written=0 encoder_staging_copy_bytes=0 encoder_slot_reuses=0
[2026-10-02 18:53:03.190] [info] [native_av] close: sending encoder flush
[2026-10-02 18:53:03.190] [info] [native_av] close: encoder flush accepted
[2026-10-02 18:53:03.191] [info] [native_av] close: packets drained=true
[2026-10-02 18:53:03.191] [info] [native_av] close: finalizing mux session
[2026-10-02 18:53:03.191] [info] [native_av] close: mux session finalized
[2026-10-02 18:53:03.191] [info] [native_av] Closed native encoder — 48 frames accepted, encoder_packets=48 mux_packets=48 packet_pts=0..47, YUV cache: 0 hits / 0 misses
[2026-10-02 18:53:03.191] [info] [video_native] convert=116.33ms  send_frame=10.97ms  backpressure=0.00ms  flush=1.12ms  receive_packet=0.62ms  mux_write=0.64ms  trailer=0.32ms
[2026-10-02 18:53:03.193] [info] [video] render_ms=614.95 encode_ms=7.57 writer_encode_ms=128.80 wall_ms=2095.18 nvml_stop_ms=0.14
[2026-10-02 18:53:03.193] [info] [video] FFmpeg queue wait duration: 0.39 ms
[2026-10-02 18:53:03.200] [info] [video] copy_eligible=true sha256=5b6d06f26e848437a6d8a4bcd5243328affc2c87c37f4df8e83af2ae4a00cf9e
[2026-10-02 18:53:03.200] [info] [video] Wrote /tmp/velox-phrase-runtime-cert/inputs/precision_word_stagger/catalog-motions.mp4
[2026-10-02 18:53:03.200] [info] [startup-profile] total=886.41ms logger=0.12ms cli_bootstrap=10.05ms cli_parse=0.00ms composition=0.31ms plan_read=0.19ms json_parse=3.12ms plan_decode_validate=56.91ms asset_resolve=0.02ms plan_compile=6.39ms other=0.00ms
[2026-10-02 18:53:03.230] [info] [video] Wrote exact per-frame timing sidecar: /tmp/velox-phrase-runtime-cert/inputs/precision_word_stagger/catalog-motions.mp4.timing.json
[2026-10-02 18:53:03.258] [info] [INFO] job-lifecycle: slot_pool_close_ms=0.0 surface_release_ms=0.1
[2026-10-02 18:53:03.382] [info] [INFO] job-lifecycle: queue_close_ms=0.0 writer_join_ms=0.0 encoder_reset_ms=25.7 decoder_reset_ms=0.0 full_graph_reset_ms=123.9 sink_ctx_reset_ms=0.0 device_runtime_reset_ms=0.0 device_reservation_reset_ms=0.0
[2026-10-02 18:53:03.384] [info] [INFO] job-lifecycle: sidecar_write_ms=31.8 session_teardown_ms=152.0
[2026-10-02 18:53:03.393] [info] [INFO] job-lifecycle: execute_ms=2295.3 receipt_build_ms=0.0 receipt_write_ms=0.0 caller_tail_ms=0.0
