[2026-10-02 18:52:58.481] [info] [overlay-prepare] validated package=/tmp/velox-phrase-runtime-cert/inputs/precision_tracking_lock/prepared.json hash=49fae6a36573ceaab15ac5d184efdf6e20ca158c6e29c4700ad7567f0c72ca62 assets=0 text_runs=1 overlays=2
[2026-10-02 18:52:58.485] [info] [asset-profile] kind=3 path=assets/fonts/Poppins-Bold.ttf bytes=155996 cache=miss invalidated=0 stat=0.01ms hash=3.21ms hashed_bytes=155996 total=3.36ms
[2026-10-02 18:52:58.485] [info] [asset-digest-cache] hits=0 misses=1 invalidations=0 bytes_hashed=155996 lookup_ms=0.01 write_ms=0.01 full_hash_ms=3.21
[2026-10-02 18:52:58.487] [info] [plan-profile] read=0.13ms parse=2.34ms decode=53.63ms resolver=0.03ms compile_validate=5.60ms total=64.98ms
[2026-10-02 18:52:58.487] [info] [asset-profile] kind=3 path=assets/fonts/Poppins-Bold.ttf bytes=155996 cache=hit invalidated=0 stat=0.01ms hash=0.00ms hashed_bytes=0 total=0.10ms
[2026-10-02 18:52:58.487] [info] [asset-digest-cache] hits=1 misses=0 invalidations=0 bytes_hashed=0 lookup_ms=0.01 write_ms=0.00 full_hash_ms=0.00
[2026-10-02 18:52:58.490] [info] [plan-compile-profile] assets=0.28ms fingerprint=2.56ms media_resolution=0.00ms materialize=0.16ms composition_compile=0.00ms compatibility_view=0.14ms total=3.48ms
[2026-10-02 18:52:58.491] [info] [video] Auto-selecting yuv420p pipe pixel format for 1280x720 output
[2026-10-02 18:52:58.491] [info] [video] execution plan resolved (reason: required_gpu_native_full_graph); decode=1 composite=2 encode=1 interop=2 handoff=1 codec=3
[2026-10-02 18:52:58.508] [info] [video-runtime] created persistent runtime for device 0 (CUDA ordinal 0)
[2026-10-02 18:52:58.509] [info] [video] encoder feed capability: host_frame=false direct_yuv=false native_surface=true
[2026-10-02 18:52:58.710] [info] [native_av] CUDA context contract: native=0x558e6cff7fc0 ffmpeg=0x558e6cff7fc0
[2026-10-02 18:52:58.728] [info] [native_av] NVENC tuning applied: rc=constqp preset=p1 async_depth=4 nvenc_surfaces=8 qp=23 bitrate=0
[2026-10-02 18:52:58.760] [info] [native_av] encoder bitstream contract: codec=27 profile=100 level=-99 pix_fmt=119 parameter_sets=49 materialized=true
[2026-10-02 18:52:58.760] [info] [native_av] Opened native encoder: 1280x720 @ 24fps, codec=h264_nvenc, rc=constqp, preset=p1, output='/tmp/velox-phrase-runtime-cert/inputs/precision_tracking_lock/catalog-motions.partial.mp4'
[2026-10-02 18:52:59.963] [info] [pool-warm] Pre-allocated and pre-imported 6 execution slots (1280x720) for native NVENC
[2026-10-02 18:53:00.046] [info] chronon3d::vulkan text batch formats: dst_image.format=109 atlas_image.format=44 atlas_encoding=2 (shader contract: dst rgba32f, atlas rgba8)
[2026-10-02 18:53:00.046] [info] [temp-lifetime] frame=0 after_level=0 live=[0,1,3,] retired=[]
[2026-10-02 18:53:00.046] [info] [exec-level-diag] frame=0 level=0 nodes=3 input_ms=0.006 dispatch_ms=5.062 fb_release_ms=0.004
[2026-10-02 18:53:00.047] [info] [graph-edge] frame=0 level=1 consumer_id=2 input_index=0 producer_id=0 producer_level=0
[2026-10-02 18:53:00.047] [info] [graph-edge] frame=0 level=1 consumer_id=2 input_index=1 producer_id=1 producer_level=0
[2026-10-02 18:53:00.047] [info] [graph-edge] frame=0 level=1 consumer_id=4 input_index=0 producer_id=3 producer_level=0
[2026-10-02 18:53:00.051] [info] [temp-lifetime] frame=0 after_level=1 live=[2,4,] retired=[0,1,3,]
[2026-10-02 18:53:00.051] [info] [exec-level-diag] frame=0 level=1 nodes=2 input_ms=0.124 dispatch_ms=4.518 fb_release_ms=0.014
[2026-10-02 18:53:00.051] [info] [graph-edge] frame=0 level=2 consumer_id=5 input_index=0 producer_id=2 producer_level=1
[2026-10-02 18:53:00.051] [info] [graph-edge] frame=0 level=2 consumer_id=5 input_index=1 producer_id=4 producer_level=1
[2026-10-02 18:53:00.052] [info] [temp-lifetime] frame=0 after_level=2 live=[5,] retired=[2,4,]
[2026-10-02 18:53:00.052] [info] [exec-level-diag] frame=0 level=2 nodes=1 input_ms=0.102 dispatch_ms=0.169 fb_release_ms=0.008
[2026-10-02 18:53:00.052] [info] [video] Exporting via Arena-backed SIMD pipeline
[2026-10-02 18:53:00.062] [info] [temp-lifetime] frame=1 after_level=0 live=[0,1,3,] retired=[]
[2026-10-02 18:53:00.062] [info] [exec-level-diag] frame=1 level=0 nodes=3 input_ms=0.003 dispatch_ms=1.014 fb_release_ms=0.004
[2026-10-02 18:53:00.062] [info] [graph-edge] frame=1 level=1 consumer_id=2 input_index=0 producer_id=0 producer_level=0
[2026-10-02 18:53:00.063] [info] [graph-edge] frame=1 level=1 consumer_id=2 input_index=1 producer_id=1 producer_level=0
[2026-10-02 18:53:00.063] [info] [graph-edge] frame=1 level=1 consumer_id=4 input_index=0 producer_id=3 producer_level=0
[2026-10-02 18:53:00.063] [info] [temp-lifetime] frame=1 after_level=1 live=[2,4,] retired=[0,1,3,]
[2026-10-02 18:53:00.063] [info] [exec-level-diag] frame=1 level=1 nodes=2 input_ms=0.193 dispatch_ms=0.417 fb_release_ms=0.018
[2026-10-02 18:53:00.063] [info] [graph-edge] frame=1 level=2 consumer_id=5 input_index=0 producer_id=2 producer_level=1
[2026-10-02 18:53:00.063] [info] [graph-edge] frame=1 level=2 consumer_id=5 input_index=1 producer_id=4 producer_level=1
[2026-10-02 18:53:00.064] [info] [temp-lifetime] frame=1 after_level=2 live=[5,] retired=[2,4,]
[2026-10-02 18:53:00.064] [info] [exec-level-diag] frame=1 level=2 nodes=1 input_ms=0.126 dispatch_ms=0.247 fb_release_ms=0.013
[2026-10-02 18:53:00.079] [info] [temp-lifetime] frame=2 after_level=0 live=[0,1,3,] retired=[]
[2026-10-02 18:53:00.079] [info] [exec-level-diag] frame=2 level=0 nodes=3 input_ms=0.003 dispatch_ms=1.644 fb_release_ms=0.003
[2026-10-02 18:53:00.079] [info] [graph-edge] frame=2 level=1 consumer_id=2 input_index=0 producer_id=0 producer_level=0
[2026-10-02 18:53:00.079] [info] [graph-edge] frame=2 level=1 consumer_id=2 input_index=1 producer_id=1 producer_level=0
[2026-10-02 18:53:00.079] [info] [graph-edge] frame=2 level=1 consumer_id=4 input_index=0 producer_id=3 producer_level=0
[2026-10-02 18:53:00.080] [info] [temp-lifetime] frame=2 after_level=1 live=[2,4,] retired=[0,1,3,]
[2026-10-02 18:53:00.080] [info] [exec-level-diag] frame=2 level=1 nodes=2 input_ms=0.114 dispatch_ms=0.653 fb_release_ms=0.017
[2026-10-02 18:53:00.080] [info] [graph-edge] frame=2 level=2 consumer_id=5 input_index=0 producer_id=2 producer_level=1
[2026-10-02 18:53:00.080] [info] [graph-edge] frame=2 level=2 consumer_id=5 input_index=1 producer_id=4 producer_level=1
[2026-10-02 18:53:00.080] [info] [temp-lifetime] frame=2 after_level=2 live=[5,] retired=[2,4,]
[2026-10-02 18:53:00.080] [info] [exec-level-diag] frame=2 level=2 nodes=1 input_ms=0.126 dispatch_ms=0.290 fb_release_ms=0.013
[2026-10-02 18:53:00.081] [info] [video]   4/48 frames
[2026-10-02 18:53:00.132] [info] [video]   8/48 frames
[2026-10-02 18:53:00.178] [info] [video]   12/48 frames
[2026-10-02 18:53:00.229] [info] [video]   16/48 frames
[2026-10-02 18:53:00.277] [info] [video]   20/48 frames
[2026-10-02 18:53:00.330] [info] [video]   24/48 frames
[2026-10-02 18:53:00.357] [info] [vulkan-lifecycle] frame=25 vram_bytes=333283328 live_surfaces=13 surface_bindings=7 registry_live_handles=107 physical_images=13 deferred_releases=2 vma_allocations=55 surfaces_created=157 surfaces_released=150 queue_packages=1 execution_slots_busy=2 command_batch_active=false
[2026-10-02 18:53:00.378] [info] [video]   28/48 frames
[2026-10-02 18:53:00.431] [info] [video]   32/48 frames
[2026-10-02 18:53:00.475] [info] [video]   36/48 frames
[2026-10-02 18:53:00.531] [info] [video]   40/48 frames
[2026-10-02 18:53:00.578] [info] [video]   44/48 frames
[2026-10-02 18:53:00.624] [info] [video]   48/48 frames
[2026-10-02 18:53:00.641] [info] [video] writer join complete
[2026-10-02 18:53:00.641] [info] [drain-debug] start drain, capacity=6
[2026-10-02 18:53:00.641] [info] [drain-debug] slot_id=4 has completion, waiting
[2026-10-02 18:53:00.641] [info] [drain-debug] slot_id=4 wait complete
[2026-10-02 18:53:00.641] [info] [drain-debug] slot_id=5 has completion, waiting
[2026-10-02 18:53:00.641] [info] [drain-debug] slot_id=5 wait complete
[2026-10-02 18:53:00.641] [info] [drain-debug] reap done, busy_count=0
[2026-10-02 18:53:00.641] [info] [video] trimming framebuffer pool
[2026-10-02 18:53:00.641] [info] [video] Released framebuffer pool — memory trimmed
[2026-10-02 18:53:00.641] [info] [video] frame-loop cleanup complete
[2026-10-02 18:53:00.641] [info] [video] Encoder write blocked duration: 0.00 ms
[2026-10-02 18:53:00.642] [info] [video_diag] conversion_and_copy_duration_ms: 0 ms
[2026-10-02 18:53:00.642] [info] [video_diag] conversion_bytes_written=0 encoder_staging_copy_bytes=0 encoder_slot_reuses=0
[2026-10-02 18:53:00.642] [info] [native_av] close: sending encoder flush
[2026-10-02 18:53:00.642] [info] [native_av] close: encoder flush accepted
[2026-10-02 18:53:00.642] [info] [native_av] close: packets drained=true
[2026-10-02 18:53:00.642] [info] [native_av] close: finalizing mux session
[2026-10-02 18:53:00.643] [info] [native_av] close: mux session finalized
[2026-10-02 18:53:00.643] [info] [native_av] Closed native encoder — 48 frames accepted, encoder_packets=48 mux_packets=48 packet_pts=0..47, YUV cache: 0 hits / 0 misses
[2026-10-02 18:53:00.643] [info] [video_native] convert=115.18ms  send_frame=11.94ms  backpressure=0.00ms  flush=1.21ms  receive_packet=0.76ms  mux_write=0.66ms  trailer=0.30ms
[2026-10-02 18:53:00.644] [info] [video] render_ms=650.01 encode_ms=7.83 writer_encode_ms=128.59 wall_ms=2152.87 nvml_stop_ms=0.10
[2026-10-02 18:53:00.644] [info] [video] FFmpeg queue wait duration: 0.44 ms
[2026-10-02 18:53:00.651] [info] [video] copy_eligible=true sha256=5263183d760070d0a207cd76c03430f03cc6927258a0b10005c83a75c01c604a
[2026-10-02 18:53:00.651] [info] [video] Wrote /tmp/velox-phrase-runtime-cert/inputs/precision_tracking_lock/catalog-motions.mp4
[2026-10-02 18:53:00.651] [info] [startup-profile] total=881.25ms logger=0.10ms cli_bootstrap=9.64ms cli_parse=0.00ms composition=0.31ms plan_read=0.13ms json_parse=2.34ms plan_decode_validate=53.63ms asset_resolve=0.03ms plan_compile=5.60ms other=0.00ms
[2026-10-02 18:53:00.681] [info] [video] Wrote exact per-frame timing sidecar: /tmp/velox-phrase-runtime-cert/inputs/precision_tracking_lock/catalog-motions.mp4.timing.json
[2026-10-02 18:53:00.709] [info] [INFO] job-lifecycle: slot_pool_close_ms=0.0 surface_release_ms=0.1
[2026-10-02 18:53:00.834] [info] [INFO] job-lifecycle: queue_close_ms=0.0 writer_join_ms=0.0 encoder_reset_ms=25.5 decoder_reset_ms=0.0 full_graph_reset_ms=125.3 sink_ctx_reset_ms=0.0 device_runtime_reset_ms=0.0 device_reservation_reset_ms=0.0
[2026-10-02 18:53:00.835] [info] [INFO] job-lifecycle: sidecar_write_ms=31.9 session_teardown_ms=151.3
[2026-10-02 18:53:00.843] [info] [INFO] job-lifecycle: execute_ms=2351.7 receipt_build_ms=0.0 receipt_write_ms=0.0 caller_tail_ms=0.0
