[2026-10-02 18:53:03.634] [info] [overlay-prepare] validated package=/tmp/velox-phrase-runtime-cert/inputs/premium_soft_reveal/prepared.json hash=d02810b00399514bf373cb609ba2138763e2c81bc5830c64305607466e900948 assets=0 text_runs=1 overlays=2
[2026-10-02 18:53:03.638] [info] [asset-profile] kind=3 path=assets/fonts/Poppins-Bold.ttf bytes=155996 cache=miss invalidated=0 stat=0.01ms hash=3.48ms hashed_bytes=155996 total=3.61ms
[2026-10-02 18:53:03.638] [info] [asset-digest-cache] hits=0 misses=1 invalidations=0 bytes_hashed=155996 lookup_ms=0.01 write_ms=0.01 full_hash_ms=3.48
[2026-10-02 18:53:03.641] [info] [plan-profile] read=0.18ms parse=3.00ms decode=55.76ms resolver=0.02ms compile_validate=6.21ms total=69.22ms
[2026-10-02 18:53:03.641] [info] [asset-profile] kind=3 path=assets/fonts/Poppins-Bold.ttf bytes=155996 cache=hit invalidated=0 stat=0.01ms hash=0.00ms hashed_bytes=0 total=0.10ms
[2026-10-02 18:53:03.641] [info] [asset-digest-cache] hits=1 misses=0 invalidations=0 bytes_hashed=0 lookup_ms=0.01 write_ms=0.00 full_hash_ms=0.00
[2026-10-02 18:53:03.645] [info] [plan-compile-profile] assets=0.28ms fingerprint=3.22ms media_resolution=0.00ms materialize=0.17ms composition_compile=0.00ms compatibility_view=0.16ms total=4.19ms
[2026-10-02 18:53:03.646] [info] [video] Auto-selecting yuv420p pipe pixel format for 1280x720 output
[2026-10-02 18:53:03.646] [info] [video] execution plan resolved (reason: required_gpu_native_full_graph); decode=1 composite=2 encode=1 interop=2 handoff=1 codec=3
[2026-10-02 18:53:03.663] [info] [video-runtime] created persistent runtime for device 0 (CUDA ordinal 0)
[2026-10-02 18:53:03.664] [info] [video] encoder feed capability: host_frame=false direct_yuv=false native_surface=true
[2026-10-02 18:53:03.875] [info] [native_av] CUDA context contract: native=0x557920278580 ffmpeg=0x557920278580
[2026-10-02 18:53:03.895] [info] [native_av] NVENC tuning applied: rc=constqp preset=p1 async_depth=4 nvenc_surfaces=8 qp=23 bitrate=0
[2026-10-02 18:53:03.929] [info] [native_av] encoder bitstream contract: codec=27 profile=100 level=-99 pix_fmt=119 parameter_sets=49 materialized=true
[2026-10-02 18:53:03.930] [info] [native_av] Opened native encoder: 1280x720 @ 24fps, codec=h264_nvenc, rc=constqp, preset=p1, output='/tmp/velox-phrase-runtime-cert/inputs/premium_soft_reveal/catalog-motions.partial.mp4'
[2026-10-02 18:53:05.108] [info] [pool-warm] Pre-allocated and pre-imported 6 execution slots (1280x720) for native NVENC
[2026-10-02 18:53:05.193] [info] chronon3d::vulkan text batch formats: dst_image.format=109 atlas_image.format=44 atlas_encoding=2 (shader contract: dst rgba32f, atlas rgba8)
[2026-10-02 18:53:05.199] [info] [temp-lifetime] frame=0 after_level=0 live=[0,1,3,] retired=[]
[2026-10-02 18:53:05.199] [info] [exec-level-diag] frame=0 level=0 nodes=3 input_ms=0.006 dispatch_ms=9.931 fb_release_ms=0.006
[2026-10-02 18:53:05.199] [info] [graph-edge] frame=0 level=1 consumer_id=2 input_index=0 producer_id=0 producer_level=0
[2026-10-02 18:53:05.199] [info] [graph-edge] frame=0 level=1 consumer_id=2 input_index=1 producer_id=1 producer_level=0
[2026-10-02 18:53:05.199] [info] [graph-edge] frame=0 level=1 consumer_id=4 input_index=0 producer_id=3 producer_level=0
[2026-10-02 18:53:05.204] [info] [temp-lifetime] frame=0 after_level=1 live=[2,4,] retired=[0,1,3,]
[2026-10-02 18:53:05.204] [info] [exec-level-diag] frame=0 level=1 nodes=2 input_ms=0.128 dispatch_ms=4.566 fb_release_ms=0.016
[2026-10-02 18:53:05.204] [info] [graph-edge] frame=0 level=2 consumer_id=5 input_index=0 producer_id=2 producer_level=1
[2026-10-02 18:53:05.204] [info] [graph-edge] frame=0 level=2 consumer_id=5 input_index=1 producer_id=4 producer_level=1
[2026-10-02 18:53:05.204] [info] [temp-lifetime] frame=0 after_level=2 live=[5,] retired=[2,4,]
[2026-10-02 18:53:05.204] [info] [exec-level-diag] frame=0 level=2 nodes=1 input_ms=0.170 dispatch_ms=0.381 fb_release_ms=0.009
[2026-10-02 18:53:05.205] [info] [video] Exporting via Arena-backed SIMD pipeline
[2026-10-02 18:53:05.216] [info] [temp-lifetime] frame=1 after_level=0 live=[0,1,3,] retired=[]
[2026-10-02 18:53:05.216] [info] [exec-level-diag] frame=1 level=0 nodes=3 input_ms=0.003 dispatch_ms=1.442 fb_release_ms=0.005
[2026-10-02 18:53:05.216] [info] [graph-edge] frame=1 level=1 consumer_id=2 input_index=0 producer_id=0 producer_level=0
[2026-10-02 18:53:05.216] [info] [graph-edge] frame=1 level=1 consumer_id=2 input_index=1 producer_id=1 producer_level=0
[2026-10-02 18:53:05.216] [info] [graph-edge] frame=1 level=1 consumer_id=4 input_index=0 producer_id=3 producer_level=0
[2026-10-02 18:53:05.217] [info] [temp-lifetime] frame=1 after_level=1 live=[2,4,] retired=[0,1,3,]
[2026-10-02 18:53:05.217] [info] [exec-level-diag] frame=1 level=1 nodes=2 input_ms=0.101 dispatch_ms=0.570 fb_release_ms=0.018
[2026-10-02 18:53:05.217] [info] [graph-edge] frame=1 level=2 consumer_id=5 input_index=0 producer_id=2 producer_level=1
[2026-10-02 18:53:05.217] [info] [graph-edge] frame=1 level=2 consumer_id=5 input_index=1 producer_id=4 producer_level=1
[2026-10-02 18:53:05.217] [info] [temp-lifetime] frame=1 after_level=2 live=[5,] retired=[2,4,]
[2026-10-02 18:53:05.217] [info] [exec-level-diag] frame=1 level=2 nodes=1 input_ms=0.132 dispatch_ms=0.284 fb_release_ms=0.013
[2026-10-02 18:53:05.232] [info] [temp-lifetime] frame=2 after_level=0 live=[0,1,3,] retired=[]
[2026-10-02 18:53:05.232] [info] [exec-level-diag] frame=2 level=0 nodes=3 input_ms=0.003 dispatch_ms=1.159 fb_release_ms=0.005
[2026-10-02 18:53:05.232] [info] [graph-edge] frame=2 level=1 consumer_id=2 input_index=0 producer_id=0 producer_level=0
[2026-10-02 18:53:05.232] [info] [graph-edge] frame=2 level=1 consumer_id=2 input_index=1 producer_id=1 producer_level=0
[2026-10-02 18:53:05.232] [info] [graph-edge] frame=2 level=1 consumer_id=4 input_index=0 producer_id=3 producer_level=0
[2026-10-02 18:53:05.233] [info] [temp-lifetime] frame=2 after_level=1 live=[2,4,] retired=[0,1,3,]
[2026-10-02 18:53:05.233] [info] [exec-level-diag] frame=2 level=1 nodes=2 input_ms=0.179 dispatch_ms=0.579 fb_release_ms=0.018
[2026-10-02 18:53:05.233] [info] [graph-edge] frame=2 level=2 consumer_id=5 input_index=0 producer_id=2 producer_level=1
[2026-10-02 18:53:05.233] [info] [graph-edge] frame=2 level=2 consumer_id=5 input_index=1 producer_id=4 producer_level=1
[2026-10-02 18:53:05.233] [info] [temp-lifetime] frame=2 after_level=2 live=[5,] retired=[2,4,]
[2026-10-02 18:53:05.234] [info] [exec-level-diag] frame=2 level=2 nodes=1 input_ms=0.109 dispatch_ms=0.276 fb_release_ms=0.013
[2026-10-02 18:53:05.234] [info] [video]   4/48 frames
[2026-10-02 18:53:05.284] [info] [video]   8/48 frames
[2026-10-02 18:53:05.339] [info] [video]   12/48 frames
[2026-10-02 18:53:05.391] [info] [video]   16/48 frames
[2026-10-02 18:53:05.440] [info] [video]   20/48 frames
[2026-10-02 18:53:05.490] [info] [video]   24/48 frames
[2026-10-02 18:53:05.515] [info] [vulkan-lifecycle] frame=25 vram_bytes=333283328 live_surfaces=13 surface_bindings=7 registry_live_handles=107 physical_images=13 deferred_releases=2 vma_allocations=45 surfaces_created=157 surfaces_released=150 queue_packages=1 execution_slots_busy=2 command_batch_active=false
[2026-10-02 18:53:05.539] [info] [video]   28/48 frames
[2026-10-02 18:53:05.579] [info] [video]   32/48 frames
[2026-10-02 18:53:05.618] [info] [video]   36/48 frames
[2026-10-02 18:53:05.657] [info] [video]   40/48 frames
[2026-10-02 18:53:05.699] [info] [video]   44/48 frames
[2026-10-02 18:53:05.739] [info] [video]   48/48 frames
[2026-10-02 18:53:05.755] [info] [video] writer join complete
[2026-10-02 18:53:05.755] [info] [drain-debug] start drain, capacity=6
[2026-10-02 18:53:05.756] [info] [drain-debug] slot_id=4 has completion, waiting
[2026-10-02 18:53:05.756] [info] [drain-debug] slot_id=4 wait complete
[2026-10-02 18:53:05.756] [info] [drain-debug] slot_id=5 has completion, waiting
[2026-10-02 18:53:05.756] [info] [drain-debug] slot_id=5 wait complete
[2026-10-02 18:53:05.756] [info] [drain-debug] reap done, busy_count=0
[2026-10-02 18:53:05.756] [info] [video] trimming framebuffer pool
[2026-10-02 18:53:05.756] [info] [video] Released framebuffer pool — memory trimmed
[2026-10-02 18:53:05.756] [info] [video] frame-loop cleanup complete
[2026-10-02 18:53:05.756] [info] [video] Encoder write blocked duration: 0.00 ms
[2026-10-02 18:53:05.756] [info] [video_diag] conversion_and_copy_duration_ms: 0 ms
[2026-10-02 18:53:05.756] [info] [video_diag] conversion_bytes_written=0 encoder_staging_copy_bytes=0 encoder_slot_reuses=0
[2026-10-02 18:53:05.756] [info] [native_av] close: sending encoder flush
[2026-10-02 18:53:05.756] [info] [native_av] close: encoder flush accepted
[2026-10-02 18:53:05.757] [info] [native_av] close: packets drained=true
[2026-10-02 18:53:05.757] [info] [native_av] close: finalizing mux session
[2026-10-02 18:53:05.757] [info] [native_av] close: mux session finalized
[2026-10-02 18:53:05.757] [info] [native_av] Closed native encoder — 48 frames accepted, encoder_packets=48 mux_packets=48 packet_pts=0..47, YUV cache: 0 hits / 0 misses
[2026-10-02 18:53:05.757] [info] [video_native] convert=113.18ms  send_frame=11.91ms  backpressure=0.00ms  flush=1.07ms  receive_packet=0.60ms  mux_write=0.65ms  trailer=0.28ms
[2026-10-02 18:53:05.759] [info] [video] render_ms=618.68 encode_ms=7.61 writer_encode_ms=126.36 wall_ms=2112.33 nvml_stop_ms=0.14
[2026-10-02 18:53:05.759] [info] [video] FFmpeg queue wait duration: 0.42 ms
[2026-10-02 18:53:05.766] [info] [video] copy_eligible=true sha256=af47afc128e54b35a656dfb920820e6e821d280d9aa57c8325082abcf5c620ae
[2026-10-02 18:53:05.766] [info] [video] Wrote /tmp/velox-phrase-runtime-cert/inputs/premium_soft_reveal/catalog-motions.mp4
[2026-10-02 18:53:05.766] [info] [startup-profile] total=895.85ms logger=0.10ms cli_bootstrap=9.79ms cli_parse=0.00ms composition=0.33ms plan_read=0.18ms json_parse=3.00ms plan_decode_validate=55.76ms asset_resolve=0.02ms plan_compile=6.21ms other=0.00ms
[2026-10-02 18:53:05.795] [info] [video] Wrote exact per-frame timing sidecar: /tmp/velox-phrase-runtime-cert/inputs/premium_soft_reveal/catalog-motions.mp4.timing.json
[2026-10-02 18:53:05.823] [info] [INFO] job-lifecycle: slot_pool_close_ms=0.0 surface_release_ms=0.1
[2026-10-02 18:53:05.958] [info] [INFO] job-lifecycle: queue_close_ms=0.0 writer_join_ms=0.0 encoder_reset_ms=25.6 decoder_reset_ms=0.0 full_graph_reset_ms=135.4 sink_ctx_reset_ms=0.0 device_runtime_reset_ms=0.0 device_reservation_reset_ms=0.0
[2026-10-02 18:53:05.959] [info] [INFO] job-lifecycle: sidecar_write_ms=31.2 session_teardown_ms=161.5
[2026-10-02 18:53:05.967] [info] [INFO] job-lifecycle: execute_ms=2321.0 receipt_build_ms=0.0 receipt_write_ms=0.0 caller_tail_ms=0.0
