[2026-10-02 18:49:39.713] [info] [overlay-prepare] validated package=/tmp/velox-phrase-runtime-cert/inputs/pulse_emphasis_beat/prepared.json hash=97a268feb32ac5ee1c7d2f455268549d8fcb8c6a76be1b9f169d46aae1dde5d1 assets=0 text_runs=1 overlays=2
[2026-10-02 18:49:39.717] [info] [asset-profile] kind=3 path=assets/fonts/Poppins-Bold.ttf bytes=155996 cache=miss invalidated=0 stat=0.01ms hash=3.60ms hashed_bytes=155996 total=3.74ms
[2026-10-02 18:49:39.718] [info] [asset-digest-cache] hits=0 misses=1 invalidations=0 bytes_hashed=155996 lookup_ms=0.01 write_ms=0.02 full_hash_ms=3.60
[2026-10-02 18:49:39.719] [info] [plan-profile] read=0.13ms parse=1.51ms decode=51.30ms resolver=0.03ms compile_validate=5.43ms total=60.78ms
[2026-10-02 18:49:39.719] [info] [asset-profile] kind=3 path=assets/fonts/Poppins-Bold.ttf bytes=155996 cache=hit invalidated=0 stat=0.01ms hash=0.00ms hashed_bytes=0 total=0.10ms
[2026-10-02 18:49:39.719] [info] [asset-digest-cache] hits=1 misses=0 invalidations=0 bytes_hashed=0 lookup_ms=0.01 write_ms=0.00 full_hash_ms=0.00
[2026-10-02 18:49:39.722] [info] [plan-compile-profile] assets=0.28ms fingerprint=1.88ms media_resolution=0.00ms materialize=0.17ms composition_compile=0.00ms compatibility_view=0.09ms total=2.75ms
[2026-10-02 18:49:39.723] [info] [video] Auto-selecting yuv420p pipe pixel format for 1280x720 output
[2026-10-02 18:49:39.723] [info] [video] execution plan resolved (reason: required_gpu_native_full_graph); decode=1 composite=2 encode=1 interop=2 handoff=1 codec=3
[2026-10-02 18:49:39.740] [info] [video-runtime] created persistent runtime for device 0 (CUDA ordinal 0)
[2026-10-02 18:49:39.741] [info] [video] encoder feed capability: host_frame=false direct_yuv=false native_surface=true
[2026-10-02 18:49:39.956] [info] [native_av] CUDA context contract: native=0x558e4bcd3130 ffmpeg=0x558e4bcd3130
[2026-10-02 18:49:39.980] [info] [native_av] NVENC tuning applied: rc=constqp preset=p1 async_depth=4 nvenc_surfaces=8 qp=23 bitrate=0
[2026-10-02 18:49:40.012] [info] [native_av] encoder bitstream contract: codec=27 profile=100 level=-99 pix_fmt=119 parameter_sets=49 materialized=true
[2026-10-02 18:49:40.012] [info] [native_av] Opened native encoder: 1280x720 @ 24fps, codec=h264_nvenc, rc=constqp, preset=p1, output='/tmp/velox-phrase-runtime-cert/inputs/pulse_emphasis_beat/catalog-motions.partial.mp4'
[2026-10-02 18:49:41.236] [info] [pool-warm] Pre-allocated and pre-imported 6 execution slots (1280x720) for native NVENC
[2026-10-02 18:49:41.322] [info] chronon3d::vulkan text batch formats: dst_image.format=109 atlas_image.format=44 atlas_encoding=2 (shader contract: dst rgba32f, atlas rgba8)
[2026-10-02 18:49:41.323] [info] [temp-lifetime] frame=0 after_level=0 live=[0,1,3,] retired=[]
[2026-10-02 18:49:41.323] [info] [exec-level-diag] frame=0 level=0 nodes=3 input_ms=0.006 dispatch_ms=4.970 fb_release_ms=0.005
[2026-10-02 18:49:41.323] [info] [graph-edge] frame=0 level=1 consumer_id=2 input_index=0 producer_id=0 producer_level=0
[2026-10-02 18:49:41.323] [info] [graph-edge] frame=0 level=1 consumer_id=2 input_index=1 producer_id=1 producer_level=0
[2026-10-02 18:49:41.323] [info] [graph-edge] frame=0 level=1 consumer_id=4 input_index=0 producer_id=3 producer_level=0
[2026-10-02 18:49:41.327] [info] [temp-lifetime] frame=0 after_level=1 live=[2,4,] retired=[0,1,3,]
[2026-10-02 18:49:41.328] [info] [exec-level-diag] frame=0 level=1 nodes=2 input_ms=0.120 dispatch_ms=4.245 fb_release_ms=0.015
[2026-10-02 18:49:41.328] [info] [graph-edge] frame=0 level=2 consumer_id=5 input_index=0 producer_id=2 producer_level=1
[2026-10-02 18:49:41.328] [info] [graph-edge] frame=0 level=2 consumer_id=5 input_index=1 producer_id=4 producer_level=1
[2026-10-02 18:49:41.328] [info] [temp-lifetime] frame=0 after_level=2 live=[5,] retired=[2,4,]
[2026-10-02 18:49:41.328] [info] [exec-level-diag] frame=0 level=2 nodes=1 input_ms=0.115 dispatch_ms=0.175 fb_release_ms=0.008
[2026-10-02 18:49:41.328] [info] [video] Exporting via Arena-backed SIMD pipeline
[2026-10-02 18:49:41.339] [info] [temp-lifetime] frame=1 after_level=0 live=[0,1,3,] retired=[]
[2026-10-02 18:49:41.339] [info] [exec-level-diag] frame=1 level=0 nodes=3 input_ms=0.003 dispatch_ms=1.427 fb_release_ms=0.004
[2026-10-02 18:49:41.339] [info] [graph-edge] frame=1 level=1 consumer_id=2 input_index=0 producer_id=0 producer_level=0
[2026-10-02 18:49:41.339] [info] [graph-edge] frame=1 level=1 consumer_id=2 input_index=1 producer_id=1 producer_level=0
[2026-10-02 18:49:41.339] [info] [graph-edge] frame=1 level=1 consumer_id=4 input_index=0 producer_id=3 producer_level=0
[2026-10-02 18:49:41.340] [info] [temp-lifetime] frame=1 after_level=1 live=[2,4,] retired=[0,1,3,]
[2026-10-02 18:49:41.340] [info] [exec-level-diag] frame=1 level=1 nodes=2 input_ms=0.119 dispatch_ms=0.469 fb_release_ms=0.019
[2026-10-02 18:49:41.340] [info] [graph-edge] frame=1 level=2 consumer_id=5 input_index=0 producer_id=2 producer_level=1
[2026-10-02 18:49:41.340] [info] [graph-edge] frame=1 level=2 consumer_id=5 input_index=1 producer_id=4 producer_level=1
[2026-10-02 18:49:41.341] [info] [temp-lifetime] frame=1 after_level=2 live=[5,] retired=[2,4,]
[2026-10-02 18:49:41.341] [info] [exec-level-diag] frame=1 level=2 nodes=1 input_ms=0.121 dispatch_ms=0.256 fb_release_ms=0.013
[2026-10-02 18:49:41.356] [info] [temp-lifetime] frame=2 after_level=0 live=[0,1,3,] retired=[]
[2026-10-02 18:49:41.357] [info] [exec-level-diag] frame=2 level=0 nodes=3 input_ms=0.004 dispatch_ms=1.192 fb_release_ms=0.005
[2026-10-02 18:49:41.357] [info] [graph-edge] frame=2 level=1 consumer_id=2 input_index=0 producer_id=0 producer_level=0
[2026-10-02 18:49:41.357] [info] [graph-edge] frame=2 level=1 consumer_id=2 input_index=1 producer_id=1 producer_level=0
[2026-10-02 18:49:41.357] [info] [graph-edge] frame=2 level=1 consumer_id=4 input_index=0 producer_id=3 producer_level=0
[2026-10-02 18:49:41.357] [info] [temp-lifetime] frame=2 after_level=1 live=[2,4,] retired=[0,1,3,]
[2026-10-02 18:49:41.357] [info] [exec-level-diag] frame=2 level=1 nodes=2 input_ms=0.123 dispatch_ms=0.637 fb_release_ms=0.020
[2026-10-02 18:49:41.358] [info] [graph-edge] frame=2 level=2 consumer_id=5 input_index=0 producer_id=2 producer_level=1
[2026-10-02 18:49:41.358] [info] [graph-edge] frame=2 level=2 consumer_id=5 input_index=1 producer_id=4 producer_level=1
[2026-10-02 18:49:41.358] [info] [temp-lifetime] frame=2 after_level=2 live=[5,] retired=[2,4,]
[2026-10-02 18:49:41.358] [info] [exec-level-diag] frame=2 level=2 nodes=1 input_ms=0.125 dispatch_ms=0.268 fb_release_ms=0.013
[2026-10-02 18:49:41.358] [info] [video]   4/48 frames
[2026-10-02 18:49:41.410] [info] [video]   8/48 frames
[2026-10-02 18:49:41.467] [info] [video]   12/48 frames
[2026-10-02 18:49:41.513] [info] [video]   16/48 frames
[2026-10-02 18:49:41.559] [info] [video]   20/48 frames
[2026-10-02 18:49:41.604] [info] [video]   24/48 frames
[2026-10-02 18:49:41.630] [info] [vulkan-lifecycle] frame=25 vram_bytes=333283328 live_surfaces=13 surface_bindings=7 registry_live_handles=107 physical_images=13 deferred_releases=2 vma_allocations=45 surfaces_created=157 surfaces_released=150 queue_packages=1 execution_slots_busy=2 command_batch_active=false
[2026-10-02 18:49:41.652] [info] [video]   28/48 frames
[2026-10-02 18:49:41.699] [info] [video]   32/48 frames
[2026-10-02 18:49:41.757] [info] [video]   36/48 frames
[2026-10-02 18:49:41.798] [info] [video]   40/48 frames
[2026-10-02 18:49:41.845] [info] [video]   44/48 frames
[2026-10-02 18:49:41.895] [info] [video]   48/48 frames
[2026-10-02 18:49:41.913] [info] [video] writer join complete
[2026-10-02 18:49:41.913] [info] [drain-debug] start drain, capacity=6
[2026-10-02 18:49:41.913] [info] [drain-debug] slot_id=4 has completion, waiting
[2026-10-02 18:49:41.913] [info] [drain-debug] slot_id=4 wait complete
[2026-10-02 18:49:41.913] [info] [drain-debug] slot_id=5 has completion, waiting
[2026-10-02 18:49:41.914] [info] [drain-debug] slot_id=5 wait complete
[2026-10-02 18:49:41.914] [info] [drain-debug] reap done, busy_count=0
[2026-10-02 18:49:41.914] [info] [video] trimming framebuffer pool
[2026-10-02 18:49:41.914] [info] [video] Released framebuffer pool — memory trimmed
[2026-10-02 18:49:41.914] [info] [video] frame-loop cleanup complete
[2026-10-02 18:49:41.914] [info] [video] Encoder write blocked duration: 0.00 ms
[2026-10-02 18:49:41.914] [info] [video_diag] conversion_and_copy_duration_ms: 0 ms
[2026-10-02 18:49:41.914] [info] [video_diag] conversion_bytes_written=0 encoder_staging_copy_bytes=0 encoder_slot_reuses=0
[2026-10-02 18:49:41.914] [info] [native_av] close: sending encoder flush
[2026-10-02 18:49:41.914] [info] [native_av] close: encoder flush accepted
[2026-10-02 18:49:41.914] [info] [native_av] close: packets drained=true
[2026-10-02 18:49:41.915] [info] [native_av] close: finalizing mux session
[2026-10-02 18:49:41.915] [info] [native_av] close: mux session finalized
[2026-10-02 18:49:41.915] [info] [native_av] Closed native encoder — 48 frames accepted, encoder_packets=48 mux_packets=48 packet_pts=0..47, YUV cache: 0 hits / 0 misses
[2026-10-02 18:49:41.915] [info] [video_native] convert=107.34ms  send_frame=16.16ms  backpressure=0.00ms  flush=1.16ms  receive_packet=0.76ms  mux_write=0.97ms  trailer=0.37ms
[2026-10-02 18:49:41.918] [info] [video] render_ms=646.90 encode_ms=8.57 writer_encode_ms=128.38 wall_ms=2194.96 nvml_stop_ms=0.16
[2026-10-02 18:49:41.918] [info] [video] FFmpeg queue wait duration: 0.56 ms
[2026-10-02 18:49:41.925] [info] [video] copy_eligible=true sha256=9349fd23a7b6c3d087882d178ebdbb27cced48f86c307f63518f6e0720210129
[2026-10-02 18:49:41.925] [info] [video] Wrote /tmp/velox-phrase-runtime-cert/inputs/pulse_emphasis_beat/catalog-motions.mp4
[2026-10-02 18:49:41.926] [info] [startup-profile] total=902.03ms logger=0.10ms cli_bootstrap=10.23ms cli_parse=0.00ms composition=0.30ms plan_read=0.13ms json_parse=1.51ms plan_decode_validate=51.30ms asset_resolve=0.03ms plan_compile=5.43ms other=0.00ms
[2026-10-02 18:49:41.971] [info] [video] Wrote exact per-frame timing sidecar: /tmp/velox-phrase-runtime-cert/inputs/pulse_emphasis_beat/catalog-motions.mp4.timing.json
[2026-10-02 18:49:42.023] [info] [INFO] job-lifecycle: slot_pool_close_ms=0.0 surface_release_ms=0.1
[2026-10-02 18:49:42.155] [info] [INFO] job-lifecycle: queue_close_ms=0.0 writer_join_ms=0.0 encoder_reset_ms=47.4 decoder_reset_ms=0.0 full_graph_reset_ms=132.6 sink_ctx_reset_ms=0.0 device_runtime_reset_ms=0.0 device_reservation_reset_ms=0.0
[2026-10-02 18:49:42.156] [info] [INFO] job-lifecycle: sidecar_write_ms=49.6 session_teardown_ms=180.3
[2026-10-02 18:49:42.165] [info] [INFO] job-lifecycle: execute_ms=2442.2 receipt_build_ms=0.0 receipt_write_ms=0.0 caller_tail_ms=0.0
