[2026-10-02 18:53:06.204] [info] [overlay-prepare] validated package=/tmp/velox-phrase-runtime-cert/inputs/quiet_hero_settle/prepared.json hash=df7a78d632b2c2b3f49d25e4d081ec0202540a79ee4ceadc942655efd5e64287 assets=0 text_runs=1 overlays=2
[2026-10-02 18:53:06.208] [info] [asset-profile] kind=3 path=assets/fonts/Poppins-Bold.ttf bytes=155996 cache=miss invalidated=0 stat=0.01ms hash=3.50ms hashed_bytes=155996 total=3.64ms
[2026-10-02 18:53:06.209] [info] [asset-digest-cache] hits=0 misses=1 invalidations=0 bytes_hashed=155996 lookup_ms=0.01 write_ms=0.01 full_hash_ms=3.50
[2026-10-02 18:53:06.210] [info] [plan-profile] read=0.15ms parse=2.38ms decode=53.92ms resolver=0.03ms compile_validate=5.81ms total=65.56ms
[2026-10-02 18:53:06.211] [info] [asset-profile] kind=3 path=assets/fonts/Poppins-Bold.ttf bytes=155996 cache=hit invalidated=0 stat=0.01ms hash=0.00ms hashed_bytes=0 total=0.10ms
[2026-10-02 18:53:06.211] [info] [asset-digest-cache] hits=1 misses=0 invalidations=0 bytes_hashed=0 lookup_ms=0.01 write_ms=0.00 full_hash_ms=0.00
[2026-10-02 18:53:06.214] [info] [plan-compile-profile] assets=0.28ms fingerprint=2.65ms media_resolution=0.00ms materialize=0.16ms composition_compile=0.00ms compatibility_view=0.14ms total=3.56ms
[2026-10-02 18:53:06.215] [info] [video] Auto-selecting yuv420p pipe pixel format for 1280x720 output
[2026-10-02 18:53:06.215] [info] [video] execution plan resolved (reason: required_gpu_native_full_graph); decode=1 composite=2 encode=1 interop=2 handoff=1 codec=3
[2026-10-02 18:53:06.232] [info] [video-runtime] created persistent runtime for device 0 (CUDA ordinal 0)
[2026-10-02 18:53:06.232] [info] [video] encoder feed capability: host_frame=false direct_yuv=false native_surface=true
[2026-10-02 18:53:06.434] [info] [native_av] CUDA context contract: native=0x5654663141d0 ffmpeg=0x5654663141d0
[2026-10-02 18:53:06.452] [info] [native_av] NVENC tuning applied: rc=constqp preset=p1 async_depth=4 nvenc_surfaces=8 qp=23 bitrate=0
[2026-10-02 18:53:06.490] [info] [native_av] encoder bitstream contract: codec=27 profile=100 level=-99 pix_fmt=119 parameter_sets=49 materialized=true
[2026-10-02 18:53:06.491] [info] [native_av] Opened native encoder: 1280x720 @ 24fps, codec=h264_nvenc, rc=constqp, preset=p1, output='/tmp/velox-phrase-runtime-cert/inputs/quiet_hero_settle/catalog-motions.partial.mp4'
[2026-10-02 18:53:07.700] [info] [pool-warm] Pre-allocated and pre-imported 6 execution slots (1280x720) for native NVENC
[2026-10-02 18:53:07.789] [info] chronon3d::vulkan text batch formats: dst_image.format=109 atlas_image.format=44 atlas_encoding=2 (shader contract: dst rgba32f, atlas rgba8)
[2026-10-02 18:53:07.789] [info] [temp-lifetime] frame=0 after_level=0 live=[0,1,3,] retired=[]
[2026-10-02 18:53:07.789] [info] [exec-level-diag] frame=0 level=0 nodes=3 input_ms=0.006 dispatch_ms=5.394 fb_release_ms=0.005
[2026-10-02 18:53:07.789] [info] [graph-edge] frame=0 level=1 consumer_id=2 input_index=0 producer_id=0 producer_level=0
[2026-10-02 18:53:07.789] [info] [graph-edge] frame=0 level=1 consumer_id=2 input_index=1 producer_id=1 producer_level=0
[2026-10-02 18:53:07.789] [info] [graph-edge] frame=0 level=1 consumer_id=4 input_index=0 producer_id=3 producer_level=0
[2026-10-02 18:53:07.794] [info] [temp-lifetime] frame=0 after_level=1 live=[2,4,] retired=[0,1,3,]
[2026-10-02 18:53:07.794] [info] [exec-level-diag] frame=0 level=1 nodes=2 input_ms=0.131 dispatch_ms=4.260 fb_release_ms=0.026
[2026-10-02 18:53:07.794] [info] [graph-edge] frame=0 level=2 consumer_id=5 input_index=0 producer_id=2 producer_level=1
[2026-10-02 18:53:07.794] [info] [graph-edge] frame=0 level=2 consumer_id=5 input_index=1 producer_id=4 producer_level=1
[2026-10-02 18:53:07.794] [info] [temp-lifetime] frame=0 after_level=2 live=[5,] retired=[2,4,]
[2026-10-02 18:53:07.794] [info] [exec-level-diag] frame=0 level=2 nodes=1 input_ms=0.130 dispatch_ms=0.197 fb_release_ms=0.009
[2026-10-02 18:53:07.795] [info] [video] Exporting via Arena-backed SIMD pipeline
[2026-10-02 18:53:07.806] [info] [temp-lifetime] frame=1 after_level=0 live=[0,1,3,] retired=[]
[2026-10-02 18:53:07.806] [info] [exec-level-diag] frame=1 level=0 nodes=3 input_ms=0.003 dispatch_ms=1.429 fb_release_ms=0.003
[2026-10-02 18:53:07.806] [info] [graph-edge] frame=1 level=1 consumer_id=2 input_index=0 producer_id=0 producer_level=0
[2026-10-02 18:53:07.806] [info] [graph-edge] frame=1 level=1 consumer_id=2 input_index=1 producer_id=1 producer_level=0
[2026-10-02 18:53:07.806] [info] [graph-edge] frame=1 level=1 consumer_id=4 input_index=0 producer_id=3 producer_level=0
[2026-10-02 18:53:07.807] [info] [temp-lifetime] frame=1 after_level=1 live=[2,4,] retired=[0,1,3,]
[2026-10-02 18:53:07.807] [info] [exec-level-diag] frame=1 level=1 nodes=2 input_ms=0.153 dispatch_ms=0.484 fb_release_ms=0.019
[2026-10-02 18:53:07.807] [info] [graph-edge] frame=1 level=2 consumer_id=5 input_index=0 producer_id=2 producer_level=1
[2026-10-02 18:53:07.807] [info] [graph-edge] frame=1 level=2 consumer_id=5 input_index=1 producer_id=4 producer_level=1
[2026-10-02 18:53:07.807] [info] [temp-lifetime] frame=1 after_level=2 live=[5,] retired=[2,4,]
[2026-10-02 18:53:07.807] [info] [exec-level-diag] frame=1 level=2 nodes=1 input_ms=0.082 dispatch_ms=0.208 fb_release_ms=0.009
[2026-10-02 18:53:07.822] [info] [temp-lifetime] frame=2 after_level=0 live=[0,1,3,] retired=[]
[2026-10-02 18:53:07.822] [info] [exec-level-diag] frame=2 level=0 nodes=3 input_ms=0.003 dispatch_ms=1.272 fb_release_ms=0.004
[2026-10-02 18:53:07.822] [info] [graph-edge] frame=2 level=1 consumer_id=2 input_index=0 producer_id=0 producer_level=0
[2026-10-02 18:53:07.822] [info] [graph-edge] frame=2 level=1 consumer_id=2 input_index=1 producer_id=1 producer_level=0
[2026-10-02 18:53:07.822] [info] [graph-edge] frame=2 level=1 consumer_id=4 input_index=0 producer_id=3 producer_level=0
[2026-10-02 18:53:07.823] [info] [temp-lifetime] frame=2 after_level=1 live=[2,4,] retired=[0,1,3,]
[2026-10-02 18:53:07.823] [info] [exec-level-diag] frame=2 level=1 nodes=2 input_ms=0.099 dispatch_ms=0.470 fb_release_ms=0.015
[2026-10-02 18:53:07.823] [info] [graph-edge] frame=2 level=2 consumer_id=5 input_index=0 producer_id=2 producer_level=1
[2026-10-02 18:53:07.823] [info] [graph-edge] frame=2 level=2 consumer_id=5 input_index=1 producer_id=4 producer_level=1
[2026-10-02 18:53:07.823] [info] [temp-lifetime] frame=2 after_level=2 live=[5,] retired=[2,4,]
[2026-10-02 18:53:07.823] [info] [exec-level-diag] frame=2 level=2 nodes=1 input_ms=0.074 dispatch_ms=0.199 fb_release_ms=0.009
[2026-10-02 18:53:07.824] [info] [video]   4/48 frames
[2026-10-02 18:53:07.870] [info] [video]   8/48 frames
[2026-10-02 18:53:07.920] [info] [video]   12/48 frames
[2026-10-02 18:53:07.966] [info] [video]   16/48 frames
[2026-10-02 18:53:08.018] [info] [video]   20/48 frames
[2026-10-02 18:53:08.070] [info] [video]   24/48 frames
[2026-10-02 18:53:08.091] [info] [vulkan-lifecycle] frame=25 vram_bytes=333283328 live_surfaces=13 surface_bindings=7 registry_live_handles=107 physical_images=13 deferred_releases=2 vma_allocations=45 surfaces_created=157 surfaces_released=150 queue_packages=1 execution_slots_busy=2 command_batch_active=false
[2026-10-02 18:53:08.113] [info] [video]   28/48 frames
[2026-10-02 18:53:08.156] [info] [video]   32/48 frames
[2026-10-02 18:53:08.201] [info] [video]   36/48 frames
[2026-10-02 18:53:08.247] [info] [video]   40/48 frames
[2026-10-02 18:53:08.292] [info] [video]   44/48 frames
[2026-10-02 18:53:08.338] [info] [video]   48/48 frames
[2026-10-02 18:53:08.352] [info] [video] writer join complete
[2026-10-02 18:53:08.352] [info] [drain-debug] start drain, capacity=6
[2026-10-02 18:53:08.352] [info] [drain-debug] slot_id=4 has completion, waiting
[2026-10-02 18:53:08.352] [info] [drain-debug] slot_id=4 wait complete
[2026-10-02 18:53:08.352] [info] [drain-debug] slot_id=5 has completion, waiting
[2026-10-02 18:53:08.353] [info] [drain-debug] slot_id=5 wait complete
[2026-10-02 18:53:08.353] [info] [drain-debug] reap done, busy_count=0
[2026-10-02 18:53:08.353] [info] [video] trimming framebuffer pool
[2026-10-02 18:53:08.353] [info] [video] Released framebuffer pool — memory trimmed
[2026-10-02 18:53:08.353] [info] [video] frame-loop cleanup complete
[2026-10-02 18:53:08.353] [info] [video] Encoder write blocked duration: 0.00 ms
[2026-10-02 18:53:08.353] [info] [video_diag] conversion_and_copy_duration_ms: 0 ms
[2026-10-02 18:53:08.353] [info] [video_diag] conversion_bytes_written=0 encoder_staging_copy_bytes=0 encoder_slot_reuses=0
[2026-10-02 18:53:08.353] [info] [native_av] close: sending encoder flush
[2026-10-02 18:53:08.353] [info] [native_av] close: encoder flush accepted
[2026-10-02 18:53:08.354] [info] [native_av] close: packets drained=true
[2026-10-02 18:53:08.354] [info] [native_av] close: finalizing mux session
[2026-10-02 18:53:08.354] [info] [native_av] close: mux session finalized
[2026-10-02 18:53:08.354] [info] [native_av] Closed native encoder — 48 frames accepted, encoder_packets=48 mux_packets=48 packet_pts=0..47, YUV cache: 0 hits / 0 misses
[2026-10-02 18:53:08.354] [info] [video_native] convert=112.69ms  send_frame=12.10ms  backpressure=0.00ms  flush=1.12ms  receive_packet=0.64ms  mux_write=0.61ms  trailer=0.32ms
[2026-10-02 18:53:08.356] [info] [video] render_ms=621.92 encode_ms=7.49 writer_encode_ms=127.05 wall_ms=2140.39 nvml_stop_ms=0.13
[2026-10-02 18:53:08.356] [info] [video] FFmpeg queue wait duration: 0.41 ms
[2026-10-02 18:53:08.362] [info] [video] copy_eligible=true sha256=f7c6b9f1768c06654099681b07456ccff2d53edf13afbd4ed8502cc7730c5fe4
[2026-10-02 18:53:08.362] [info] [video] Wrote /tmp/velox-phrase-runtime-cert/inputs/quiet_hero_settle/catalog-motions.mp4
[2026-10-02 18:53:08.363] [info] [startup-profile] total=896.80ms logger=0.10ms cli_bootstrap=9.97ms cli_parse=0.00ms composition=0.34ms plan_read=0.15ms json_parse=2.38ms plan_decode_validate=53.92ms asset_resolve=0.03ms plan_compile=5.81ms other=0.00ms
[2026-10-02 18:53:08.408] [info] [video] Wrote exact per-frame timing sidecar: /tmp/velox-phrase-runtime-cert/inputs/quiet_hero_settle/catalog-motions.mp4.timing.json
[2026-10-02 18:53:08.439] [info] [INFO] job-lifecycle: slot_pool_close_ms=0.0 surface_release_ms=0.1
[2026-10-02 18:53:08.575] [info] [INFO] job-lifecycle: queue_close_ms=0.0 writer_join_ms=0.0 encoder_reset_ms=27.0 decoder_reset_ms=0.0 full_graph_reset_ms=136.3 sink_ctx_reset_ms=0.0 device_runtime_reset_ms=0.0 device_reservation_reset_ms=0.0
[2026-10-02 18:53:08.575] [info] [INFO] job-lifecycle: sidecar_write_ms=48.7 session_teardown_ms=163.7
[2026-10-02 18:53:08.584] [info] [INFO] job-lifecycle: execute_ms=2368.9 receipt_build_ms=0.0 receipt_write_ms=0.0 caller_tail_ms=0.0
