[2026-10-02 18:49:42.444] [info] [overlay-prepare] validated package=/tmp/velox-phrase-runtime-cert/inputs/risograph_offset_print/prepared.json hash=7e62b540eed4a00aa3d5e3de5a6ba4c406581f0a5379f06eb29dbfd5f99d5ec1 assets=0 text_runs=1 overlays=2
[2026-10-02 18:49:42.448] [info] [asset-profile] kind=3 path=assets/fonts/Poppins-Bold.ttf bytes=155996 cache=miss invalidated=0 stat=0.01ms hash=3.55ms hashed_bytes=155996 total=3.71ms
[2026-10-02 18:49:42.448] [info] [asset-digest-cache] hits=0 misses=1 invalidations=0 bytes_hashed=155996 lookup_ms=0.01 write_ms=0.02 full_hash_ms=3.55
[2026-10-02 18:49:42.450] [info] [plan-profile] read=0.15ms parse=1.75ms decode=62.35ms resolver=0.03ms compile_validate=5.64ms total=72.47ms
[2026-10-02 18:49:42.450] [info] [asset-profile] kind=3 path=assets/fonts/Poppins-Bold.ttf bytes=155996 cache=hit invalidated=0 stat=0.01ms hash=0.00ms hashed_bytes=0 total=0.11ms
[2026-10-02 18:49:42.450] [info] [asset-digest-cache] hits=1 misses=0 invalidations=0 bytes_hashed=0 lookup_ms=0.01 write_ms=0.00 full_hash_ms=0.00
[2026-10-02 18:49:42.453] [info] [plan-compile-profile] assets=0.23ms fingerprint=2.13ms media_resolution=0.00ms materialize=0.17ms composition_compile=0.00ms compatibility_view=0.11ms total=3.00ms
[2026-10-02 18:49:42.454] [info] [video] Auto-selecting yuv420p pipe pixel format for 1280x720 output
[2026-10-02 18:49:42.454] [info] [video] execution plan resolved (reason: required_gpu_native_full_graph); decode=1 composite=2 encode=1 interop=2 handoff=1 codec=3
[2026-10-02 18:49:42.570] [info] [video-runtime] created persistent runtime for device 0 (CUDA ordinal 0)
[2026-10-02 18:49:42.571] [info] [video] encoder feed capability: host_frame=false direct_yuv=false native_surface=true
[2026-10-02 18:49:42.780] [info] [native_av] CUDA context contract: native=0x5562864e8f40 ffmpeg=0x5562864e8f40
[2026-10-02 18:49:42.800] [info] [native_av] NVENC tuning applied: rc=constqp preset=p1 async_depth=4 nvenc_surfaces=8 qp=23 bitrate=0
[2026-10-02 18:49:42.833] [info] [native_av] encoder bitstream contract: codec=27 profile=100 level=-99 pix_fmt=119 parameter_sets=49 materialized=true
[2026-10-02 18:49:42.833] [info] [native_av] Opened native encoder: 1280x720 @ 24fps, codec=h264_nvenc, rc=constqp, preset=p1, output='/tmp/velox-phrase-runtime-cert/inputs/risograph_offset_print/catalog-motions.partial.mp4'
[2026-10-02 18:49:44.175] [info] [pool-warm] Pre-allocated and pre-imported 6 execution slots (1280x720) for native NVENC
[2026-10-02 18:49:44.286] [info] chronon3d::vulkan text batch formats: dst_image.format=109 atlas_image.format=44 atlas_encoding=2 (shader contract: dst rgba32f, atlas rgba8)
[2026-10-02 18:49:44.287] [info] [temp-lifetime] frame=0 after_level=0 live=[0,1,3,] retired=[]
[2026-10-02 18:49:44.287] [info] [exec-level-diag] frame=0 level=0 nodes=3 input_ms=0.006 dispatch_ms=11.216 fb_release_ms=0.004
[2026-10-02 18:49:44.287] [info] [graph-edge] frame=0 level=1 consumer_id=2 input_index=0 producer_id=0 producer_level=0
[2026-10-02 18:49:44.287] [info] [graph-edge] frame=0 level=1 consumer_id=2 input_index=1 producer_id=1 producer_level=0
[2026-10-02 18:49:44.287] [info] [graph-edge] frame=0 level=1 consumer_id=4 input_index=0 producer_id=3 producer_level=0
[2026-10-02 18:49:44.292] [info] [temp-lifetime] frame=0 after_level=1 live=[2,4,] retired=[0,1,3,]
[2026-10-02 18:49:44.293] [info] [exec-level-diag] frame=0 level=1 nodes=2 input_ms=0.414 dispatch_ms=5.217 fb_release_ms=0.019
[2026-10-02 18:49:44.293] [info] [graph-edge] frame=0 level=2 consumer_id=5 input_index=0 producer_id=2 producer_level=1
[2026-10-02 18:49:44.293] [info] [graph-edge] frame=0 level=2 consumer_id=5 input_index=1 producer_id=4 producer_level=1
[2026-10-02 18:49:44.293] [info] [temp-lifetime] frame=0 after_level=2 live=[5,] retired=[2,4,]
[2026-10-02 18:49:44.293] [info] [exec-level-diag] frame=0 level=2 nodes=1 input_ms=0.130 dispatch_ms=0.231 fb_release_ms=0.009
[2026-10-02 18:49:44.294] [info] [video] Exporting via Arena-backed SIMD pipeline
[2026-10-02 18:49:44.311] [info] [temp-lifetime] frame=1 after_level=0 live=[0,1,3,] retired=[]
[2026-10-02 18:49:44.311] [info] [exec-level-diag] frame=1 level=0 nodes=3 input_ms=0.006 dispatch_ms=2.768 fb_release_ms=0.005
[2026-10-02 18:49:44.311] [info] [graph-edge] frame=1 level=1 consumer_id=2 input_index=0 producer_id=0 producer_level=0
[2026-10-02 18:49:44.311] [info] [graph-edge] frame=1 level=1 consumer_id=2 input_index=1 producer_id=1 producer_level=0
[2026-10-02 18:49:44.311] [info] [graph-edge] frame=1 level=1 consumer_id=4 input_index=0 producer_id=3 producer_level=0
[2026-10-02 18:49:44.313] [info] [temp-lifetime] frame=1 after_level=1 live=[2,4,] retired=[0,1,3,]
[2026-10-02 18:49:44.313] [info] [exec-level-diag] frame=1 level=1 nodes=2 input_ms=0.153 dispatch_ms=1.475 fb_release_ms=0.015
[2026-10-02 18:49:44.313] [info] [graph-edge] frame=1 level=2 consumer_id=5 input_index=0 producer_id=2 producer_level=1
[2026-10-02 18:49:44.313] [info] [graph-edge] frame=1 level=2 consumer_id=5 input_index=1 producer_id=4 producer_level=1
[2026-10-02 18:49:44.313] [info] [temp-lifetime] frame=1 after_level=2 live=[5,] retired=[2,4,]
[2026-10-02 18:49:44.313] [info] [exec-level-diag] frame=1 level=2 nodes=1 input_ms=0.104 dispatch_ms=0.240 fb_release_ms=0.008
[2026-10-02 18:49:44.332] [info] [temp-lifetime] frame=2 after_level=0 live=[0,1,3,] retired=[]
[2026-10-02 18:49:44.332] [info] [exec-level-diag] frame=2 level=0 nodes=3 input_ms=0.004 dispatch_ms=1.855 fb_release_ms=0.004
[2026-10-02 18:49:44.332] [info] [graph-edge] frame=2 level=1 consumer_id=2 input_index=0 producer_id=0 producer_level=0
[2026-10-02 18:49:44.333] [info] [graph-edge] frame=2 level=1 consumer_id=2 input_index=1 producer_id=1 producer_level=0
[2026-10-02 18:49:44.333] [info] [graph-edge] frame=2 level=1 consumer_id=4 input_index=0 producer_id=3 producer_level=0
[2026-10-02 18:49:44.333] [info] [temp-lifetime] frame=2 after_level=1 live=[2,4,] retired=[0,1,3,]
[2026-10-02 18:49:44.333] [info] [exec-level-diag] frame=2 level=1 nodes=2 input_ms=0.128 dispatch_ms=0.585 fb_release_ms=0.024
[2026-10-02 18:49:44.333] [info] [graph-edge] frame=2 level=2 consumer_id=5 input_index=0 producer_id=2 producer_level=1
[2026-10-02 18:49:44.333] [info] [graph-edge] frame=2 level=2 consumer_id=5 input_index=1 producer_id=4 producer_level=1
[2026-10-02 18:49:44.334] [info] [temp-lifetime] frame=2 after_level=2 live=[5,] retired=[2,4,]
[2026-10-02 18:49:44.334] [info] [exec-level-diag] frame=2 level=2 nodes=1 input_ms=0.128 dispatch_ms=0.275 fb_release_ms=0.013
[2026-10-02 18:49:44.334] [info] [video]   4/48 frames
[2026-10-02 18:49:44.392] [info] [video]   8/48 frames
[2026-10-02 18:49:44.449] [info] [video]   12/48 frames
[2026-10-02 18:49:44.499] [info] [video]   16/48 frames
[2026-10-02 18:49:44.573] [info] [video]   20/48 frames
[2026-10-02 18:49:44.635] [info] [video]   24/48 frames
[2026-10-02 18:49:44.666] [info] [vulkan-lifecycle] frame=25 vram_bytes=333283328 live_surfaces=13 surface_bindings=7 registry_live_handles=107 physical_images=13 deferred_releases=2 vma_allocations=50 surfaces_created=157 surfaces_released=150 queue_packages=1 execution_slots_busy=2 command_batch_active=false
[2026-10-02 18:49:44.704] [info] [video]   28/48 frames
[2026-10-02 18:49:44.766] [info] [video]   32/48 frames
[2026-10-02 18:49:44.834] [info] [video]   36/48 frames
[2026-10-02 18:49:44.914] [info] [video]   40/48 frames
[2026-10-02 18:49:44.975] [info] [video]   44/48 frames
[2026-10-02 18:49:45.046] [info] [video]   48/48 frames
[2026-10-02 18:49:45.065] [info] [video] writer join complete
[2026-10-02 18:49:45.065] [info] [drain-debug] start drain, capacity=6
[2026-10-02 18:49:45.066] [info] [drain-debug] slot_id=4 has completion, waiting
[2026-10-02 18:49:45.066] [info] [drain-debug] slot_id=4 wait complete
[2026-10-02 18:49:45.066] [info] [drain-debug] slot_id=5 has completion, waiting
[2026-10-02 18:49:45.066] [info] [drain-debug] slot_id=5 wait complete
[2026-10-02 18:49:45.066] [info] [drain-debug] reap done, busy_count=0
[2026-10-02 18:49:45.066] [info] [video] trimming framebuffer pool
[2026-10-02 18:49:45.066] [info] [video] Released framebuffer pool — memory trimmed
[2026-10-02 18:49:45.066] [info] [video] frame-loop cleanup complete
[2026-10-02 18:49:45.066] [info] [video] Encoder write blocked duration: 0.00 ms
[2026-10-02 18:49:45.066] [info] [video_diag] conversion_and_copy_duration_ms: 0 ms
[2026-10-02 18:49:45.066] [info] [video_diag] conversion_bytes_written=0 encoder_staging_copy_bytes=0 encoder_slot_reuses=0
[2026-10-02 18:49:45.066] [info] [native_av] close: sending encoder flush
[2026-10-02 18:49:45.066] [info] [native_av] close: encoder flush accepted
[2026-10-02 18:49:45.068] [info] [native_av] close: packets drained=true
[2026-10-02 18:49:45.068] [info] [native_av] close: finalizing mux session
[2026-10-02 18:49:45.069] [info] [native_av] close: mux session finalized
[2026-10-02 18:49:45.069] [info] [native_av] Closed native encoder — 48 frames accepted, encoder_packets=48 mux_packets=48 packet_pts=0..47, YUV cache: 0 hits / 0 misses
[2026-10-02 18:49:45.069] [info] [video_native] convert=100.37ms  send_frame=21.95ms  backpressure=0.00ms  flush=2.30ms  receive_packet=1.84ms  mux_write=1.41ms  trailer=0.37ms
[2026-10-02 18:49:45.071] [info] [video] render_ms=854.95 encode_ms=10.59 writer_encode_ms=129.04 wall_ms=2616.68 nvml_stop_ms=0.11
[2026-10-02 18:49:45.071] [info] [video] FFmpeg queue wait duration: 0.74 ms
[2026-10-02 18:49:45.078] [info] [video] copy_eligible=true sha256=9e95a7604c2fe79b7a173958d82438da9f202c1ff09e6549e8f31e51fb8885fa
[2026-10-02 18:49:45.078] [info] [video] Wrote /tmp/velox-phrase-runtime-cert/inputs/risograph_offset_print/catalog-motions.mp4
[2026-10-02 18:49:45.079] [info] [startup-profile] total=1025.84ms logger=0.10ms cli_bootstrap=10.49ms cli_parse=0.00ms composition=0.42ms plan_read=0.15ms json_parse=1.75ms plan_decode_validate=62.35ms asset_resolve=0.03ms plan_compile=5.64ms other=0.00ms
[2026-10-02 18:49:45.114] [info] [video] Wrote exact per-frame timing sidecar: /tmp/velox-phrase-runtime-cert/inputs/risograph_offset_print/catalog-motions.mp4.timing.json
[2026-10-02 18:49:45.151] [info] [INFO] job-lifecycle: slot_pool_close_ms=0.0 surface_release_ms=0.1
[2026-10-02 18:49:45.292] [info] [INFO] job-lifecycle: queue_close_ms=0.0 writer_join_ms=0.0 encoder_reset_ms=34.3 decoder_reset_ms=0.0 full_graph_reset_ms=140.8 sink_ctx_reset_ms=0.0 device_runtime_reset_ms=0.0 device_reservation_reset_ms=0.0
[2026-10-02 18:49:45.292] [info] [INFO] job-lifecycle: sidecar_write_ms=38.0 session_teardown_ms=175.5
[2026-10-02 18:49:45.301] [info] [INFO] job-lifecycle: execute_ms=2847.4 receipt_build_ms=0.0 receipt_write_ms=0.0 caller_tail_ms=0.0
