[2026-10-02 18:49:52.112] [info] [overlay-prepare] validated package=/tmp/velox-phrase-runtime-cert/inputs/soft_edge_spotlight_dissolve/prepared.json hash=14226d94cf0ef13557bc8b0e552279dca690b4a8d3fab12c1f712681ae8e26e7 assets=0 text_runs=1 overlays=2
[2026-10-02 18:49:52.116] [info] [asset-profile] kind=3 path=assets/fonts/Poppins-Bold.ttf bytes=155996 cache=miss invalidated=0 stat=0.01ms hash=3.37ms hashed_bytes=155996 total=3.51ms
[2026-10-02 18:49:52.116] [info] [asset-digest-cache] hits=0 misses=1 invalidations=0 bytes_hashed=155996 lookup_ms=0.01 write_ms=0.01 full_hash_ms=3.37
[2026-10-02 18:49:52.118] [info] [plan-profile] read=0.13ms parse=1.80ms decode=54.85ms resolver=0.02ms compile_validate=5.37ms total=64.89ms
[2026-10-02 18:49:52.118] [info] [asset-profile] kind=3 path=assets/fonts/Poppins-Bold.ttf bytes=155996 cache=hit invalidated=0 stat=0.01ms hash=0.00ms hashed_bytes=0 total=0.10ms
[2026-10-02 18:49:52.118] [info] [asset-digest-cache] hits=1 misses=0 invalidations=0 bytes_hashed=0 lookup_ms=0.01 write_ms=0.00 full_hash_ms=0.00
[2026-10-02 18:49:52.121] [info] [plan-compile-profile] assets=0.28ms fingerprint=2.12ms media_resolution=0.00ms materialize=0.18ms composition_compile=0.00ms compatibility_view=0.11ms total=3.02ms
[2026-10-02 18:49:52.122] [info] [video] Auto-selecting yuv420p pipe pixel format for 1280x720 output
[2026-10-02 18:49:52.122] [info] [video] execution plan resolved (reason: required_gpu_native_full_graph); decode=1 composite=2 encode=1 interop=2 handoff=1 codec=3
[2026-10-02 18:49:52.144] [info] [video-runtime] created persistent runtime for device 0 (CUDA ordinal 0)
[2026-10-02 18:49:52.144] [info] [video] encoder feed capability: host_frame=false direct_yuv=false native_surface=true
[2026-10-02 18:49:52.370] [info] [native_av] CUDA context contract: native=0x55e55094a570 ffmpeg=0x55e55094a570
[2026-10-02 18:49:52.394] [info] [native_av] NVENC tuning applied: rc=constqp preset=p1 async_depth=4 nvenc_surfaces=8 qp=23 bitrate=0
[2026-10-02 18:49:52.442] [info] [native_av] encoder bitstream contract: codec=27 profile=100 level=-99 pix_fmt=119 parameter_sets=49 materialized=true
[2026-10-02 18:49:52.443] [info] [native_av] Opened native encoder: 1280x720 @ 24fps, codec=h264_nvenc, rc=constqp, preset=p1, output='/tmp/velox-phrase-runtime-cert/inputs/soft_edge_spotlight_dissolve/catalog-motions.partial.mp4'
[2026-10-02 18:49:53.849] [info] [pool-warm] Pre-allocated and pre-imported 6 execution slots (1280x720) for native NVENC
[2026-10-02 18:49:53.933] [info] chronon3d::vulkan text batch formats: dst_image.format=109 atlas_image.format=44 atlas_encoding=2 (shader contract: dst rgba32f, atlas rgba8)
[2026-10-02 18:49:53.933] [info] [temp-lifetime] frame=0 after_level=0 live=[0,1,3,] retired=[]
[2026-10-02 18:49:53.933] [info] [exec-level-diag] frame=0 level=0 nodes=3 input_ms=0.006 dispatch_ms=5.774 fb_release_ms=0.005
[2026-10-02 18:49:53.934] [info] [graph-edge] frame=0 level=1 consumer_id=2 input_index=0 producer_id=0 producer_level=0
[2026-10-02 18:49:53.934] [info] [graph-edge] frame=0 level=1 consumer_id=2 input_index=1 producer_id=1 producer_level=0
[2026-10-02 18:49:53.934] [info] [graph-edge] frame=0 level=1 consumer_id=4 input_index=0 producer_id=3 producer_level=0
[2026-10-02 18:49:53.937] [info] [temp-lifetime] frame=0 after_level=1 live=[2,4,] retired=[0,1,3,]
[2026-10-02 18:49:53.938] [info] [exec-level-diag] frame=0 level=1 nodes=2 input_ms=0.100 dispatch_ms=3.785 fb_release_ms=0.016
[2026-10-02 18:49:53.938] [info] [graph-edge] frame=0 level=2 consumer_id=5 input_index=0 producer_id=2 producer_level=1
[2026-10-02 18:49:53.938] [info] [graph-edge] frame=0 level=2 consumer_id=5 input_index=1 producer_id=4 producer_level=1
[2026-10-02 18:49:53.938] [info] [temp-lifetime] frame=0 after_level=2 live=[5,] retired=[2,4,]
[2026-10-02 18:49:53.938] [info] [exec-level-diag] frame=0 level=2 nodes=1 input_ms=0.130 dispatch_ms=0.178 fb_release_ms=0.009
[2026-10-02 18:49:53.939] [info] [video] Exporting via Arena-backed SIMD pipeline
[2026-10-02 18:49:53.948] [info] [temp-lifetime] frame=1 after_level=0 live=[0,1,3,] retired=[]
[2026-10-02 18:49:53.948] [info] [exec-level-diag] frame=1 level=0 nodes=3 input_ms=0.003 dispatch_ms=1.342 fb_release_ms=0.004
[2026-10-02 18:49:53.948] [info] [graph-edge] frame=1 level=1 consumer_id=2 input_index=0 producer_id=0 producer_level=0
[2026-10-02 18:49:53.948] [info] [graph-edge] frame=1 level=1 consumer_id=2 input_index=1 producer_id=1 producer_level=0
[2026-10-02 18:49:53.948] [info] [graph-edge] frame=1 level=1 consumer_id=4 input_index=0 producer_id=3 producer_level=0
[2026-10-02 18:49:53.949] [info] [temp-lifetime] frame=1 after_level=1 live=[2,4,] retired=[0,1,3,]
[2026-10-02 18:49:53.949] [info] [exec-level-diag] frame=1 level=1 nodes=2 input_ms=0.120 dispatch_ms=0.512 fb_release_ms=0.013
[2026-10-02 18:49:53.949] [info] [graph-edge] frame=1 level=2 consumer_id=5 input_index=0 producer_id=2 producer_level=1
[2026-10-02 18:49:53.949] [info] [graph-edge] frame=1 level=2 consumer_id=5 input_index=1 producer_id=4 producer_level=1
[2026-10-02 18:49:53.949] [info] [temp-lifetime] frame=1 after_level=2 live=[5,] retired=[2,4,]
[2026-10-02 18:49:53.949] [info] [exec-level-diag] frame=1 level=2 nodes=1 input_ms=0.070 dispatch_ms=0.172 fb_release_ms=0.009
[2026-10-02 18:49:53.965] [info] [temp-lifetime] frame=2 after_level=0 live=[0,1,3,] retired=[]
[2026-10-02 18:49:53.965] [info] [exec-level-diag] frame=2 level=0 nodes=3 input_ms=0.004 dispatch_ms=1.557 fb_release_ms=0.004
[2026-10-02 18:49:53.965] [info] [graph-edge] frame=2 level=1 consumer_id=2 input_index=0 producer_id=0 producer_level=0
[2026-10-02 18:49:53.965] [info] [graph-edge] frame=2 level=1 consumer_id=2 input_index=1 producer_id=1 producer_level=0
[2026-10-02 18:49:53.965] [info] [graph-edge] frame=2 level=1 consumer_id=4 input_index=0 producer_id=3 producer_level=0
[2026-10-02 18:49:53.966] [info] [temp-lifetime] frame=2 after_level=1 live=[2,4,] retired=[0,1,3,]
[2026-10-02 18:49:53.966] [info] [exec-level-diag] frame=2 level=1 nodes=2 input_ms=0.127 dispatch_ms=0.412 fb_release_ms=0.014
[2026-10-02 18:49:53.966] [info] [graph-edge] frame=2 level=2 consumer_id=5 input_index=0 producer_id=2 producer_level=1
[2026-10-02 18:49:53.966] [info] [graph-edge] frame=2 level=2 consumer_id=5 input_index=1 producer_id=4 producer_level=1
[2026-10-02 18:49:53.966] [info] [temp-lifetime] frame=2 after_level=2 live=[5,] retired=[2,4,]
[2026-10-02 18:49:53.966] [info] [exec-level-diag] frame=2 level=2 nodes=1 input_ms=0.088 dispatch_ms=0.189 fb_release_ms=0.008
[2026-10-02 18:49:53.966] [info] [video]   4/48 frames
[2026-10-02 18:49:54.010] [info] [video]   8/48 frames
[2026-10-02 18:49:54.052] [info] [video]   12/48 frames
[2026-10-02 18:49:54.095] [info] [video]   16/48 frames
[2026-10-02 18:49:54.141] [info] [video]   20/48 frames
[2026-10-02 18:49:54.188] [info] [video]   24/48 frames
[2026-10-02 18:49:54.212] [info] [vulkan-lifecycle] frame=25 vram_bytes=333283328 live_surfaces=13 surface_bindings=7 registry_live_handles=107 physical_images=13 deferred_releases=2 vma_allocations=55 surfaces_created=157 surfaces_released=150 queue_packages=0 execution_slots_busy=2 command_batch_active=false
[2026-10-02 18:49:54.235] [info] [video]   28/48 frames
[2026-10-02 18:49:54.276] [info] [video]   32/48 frames
[2026-10-02 18:49:54.317] [info] [video]   36/48 frames
[2026-10-02 18:49:54.358] [info] [video]   40/48 frames
[2026-10-02 18:49:54.399] [info] [video]   44/48 frames
[2026-10-02 18:49:54.439] [info] [video]   48/48 frames
[2026-10-02 18:49:54.453] [info] [video] writer join complete
[2026-10-02 18:49:54.453] [info] [drain-debug] start drain, capacity=6
[2026-10-02 18:49:54.453] [info] [drain-debug] slot_id=4 has completion, waiting
[2026-10-02 18:49:54.453] [info] [drain-debug] slot_id=4 wait complete
[2026-10-02 18:49:54.453] [info] [drain-debug] slot_id=5 has completion, waiting
[2026-10-02 18:49:54.453] [info] [drain-debug] slot_id=5 wait complete
[2026-10-02 18:49:54.453] [info] [drain-debug] reap done, busy_count=0
[2026-10-02 18:49:54.454] [info] [video] trimming framebuffer pool
[2026-10-02 18:49:54.454] [info] [video] Released framebuffer pool — memory trimmed
[2026-10-02 18:49:54.454] [info] [video] frame-loop cleanup complete
[2026-10-02 18:49:54.454] [info] [video] Encoder write blocked duration: 0.00 ms
[2026-10-02 18:49:54.454] [info] [video_diag] conversion_and_copy_duration_ms: 0 ms
[2026-10-02 18:49:54.454] [info] [video_diag] conversion_bytes_written=0 encoder_staging_copy_bytes=0 encoder_slot_reuses=0
[2026-10-02 18:49:54.454] [info] [native_av] close: sending encoder flush
[2026-10-02 18:49:54.454] [info] [native_av] close: encoder flush accepted
[2026-10-02 18:49:54.454] [info] [native_av] close: packets drained=true
[2026-10-02 18:49:54.454] [info] [native_av] close: finalizing mux session
[2026-10-02 18:49:54.455] [info] [native_av] close: mux session finalized
[2026-10-02 18:49:54.455] [info] [native_av] Closed native encoder — 48 frames accepted, encoder_packets=48 mux_packets=48 packet_pts=0..47, YUV cache: 0 hits / 0 misses
[2026-10-02 18:49:54.455] [info] [video_native] convert=113.76ms  send_frame=13.58ms  backpressure=0.00ms  flush=0.87ms  receive_packet=0.36ms  mux_write=0.72ms  trailer=0.34ms
[2026-10-02 18:49:54.457] [info] [video] render_ms=575.61 encode_ms=7.88 writer_encode_ms=130.54 wall_ms=2334.27 nvml_stop_ms=0.37
[2026-10-02 18:49:54.457] [info] [video] FFmpeg queue wait duration: 0.44 ms
[2026-10-02 18:49:54.463] [info] [video] copy_eligible=true sha256=59cef886c7a6a6d7dddd0dffe8b33802f32c981bd7787c4e5f693a4cdba04dfe
[2026-10-02 18:49:54.463] [info] [video] Wrote /tmp/velox-phrase-runtime-cert/inputs/soft_edge_spotlight_dissolve/catalog-motions.mp4
[2026-10-02 18:49:54.464] [info] [startup-profile] total=1107.29ms logger=0.12ms cli_bootstrap=9.65ms cli_parse=0.00ms composition=0.33ms plan_read=0.13ms json_parse=1.80ms plan_decode_validate=54.85ms asset_resolve=0.02ms plan_compile=5.37ms other=0.00ms
[2026-10-02 18:49:54.493] [info] [video] Wrote exact per-frame timing sidecar: /tmp/velox-phrase-runtime-cert/inputs/soft_edge_spotlight_dissolve/catalog-motions.mp4.timing.json
[2026-10-02 18:49:54.521] [info] [INFO] job-lifecycle: slot_pool_close_ms=0.0 surface_release_ms=0.1
[2026-10-02 18:49:54.643] [info] [INFO] job-lifecycle: queue_close_ms=0.0 writer_join_ms=0.0 encoder_reset_ms=25.5 decoder_reset_ms=0.0 full_graph_reset_ms=121.4 sink_ctx_reset_ms=0.0 device_runtime_reset_ms=0.0 device_reservation_reset_ms=0.0
[2026-10-02 18:49:54.643] [info] [INFO] job-lifecycle: sidecar_write_ms=32.2 session_teardown_ms=147.3
[2026-10-02 18:49:54.651] [info] [INFO] job-lifecycle: execute_ms=2529.1 receipt_build_ms=0.0 receipt_write_ms=0.0 caller_tail_ms=0.0
