[2026-10-02 18:49:48.703] [info] [overlay-prepare] validated package=/tmp/velox-phrase-runtime-cert/inputs/soft_clay_press/prepared.json hash=c853da0839ce43ca13a58ec594303580fa44472f0bf2449e5991c6fda0bbdb2b assets=0 text_runs=1 overlays=2
[2026-10-02 18:49:48.707] [info] [asset-profile] kind=3 path=assets/fonts/Poppins-Bold.ttf bytes=155996 cache=miss invalidated=0 stat=0.01ms hash=3.62ms hashed_bytes=155996 total=3.76ms
[2026-10-02 18:49:48.707] [info] [asset-digest-cache] hits=0 misses=1 invalidations=0 bytes_hashed=155996 lookup_ms=0.01 write_ms=0.02 full_hash_ms=3.62
[2026-10-02 18:49:48.709] [info] [plan-profile] read=0.15ms parse=1.80ms decode=59.27ms resolver=0.02ms compile_validate=5.72ms total=69.55ms
[2026-10-02 18:49:48.709] [info] [asset-profile] kind=3 path=assets/fonts/Poppins-Bold.ttf bytes=155996 cache=hit invalidated=0 stat=0.01ms hash=0.00ms hashed_bytes=0 total=0.10ms
[2026-10-02 18:49:48.710] [info] [asset-digest-cache] hits=1 misses=0 invalidations=0 bytes_hashed=0 lookup_ms=0.01 write_ms=0.00 full_hash_ms=0.00
[2026-10-02 18:49:48.712] [info] [plan-compile-profile] assets=0.31ms fingerprint=2.07ms media_resolution=0.00ms materialize=0.20ms composition_compile=0.00ms compatibility_view=0.11ms total=3.05ms
[2026-10-02 18:49:48.713] [info] [video] Auto-selecting yuv420p pipe pixel format for 1280x720 output
[2026-10-02 18:49:48.713] [info] [video] execution plan resolved (reason: required_gpu_native_full_graph); decode=1 composite=2 encode=1 interop=2 handoff=1 codec=3
[2026-10-02 18:49:48.733] [info] [video-runtime] created persistent runtime for device 0 (CUDA ordinal 0)
[2026-10-02 18:49:48.733] [info] [video] encoder feed capability: host_frame=false direct_yuv=false native_surface=true
[2026-10-02 18:49:48.982] [info] [native_av] CUDA context contract: native=0x5655605c8a70 ffmpeg=0x5655605c8a70
[2026-10-02 18:49:49.005] [info] [native_av] NVENC tuning applied: rc=constqp preset=p1 async_depth=4 nvenc_surfaces=8 qp=23 bitrate=0
[2026-10-02 18:49:49.041] [info] [native_av] encoder bitstream contract: codec=27 profile=100 level=-99 pix_fmt=119 parameter_sets=49 materialized=true
[2026-10-02 18:49:49.042] [info] [native_av] Opened native encoder: 1280x720 @ 24fps, codec=h264_nvenc, rc=constqp, preset=p1, output='/tmp/velox-phrase-runtime-cert/inputs/soft_clay_press/catalog-motions.partial.mp4'
[2026-10-02 18:49:50.466] [info] [pool-warm] Pre-allocated and pre-imported 6 execution slots (1280x720) for native NVENC
[2026-10-02 18:49:50.902] [info] chronon3d::vulkan text batch formats: dst_image.format=109 atlas_image.format=44 atlas_encoding=2 (shader contract: dst rgba32f, atlas rgba8)
[2026-10-02 18:49:50.904] [info] [temp-lifetime] frame=0 after_level=0 live=[0,1,3,] retired=[]
[2026-10-02 18:49:50.904] [info] [exec-level-diag] frame=0 level=0 nodes=3 input_ms=0.007 dispatch_ms=11.943 fb_release_ms=0.012
[2026-10-02 18:49:50.904] [info] [graph-edge] frame=0 level=1 consumer_id=2 input_index=0 producer_id=0 producer_level=0
[2026-10-02 18:49:50.904] [info] [graph-edge] frame=0 level=1 consumer_id=2 input_index=1 producer_id=1 producer_level=0
[2026-10-02 18:49:50.904] [info] [graph-edge] frame=0 level=1 consumer_id=4 input_index=0 producer_id=3 producer_level=0
[2026-10-02 18:49:50.921] [info] [temp-lifetime] frame=0 after_level=1 live=[2,4,] retired=[0,1,3,]
[2026-10-02 18:49:50.921] [info] [exec-level-diag] frame=0 level=1 nodes=2 input_ms=0.202 dispatch_ms=16.579 fb_release_ms=0.034
[2026-10-02 18:49:50.921] [info] [graph-edge] frame=0 level=2 consumer_id=5 input_index=0 producer_id=2 producer_level=1
[2026-10-02 18:49:50.921] [info] [graph-edge] frame=0 level=2 consumer_id=5 input_index=1 producer_id=4 producer_level=1
[2026-10-02 18:49:50.921] [info] [temp-lifetime] frame=0 after_level=2 live=[5,] retired=[2,4,]
[2026-10-02 18:49:50.921] [info] [exec-level-diag] frame=0 level=2 nodes=1 input_ms=0.204 dispatch_ms=0.298 fb_release_ms=0.018
[2026-10-02 18:49:50.923] [info] [video] Exporting via Arena-backed SIMD pipeline
[2026-10-02 18:49:50.938] [info] [temp-lifetime] frame=1 after_level=0 live=[0,1,3,] retired=[]
[2026-10-02 18:49:50.938] [info] [exec-level-diag] frame=1 level=0 nodes=3 input_ms=0.006 dispatch_ms=1.705 fb_release_ms=0.005
[2026-10-02 18:49:50.938] [info] [graph-edge] frame=1 level=1 consumer_id=2 input_index=0 producer_id=0 producer_level=0
[2026-10-02 18:49:50.938] [info] [graph-edge] frame=1 level=1 consumer_id=2 input_index=1 producer_id=1 producer_level=0
[2026-10-02 18:49:50.938] [info] [graph-edge] frame=1 level=1 consumer_id=4 input_index=0 producer_id=3 producer_level=0
[2026-10-02 18:49:50.941] [info] [temp-lifetime] frame=1 after_level=1 live=[2,4,] retired=[0,1,3,]
[2026-10-02 18:49:50.941] [info] [exec-level-diag] frame=1 level=1 nodes=2 input_ms=0.225 dispatch_ms=2.630 fb_release_ms=0.016
[2026-10-02 18:49:50.941] [info] [graph-edge] frame=1 level=2 consumer_id=5 input_index=0 producer_id=2 producer_level=1
[2026-10-02 18:49:50.941] [info] [graph-edge] frame=1 level=2 consumer_id=5 input_index=1 producer_id=4 producer_level=1
[2026-10-02 18:49:50.941] [info] [temp-lifetime] frame=1 after_level=2 live=[5,] retired=[2,4,]
[2026-10-02 18:49:50.941] [info] [exec-level-diag] frame=1 level=2 nodes=1 input_ms=0.124 dispatch_ms=0.298 fb_release_ms=0.010
[2026-10-02 18:49:50.966] [info] [temp-lifetime] frame=2 after_level=0 live=[0,1,3,] retired=[]
[2026-10-02 18:49:50.966] [info] [exec-level-diag] frame=2 level=0 nodes=3 input_ms=0.003 dispatch_ms=2.608 fb_release_ms=0.005
[2026-10-02 18:49:50.966] [info] [graph-edge] frame=2 level=1 consumer_id=2 input_index=0 producer_id=0 producer_level=0
[2026-10-02 18:49:50.967] [info] [graph-edge] frame=2 level=1 consumer_id=2 input_index=1 producer_id=1 producer_level=0
[2026-10-02 18:49:50.967] [info] [graph-edge] frame=2 level=1 consumer_id=4 input_index=0 producer_id=3 producer_level=0
[2026-10-02 18:49:50.968] [info] [temp-lifetime] frame=2 after_level=1 live=[2,4,] retired=[0,1,3,]
[2026-10-02 18:49:50.968] [info] [exec-level-diag] frame=2 level=1 nodes=2 input_ms=0.122 dispatch_ms=1.788 fb_release_ms=0.043
[2026-10-02 18:49:50.969] [info] [graph-edge] frame=2 level=2 consumer_id=5 input_index=0 producer_id=2 producer_level=1
[2026-10-02 18:49:50.969] [info] [graph-edge] frame=2 level=2 consumer_id=5 input_index=1 producer_id=4 producer_level=1
[2026-10-02 18:49:50.969] [info] [temp-lifetime] frame=2 after_level=2 live=[5,] retired=[2,4,]
[2026-10-02 18:49:50.969] [info] [exec-level-diag] frame=2 level=2 nodes=1 input_ms=0.084 dispatch_ms=0.190 fb_release_ms=0.009
[2026-10-02 18:49:50.969] [info] [video]   4/48 frames
[2026-10-02 18:49:51.040] [info] [video]   8/48 frames
[2026-10-02 18:49:51.101] [info] [video]   12/48 frames
[2026-10-02 18:49:51.154] [info] [video]   16/48 frames
[2026-10-02 18:49:51.207] [info] [video]   20/48 frames
[2026-10-02 18:49:51.267] [info] [video]   24/48 frames
[2026-10-02 18:49:51.297] [info] [vulkan-lifecycle] frame=25 vram_bytes=333283328 live_surfaces=13 surface_bindings=7 registry_live_handles=107 physical_images=13 deferred_releases=2 vma_allocations=50 surfaces_created=157 surfaces_released=150 queue_packages=1 execution_slots_busy=2 command_batch_active=false
[2026-10-02 18:49:51.331] [info] [video]   28/48 frames
[2026-10-02 18:49:51.397] [info] [video]   32/48 frames
[2026-10-02 18:49:51.453] [info] [video]   36/48 frames
[2026-10-02 18:49:51.502] [info] [video]   40/48 frames
[2026-10-02 18:49:51.552] [info] [video]   44/48 frames
[2026-10-02 18:49:51.627] [info] [video]   48/48 frames
[2026-10-02 18:49:51.647] [info] [video] writer join complete
[2026-10-02 18:49:51.647] [info] [drain-debug] start drain, capacity=6
[2026-10-02 18:49:51.647] [info] [drain-debug] slot_id=4 has completion, waiting
[2026-10-02 18:49:51.647] [info] [drain-debug] slot_id=4 wait complete
[2026-10-02 18:49:51.647] [info] [drain-debug] slot_id=5 has completion, waiting
[2026-10-02 18:49:51.647] [info] [drain-debug] slot_id=5 wait complete
[2026-10-02 18:49:51.648] [info] [drain-debug] reap done, busy_count=0
[2026-10-02 18:49:51.648] [info] [video] trimming framebuffer pool
[2026-10-02 18:49:51.648] [info] [video] Released framebuffer pool — memory trimmed
[2026-10-02 18:49:51.648] [info] [video] frame-loop cleanup complete
[2026-10-02 18:49:51.648] [info] [video] Encoder write blocked duration: 0.00 ms
[2026-10-02 18:49:51.648] [info] [video_diag] conversion_and_copy_duration_ms: 0 ms
[2026-10-02 18:49:51.648] [info] [video_diag] conversion_bytes_written=0 encoder_staging_copy_bytes=0 encoder_slot_reuses=0
[2026-10-02 18:49:51.648] [info] [native_av] close: sending encoder flush
[2026-10-02 18:49:51.648] [info] [native_av] close: encoder flush accepted
[2026-10-02 18:49:51.650] [info] [native_av] close: packets drained=true
[2026-10-02 18:49:51.650] [info] [native_av] close: finalizing mux session
[2026-10-02 18:49:51.650] [info] [native_av] close: mux session finalized
[2026-10-02 18:49:51.651] [info] [native_av] Closed native encoder — 48 frames accepted, encoder_packets=48 mux_packets=48 packet_pts=0..47, YUV cache: 0 hits / 0 misses
[2026-10-02 18:49:51.651] [info] [video_native] convert=103.78ms  send_frame=20.28ms  backpressure=0.00ms  flush=2.73ms  receive_packet=2.29ms  mux_write=1.22ms  trailer=0.31ms
[2026-10-02 18:49:51.652] [info] [video] render_ms=1149.76 encode_ms=10.40 writer_encode_ms=134.81 wall_ms=2938.61 nvml_stop_ms=0.16
[2026-10-02 18:49:51.652] [info] [video] FFmpeg queue wait duration: 0.70 ms
[2026-10-02 18:49:51.659] [info] [video] copy_eligible=true sha256=39dd89a0dedb68221b31e5799f0d867c39647bc42cf3416616d69dabbae3698e
[2026-10-02 18:49:51.659] [info] [video] Wrote /tmp/velox-phrase-runtime-cert/inputs/soft_clay_press/catalog-motions.mp4
[2026-10-02 18:49:51.659] [info] [startup-profile] total=1043.32ms logger=0.11ms cli_bootstrap=12.91ms cli_parse=0.00ms composition=0.44ms plan_read=0.15ms json_parse=1.80ms plan_decode_validate=59.27ms asset_resolve=0.02ms plan_compile=5.72ms other=0.00ms
[2026-10-02 18:49:51.698] [info] [video] Wrote exact per-frame timing sidecar: /tmp/velox-phrase-runtime-cert/inputs/soft_clay_press/catalog-motions.mp4.timing.json
[2026-10-02 18:49:51.731] [info] [INFO] job-lifecycle: slot_pool_close_ms=0.0 surface_release_ms=0.1
[2026-10-02 18:49:51.866] [info] [INFO] job-lifecycle: queue_close_ms=0.0 writer_join_ms=0.0 encoder_reset_ms=30.2 decoder_reset_ms=0.0 full_graph_reset_ms=134.9 sink_ctx_reset_ms=0.0 device_runtime_reset_ms=0.0 device_reservation_reset_ms=0.0
[2026-10-02 18:49:51.867] [info] [INFO] job-lifecycle: sidecar_write_ms=41.5 session_teardown_ms=165.5
[2026-10-02 18:49:51.874] [info] [INFO] job-lifecycle: execute_ms=3161.1 receipt_build_ms=0.0 receipt_write_ms=0.0 caller_tail_ms=0.0
