[2026-10-02 18:53:08.818] [info] [overlay-prepare] validated package=/tmp/velox-phrase-runtime-cert/inputs/soft_kinetic_rise/prepared.json hash=9c80a2cdf4206f7836cf57b7b2b33f4f0fb3c1cb3be7434ea9afc2ad38d35bca assets=0 text_runs=1 overlays=2
[2026-10-02 18:53:08.822] [info] [asset-profile] kind=3 path=assets/fonts/Poppins-Bold.ttf bytes=155996 cache=miss invalidated=0 stat=0.01ms hash=3.43ms hashed_bytes=155996 total=3.57ms
[2026-10-02 18:53:08.822] [info] [asset-digest-cache] hits=0 misses=1 invalidations=0 bytes_hashed=155996 lookup_ms=0.01 write_ms=0.01 full_hash_ms=3.43
[2026-10-02 18:53:08.824] [info] [plan-profile] read=0.13ms parse=2.36ms decode=53.32ms resolver=0.03ms compile_validate=5.76ms total=64.79ms
[2026-10-02 18:53:08.825] [info] [asset-profile] kind=3 path=assets/fonts/Poppins-Bold.ttf bytes=155996 cache=hit invalidated=0 stat=0.01ms hash=0.00ms hashed_bytes=0 total=0.10ms
[2026-10-02 18:53:08.825] [info] [asset-digest-cache] hits=1 misses=0 invalidations=0 bytes_hashed=0 lookup_ms=0.01 write_ms=0.00 full_hash_ms=0.00
[2026-10-02 18:53:08.828] [info] [plan-compile-profile] assets=0.28ms fingerprint=2.62ms media_resolution=0.00ms materialize=0.16ms composition_compile=0.00ms compatibility_view=0.14ms total=3.51ms
[2026-10-02 18:53:08.829] [info] [video] Auto-selecting yuv420p pipe pixel format for 1280x720 output
[2026-10-02 18:53:08.829] [info] [video] execution plan resolved (reason: required_gpu_native_full_graph); decode=1 composite=2 encode=1 interop=2 handoff=1 codec=3
[2026-10-02 18:53:08.846] [info] [video-runtime] created persistent runtime for device 0 (CUDA ordinal 0)
[2026-10-02 18:53:08.846] [info] [video] encoder feed capability: host_frame=false direct_yuv=false native_surface=true
[2026-10-02 18:53:09.056] [info] [native_av] CUDA context contract: native=0x558b3ae86ac0 ffmpeg=0x558b3ae86ac0
[2026-10-02 18:53:09.075] [info] [native_av] NVENC tuning applied: rc=constqp preset=p1 async_depth=4 nvenc_surfaces=8 qp=23 bitrate=0
[2026-10-02 18:53:09.106] [info] [native_av] encoder bitstream contract: codec=27 profile=100 level=-99 pix_fmt=119 parameter_sets=49 materialized=true
[2026-10-02 18:53:09.106] [info] [native_av] Opened native encoder: 1280x720 @ 24fps, codec=h264_nvenc, rc=constqp, preset=p1, output='/tmp/velox-phrase-runtime-cert/inputs/soft_kinetic_rise/catalog-motions.partial.mp4'
[2026-10-02 18:53:10.305] [info] [pool-warm] Pre-allocated and pre-imported 6 execution slots (1280x720) for native NVENC
[2026-10-02 18:53:10.388] [info] chronon3d::vulkan text batch formats: dst_image.format=109 atlas_image.format=44 atlas_encoding=2 (shader contract: dst rgba32f, atlas rgba8)
[2026-10-02 18:53:10.389] [info] [temp-lifetime] frame=0 after_level=0 live=[0,1,3,] retired=[]
[2026-10-02 18:53:10.389] [info] [exec-level-diag] frame=0 level=0 nodes=3 input_ms=0.006 dispatch_ms=4.550 fb_release_ms=0.005
[2026-10-02 18:53:10.389] [info] [graph-edge] frame=0 level=1 consumer_id=2 input_index=0 producer_id=0 producer_level=0
[2026-10-02 18:53:10.389] [info] [graph-edge] frame=0 level=1 consumer_id=2 input_index=1 producer_id=1 producer_level=0
[2026-10-02 18:53:10.389] [info] [graph-edge] frame=0 level=1 consumer_id=4 input_index=0 producer_id=3 producer_level=0
[2026-10-02 18:53:10.393] [info] [temp-lifetime] frame=0 after_level=1 live=[2,4,] retired=[0,1,3,]
[2026-10-02 18:53:10.393] [info] [exec-level-diag] frame=0 level=1 nodes=2 input_ms=0.121 dispatch_ms=3.875 fb_release_ms=0.020
[2026-10-02 18:53:10.393] [info] [graph-edge] frame=0 level=2 consumer_id=5 input_index=0 producer_id=2 producer_level=1
[2026-10-02 18:53:10.393] [info] [graph-edge] frame=0 level=2 consumer_id=5 input_index=1 producer_id=4 producer_level=1
[2026-10-02 18:53:10.393] [info] [temp-lifetime] frame=0 after_level=2 live=[5,] retired=[2,4,]
[2026-10-02 18:53:10.394] [info] [exec-level-diag] frame=0 level=2 nodes=1 input_ms=0.155 dispatch_ms=0.178 fb_release_ms=0.009
[2026-10-02 18:53:10.394] [info] [video] Exporting via Arena-backed SIMD pipeline
[2026-10-02 18:53:10.404] [info] [temp-lifetime] frame=1 after_level=0 live=[0,1,3,] retired=[]
[2026-10-02 18:53:10.404] [info] [exec-level-diag] frame=1 level=0 nodes=3 input_ms=0.003 dispatch_ms=1.039 fb_release_ms=0.003
[2026-10-02 18:53:10.404] [info] [graph-edge] frame=1 level=1 consumer_id=2 input_index=0 producer_id=0 producer_level=0
[2026-10-02 18:53:10.404] [info] [graph-edge] frame=1 level=1 consumer_id=2 input_index=1 producer_id=1 producer_level=0
[2026-10-02 18:53:10.404] [info] [graph-edge] frame=1 level=1 consumer_id=4 input_index=0 producer_id=3 producer_level=0
[2026-10-02 18:53:10.404] [info] [temp-lifetime] frame=1 after_level=1 live=[2,4,] retired=[0,1,3,]
[2026-10-02 18:53:10.404] [info] [exec-level-diag] frame=1 level=1 nodes=2 input_ms=0.097 dispatch_ms=0.471 fb_release_ms=0.011
[2026-10-02 18:53:10.404] [info] [graph-edge] frame=1 level=2 consumer_id=5 input_index=0 producer_id=2 producer_level=1
[2026-10-02 18:53:10.404] [info] [graph-edge] frame=1 level=2 consumer_id=5 input_index=1 producer_id=4 producer_level=1
[2026-10-02 18:53:10.405] [info] [temp-lifetime] frame=1 after_level=2 live=[5,] retired=[2,4,]
[2026-10-02 18:53:10.405] [info] [exec-level-diag] frame=1 level=2 nodes=1 input_ms=0.066 dispatch_ms=0.170 fb_release_ms=0.008
[2026-10-02 18:53:10.419] [info] [temp-lifetime] frame=2 after_level=0 live=[0,1,3,] retired=[]
[2026-10-02 18:53:10.419] [info] [exec-level-diag] frame=2 level=0 nodes=3 input_ms=0.004 dispatch_ms=1.427 fb_release_ms=0.004
[2026-10-02 18:53:10.419] [info] [graph-edge] frame=2 level=1 consumer_id=2 input_index=0 producer_id=0 producer_level=0
[2026-10-02 18:53:10.419] [info] [graph-edge] frame=2 level=1 consumer_id=2 input_index=1 producer_id=1 producer_level=0
[2026-10-02 18:53:10.419] [info] [graph-edge] frame=2 level=1 consumer_id=4 input_index=0 producer_id=3 producer_level=0
[2026-10-02 18:53:10.420] [info] [temp-lifetime] frame=2 after_level=1 live=[2,4,] retired=[0,1,3,]
[2026-10-02 18:53:10.420] [info] [exec-level-diag] frame=2 level=1 nodes=2 input_ms=0.118 dispatch_ms=0.469 fb_release_ms=0.014
[2026-10-02 18:53:10.420] [info] [graph-edge] frame=2 level=2 consumer_id=5 input_index=0 producer_id=2 producer_level=1
[2026-10-02 18:53:10.420] [info] [graph-edge] frame=2 level=2 consumer_id=5 input_index=1 producer_id=4 producer_level=1
[2026-10-02 18:53:10.420] [info] [temp-lifetime] frame=2 after_level=2 live=[5,] retired=[2,4,]
[2026-10-02 18:53:10.420] [info] [exec-level-diag] frame=2 level=2 nodes=1 input_ms=0.089 dispatch_ms=0.182 fb_release_ms=0.008
[2026-10-02 18:53:10.421] [info] [video]   4/48 frames
[2026-10-02 18:53:10.466] [info] [video]   8/48 frames
[2026-10-02 18:53:10.514] [info] [video]   12/48 frames
[2026-10-02 18:53:10.560] [info] [video]   16/48 frames
[2026-10-02 18:53:10.607] [info] [video]   20/48 frames
[2026-10-02 18:53:10.652] [info] [video]   24/48 frames
[2026-10-02 18:53:10.676] [info] [vulkan-lifecycle] frame=25 vram_bytes=333283328 live_surfaces=13 surface_bindings=7 registry_live_handles=107 physical_images=13 deferred_releases=2 vma_allocations=45 surfaces_created=157 surfaces_released=150 queue_packages=1 execution_slots_busy=2 command_batch_active=false
[2026-10-02 18:53:10.698] [info] [video]   28/48 frames
[2026-10-02 18:53:10.746] [info] [video]   32/48 frames
[2026-10-02 18:53:10.795] [info] [video]   36/48 frames
[2026-10-02 18:53:10.835] [info] [video]   40/48 frames
[2026-10-02 18:53:10.882] [info] [video]   44/48 frames
[2026-10-02 18:53:10.923] [info] [video]   48/48 frames
[2026-10-02 18:53:10.940] [info] [video] writer join complete
[2026-10-02 18:53:10.940] [info] [drain-debug] start drain, capacity=6
[2026-10-02 18:53:10.940] [info] [drain-debug] slot_id=4 has completion, waiting
[2026-10-02 18:53:10.940] [info] [drain-debug] slot_id=4 wait complete
[2026-10-02 18:53:10.940] [info] [drain-debug] slot_id=5 has completion, waiting
[2026-10-02 18:53:10.940] [info] [drain-debug] slot_id=5 wait complete
[2026-10-02 18:53:10.940] [info] [drain-debug] reap done, busy_count=0
[2026-10-02 18:53:10.940] [info] [video] trimming framebuffer pool
[2026-10-02 18:53:10.940] [info] [video] Released framebuffer pool — memory trimmed
[2026-10-02 18:53:10.940] [info] [video] frame-loop cleanup complete
[2026-10-02 18:53:10.940] [info] [video] Encoder write blocked duration: 0.00 ms
[2026-10-02 18:53:10.940] [info] [video_diag] conversion_and_copy_duration_ms: 0 ms
[2026-10-02 18:53:10.940] [info] [video_diag] conversion_bytes_written=0 encoder_staging_copy_bytes=0 encoder_slot_reuses=0
[2026-10-02 18:53:10.940] [info] [native_av] close: sending encoder flush
[2026-10-02 18:53:10.940] [info] [native_av] close: encoder flush accepted
[2026-10-02 18:53:10.941] [info] [native_av] close: packets drained=true
[2026-10-02 18:53:10.941] [info] [native_av] close: finalizing mux session
[2026-10-02 18:53:10.941] [info] [native_av] close: mux session finalized
[2026-10-02 18:53:10.941] [info] [native_av] Closed native encoder — 48 frames accepted, encoder_packets=48 mux_packets=48 packet_pts=0..47, YUV cache: 0 hits / 0 misses
[2026-10-02 18:53:10.941] [info] [video_native] convert=117.28ms  send_frame=11.31ms  backpressure=0.00ms  flush=1.05ms  receive_packet=0.59ms  mux_write=0.62ms  trailer=0.30ms
[2026-10-02 18:53:10.943] [info] [video] render_ms=606.81 encode_ms=7.52 writer_encode_ms=131.18 wall_ms=2113.81 nvml_stop_ms=0.13
[2026-10-02 18:53:10.943] [info] [video] FFmpeg queue wait duration: 0.37 ms
[2026-10-02 18:53:10.950] [info] [video] copy_eligible=true sha256=dee8e48e016b235750807443c550a17d412465ef178f3f04391eb4408dbd8223
[2026-10-02 18:53:10.950] [info] [video] Wrote /tmp/velox-phrase-runtime-cert/inputs/soft_kinetic_rise/catalog-motions.mp4
[2026-10-02 18:53:10.950] [info] [startup-profile] total=884.53ms logger=0.09ms cli_bootstrap=9.47ms cli_parse=0.00ms composition=0.31ms plan_read=0.13ms json_parse=2.36ms plan_decode_validate=53.32ms asset_resolve=0.03ms plan_compile=5.76ms other=0.00ms
[2026-10-02 18:53:10.979] [info] [video] Wrote exact per-frame timing sidecar: /tmp/velox-phrase-runtime-cert/inputs/soft_kinetic_rise/catalog-motions.mp4.timing.json
[2026-10-02 18:53:11.009] [info] [INFO] job-lifecycle: slot_pool_close_ms=0.0 surface_release_ms=0.1
[2026-10-02 18:53:11.134] [info] [INFO] job-lifecycle: queue_close_ms=0.0 writer_join_ms=0.0 encoder_reset_ms=27.8 decoder_reset_ms=0.0 full_graph_reset_ms=124.8 sink_ctx_reset_ms=0.0 device_runtime_reset_ms=0.0 device_reservation_reset_ms=0.0
[2026-10-02 18:53:11.134] [info] [INFO] job-lifecycle: sidecar_write_ms=31.1 session_teardown_ms=153.0
[2026-10-02 18:53:11.142] [info] [INFO] job-lifecycle: execute_ms=2313.6 receipt_build_ms=0.0 receipt_write_ms=0.0 caller_tail_ms=0.0
