[2026-10-02 18:48:06.758] [info] [overlay-prepare] validated package=/tmp/velox-phrase-runtime-cert/inputs/typewriter_clean/prepared.json hash=cf7365cc6d95cf36acd58eee9cb8fd783e71b6a32cd089fcb316338892f132c0 assets=0 text_runs=1 overlays=2
[2026-10-02 18:48:06.763] [info] [asset-profile] kind=3 path=assets/fonts/Poppins-Bold.ttf bytes=155996 cache=miss invalidated=0 stat=0.01ms hash=3.75ms hashed_bytes=155996 total=3.89ms
[2026-10-02 18:48:06.763] [info] [asset-digest-cache] hits=0 misses=1 invalidations=0 bytes_hashed=155996 lookup_ms=0.01 write_ms=0.01 full_hash_ms=3.75
[2026-10-02 18:48:06.765] [info] [plan-profile] read=0.16ms parse=1.94ms decode=55.78ms resolver=0.04ms compile_validate=5.85ms total=66.65ms
[2026-10-02 18:48:06.765] [info] [asset-profile] kind=3 path=assets/fonts/Poppins-Bold.ttf bytes=155996 cache=hit invalidated=0 stat=0.01ms hash=0.00ms hashed_bytes=0 total=0.10ms
[2026-10-02 18:48:06.765] [info] [asset-digest-cache] hits=1 misses=0 invalidations=0 bytes_hashed=0 lookup_ms=0.01 write_ms=0.00 full_hash_ms=0.00
[2026-10-02 18:48:06.768] [info] [plan-compile-profile] assets=0.22ms fingerprint=2.15ms media_resolution=0.00ms materialize=0.21ms composition_compile=0.00ms compatibility_view=0.10ms total=3.08ms
[2026-10-02 18:48:06.769] [info] [video] Auto-selecting yuv420p pipe pixel format for 1280x720 output
[2026-10-02 18:48:06.778] [info] [video] execution plan resolved (reason: required_gpu_native_full_graph); decode=1 composite=2 encode=1 interop=2 handoff=1 codec=3
[2026-10-02 18:48:06.811] [info] [video-runtime] created persistent runtime for device 0 (CUDA ordinal 0)
[2026-10-02 18:48:06.811] [info] [video] encoder feed capability: host_frame=false direct_yuv=false native_surface=true
[2026-10-02 18:48:07.113] [info] [native_av] CUDA context contract: native=0x5574e6db5580 ffmpeg=0x5574e6db5580
[2026-10-02 18:48:07.134] [info] [native_av] NVENC tuning applied: rc=constqp preset=p1 async_depth=4 nvenc_surfaces=8 qp=23 bitrate=0
[2026-10-02 18:48:07.171] [info] [native_av] encoder bitstream contract: codec=27 profile=100 level=-99 pix_fmt=119 parameter_sets=49 materialized=true
[2026-10-02 18:48:07.171] [info] [native_av] Opened native encoder: 1280x720 @ 24fps, codec=h264_nvenc, rc=constqp, preset=p1, output='/tmp/velox-phrase-runtime-cert/inputs/typewriter_clean/catalog-motions.partial.mp4'
[2026-10-02 18:48:08.590] [info] [pool-warm] Pre-allocated and pre-imported 6 execution slots (1280x720) for native NVENC
[2026-10-02 18:48:08.709] [info] chronon3d::vulkan text batch formats: dst_image.format=109 atlas_image.format=44 atlas_encoding=2 (shader contract: dst rgba32f, atlas rgba8)
[2026-10-02 18:48:08.710] [info] [temp-lifetime] frame=0 after_level=0 live=[0,1,3,] retired=[]
[2026-10-02 18:48:08.710] [info] [exec-level-diag] frame=0 level=0 nodes=3 input_ms=0.007 dispatch_ms=5.372 fb_release_ms=0.008
[2026-10-02 18:48:08.710] [info] [graph-edge] frame=0 level=1 consumer_id=2 input_index=0 producer_id=0 producer_level=0
[2026-10-02 18:48:08.710] [info] [graph-edge] frame=0 level=1 consumer_id=2 input_index=1 producer_id=1 producer_level=0
[2026-10-02 18:48:08.710] [info] [graph-edge] frame=0 level=1 consumer_id=4 input_index=0 producer_id=3 producer_level=0
[2026-10-02 18:48:08.714] [info] [temp-lifetime] frame=0 after_level=1 live=[2,4,] retired=[0,1,3,]
[2026-10-02 18:48:08.714] [info] [exec-level-diag] frame=0 level=1 nodes=2 input_ms=0.085 dispatch_ms=4.105 fb_release_ms=0.020
[2026-10-02 18:48:08.714] [info] [graph-edge] frame=0 level=2 consumer_id=5 input_index=0 producer_id=2 producer_level=1
[2026-10-02 18:48:08.714] [info] [graph-edge] frame=0 level=2 consumer_id=5 input_index=1 producer_id=4 producer_level=1
[2026-10-02 18:48:08.715] [info] [temp-lifetime] frame=0 after_level=2 live=[5,] retired=[2,4,]
[2026-10-02 18:48:08.715] [info] [exec-level-diag] frame=0 level=2 nodes=1 input_ms=0.021 dispatch_ms=0.180 fb_release_ms=0.009
[2026-10-02 18:48:08.715] [info] [video] Exporting via Arena-backed SIMD pipeline
[2026-10-02 18:48:08.726] [info] [temp-lifetime] frame=1 after_level=0 live=[0,1,3,] retired=[]
[2026-10-02 18:48:08.726] [info] [exec-level-diag] frame=1 level=0 nodes=3 input_ms=0.004 dispatch_ms=1.265 fb_release_ms=0.005
[2026-10-02 18:48:08.726] [info] [graph-edge] frame=1 level=1 consumer_id=2 input_index=0 producer_id=0 producer_level=0
[2026-10-02 18:48:08.726] [info] [graph-edge] frame=1 level=1 consumer_id=2 input_index=1 producer_id=1 producer_level=0
[2026-10-02 18:48:08.726] [info] [graph-edge] frame=1 level=1 consumer_id=4 input_index=0 producer_id=3 producer_level=0
[2026-10-02 18:48:08.727] [info] [temp-lifetime] frame=1 after_level=1 live=[2,4,] retired=[0,1,3,]
[2026-10-02 18:48:08.727] [info] [exec-level-diag] frame=1 level=1 nodes=2 input_ms=0.066 dispatch_ms=0.526 fb_release_ms=0.018
[2026-10-02 18:48:08.727] [info] [graph-edge] frame=1 level=2 consumer_id=5 input_index=0 producer_id=2 producer_level=1
[2026-10-02 18:48:08.727] [info] [graph-edge] frame=1 level=2 consumer_id=5 input_index=1 producer_id=4 producer_level=1
[2026-10-02 18:48:08.727] [info] [temp-lifetime] frame=1 after_level=2 live=[5,] retired=[2,4,]
[2026-10-02 18:48:08.727] [info] [exec-level-diag] frame=1 level=2 nodes=1 input_ms=0.037 dispatch_ms=0.227 fb_release_ms=0.011
[2026-10-02 18:48:08.743] [info] [temp-lifetime] frame=2 after_level=0 live=[0,1,3,] retired=[]
[2026-10-02 18:48:08.743] [info] [exec-level-diag] frame=2 level=0 nodes=3 input_ms=0.004 dispatch_ms=1.076 fb_release_ms=0.003
[2026-10-02 18:48:08.743] [info] [graph-edge] frame=2 level=1 consumer_id=2 input_index=0 producer_id=0 producer_level=0
[2026-10-02 18:48:08.743] [info] [graph-edge] frame=2 level=1 consumer_id=2 input_index=1 producer_id=1 producer_level=0
[2026-10-02 18:48:08.743] [info] [graph-edge] frame=2 level=1 consumer_id=4 input_index=0 producer_id=3 producer_level=0
[2026-10-02 18:48:08.743] [info] [temp-lifetime] frame=2 after_level=1 live=[2,4,] retired=[0,1,3,]
[2026-10-02 18:48:08.743] [info] [exec-level-diag] frame=2 level=1 nodes=2 input_ms=0.046 dispatch_ms=0.486 fb_release_ms=0.015
[2026-10-02 18:48:08.743] [info] [graph-edge] frame=2 level=2 consumer_id=5 input_index=0 producer_id=2 producer_level=1
[2026-10-02 18:48:08.743] [info] [graph-edge] frame=2 level=2 consumer_id=5 input_index=1 producer_id=4 producer_level=1
[2026-10-02 18:48:08.744] [info] [temp-lifetime] frame=2 after_level=2 live=[5,] retired=[2,4,]
[2026-10-02 18:48:08.744] [info] [exec-level-diag] frame=2 level=2 nodes=1 input_ms=0.027 dispatch_ms=0.190 fb_release_ms=0.009
[2026-10-02 18:48:08.744] [info] [video]   4/48 frames
[2026-10-02 18:48:08.788] [info] [video]   8/48 frames
[2026-10-02 18:48:08.829] [info] [video]   12/48 frames
[2026-10-02 18:48:08.870] [info] [video]   16/48 frames
[2026-10-02 18:48:08.916] [info] [video]   20/48 frames
[2026-10-02 18:48:08.959] [info] [video]   24/48 frames
[2026-10-02 18:48:08.978] [info] [vulkan-lifecycle] frame=25 vram_bytes=333283328 live_surfaces=13 surface_bindings=7 registry_live_handles=107 physical_images=13 deferred_releases=2 vma_allocations=55 surfaces_created=157 surfaces_released=150 queue_packages=1 execution_slots_busy=2 command_batch_active=false
[2026-10-02 18:48:08.998] [info] [video]   28/48 frames
[2026-10-02 18:48:09.043] [info] [video]   32/48 frames
[2026-10-02 18:48:09.104] [info] [video]   36/48 frames
[2026-10-02 18:48:09.152] [info] [video]   40/48 frames
[2026-10-02 18:48:09.205] [info] [video]   44/48 frames
[2026-10-02 18:48:09.247] [info] [video]   48/48 frames
[2026-10-02 18:48:09.262] [info] [video] writer join complete
[2026-10-02 18:48:09.262] [info] [drain-debug] start drain, capacity=6
[2026-10-02 18:48:09.262] [info] [drain-debug] slot_id=4 has completion, waiting
[2026-10-02 18:48:09.262] [info] [drain-debug] slot_id=4 wait complete
[2026-10-02 18:48:09.262] [info] [drain-debug] slot_id=5 has completion, waiting
[2026-10-02 18:48:09.263] [info] [drain-debug] slot_id=5 wait complete
[2026-10-02 18:48:09.263] [info] [drain-debug] reap done, busy_count=0
[2026-10-02 18:48:09.263] [info] [video] trimming framebuffer pool
[2026-10-02 18:48:09.263] [info] [video] Released framebuffer pool — memory trimmed
[2026-10-02 18:48:09.263] [info] [video] frame-loop cleanup complete
[2026-10-02 18:48:09.263] [info] [video] Encoder write blocked duration: 0.00 ms
[2026-10-02 18:48:09.263] [info] [video_diag] conversion_and_copy_duration_ms: 0 ms
[2026-10-02 18:48:09.263] [info] [video_diag] conversion_bytes_written=0 encoder_staging_copy_bytes=0 encoder_slot_reuses=0
[2026-10-02 18:48:09.263] [info] [native_av] close: sending encoder flush
[2026-10-02 18:48:09.263] [info] [native_av] close: encoder flush accepted
[2026-10-02 18:48:09.264] [info] [native_av] close: packets drained=true
[2026-10-02 18:48:09.264] [info] [native_av] close: finalizing mux session
[2026-10-02 18:48:09.264] [info] [native_av] close: mux session finalized
[2026-10-02 18:48:09.264] [info] [native_av] Closed native encoder — 48 frames accepted, encoder_packets=48 mux_packets=48 packet_pts=0..47, YUV cache: 0 hits / 0 misses
[2026-10-02 18:48:09.264] [info] [video_native] convert=112.08ms  send_frame=16.10ms  backpressure=0.00ms  flush=1.05ms  receive_packet=0.70ms  mux_write=0.77ms  trailer=0.23ms
[2026-10-02 18:48:09.266] [info] [video] render_ms=633.63 encode_ms=7.49 writer_encode_ms=129.81 wall_ms=2488.10 nvml_stop_ms=0.17
[2026-10-02 18:48:09.266] [info] [video] FFmpeg queue wait duration: 0.47 ms
[2026-10-02 18:48:09.273] [info] [video] copy_eligible=true sha256=c487e130c325fd1321c2724fb0b1b962b01d964ac84e3f32092760200ac837bb
[2026-10-02 18:48:09.274] [info] [video] Wrote /tmp/velox-phrase-runtime-cert/inputs/typewriter_clean/catalog-motions.mp4
[2026-10-02 18:48:09.274] [info] [startup-profile] total=1104.45ms logger=0.11ms cli_bootstrap=11.57ms cli_parse=0.00ms composition=0.91ms plan_read=0.16ms json_parse=1.94ms plan_decode_validate=55.78ms asset_resolve=0.04ms plan_compile=5.85ms other=0.00ms
[2026-10-02 18:48:09.306] [info] [video] Wrote exact per-frame timing sidecar: /tmp/velox-phrase-runtime-cert/inputs/typewriter_clean/catalog-motions.mp4.timing.json
[2026-10-02 18:48:09.335] [info] [INFO] job-lifecycle: slot_pool_close_ms=0.0 surface_release_ms=0.1
[2026-10-02 18:48:09.467] [info] [INFO] job-lifecycle: queue_close_ms=0.0 writer_join_ms=0.0 encoder_reset_ms=26.3 decoder_reset_ms=0.0 full_graph_reset_ms=132.8 sink_ctx_reset_ms=0.0 device_runtime_reset_ms=0.0 device_reservation_reset_ms=0.0
[2026-10-02 18:48:09.468] [info] [INFO] job-lifecycle: sidecar_write_ms=34.4 session_teardown_ms=159.4
[2026-10-02 18:48:09.478] [info] [INFO] job-lifecycle: execute_ms=2709.0 receipt_build_ms=0.0 receipt_write_ms=0.0 caller_tail_ms=0.0
