[2026-10-02 18:48:17.920] [info] [overlay-prepare] validated package=/tmp/velox-phrase-runtime-cert/inputs/typewriter_tracking/prepared.json hash=814366e1e0c315edddc74afd57abd969ef58229d9aa0bdd09f02052f28844fb3 assets=0 text_runs=1 overlays=2
[2026-10-02 18:48:17.924] [info] [asset-profile] kind=3 path=assets/fonts/Poppins-Bold.ttf bytes=155996 cache=miss invalidated=0 stat=0.01ms hash=3.69ms hashed_bytes=155996 total=3.85ms
[2026-10-02 18:48:17.924] [info] [asset-digest-cache] hits=0 misses=1 invalidations=0 bytes_hashed=155996 lookup_ms=0.01 write_ms=0.02 full_hash_ms=3.69
[2026-10-02 18:48:17.927] [info] [plan-profile] read=0.19ms parse=3.35ms decode=57.41ms resolver=0.03ms compile_validate=6.67ms total=72.08ms
[2026-10-02 18:48:17.927] [info] [asset-profile] kind=3 path=assets/fonts/Poppins-Bold.ttf bytes=155996 cache=hit invalidated=0 stat=0.01ms hash=0.00ms hashed_bytes=0 total=0.10ms
[2026-10-02 18:48:17.927] [info] [asset-digest-cache] hits=1 misses=0 invalidations=0 bytes_hashed=0 lookup_ms=0.01 write_ms=0.00 full_hash_ms=0.00
[2026-10-02 18:48:17.932] [info] [plan-compile-profile] assets=0.21ms fingerprint=3.48ms media_resolution=0.00ms materialize=0.21ms composition_compile=0.00ms compatibility_view=0.22ms total=4.50ms
[2026-10-02 18:48:17.933] [info] [video] Auto-selecting yuv420p pipe pixel format for 1280x720 output
[2026-10-02 18:48:17.933] [info] [video] execution plan resolved (reason: required_gpu_native_full_graph); decode=1 composite=2 encode=1 interop=2 handoff=1 codec=3
[2026-10-02 18:48:17.957] [info] [video-runtime] created persistent runtime for device 0 (CUDA ordinal 0)
[2026-10-02 18:48:17.957] [info] [video] encoder feed capability: host_frame=false direct_yuv=false native_surface=true
[2026-10-02 18:48:18.234] [info] [native_av] CUDA context contract: native=0x55faa89618a0 ffmpeg=0x55faa89618a0
[2026-10-02 18:48:18.253] [info] [native_av] NVENC tuning applied: rc=constqp preset=p1 async_depth=4 nvenc_surfaces=8 qp=23 bitrate=0
[2026-10-02 18:48:18.286] [info] [native_av] encoder bitstream contract: codec=27 profile=100 level=-99 pix_fmt=119 parameter_sets=49 materialized=true
[2026-10-02 18:48:18.286] [info] [native_av] Opened native encoder: 1280x720 @ 24fps, codec=h264_nvenc, rc=constqp, preset=p1, output='/tmp/velox-phrase-runtime-cert/inputs/typewriter_tracking/catalog-motions.partial.mp4'
[2026-10-02 18:48:19.537] [info] [pool-warm] Pre-allocated and pre-imported 6 execution slots (1280x720) for native NVENC
[2026-10-02 18:48:19.633] [info] chronon3d::vulkan text batch formats: dst_image.format=109 atlas_image.format=44 atlas_encoding=2 (shader contract: dst rgba32f, atlas rgba8)
[2026-10-02 18:48:19.634] [info] [temp-lifetime] frame=0 after_level=0 live=[0,1,3,] retired=[]
[2026-10-02 18:48:19.634] [info] [exec-level-diag] frame=0 level=0 nodes=3 input_ms=0.007 dispatch_ms=5.000 fb_release_ms=0.005
[2026-10-02 18:48:19.634] [info] [graph-edge] frame=0 level=1 consumer_id=2 input_index=0 producer_id=0 producer_level=0
[2026-10-02 18:48:19.634] [info] [graph-edge] frame=0 level=1 consumer_id=2 input_index=1 producer_id=1 producer_level=0
[2026-10-02 18:48:19.634] [info] [graph-edge] frame=0 level=1 consumer_id=4 input_index=0 producer_id=3 producer_level=0
[2026-10-02 18:48:19.638] [info] [temp-lifetime] frame=0 after_level=1 live=[2,4,] retired=[0,1,3,]
[2026-10-02 18:48:19.638] [info] [exec-level-diag] frame=0 level=1 nodes=2 input_ms=0.043 dispatch_ms=4.350 fb_release_ms=0.021
[2026-10-02 18:48:19.638] [info] [graph-edge] frame=0 level=2 consumer_id=5 input_index=0 producer_id=2 producer_level=1
[2026-10-02 18:48:19.638] [info] [graph-edge] frame=0 level=2 consumer_id=5 input_index=1 producer_id=4 producer_level=1
[2026-10-02 18:48:19.638] [info] [temp-lifetime] frame=0 after_level=2 live=[5,] retired=[2,4,]
[2026-10-02 18:48:19.638] [info] [exec-level-diag] frame=0 level=2 nodes=1 input_ms=0.021 dispatch_ms=0.184 fb_release_ms=0.008
[2026-10-02 18:48:19.639] [info] [video] Exporting via Arena-backed SIMD pipeline
[2026-10-02 18:48:19.650] [info] [temp-lifetime] frame=1 after_level=0 live=[0,1,3,] retired=[]
[2026-10-02 18:48:19.650] [info] [exec-level-diag] frame=1 level=0 nodes=3 input_ms=0.003 dispatch_ms=1.028 fb_release_ms=0.003
[2026-10-02 18:48:19.650] [info] [graph-edge] frame=1 level=1 consumer_id=2 input_index=0 producer_id=0 producer_level=0
[2026-10-02 18:48:19.650] [info] [graph-edge] frame=1 level=1 consumer_id=2 input_index=1 producer_id=1 producer_level=0
[2026-10-02 18:48:19.650] [info] [graph-edge] frame=1 level=1 consumer_id=4 input_index=0 producer_id=3 producer_level=0
[2026-10-02 18:48:19.650] [info] [temp-lifetime] frame=1 after_level=1 live=[2,4,] retired=[0,1,3,]
[2026-10-02 18:48:19.650] [info] [exec-level-diag] frame=1 level=1 nodes=2 input_ms=0.028 dispatch_ms=0.363 fb_release_ms=0.012
[2026-10-02 18:48:19.650] [info] [graph-edge] frame=1 level=2 consumer_id=5 input_index=0 producer_id=2 producer_level=1
[2026-10-02 18:48:19.650] [info] [graph-edge] frame=1 level=2 consumer_id=5 input_index=1 producer_id=4 producer_level=1
[2026-10-02 18:48:19.650] [info] [temp-lifetime] frame=1 after_level=2 live=[5,] retired=[2,4,]
[2026-10-02 18:48:19.650] [info] [exec-level-diag] frame=1 level=2 nodes=1 input_ms=0.019 dispatch_ms=0.169 fb_release_ms=0.008
[2026-10-02 18:48:19.665] [info] [temp-lifetime] frame=2 after_level=0 live=[0,1,3,] retired=[]
[2026-10-02 18:48:19.665] [info] [exec-level-diag] frame=2 level=0 nodes=3 input_ms=0.003 dispatch_ms=1.242 fb_release_ms=0.004
[2026-10-02 18:48:19.665] [info] [graph-edge] frame=2 level=1 consumer_id=2 input_index=0 producer_id=0 producer_level=0
[2026-10-02 18:48:19.665] [info] [graph-edge] frame=2 level=1 consumer_id=2 input_index=1 producer_id=1 producer_level=0
[2026-10-02 18:48:19.665] [info] [graph-edge] frame=2 level=1 consumer_id=4 input_index=0 producer_id=3 producer_level=0
[2026-10-02 18:48:19.666] [info] [temp-lifetime] frame=2 after_level=1 live=[2,4,] retired=[0,1,3,]
[2026-10-02 18:48:19.666] [info] [exec-level-diag] frame=2 level=1 nodes=2 input_ms=0.027 dispatch_ms=0.420 fb_release_ms=0.012
[2026-10-02 18:48:19.666] [info] [graph-edge] frame=2 level=2 consumer_id=5 input_index=0 producer_id=2 producer_level=1
[2026-10-02 18:48:19.666] [info] [graph-edge] frame=2 level=2 consumer_id=5 input_index=1 producer_id=4 producer_level=1
[2026-10-02 18:48:19.666] [info] [temp-lifetime] frame=2 after_level=2 live=[5,] retired=[2,4,]
[2026-10-02 18:48:19.666] [info] [exec-level-diag] frame=2 level=2 nodes=1 input_ms=0.019 dispatch_ms=0.180 fb_release_ms=0.008
[2026-10-02 18:48:19.666] [info] [video]   4/48 frames
[2026-10-02 18:48:19.717] [info] [video]   8/48 frames
[2026-10-02 18:48:19.760] [info] [video]   12/48 frames
[2026-10-02 18:48:19.806] [info] [video]   16/48 frames
[2026-10-02 18:48:19.854] [info] [video]   20/48 frames
[2026-10-02 18:48:19.902] [info] [video]   24/48 frames
[2026-10-02 18:48:19.926] [info] [vulkan-lifecycle] frame=25 vram_bytes=333283328 live_surfaces=13 surface_bindings=7 registry_live_handles=107 physical_images=13 deferred_releases=2 vma_allocations=50 surfaces_created=157 surfaces_released=150 queue_packages=1 execution_slots_busy=2 command_batch_active=false
[2026-10-02 18:48:19.949] [info] [video]   28/48 frames
[2026-10-02 18:48:19.995] [info] [video]   32/48 frames
[2026-10-02 18:48:20.044] [info] [video]   36/48 frames
[2026-10-02 18:48:20.095] [info] [video]   40/48 frames
[2026-10-02 18:48:20.144] [info] [video]   44/48 frames
[2026-10-02 18:48:20.197] [info] [video]   48/48 frames
[2026-10-02 18:48:20.212] [info] [video] writer join complete
[2026-10-02 18:48:20.212] [info] [drain-debug] start drain, capacity=6
[2026-10-02 18:48:20.212] [info] [drain-debug] slot_id=4 has completion, waiting
[2026-10-02 18:48:20.212] [info] [drain-debug] slot_id=4 wait complete
[2026-10-02 18:48:20.212] [info] [drain-debug] slot_id=5 has completion, waiting
[2026-10-02 18:48:20.212] [info] [drain-debug] slot_id=5 wait complete
[2026-10-02 18:48:20.212] [info] [drain-debug] reap done, busy_count=0
[2026-10-02 18:48:20.212] [info] [video] trimming framebuffer pool
[2026-10-02 18:48:20.212] [info] [video] Released framebuffer pool — memory trimmed
[2026-10-02 18:48:20.212] [info] [video] frame-loop cleanup complete
[2026-10-02 18:48:20.213] [info] [video] Encoder write blocked duration: 0.00 ms
[2026-10-02 18:48:20.213] [info] [video_diag] conversion_and_copy_duration_ms: 0 ms
[2026-10-02 18:48:20.213] [info] [video_diag] conversion_bytes_written=0 encoder_staging_copy_bytes=0 encoder_slot_reuses=0
[2026-10-02 18:48:20.213] [info] [native_av] close: sending encoder flush
[2026-10-02 18:48:20.213] [info] [native_av] close: encoder flush accepted
[2026-10-02 18:48:20.213] [info] [native_av] close: packets drained=true
[2026-10-02 18:48:20.213] [info] [native_av] close: finalizing mux session
[2026-10-02 18:48:20.214] [info] [native_av] close: mux session finalized
[2026-10-02 18:48:20.214] [info] [native_av] Closed native encoder — 48 frames accepted, encoder_packets=48 mux_packets=48 packet_pts=0..47, YUV cache: 0 hits / 0 misses
[2026-10-02 18:48:20.214] [info] [video_native] convert=114.49ms  send_frame=12.86ms  backpressure=0.00ms  flush=1.10ms  receive_packet=0.76ms  mux_write=0.68ms  trailer=0.27ms
[2026-10-02 18:48:20.215] [info] [video] render_ms=644.77 encode_ms=7.37 writer_encode_ms=128.91 wall_ms=2282.47 nvml_stop_ms=0.14
[2026-10-02 18:48:20.215] [info] [video] FFmpeg queue wait duration: 0.42 ms
[2026-10-02 18:48:20.223] [info] [video] copy_eligible=true sha256=ab8e88edfa0dd2eab6626d3fc4e926e55c4b9711a8795a734726d41d0ea4bc9d
[2026-10-02 18:48:20.223] [info] [video] Wrote /tmp/velox-phrase-runtime-cert/inputs/typewriter_tracking/catalog-motions.mp4
[2026-10-02 18:48:20.223] [info] [startup-profile] total=995.21ms logger=0.11ms cli_bootstrap=10.17ms cli_parse=0.00ms composition=0.35ms plan_read=0.19ms json_parse=3.35ms plan_decode_validate=57.41ms asset_resolve=0.03ms plan_compile=6.67ms other=0.00ms
[2026-10-02 18:48:20.256] [info] [video] Wrote exact per-frame timing sidecar: /tmp/velox-phrase-runtime-cert/inputs/typewriter_tracking/catalog-motions.mp4.timing.json
[2026-10-02 18:48:20.284] [info] [INFO] job-lifecycle: slot_pool_close_ms=0.0 surface_release_ms=0.1
[2026-10-02 18:48:20.417] [info] [INFO] job-lifecycle: queue_close_ms=0.0 writer_join_ms=0.0 encoder_reset_ms=25.6 decoder_reset_ms=0.0 full_graph_reset_ms=132.2 sink_ctx_reset_ms=0.0 device_runtime_reset_ms=0.0 device_reservation_reset_ms=0.0
[2026-10-02 18:48:20.417] [info] [INFO] job-lifecycle: sidecar_write_ms=35.6 session_teardown_ms=158.3
[2026-10-02 18:48:20.427] [info] [INFO] job-lifecycle: execute_ms=2493.9 receipt_build_ms=0.0 receipt_write_ms=0.0 caller_tail_ms=0.0
