[2026-10-02 18:48:12.445] [info] [overlay-prepare] validated package=/tmp/velox-phrase-runtime-cert/inputs/typewriter_neon/prepared.json hash=ce89ad850f595ea3724e6d11c7662efeea60590430f9809b20bbf95b30bab7c7 assets=0 text_runs=1 overlays=2
[2026-10-02 18:48:12.449] [info] [asset-profile] kind=3 path=assets/fonts/Poppins-Bold.ttf bytes=155996 cache=miss invalidated=0 stat=0.01ms hash=3.35ms hashed_bytes=155996 total=3.50ms
[2026-10-02 18:48:12.449] [info] [asset-digest-cache] hits=0 misses=1 invalidations=0 bytes_hashed=155996 lookup_ms=0.01 write_ms=0.01 full_hash_ms=3.35
[2026-10-02 18:48:12.451] [info] [plan-profile] read=0.21ms parse=3.43ms decode=57.45ms resolver=0.03ms compile_validate=6.20ms total=71.65ms
[2026-10-02 18:48:12.452] [info] [asset-profile] kind=3 path=assets/fonts/Poppins-Bold.ttf bytes=155996 cache=hit invalidated=0 stat=0.01ms hash=0.00ms hashed_bytes=0 total=0.10ms
[2026-10-02 18:48:12.452] [info] [asset-digest-cache] hits=1 misses=0 invalidations=0 bytes_hashed=0 lookup_ms=0.01 write_ms=0.00 full_hash_ms=0.00
[2026-10-02 18:48:12.456] [info] [plan-compile-profile] assets=0.21ms fingerprint=3.46ms media_resolution=0.00ms materialize=0.16ms composition_compile=0.00ms compatibility_view=0.15ms total=4.33ms
[2026-10-02 18:48:12.457] [info] [video] Auto-selecting yuv420p pipe pixel format for 1280x720 output
[2026-10-02 18:48:12.457] [info] [video] execution plan resolved (reason: required_gpu_native_full_graph); decode=1 composite=2 encode=1 interop=2 handoff=1 codec=3
[2026-10-02 18:48:12.474] [info] [video-runtime] created persistent runtime for device 0 (CUDA ordinal 0)
[2026-10-02 18:48:12.474] [info] [video] encoder feed capability: host_frame=false direct_yuv=false native_surface=true
[2026-10-02 18:48:12.690] [info] [native_av] CUDA context contract: native=0x56030feff520 ffmpeg=0x56030feff520
[2026-10-02 18:48:12.709] [info] [native_av] NVENC tuning applied: rc=constqp preset=p1 async_depth=4 nvenc_surfaces=8 qp=23 bitrate=0
[2026-10-02 18:48:12.741] [info] [native_av] encoder bitstream contract: codec=27 profile=100 level=-99 pix_fmt=119 parameter_sets=49 materialized=true
[2026-10-02 18:48:12.742] [info] [native_av] Opened native encoder: 1280x720 @ 24fps, codec=h264_nvenc, rc=constqp, preset=p1, output='/tmp/velox-phrase-runtime-cert/inputs/typewriter_neon/catalog-motions.partial.mp4'
[2026-10-02 18:48:14.023] [info] [pool-warm] Pre-allocated and pre-imported 6 execution slots (1280x720) for native NVENC
[2026-10-02 18:48:14.122] [info] chronon3d::vulkan text batch formats: dst_image.format=109 atlas_image.format=44 atlas_encoding=2 (shader contract: dst rgba32f, atlas rgba8)
[2026-10-02 18:48:14.122] [info] [temp-lifetime] frame=0 after_level=0 live=[0,1,3,] retired=[]
[2026-10-02 18:48:14.122] [info] [exec-level-diag] frame=0 level=0 nodes=3 input_ms=0.007 dispatch_ms=5.611 fb_release_ms=0.005
[2026-10-02 18:48:14.122] [info] [graph-edge] frame=0 level=1 consumer_id=2 input_index=0 producer_id=0 producer_level=0
[2026-10-02 18:48:14.122] [info] [graph-edge] frame=0 level=1 consumer_id=2 input_index=1 producer_id=1 producer_level=0
[2026-10-02 18:48:14.122] [info] [graph-edge] frame=0 level=1 consumer_id=4 input_index=0 producer_id=3 producer_level=0
[2026-10-02 18:48:14.127] [info] [temp-lifetime] frame=0 after_level=1 live=[2,4,] retired=[0,1,3,]
[2026-10-02 18:48:14.127] [info] [exec-level-diag] frame=0 level=1 nodes=2 input_ms=0.041 dispatch_ms=4.401 fb_release_ms=0.016
[2026-10-02 18:48:14.127] [info] [graph-edge] frame=0 level=2 consumer_id=5 input_index=0 producer_id=2 producer_level=1
[2026-10-02 18:48:14.127] [info] [graph-edge] frame=0 level=2 consumer_id=5 input_index=1 producer_id=4 producer_level=1
[2026-10-02 18:48:14.127] [info] [temp-lifetime] frame=0 after_level=2 live=[5,] retired=[2,4,]
[2026-10-02 18:48:14.127] [info] [exec-level-diag] frame=0 level=2 nodes=1 input_ms=0.020 dispatch_ms=0.166 fb_release_ms=0.008
[2026-10-02 18:48:14.128] [info] [video] Exporting via Arena-backed SIMD pipeline
[2026-10-02 18:48:14.142] [info] [temp-lifetime] frame=1 after_level=0 live=[0,1,3,] retired=[]
[2026-10-02 18:48:14.142] [info] [exec-level-diag] frame=1 level=0 nodes=3 input_ms=0.003 dispatch_ms=2.212 fb_release_ms=0.003
[2026-10-02 18:48:14.142] [info] [graph-edge] frame=1 level=1 consumer_id=2 input_index=0 producer_id=0 producer_level=0
[2026-10-02 18:48:14.143] [info] [graph-edge] frame=1 level=1 consumer_id=2 input_index=1 producer_id=1 producer_level=0
[2026-10-02 18:48:14.143] [info] [graph-edge] frame=1 level=1 consumer_id=4 input_index=0 producer_id=3 producer_level=0
[2026-10-02 18:48:14.144] [info] [temp-lifetime] frame=1 after_level=1 live=[2,4,] retired=[0,1,3,]
[2026-10-02 18:48:14.144] [info] [exec-level-diag] frame=1 level=1 nodes=2 input_ms=0.027 dispatch_ms=1.369 fb_release_ms=0.012
[2026-10-02 18:48:14.144] [info] [graph-edge] frame=1 level=2 consumer_id=5 input_index=0 producer_id=2 producer_level=1
[2026-10-02 18:48:14.144] [info] [graph-edge] frame=1 level=2 consumer_id=5 input_index=1 producer_id=4 producer_level=1
[2026-10-02 18:48:14.144] [info] [temp-lifetime] frame=1 after_level=2 live=[5,] retired=[2,4,]
[2026-10-02 18:48:14.144] [info] [exec-level-diag] frame=1 level=2 nodes=1 input_ms=0.019 dispatch_ms=0.215 fb_release_ms=0.008
[2026-10-02 18:48:14.162] [info] [temp-lifetime] frame=2 after_level=0 live=[0,1,3,] retired=[]
[2026-10-02 18:48:14.162] [info] [exec-level-diag] frame=2 level=0 nodes=3 input_ms=0.003 dispatch_ms=2.230 fb_release_ms=0.006
[2026-10-02 18:48:14.162] [info] [graph-edge] frame=2 level=1 consumer_id=2 input_index=0 producer_id=0 producer_level=0
[2026-10-02 18:48:14.162] [info] [graph-edge] frame=2 level=1 consumer_id=2 input_index=1 producer_id=1 producer_level=0
[2026-10-02 18:48:14.162] [info] [graph-edge] frame=2 level=1 consumer_id=4 input_index=0 producer_id=3 producer_level=0
[2026-10-02 18:48:14.163] [info] [temp-lifetime] frame=2 after_level=1 live=[2,4,] retired=[0,1,3,]
[2026-10-02 18:48:14.163] [info] [exec-level-diag] frame=2 level=1 nodes=2 input_ms=0.033 dispatch_ms=0.460 fb_release_ms=0.016
[2026-10-02 18:48:14.163] [info] [graph-edge] frame=2 level=2 consumer_id=5 input_index=0 producer_id=2 producer_level=1
[2026-10-02 18:48:14.163] [info] [graph-edge] frame=2 level=2 consumer_id=5 input_index=1 producer_id=4 producer_level=1
[2026-10-02 18:48:14.163] [info] [temp-lifetime] frame=2 after_level=2 live=[5,] retired=[2,4,]
[2026-10-02 18:48:14.163] [info] [exec-level-diag] frame=2 level=2 nodes=1 input_ms=0.020 dispatch_ms=0.183 fb_release_ms=0.009
[2026-10-02 18:48:14.163] [info] [video]   4/48 frames
[2026-10-02 18:48:14.215] [info] [video]   8/48 frames
[2026-10-02 18:48:14.265] [info] [video]   12/48 frames
[2026-10-02 18:48:14.314] [info] [video]   16/48 frames
[2026-10-02 18:48:14.367] [info] [video]   20/48 frames
[2026-10-02 18:48:14.418] [info] [video]   24/48 frames
[2026-10-02 18:48:14.446] [info] [vulkan-lifecycle] frame=25 vram_bytes=333283328 live_surfaces=13 surface_bindings=7 registry_live_handles=107 physical_images=13 deferred_releases=2 vma_allocations=45 surfaces_created=157 surfaces_released=150 queue_packages=1 execution_slots_busy=2 command_batch_active=false
[2026-10-02 18:48:14.471] [info] [video]   28/48 frames
[2026-10-02 18:48:14.521] [info] [video]   32/48 frames
[2026-10-02 18:48:14.584] [info] [video]   36/48 frames
[2026-10-02 18:48:14.646] [info] [video]   40/48 frames
[2026-10-02 18:48:14.695] [info] [video]   44/48 frames
[2026-10-02 18:48:14.742] [info] [video]   48/48 frames
[2026-10-02 18:48:14.756] [info] [video] writer join complete
[2026-10-02 18:48:14.756] [info] [drain-debug] start drain, capacity=6
[2026-10-02 18:48:14.756] [info] [drain-debug] slot_id=4 has completion, waiting
[2026-10-02 18:48:14.756] [info] [drain-debug] slot_id=4 wait complete
[2026-10-02 18:48:14.756] [info] [drain-debug] slot_id=5 has completion, waiting
[2026-10-02 18:48:14.756] [info] [drain-debug] slot_id=5 wait complete
[2026-10-02 18:48:14.756] [info] [drain-debug] reap done, busy_count=0
[2026-10-02 18:48:14.756] [info] [video] trimming framebuffer pool
[2026-10-02 18:48:14.757] [info] [video] Released framebuffer pool — memory trimmed
[2026-10-02 18:48:14.757] [info] [video] frame-loop cleanup complete
[2026-10-02 18:48:14.757] [info] [video] Encoder write blocked duration: 0.00 ms
[2026-10-02 18:48:14.757] [info] [video_diag] conversion_and_copy_duration_ms: 0 ms
[2026-10-02 18:48:14.757] [info] [video_diag] conversion_bytes_written=0 encoder_staging_copy_bytes=0 encoder_slot_reuses=0
[2026-10-02 18:48:14.757] [info] [native_av] close: sending encoder flush
[2026-10-02 18:48:14.757] [info] [native_av] close: encoder flush accepted
[2026-10-02 18:48:14.757] [info] [native_av] close: packets drained=true
[2026-10-02 18:48:14.758] [info] [native_av] close: finalizing mux session
[2026-10-02 18:48:14.758] [info] [native_av] close: mux session finalized
[2026-10-02 18:48:14.758] [info] [native_av] Closed native encoder — 48 frames accepted, encoder_packets=48 mux_packets=48 packet_pts=0..47, YUV cache: 0 hits / 0 misses
[2026-10-02 18:48:14.758] [info] [video_native] convert=110.47ms  send_frame=14.45ms  backpressure=0.00ms  flush=1.12ms  receive_packet=0.86ms  mux_write=1.11ms  trailer=0.21ms
[2026-10-02 18:48:14.759] [info] [video] render_ms=702.72 encode_ms=7.16 writer_encode_ms=129.01 wall_ms=2302.38 nvml_stop_ms=0.14
[2026-10-02 18:48:14.760] [info] [video] FFmpeg queue wait duration: 0.46 ms
[2026-10-02 18:48:14.767] [info] [video] copy_eligible=true sha256=6ab70da24659f4ec3b9f9bc89e8f0d68953b991ee2439acd48aa2474901380a4
[2026-10-02 18:48:14.767] [info] [video] Wrote /tmp/velox-phrase-runtime-cert/inputs/typewriter_neon/catalog-motions.mp4
[2026-10-02 18:48:14.767] [info] [startup-profile] total=932.44ms logger=0.10ms cli_bootstrap=9.80ms cli_parse=0.00ms composition=0.31ms plan_read=0.21ms json_parse=3.43ms plan_decode_validate=57.45ms asset_resolve=0.03ms plan_compile=6.20ms other=0.00ms
[2026-10-02 18:48:14.797] [info] [video] Wrote exact per-frame timing sidecar: /tmp/velox-phrase-runtime-cert/inputs/typewriter_neon/catalog-motions.mp4.timing.json
[2026-10-02 18:48:14.826] [info] [INFO] job-lifecycle: slot_pool_close_ms=0.0 surface_release_ms=0.1
[2026-10-02 18:48:14.958] [info] [INFO] job-lifecycle: queue_close_ms=0.0 writer_join_ms=0.0 encoder_reset_ms=26.8 decoder_reset_ms=0.0 full_graph_reset_ms=132.1 sink_ctx_reset_ms=0.0 device_runtime_reset_ms=0.0 device_reservation_reset_ms=0.0
[2026-10-02 18:48:14.958] [info] [INFO] job-lifecycle: sidecar_write_ms=31.9 session_teardown_ms=159.2
[2026-10-02 18:48:14.967] [info] [INFO] job-lifecycle: execute_ms=2510.0 receipt_build_ms=0.0 receipt_write_ms=0.0 caller_tail_ms=0.0
