[2026-10-02 18:48:09.723] [info] [overlay-prepare] validated package=/tmp/velox-phrase-runtime-cert/inputs/typewriter_glitch/prepared.json hash=e4c0c5efde2d6af69460ee96fd71d5576f22efeca00d2b024229f3dbdebdb869 assets=0 text_runs=1 overlays=2
[2026-10-02 18:48:09.727] [info] [asset-profile] kind=3 path=assets/fonts/Poppins-Bold.ttf bytes=155996 cache=miss invalidated=0 stat=0.01ms hash=3.55ms hashed_bytes=155996 total=3.68ms
[2026-10-02 18:48:09.727] [info] [asset-digest-cache] hits=0 misses=1 invalidations=0 bytes_hashed=155996 lookup_ms=0.01 write_ms=0.01 full_hash_ms=3.55
[2026-10-02 18:48:09.729] [info] [plan-profile] read=0.18ms parse=2.82ms decode=57.81ms resolver=0.02ms compile_validate=6.12ms total=70.59ms
[2026-10-02 18:48:09.729] [info] [asset-profile] kind=3 path=assets/fonts/Poppins-Bold.ttf bytes=155996 cache=hit invalidated=0 stat=0.01ms hash=0.00ms hashed_bytes=0 total=0.10ms
[2026-10-02 18:48:09.730] [info] [asset-digest-cache] hits=1 misses=0 invalidations=0 bytes_hashed=0 lookup_ms=0.01 write_ms=0.00 full_hash_ms=0.00
[2026-10-02 18:48:09.733] [info] [plan-compile-profile] assets=0.20ms fingerprint=2.99ms media_resolution=0.00ms materialize=0.19ms composition_compile=0.00ms compatibility_view=0.16ms total=3.88ms
[2026-10-02 18:48:09.734] [info] [video] Auto-selecting yuv420p pipe pixel format for 1280x720 output
[2026-10-02 18:48:09.734] [info] [video] execution plan resolved (reason: required_gpu_native_full_graph); decode=1 composite=2 encode=1 interop=2 handoff=1 codec=3
[2026-10-02 18:48:09.757] [info] [video-runtime] created persistent runtime for device 0 (CUDA ordinal 0)
[2026-10-02 18:48:09.757] [info] [video] encoder feed capability: host_frame=false direct_yuv=false native_surface=true
[2026-10-02 18:48:09.975] [info] [native_av] CUDA context contract: native=0x55ed8baaa7d0 ffmpeg=0x55ed8baaa7d0
[2026-10-02 18:48:09.994] [info] [native_av] NVENC tuning applied: rc=constqp preset=p1 async_depth=4 nvenc_surfaces=8 qp=23 bitrate=0
[2026-10-02 18:48:10.027] [info] [native_av] encoder bitstream contract: codec=27 profile=100 level=-99 pix_fmt=119 parameter_sets=49 materialized=true
[2026-10-02 18:48:10.027] [info] [native_av] Opened native encoder: 1280x720 @ 24fps, codec=h264_nvenc, rc=constqp, preset=p1, output='/tmp/velox-phrase-runtime-cert/inputs/typewriter_glitch/catalog-motions.partial.mp4'
[2026-10-02 18:48:11.275] [info] [pool-warm] Pre-allocated and pre-imported 6 execution slots (1280x720) for native NVENC
[2026-10-02 18:48:11.365] [info] chronon3d::vulkan text batch formats: dst_image.format=109 atlas_image.format=44 atlas_encoding=2 (shader contract: dst rgba32f, atlas rgba8)
[2026-10-02 18:48:11.366] [info] [temp-lifetime] frame=0 after_level=0 live=[0,1,3,] retired=[]
[2026-10-02 18:48:11.366] [info] [exec-level-diag] frame=0 level=0 nodes=3 input_ms=0.006 dispatch_ms=6.061 fb_release_ms=0.007
[2026-10-02 18:48:11.366] [info] [graph-edge] frame=0 level=1 consumer_id=2 input_index=0 producer_id=0 producer_level=0
[2026-10-02 18:48:11.366] [info] [graph-edge] frame=0 level=1 consumer_id=2 input_index=1 producer_id=1 producer_level=0
[2026-10-02 18:48:11.366] [info] [graph-edge] frame=0 level=1 consumer_id=4 input_index=0 producer_id=3 producer_level=0
[2026-10-02 18:48:11.370] [info] [temp-lifetime] frame=0 after_level=1 live=[2,4,] retired=[0,1,3,]
[2026-10-02 18:48:11.370] [info] [exec-level-diag] frame=0 level=1 nodes=2 input_ms=0.051 dispatch_ms=4.559 fb_release_ms=0.019
[2026-10-02 18:48:11.370] [info] [graph-edge] frame=0 level=2 consumer_id=5 input_index=0 producer_id=2 producer_level=1
[2026-10-02 18:48:11.370] [info] [graph-edge] frame=0 level=2 consumer_id=5 input_index=1 producer_id=4 producer_level=1
[2026-10-02 18:48:11.371] [info] [temp-lifetime] frame=0 after_level=2 live=[5,] retired=[2,4,]
[2026-10-02 18:48:11.371] [info] [exec-level-diag] frame=0 level=2 nodes=1 input_ms=0.023 dispatch_ms=0.170 fb_release_ms=0.008
[2026-10-02 18:48:11.371] [info] [video] Exporting via Arena-backed SIMD pipeline
[2026-10-02 18:48:11.383] [info] [temp-lifetime] frame=1 after_level=0 live=[0,1,3,] retired=[]
[2026-10-02 18:48:11.383] [info] [exec-level-diag] frame=1 level=0 nodes=3 input_ms=0.005 dispatch_ms=2.141 fb_release_ms=0.005
[2026-10-02 18:48:11.383] [info] [graph-edge] frame=1 level=1 consumer_id=2 input_index=0 producer_id=0 producer_level=0
[2026-10-02 18:48:11.383] [info] [graph-edge] frame=1 level=1 consumer_id=2 input_index=1 producer_id=1 producer_level=0
[2026-10-02 18:48:11.383] [info] [graph-edge] frame=1 level=1 consumer_id=4 input_index=0 producer_id=3 producer_level=0
[2026-10-02 18:48:11.385] [info] [temp-lifetime] frame=1 after_level=1 live=[2,4,] retired=[0,1,3,]
[2026-10-02 18:48:11.385] [info] [exec-level-diag] frame=1 level=1 nodes=2 input_ms=0.032 dispatch_ms=1.484 fb_release_ms=0.016
[2026-10-02 18:48:11.385] [info] [graph-edge] frame=1 level=2 consumer_id=5 input_index=0 producer_id=2 producer_level=1
[2026-10-02 18:48:11.385] [info] [graph-edge] frame=1 level=2 consumer_id=5 input_index=1 producer_id=4 producer_level=1
[2026-10-02 18:48:11.385] [info] [temp-lifetime] frame=1 after_level=2 live=[5,] retired=[2,4,]
[2026-10-02 18:48:11.385] [info] [exec-level-diag] frame=1 level=2 nodes=1 input_ms=0.020 dispatch_ms=0.185 fb_release_ms=0.023
[2026-10-02 18:48:11.402] [info] [temp-lifetime] frame=2 after_level=0 live=[0,1,3,] retired=[]
[2026-10-02 18:48:11.402] [info] [exec-level-diag] frame=2 level=0 nodes=3 input_ms=0.005 dispatch_ms=1.687 fb_release_ms=0.004
[2026-10-02 18:48:11.402] [info] [graph-edge] frame=2 level=1 consumer_id=2 input_index=0 producer_id=0 producer_level=0
[2026-10-02 18:48:11.402] [info] [graph-edge] frame=2 level=1 consumer_id=2 input_index=1 producer_id=1 producer_level=0
[2026-10-02 18:48:11.402] [info] [graph-edge] frame=2 level=1 consumer_id=4 input_index=0 producer_id=3 producer_level=0
[2026-10-02 18:48:11.403] [info] [temp-lifetime] frame=2 after_level=1 live=[2,4,] retired=[0,1,3,]
[2026-10-02 18:48:11.403] [info] [exec-level-diag] frame=2 level=1 nodes=2 input_ms=0.030 dispatch_ms=0.540 fb_release_ms=0.021
[2026-10-02 18:48:11.403] [info] [graph-edge] frame=2 level=2 consumer_id=5 input_index=0 producer_id=2 producer_level=1
[2026-10-02 18:48:11.403] [info] [graph-edge] frame=2 level=2 consumer_id=5 input_index=1 producer_id=4 producer_level=1
[2026-10-02 18:48:11.404] [info] [temp-lifetime] frame=2 after_level=2 live=[5,] retired=[2,4,]
[2026-10-02 18:48:11.404] [info] [exec-level-diag] frame=2 level=2 nodes=1 input_ms=0.240 dispatch_ms=0.268 fb_release_ms=0.013
[2026-10-02 18:48:11.404] [info] [video]   4/48 frames
[2026-10-02 18:48:11.461] [info] [video]   8/48 frames
[2026-10-02 18:48:11.517] [info] [video]   12/48 frames
[2026-10-02 18:48:11.575] [info] [video]   16/48 frames
[2026-10-02 18:48:11.633] [info] [video]   20/48 frames
[2026-10-02 18:48:11.689] [info] [video]   24/48 frames
[2026-10-02 18:48:11.714] [info] [vulkan-lifecycle] frame=25 vram_bytes=333283328 live_surfaces=13 surface_bindings=7 registry_live_handles=107 physical_images=13 deferred_releases=2 vma_allocations=45 surfaces_created=157 surfaces_released=150 queue_packages=1 execution_slots_busy=2 command_batch_active=false
[2026-10-02 18:48:11.743] [info] [video]   28/48 frames
[2026-10-02 18:48:11.811] [info] [video]   32/48 frames
[2026-10-02 18:48:11.854] [info] [video]   36/48 frames
[2026-10-02 18:48:11.900] [info] [video]   40/48 frames
[2026-10-02 18:48:11.946] [info] [video]   44/48 frames
[2026-10-02 18:48:11.987] [info] [video]   48/48 frames
[2026-10-02 18:48:12.000] [info] [video] writer join complete
[2026-10-02 18:48:12.001] [info] [drain-debug] start drain, capacity=6
[2026-10-02 18:48:12.001] [info] [drain-debug] slot_id=4 has completion, waiting
[2026-10-02 18:48:12.001] [info] [drain-debug] slot_id=4 wait complete
[2026-10-02 18:48:12.001] [info] [drain-debug] slot_id=5 has completion, waiting
[2026-10-02 18:48:12.001] [info] [drain-debug] slot_id=5 wait complete
[2026-10-02 18:48:12.001] [info] [drain-debug] reap done, busy_count=0
[2026-10-02 18:48:12.001] [info] [video] trimming framebuffer pool
[2026-10-02 18:48:12.001] [info] [video] Released framebuffer pool — memory trimmed
[2026-10-02 18:48:12.001] [info] [video] frame-loop cleanup complete
[2026-10-02 18:48:12.001] [info] [video] Encoder write blocked duration: 0.00 ms
[2026-10-02 18:48:12.001] [info] [video_diag] conversion_and_copy_duration_ms: 0 ms
[2026-10-02 18:48:12.001] [info] [video_diag] conversion_bytes_written=0 encoder_staging_copy_bytes=0 encoder_slot_reuses=0
[2026-10-02 18:48:12.001] [info] [native_av] close: sending encoder flush
[2026-10-02 18:48:12.001] [info] [native_av] close: encoder flush accepted
[2026-10-02 18:48:12.002] [info] [native_av] close: packets drained=true
[2026-10-02 18:48:12.002] [info] [native_av] close: finalizing mux session
[2026-10-02 18:48:12.002] [info] [native_av] close: mux session finalized
[2026-10-02 18:48:12.002] [info] [native_av] Closed native encoder — 48 frames accepted, encoder_packets=48 mux_packets=48 packet_pts=0..47, YUV cache: 0 hits / 0 misses
[2026-10-02 18:48:12.002] [info] [video_native] convert=101.49ms  send_frame=16.29ms  backpressure=0.00ms  flush=1.17ms  receive_packet=0.91ms  mux_write=0.92ms  trailer=0.23ms
[2026-10-02 18:48:12.004] [info] [video] render_ms=695.71 encode_ms=7.35 writer_encode_ms=120.51 wall_ms=2269.50 nvml_stop_ms=0.17
[2026-10-02 18:48:12.004] [info] [video] FFmpeg queue wait duration: 0.80 ms
[2026-10-02 18:48:12.011] [info] [video] copy_eligible=true sha256=477a40bbcfddad3ee6b039ce14d05755d9cb8235d16c77033bb4e4378cd0ff5e
[2026-10-02 18:48:12.011] [info] [video] Wrote /tmp/velox-phrase-runtime-cert/inputs/typewriter_glitch/catalog-motions.mp4
[2026-10-02 18:48:12.012] [info] [startup-profile] total=945.24ms logger=0.11ms cli_bootstrap=9.88ms cli_parse=0.00ms composition=0.33ms plan_read=0.18ms json_parse=2.82ms plan_decode_validate=57.81ms asset_resolve=0.02ms plan_compile=6.12ms other=0.00ms
[2026-10-02 18:48:12.041] [info] [video] Wrote exact per-frame timing sidecar: /tmp/velox-phrase-runtime-cert/inputs/typewriter_glitch/catalog-motions.mp4.timing.json
[2026-10-02 18:48:12.069] [info] [INFO] job-lifecycle: slot_pool_close_ms=0.0 surface_release_ms=0.1
[2026-10-02 18:48:12.193] [info] [INFO] job-lifecycle: queue_close_ms=0.0 writer_join_ms=0.0 encoder_reset_ms=25.6 decoder_reset_ms=0.0 full_graph_reset_ms=124.1 sink_ctx_reset_ms=0.0 device_runtime_reset_ms=0.0 device_reservation_reset_ms=0.0
[2026-10-02 18:48:12.193] [info] [INFO] job-lifecycle: sidecar_write_ms=31.3 session_teardown_ms=150.1
[2026-10-02 18:48:12.203] [info] [INFO] job-lifecycle: execute_ms=2468.7 receipt_build_ms=0.0 receipt_write_ms=0.0 caller_tail_ms=0.0
