[2026-10-02 18:48:15.215] [info] [overlay-prepare] validated package=/tmp/velox-phrase-runtime-cert/inputs/typewriter_pop/prepared.json hash=3d2c13bbb93e36bf5cae2c4aa18831970d606ff77b7cd0a29dcc8394226e840b assets=0 text_runs=1 overlays=2
[2026-10-02 18:48:15.219] [info] [asset-profile] kind=3 path=assets/fonts/Poppins-Bold.ttf bytes=155996 cache=miss invalidated=0 stat=0.01ms hash=3.68ms hashed_bytes=155996 total=3.82ms
[2026-10-02 18:48:15.220] [info] [asset-digest-cache] hits=0 misses=1 invalidations=0 bytes_hashed=155996 lookup_ms=0.01 write_ms=0.02 full_hash_ms=3.68
[2026-10-02 18:48:15.222] [info] [plan-profile] read=0.20ms parse=3.30ms decode=57.65ms resolver=0.02ms compile_validate=6.57ms total=72.03ms
[2026-10-02 18:48:15.222] [info] [asset-profile] kind=3 path=assets/fonts/Poppins-Bold.ttf bytes=155996 cache=hit invalidated=0 stat=0.01ms hash=0.00ms hashed_bytes=0 total=0.10ms
[2026-10-02 18:48:15.222] [info] [asset-digest-cache] hits=1 misses=0 invalidations=0 bytes_hashed=0 lookup_ms=0.01 write_ms=0.00 full_hash_ms=0.00
[2026-10-02 18:48:15.227] [info] [plan-compile-profile] assets=0.21ms fingerprint=3.48ms media_resolution=0.00ms materialize=0.17ms composition_compile=0.00ms compatibility_view=0.17ms total=4.40ms
[2026-10-02 18:48:15.228] [info] [video] Auto-selecting yuv420p pipe pixel format for 1280x720 output
[2026-10-02 18:48:15.228] [info] [video] execution plan resolved (reason: required_gpu_native_full_graph); decode=1 composite=2 encode=1 interop=2 handoff=1 codec=3
[2026-10-02 18:48:15.245] [info] [video-runtime] created persistent runtime for device 0 (CUDA ordinal 0)
[2026-10-02 18:48:15.245] [info] [video] encoder feed capability: host_frame=false direct_yuv=false native_surface=true
[2026-10-02 18:48:15.513] [info] [native_av] CUDA context contract: native=0x55dc28cbbca0 ffmpeg=0x55dc28cbbca0
[2026-10-02 18:48:15.532] [info] [native_av] NVENC tuning applied: rc=constqp preset=p1 async_depth=4 nvenc_surfaces=8 qp=23 bitrate=0
[2026-10-02 18:48:15.566] [info] [native_av] encoder bitstream contract: codec=27 profile=100 level=-99 pix_fmt=119 parameter_sets=49 materialized=true
[2026-10-02 18:48:15.566] [info] [native_av] Opened native encoder: 1280x720 @ 24fps, codec=h264_nvenc, rc=constqp, preset=p1, output='/tmp/velox-phrase-runtime-cert/inputs/typewriter_pop/catalog-motions.partial.mp4'
[2026-10-02 18:48:16.848] [info] [pool-warm] Pre-allocated and pre-imported 6 execution slots (1280x720) for native NVENC
[2026-10-02 18:48:16.943] [info] chronon3d::vulkan text batch formats: dst_image.format=109 atlas_image.format=44 atlas_encoding=2 (shader contract: dst rgba32f, atlas rgba8)
[2026-10-02 18:48:16.943] [info] [temp-lifetime] frame=0 after_level=0 live=[0,1,3,] retired=[]
[2026-10-02 18:48:16.943] [info] [exec-level-diag] frame=0 level=0 nodes=3 input_ms=0.007 dispatch_ms=5.267 fb_release_ms=0.005
[2026-10-02 18:48:16.943] [info] [graph-edge] frame=0 level=1 consumer_id=2 input_index=0 producer_id=0 producer_level=0
[2026-10-02 18:48:16.943] [info] [graph-edge] frame=0 level=1 consumer_id=2 input_index=1 producer_id=1 producer_level=0
[2026-10-02 18:48:16.944] [info] [graph-edge] frame=0 level=1 consumer_id=4 input_index=0 producer_id=3 producer_level=0
[2026-10-02 18:48:16.948] [info] [temp-lifetime] frame=0 after_level=1 live=[2,4,] retired=[0,1,3,]
[2026-10-02 18:48:16.948] [info] [exec-level-diag] frame=0 level=1 nodes=2 input_ms=0.130 dispatch_ms=4.094 fb_release_ms=0.017
[2026-10-02 18:48:16.948] [info] [graph-edge] frame=0 level=2 consumer_id=5 input_index=0 producer_id=2 producer_level=1
[2026-10-02 18:48:16.948] [info] [graph-edge] frame=0 level=2 consumer_id=5 input_index=1 producer_id=4 producer_level=1
[2026-10-02 18:48:16.948] [info] [temp-lifetime] frame=0 after_level=2 live=[5,] retired=[2,4,]
[2026-10-02 18:48:16.948] [info] [exec-level-diag] frame=0 level=2 nodes=1 input_ms=0.111 dispatch_ms=0.233 fb_release_ms=0.009
[2026-10-02 18:48:16.949] [info] [video] Exporting via Arena-backed SIMD pipeline
[2026-10-02 18:48:16.961] [info] [temp-lifetime] frame=1 after_level=0 live=[0,1,3,] retired=[]
[2026-10-02 18:48:16.961] [info] [exec-level-diag] frame=1 level=0 nodes=3 input_ms=0.003 dispatch_ms=2.047 fb_release_ms=0.003
[2026-10-02 18:48:16.961] [info] [graph-edge] frame=1 level=1 consumer_id=2 input_index=0 producer_id=0 producer_level=0
[2026-10-02 18:48:16.961] [info] [graph-edge] frame=1 level=1 consumer_id=2 input_index=1 producer_id=1 producer_level=0
[2026-10-02 18:48:16.961] [info] [graph-edge] frame=1 level=1 consumer_id=4 input_index=0 producer_id=3 producer_level=0
[2026-10-02 18:48:16.962] [info] [temp-lifetime] frame=1 after_level=1 live=[2,4,] retired=[0,1,3,]
[2026-10-02 18:48:16.962] [info] [exec-level-diag] frame=1 level=1 nodes=2 input_ms=0.098 dispatch_ms=0.530 fb_release_ms=0.013
[2026-10-02 18:48:16.962] [info] [graph-edge] frame=1 level=2 consumer_id=5 input_index=0 producer_id=2 producer_level=1
[2026-10-02 18:48:16.962] [info] [graph-edge] frame=1 level=2 consumer_id=5 input_index=1 producer_id=4 producer_level=1
[2026-10-02 18:48:16.962] [info] [temp-lifetime] frame=1 after_level=2 live=[5,] retired=[2,4,]
[2026-10-02 18:48:16.962] [info] [exec-level-diag] frame=1 level=2 nodes=1 input_ms=0.069 dispatch_ms=0.171 fb_release_ms=0.008
[2026-10-02 18:48:16.976] [info] [temp-lifetime] frame=2 after_level=0 live=[0,1,3,] retired=[]
[2026-10-02 18:48:16.977] [info] [exec-level-diag] frame=2 level=0 nodes=3 input_ms=0.003 dispatch_ms=1.118 fb_release_ms=0.004
[2026-10-02 18:48:16.977] [info] [graph-edge] frame=2 level=1 consumer_id=2 input_index=0 producer_id=0 producer_level=0
[2026-10-02 18:48:16.977] [info] [graph-edge] frame=2 level=1 consumer_id=2 input_index=1 producer_id=1 producer_level=0
[2026-10-02 18:48:16.977] [info] [graph-edge] frame=2 level=1 consumer_id=4 input_index=0 producer_id=3 producer_level=0
[2026-10-02 18:48:16.977] [info] [temp-lifetime] frame=2 after_level=1 live=[2,4,] retired=[0,1,3,]
[2026-10-02 18:48:16.977] [info] [exec-level-diag] frame=2 level=1 nodes=2 input_ms=0.100 dispatch_ms=0.396 fb_release_ms=0.013
[2026-10-02 18:48:16.977] [info] [graph-edge] frame=2 level=2 consumer_id=5 input_index=0 producer_id=2 producer_level=1
[2026-10-02 18:48:16.977] [info] [graph-edge] frame=2 level=2 consumer_id=5 input_index=1 producer_id=4 producer_level=1
[2026-10-02 18:48:16.977] [info] [temp-lifetime] frame=2 after_level=2 live=[5,] retired=[2,4,]
[2026-10-02 18:48:16.978] [info] [exec-level-diag] frame=2 level=2 nodes=1 input_ms=0.087 dispatch_ms=0.189 fb_release_ms=0.009
[2026-10-02 18:48:16.978] [info] [video]   4/48 frames
[2026-10-02 18:48:17.022] [info] [video]   8/48 frames
[2026-10-02 18:48:17.063] [info] [video]   12/48 frames
[2026-10-02 18:48:17.104] [info] [video]   16/48 frames
[2026-10-02 18:48:17.145] [info] [video]   20/48 frames
[2026-10-02 18:48:17.189] [info] [video]   24/48 frames
[2026-10-02 18:48:17.212] [info] [vulkan-lifecycle] frame=25 vram_bytes=333283328 live_surfaces=13 surface_bindings=7 registry_live_handles=107 physical_images=13 deferred_releases=2 vma_allocations=45 surfaces_created=157 surfaces_released=150 queue_packages=1 execution_slots_busy=2 command_batch_active=false
[2026-10-02 18:48:17.231] [info] [video]   28/48 frames
[2026-10-02 18:48:17.271] [info] [video]   32/48 frames
[2026-10-02 18:48:17.311] [info] [video]   36/48 frames
[2026-10-02 18:48:17.350] [info] [video]   40/48 frames
[2026-10-02 18:48:17.393] [info] [video]   44/48 frames
[2026-10-02 18:48:17.433] [info] [video]   48/48 frames
[2026-10-02 18:48:17.450] [info] [video] writer join complete
[2026-10-02 18:48:17.450] [info] [drain-debug] start drain, capacity=6
[2026-10-02 18:48:17.450] [info] [drain-debug] slot_id=4 has completion, waiting
[2026-10-02 18:48:17.450] [info] [drain-debug] slot_id=4 wait complete
[2026-10-02 18:48:17.450] [info] [drain-debug] slot_id=5 has completion, waiting
[2026-10-02 18:48:17.451] [info] [drain-debug] slot_id=5 wait complete
[2026-10-02 18:48:17.451] [info] [drain-debug] reap done, busy_count=0
[2026-10-02 18:48:17.451] [info] [video] trimming framebuffer pool
[2026-10-02 18:48:17.451] [info] [video] Released framebuffer pool — memory trimmed
[2026-10-02 18:48:17.451] [info] [video] frame-loop cleanup complete
[2026-10-02 18:48:17.451] [info] [video] Encoder write blocked duration: 0.00 ms
[2026-10-02 18:48:17.451] [info] [video_diag] conversion_and_copy_duration_ms: 0 ms
[2026-10-02 18:48:17.451] [info] [video_diag] conversion_bytes_written=0 encoder_staging_copy_bytes=0 encoder_slot_reuses=0
[2026-10-02 18:48:17.451] [info] [native_av] close: sending encoder flush
[2026-10-02 18:48:17.451] [info] [native_av] close: encoder flush accepted
[2026-10-02 18:48:17.452] [info] [native_av] close: packets drained=true
[2026-10-02 18:48:17.452] [info] [native_av] close: finalizing mux session
[2026-10-02 18:48:17.452] [info] [native_av] close: mux session finalized
[2026-10-02 18:48:17.452] [info] [native_av] Closed native encoder — 48 frames accepted, encoder_packets=48 mux_packets=48 packet_pts=0..47, YUV cache: 0 hits / 0 misses
[2026-10-02 18:48:17.452] [info] [video_native] convert=115.18ms  send_frame=11.72ms  backpressure=0.00ms  flush=1.01ms  receive_packet=0.55ms  mux_write=0.61ms  trailer=0.28ms
[2026-10-02 18:48:17.454] [info] [video] render_ms=571.98 encode_ms=7.58 writer_encode_ms=127.79 wall_ms=2225.88 nvml_stop_ms=0.14
[2026-10-02 18:48:17.454] [info] [video] FFmpeg queue wait duration: 0.41 ms
[2026-10-02 18:48:17.460] [info] [video] copy_eligible=true sha256=aa9754fc2e4beff7dad6d4efd0e6a0faa5c127d94d342b895c79cd7e872f1311
[2026-10-02 18:48:17.461] [info] [video] Wrote /tmp/velox-phrase-runtime-cert/inputs/typewriter_pop/catalog-motions.mp4
[2026-10-02 18:48:17.461] [info] [startup-profile] total=1005.06ms logger=0.11ms cli_bootstrap=10.92ms cli_parse=0.00ms composition=0.31ms plan_read=0.20ms json_parse=3.30ms plan_decode_validate=57.65ms asset_resolve=0.02ms plan_compile=6.57ms other=0.00ms
[2026-10-02 18:48:17.490] [info] [video] Wrote exact per-frame timing sidecar: /tmp/velox-phrase-runtime-cert/inputs/typewriter_pop/catalog-motions.mp4.timing.json
[2026-10-02 18:48:17.520] [info] [INFO] job-lifecycle: slot_pool_close_ms=0.0 surface_release_ms=0.2
[2026-10-02 18:48:17.652] [info] [INFO] job-lifecycle: queue_close_ms=0.0 writer_join_ms=0.0 encoder_reset_ms=26.5 decoder_reset_ms=0.0 full_graph_reset_ms=132.3 sink_ctx_reset_ms=0.0 device_runtime_reset_ms=0.0 device_reservation_reset_ms=0.0
[2026-10-02 18:48:17.652] [info] [INFO] job-lifecycle: sidecar_write_ms=32.0 session_teardown_ms=159.2
[2026-10-02 18:48:17.662] [info] [INFO] job-lifecycle: execute_ms=2434.1 receipt_build_ms=0.0 receipt_write_ms=0.0 caller_tail_ms=0.0
