[2026-10-02 18:50:05.593] [info] [overlay-prepare] validated package=/tmp/velox-phrase-runtime-cert/inputs/velocity_inertia_snap/prepared.json hash=f0b15bb664966b1338f8b88c46d23113e1acd61cc2c202550d0c96bcd16fb259 assets=0 text_runs=1 overlays=2
[2026-10-02 18:50:05.597] [info] [asset-profile] kind=3 path=assets/fonts/Poppins-Bold.ttf bytes=155996 cache=miss invalidated=0 stat=0.02ms hash=3.46ms hashed_bytes=155996 total=3.65ms
[2026-10-02 18:50:05.597] [info] [asset-digest-cache] hits=0 misses=1 invalidations=0 bytes_hashed=155996 lookup_ms=0.01 write_ms=0.01 full_hash_ms=3.46
[2026-10-02 18:50:05.598] [info] [plan-profile] read=0.12ms parse=2.01ms decode=52.27ms resolver=0.02ms compile_validate=5.53ms total=62.42ms
[2026-10-02 18:50:05.599] [info] [asset-profile] kind=3 path=assets/fonts/Poppins-Bold.ttf bytes=155996 cache=hit invalidated=0 stat=0.01ms hash=0.00ms hashed_bytes=0 total=0.10ms
[2026-10-02 18:50:05.599] [info] [asset-digest-cache] hits=1 misses=0 invalidations=0 bytes_hashed=0 lookup_ms=0.01 write_ms=0.00 full_hash_ms=0.00
[2026-10-02 18:50:05.601] [info] [plan-compile-profile] assets=0.28ms fingerprint=2.04ms media_resolution=0.00ms materialize=0.17ms composition_compile=0.00ms compatibility_view=0.10ms total=2.96ms
[2026-10-02 18:50:05.602] [info] [video] Auto-selecting yuv420p pipe pixel format for 1280x720 output
[2026-10-02 18:50:05.602] [info] [video] execution plan resolved (reason: required_gpu_native_full_graph); decode=1 composite=2 encode=1 interop=2 handoff=1 codec=3
[2026-10-02 18:50:05.619] [info] [video-runtime] created persistent runtime for device 0 (CUDA ordinal 0)
[2026-10-02 18:50:05.619] [info] [video] encoder feed capability: host_frame=false direct_yuv=false native_surface=true
[2026-10-02 18:50:05.822] [info] [native_av] CUDA context contract: native=0x55940c4af8e0 ffmpeg=0x55940c4af8e0
[2026-10-02 18:50:05.841] [info] [native_av] NVENC tuning applied: rc=constqp preset=p1 async_depth=4 nvenc_surfaces=8 qp=23 bitrate=0
[2026-10-02 18:50:05.873] [info] [native_av] encoder bitstream contract: codec=27 profile=100 level=-99 pix_fmt=119 parameter_sets=49 materialized=true
[2026-10-02 18:50:05.874] [info] [native_av] Opened native encoder: 1280x720 @ 24fps, codec=h264_nvenc, rc=constqp, preset=p1, output='/tmp/velox-phrase-runtime-cert/inputs/velocity_inertia_snap/catalog-motions.partial.mp4'
[2026-10-02 18:50:07.083] [info] [pool-warm] Pre-allocated and pre-imported 6 execution slots (1280x720) for native NVENC
[2026-10-02 18:50:07.168] [info] chronon3d::vulkan text batch formats: dst_image.format=109 atlas_image.format=44 atlas_encoding=2 (shader contract: dst rgba32f, atlas rgba8)
[2026-10-02 18:50:07.169] [info] [temp-lifetime] frame=0 after_level=0 live=[0,1,3,] retired=[]
[2026-10-02 18:50:07.169] [info] [exec-level-diag] frame=0 level=0 nodes=3 input_ms=0.008 dispatch_ms=5.402 fb_release_ms=0.005
[2026-10-02 18:50:07.169] [info] [graph-edge] frame=0 level=1 consumer_id=2 input_index=0 producer_id=0 producer_level=0
[2026-10-02 18:50:07.169] [info] [graph-edge] frame=0 level=1 consumer_id=2 input_index=1 producer_id=1 producer_level=0
[2026-10-02 18:50:07.169] [info] [graph-edge] frame=0 level=1 consumer_id=4 input_index=0 producer_id=3 producer_level=0
[2026-10-02 18:50:07.175] [info] [temp-lifetime] frame=0 after_level=1 live=[2,4,] retired=[0,1,3,]
[2026-10-02 18:50:07.175] [info] [exec-level-diag] frame=0 level=1 nodes=2 input_ms=0.124 dispatch_ms=5.394 fb_release_ms=0.014
[2026-10-02 18:50:07.175] [info] [graph-edge] frame=0 level=2 consumer_id=5 input_index=0 producer_id=2 producer_level=1
[2026-10-02 18:50:07.175] [info] [graph-edge] frame=0 level=2 consumer_id=5 input_index=1 producer_id=4 producer_level=1
[2026-10-02 18:50:07.175] [info] [temp-lifetime] frame=0 after_level=2 live=[5,] retired=[2,4,]
[2026-10-02 18:50:07.175] [info] [exec-level-diag] frame=0 level=2 nodes=1 input_ms=0.106 dispatch_ms=0.173 fb_release_ms=0.008
[2026-10-02 18:50:07.176] [info] [video] Exporting via Arena-backed SIMD pipeline
[2026-10-02 18:50:07.186] [info] [temp-lifetime] frame=1 after_level=0 live=[0,1,3,] retired=[]
[2026-10-02 18:50:07.186] [info] [exec-level-diag] frame=1 level=0 nodes=3 input_ms=0.003 dispatch_ms=1.519 fb_release_ms=0.004
[2026-10-02 18:50:07.186] [info] [graph-edge] frame=1 level=1 consumer_id=2 input_index=0 producer_id=0 producer_level=0
[2026-10-02 18:50:07.186] [info] [graph-edge] frame=1 level=1 consumer_id=2 input_index=1 producer_id=1 producer_level=0
[2026-10-02 18:50:07.186] [info] [graph-edge] frame=1 level=1 consumer_id=4 input_index=0 producer_id=3 producer_level=0
[2026-10-02 18:50:07.187] [info] [temp-lifetime] frame=1 after_level=1 live=[2,4,] retired=[0,1,3,]
[2026-10-02 18:50:07.187] [info] [exec-level-diag] frame=1 level=1 nodes=2 input_ms=0.093 dispatch_ms=0.612 fb_release_ms=0.018
[2026-10-02 18:50:07.187] [info] [graph-edge] frame=1 level=2 consumer_id=5 input_index=0 producer_id=2 producer_level=1
[2026-10-02 18:50:07.187] [info] [graph-edge] frame=1 level=2 consumer_id=5 input_index=1 producer_id=4 producer_level=1
[2026-10-02 18:50:07.188] [info] [temp-lifetime] frame=1 after_level=2 live=[5,] retired=[2,4,]
[2026-10-02 18:50:07.188] [info] [exec-level-diag] frame=1 level=2 nodes=1 input_ms=0.128 dispatch_ms=0.257 fb_release_ms=0.013
[2026-10-02 18:50:07.205] [info] [temp-lifetime] frame=2 after_level=0 live=[0,1,3,] retired=[]
[2026-10-02 18:50:07.206] [info] [exec-level-diag] frame=2 level=0 nodes=3 input_ms=0.003 dispatch_ms=1.386 fb_release_ms=0.006
[2026-10-02 18:50:07.206] [info] [graph-edge] frame=2 level=1 consumer_id=2 input_index=0 producer_id=0 producer_level=0
[2026-10-02 18:50:07.206] [info] [graph-edge] frame=2 level=1 consumer_id=2 input_index=1 producer_id=1 producer_level=0
[2026-10-02 18:50:07.206] [info] [graph-edge] frame=2 level=1 consumer_id=4 input_index=0 producer_id=3 producer_level=0
[2026-10-02 18:50:07.206] [info] [temp-lifetime] frame=2 after_level=1 live=[2,4,] retired=[0,1,3,]
[2026-10-02 18:50:07.206] [info] [exec-level-diag] frame=2 level=1 nodes=2 input_ms=0.125 dispatch_ms=0.468 fb_release_ms=0.020
[2026-10-02 18:50:07.206] [info] [graph-edge] frame=2 level=2 consumer_id=5 input_index=0 producer_id=2 producer_level=1
[2026-10-02 18:50:07.207] [info] [graph-edge] frame=2 level=2 consumer_id=5 input_index=1 producer_id=4 producer_level=1
[2026-10-02 18:50:07.207] [info] [temp-lifetime] frame=2 after_level=2 live=[5,] retired=[2,4,]
[2026-10-02 18:50:07.207] [info] [exec-level-diag] frame=2 level=2 nodes=1 input_ms=0.166 dispatch_ms=0.287 fb_release_ms=0.013
[2026-10-02 18:50:07.208] [info] [video]   4/48 frames
[2026-10-02 18:50:07.267] [info] [video]   8/48 frames
[2026-10-02 18:50:07.321] [info] [video]   12/48 frames
[2026-10-02 18:50:07.381] [info] [video]   16/48 frames
[2026-10-02 18:50:07.434] [info] [video]   20/48 frames
[2026-10-02 18:50:07.484] [info] [video]   24/48 frames
[2026-10-02 18:50:07.511] [info] [vulkan-lifecycle] frame=25 vram_bytes=333283328 live_surfaces=13 surface_bindings=7 registry_live_handles=107 physical_images=13 deferred_releases=2 vma_allocations=55 surfaces_created=157 surfaces_released=150 queue_packages=1 execution_slots_busy=2 command_batch_active=false
[2026-10-02 18:50:07.538] [info] [video]   28/48 frames
[2026-10-02 18:50:07.590] [info] [video]   32/48 frames
[2026-10-02 18:50:07.643] [info] [video]   36/48 frames
[2026-10-02 18:50:07.696] [info] [video]   40/48 frames
[2026-10-02 18:50:07.750] [info] [video]   44/48 frames
[2026-10-02 18:50:07.802] [info] [video]   48/48 frames
[2026-10-02 18:50:07.819] [info] [video] writer join complete
[2026-10-02 18:50:07.819] [info] [drain-debug] start drain, capacity=6
[2026-10-02 18:50:07.819] [info] [drain-debug] slot_id=4 has completion, waiting
[2026-10-02 18:50:07.819] [info] [drain-debug] slot_id=4 wait complete
[2026-10-02 18:50:07.819] [info] [drain-debug] slot_id=5 has completion, waiting
[2026-10-02 18:50:07.819] [info] [drain-debug] slot_id=5 wait complete
[2026-10-02 18:50:07.819] [info] [drain-debug] reap done, busy_count=0
[2026-10-02 18:50:07.819] [info] [video] trimming framebuffer pool
[2026-10-02 18:50:07.819] [info] [video] Released framebuffer pool — memory trimmed
[2026-10-02 18:50:07.819] [info] [video] frame-loop cleanup complete
[2026-10-02 18:50:07.820] [info] [video] Encoder write blocked duration: 0.00 ms
[2026-10-02 18:50:07.820] [info] [video_diag] conversion_and_copy_duration_ms: 0 ms
[2026-10-02 18:50:07.820] [info] [video_diag] conversion_bytes_written=0 encoder_staging_copy_bytes=0 encoder_slot_reuses=0
[2026-10-02 18:50:07.820] [info] [native_av] close: sending encoder flush
[2026-10-02 18:50:07.820] [info] [native_av] close: encoder flush accepted
[2026-10-02 18:50:07.820] [info] [native_av] close: packets drained=true
[2026-10-02 18:50:07.820] [info] [native_av] close: finalizing mux session
[2026-10-02 18:50:07.821] [info] [native_av] close: mux session finalized
[2026-10-02 18:50:07.821] [info] [native_av] Closed native encoder — 48 frames accepted, encoder_packets=48 mux_packets=48 packet_pts=0..47, YUV cache: 0 hits / 0 misses
[2026-10-02 18:50:07.821] [info] [video_native] convert=109.86ms  send_frame=13.90ms  backpressure=0.00ms  flush=1.05ms  receive_packet=0.57ms  mux_write=0.85ms  trailer=0.34ms
[2026-10-02 18:50:07.822] [info] [video] render_ms=707.05 encode_ms=7.41 writer_encode_ms=126.60 wall_ms=2219.88 nvml_stop_ms=0.13
[2026-10-02 18:50:07.822] [info] [video] FFmpeg queue wait duration: 0.48 ms
[2026-10-02 18:50:07.829] [info] [video] copy_eligible=true sha256=7a6fd3c3198fc4eb0daf0953a15ea934c7f040f001db50d88958a6fcc685f08a
[2026-10-02 18:50:07.830] [info] [video] Wrote /tmp/velox-phrase-runtime-cert/inputs/velocity_inertia_snap/catalog-motions.mp4
[2026-10-02 18:50:07.830] [info] [startup-profile] total=891.49ms logger=0.10ms cli_bootstrap=9.67ms cli_parse=0.00ms composition=0.31ms plan_read=0.12ms json_parse=2.01ms plan_decode_validate=52.27ms asset_resolve=0.02ms plan_compile=5.53ms other=0.00ms
[2026-10-02 18:50:07.861] [info] [video] Wrote exact per-frame timing sidecar: /tmp/velox-phrase-runtime-cert/inputs/velocity_inertia_snap/catalog-motions.mp4.timing.json
[2026-10-02 18:50:07.889] [info] [INFO] job-lifecycle: slot_pool_close_ms=0.0 surface_release_ms=0.1
[2026-10-02 18:50:08.023] [info] [INFO] job-lifecycle: queue_close_ms=0.0 writer_join_ms=0.0 encoder_reset_ms=25.6 decoder_reset_ms=0.0 full_graph_reset_ms=134.0 sink_ctx_reset_ms=0.0 device_runtime_reset_ms=0.0 device_reservation_reset_ms=0.0
[2026-10-02 18:50:08.023] [info] [INFO] job-lifecycle: sidecar_write_ms=33.2 session_teardown_ms=160.1
[2026-10-02 18:50:08.033] [info] [INFO] job-lifecycle: execute_ms=2430.3 receipt_build_ms=0.0 receipt_write_ms=0.0 caller_tail_ms=0.0
