[2026-10-02 18:50:08.276] [info] [overlay-prepare] validated package=/tmp/velox-phrase-runtime-cert/inputs/vertical_reel_snap/prepared.json hash=72165bcf6edc41e71bc51e40263d9656ba5c60014c16936c3d563a84b99abb34 assets=0 text_runs=1 overlays=2
[2026-10-02 18:50:08.280] [info] [asset-profile] kind=3 path=assets/fonts/Poppins-Bold.ttf bytes=155996 cache=miss invalidated=0 stat=0.01ms hash=3.72ms hashed_bytes=155996 total=3.88ms
[2026-10-02 18:50:08.280] [info] [asset-digest-cache] hits=0 misses=1 invalidations=0 bytes_hashed=155996 lookup_ms=0.01 write_ms=0.03 full_hash_ms=3.72
[2026-10-02 18:50:08.282] [info] [plan-profile] read=0.17ms parse=1.65ms decode=51.66ms resolver=0.02ms compile_validate=5.76ms total=61.78ms
[2026-10-02 18:50:08.282] [info] [asset-profile] kind=3 path=assets/fonts/Poppins-Bold.ttf bytes=155996 cache=hit invalidated=0 stat=0.01ms hash=0.00ms hashed_bytes=0 total=0.10ms
[2026-10-02 18:50:08.282] [info] [asset-digest-cache] hits=1 misses=0 invalidations=0 bytes_hashed=0 lookup_ms=0.01 write_ms=0.00 full_hash_ms=0.00
[2026-10-02 18:50:08.285] [info] [plan-compile-profile] assets=0.28ms fingerprint=1.96ms media_resolution=0.00ms materialize=0.17ms composition_compile=0.00ms compatibility_view=0.10ms total=2.86ms
[2026-10-02 18:50:08.286] [info] [video] Auto-selecting yuv420p pipe pixel format for 1280x720 output
[2026-10-02 18:50:08.286] [info] [video] execution plan resolved (reason: required_gpu_native_full_graph); decode=1 composite=2 encode=1 interop=2 handoff=1 codec=3
[2026-10-02 18:50:08.304] [info] [video-runtime] created persistent runtime for device 0 (CUDA ordinal 0)
[2026-10-02 18:50:08.304] [info] [video] encoder feed capability: host_frame=false direct_yuv=false native_surface=true
[2026-10-02 18:50:08.652] [info] [native_av] CUDA context contract: native=0x5620945e1d60 ffmpeg=0x5620945e1d60
[2026-10-02 18:50:08.671] [info] [native_av] NVENC tuning applied: rc=constqp preset=p1 async_depth=4 nvenc_surfaces=8 qp=23 bitrate=0
[2026-10-02 18:50:08.704] [info] [native_av] encoder bitstream contract: codec=27 profile=100 level=-99 pix_fmt=119 parameter_sets=49 materialized=true
[2026-10-02 18:50:08.704] [info] [native_av] Opened native encoder: 1280x720 @ 24fps, codec=h264_nvenc, rc=constqp, preset=p1, output='/tmp/velox-phrase-runtime-cert/inputs/vertical_reel_snap/catalog-motions.partial.mp4'
[2026-10-02 18:50:10.017] [info] [pool-warm] Pre-allocated and pre-imported 6 execution slots (1280x720) for native NVENC
[2026-10-02 18:50:10.107] [info] chronon3d::vulkan text batch formats: dst_image.format=109 atlas_image.format=44 atlas_encoding=2 (shader contract: dst rgba32f, atlas rgba8)
[2026-10-02 18:50:10.107] [info] [temp-lifetime] frame=0 after_level=0 live=[0,1,3,] retired=[]
[2026-10-02 18:50:10.108] [info] [exec-level-diag] frame=0 level=0 nodes=3 input_ms=0.006 dispatch_ms=5.209 fb_release_ms=0.005
[2026-10-02 18:50:10.108] [info] [graph-edge] frame=0 level=1 consumer_id=2 input_index=0 producer_id=0 producer_level=0
[2026-10-02 18:50:10.108] [info] [graph-edge] frame=0 level=1 consumer_id=2 input_index=1 producer_id=1 producer_level=0
[2026-10-02 18:50:10.108] [info] [graph-edge] frame=0 level=1 consumer_id=4 input_index=0 producer_id=3 producer_level=0
[2026-10-02 18:50:10.112] [info] [temp-lifetime] frame=0 after_level=1 live=[2,4,] retired=[0,1,3,]
[2026-10-02 18:50:10.112] [info] [exec-level-diag] frame=0 level=1 nodes=2 input_ms=0.120 dispatch_ms=4.258 fb_release_ms=0.014
[2026-10-02 18:50:10.112] [info] [graph-edge] frame=0 level=2 consumer_id=5 input_index=0 producer_id=2 producer_level=1
[2026-10-02 18:50:10.112] [info] [graph-edge] frame=0 level=2 consumer_id=5 input_index=1 producer_id=4 producer_level=1
[2026-10-02 18:50:10.112] [info] [temp-lifetime] frame=0 after_level=2 live=[5,] retired=[2,4,]
[2026-10-02 18:50:10.112] [info] [exec-level-diag] frame=0 level=2 nodes=1 input_ms=0.119 dispatch_ms=0.176 fb_release_ms=0.009
[2026-10-02 18:50:10.113] [info] [video] Exporting via Arena-backed SIMD pipeline
[2026-10-02 18:50:10.122] [info] [temp-lifetime] frame=1 after_level=0 live=[0,1,3,] retired=[]
[2026-10-02 18:50:10.123] [info] [exec-level-diag] frame=1 level=0 nodes=3 input_ms=0.003 dispatch_ms=0.977 fb_release_ms=0.003
[2026-10-02 18:50:10.123] [info] [graph-edge] frame=1 level=1 consumer_id=2 input_index=0 producer_id=0 producer_level=0
[2026-10-02 18:50:10.123] [info] [graph-edge] frame=1 level=1 consumer_id=2 input_index=1 producer_id=1 producer_level=0
[2026-10-02 18:50:10.123] [info] [graph-edge] frame=1 level=1 consumer_id=4 input_index=0 producer_id=3 producer_level=0
[2026-10-02 18:50:10.123] [info] [temp-lifetime] frame=1 after_level=1 live=[2,4,] retired=[0,1,3,]
[2026-10-02 18:50:10.123] [info] [exec-level-diag] frame=1 level=1 nodes=2 input_ms=0.120 dispatch_ms=0.412 fb_release_ms=0.013
[2026-10-02 18:50:10.123] [info] [graph-edge] frame=1 level=2 consumer_id=5 input_index=0 producer_id=2 producer_level=1
[2026-10-02 18:50:10.123] [info] [graph-edge] frame=1 level=2 consumer_id=5 input_index=1 producer_id=4 producer_level=1
[2026-10-02 18:50:10.124] [info] [temp-lifetime] frame=1 after_level=2 live=[5,] retired=[2,4,]
[2026-10-02 18:50:10.124] [info] [exec-level-diag] frame=1 level=2 nodes=1 input_ms=0.083 dispatch_ms=0.175 fb_release_ms=0.008
[2026-10-02 18:50:10.139] [info] [temp-lifetime] frame=2 after_level=0 live=[0,1,3,] retired=[]
[2026-10-02 18:50:10.139] [info] [exec-level-diag] frame=2 level=0 nodes=3 input_ms=0.005 dispatch_ms=2.240 fb_release_ms=0.003
[2026-10-02 18:50:10.139] [info] [graph-edge] frame=2 level=1 consumer_id=2 input_index=0 producer_id=0 producer_level=0
[2026-10-02 18:50:10.139] [info] [graph-edge] frame=2 level=1 consumer_id=2 input_index=1 producer_id=1 producer_level=0
[2026-10-02 18:50:10.139] [info] [graph-edge] frame=2 level=1 consumer_id=4 input_index=0 producer_id=3 producer_level=0
[2026-10-02 18:50:10.141] [info] [temp-lifetime] frame=2 after_level=1 live=[2,4,] retired=[0,1,3,]
[2026-10-02 18:50:10.141] [info] [exec-level-diag] frame=2 level=1 nodes=2 input_ms=0.122 dispatch_ms=1.609 fb_release_ms=0.016
[2026-10-02 18:50:10.141] [info] [graph-edge] frame=2 level=2 consumer_id=5 input_index=0 producer_id=2 producer_level=1
[2026-10-02 18:50:10.141] [info] [graph-edge] frame=2 level=2 consumer_id=5 input_index=1 producer_id=4 producer_level=1
[2026-10-02 18:50:10.141] [info] [temp-lifetime] frame=2 after_level=2 live=[5,] retired=[2,4,]
[2026-10-02 18:50:10.142] [info] [exec-level-diag] frame=2 level=2 nodes=1 input_ms=0.068 dispatch_ms=0.183 fb_release_ms=0.008
[2026-10-02 18:50:10.142] [info] [video]   4/48 frames
[2026-10-02 18:50:10.194] [info] [video]   8/48 frames
[2026-10-02 18:50:10.234] [info] [video]   12/48 frames
[2026-10-02 18:50:10.284] [info] [video]   16/48 frames
[2026-10-02 18:50:10.330] [info] [video]   20/48 frames
[2026-10-02 18:50:10.376] [info] [video]   24/48 frames
[2026-10-02 18:50:10.396] [info] [vulkan-lifecycle] frame=25 vram_bytes=333283328 live_surfaces=13 surface_bindings=7 registry_live_handles=107 physical_images=13 deferred_releases=2 vma_allocations=50 surfaces_created=157 surfaces_released=150 queue_packages=1 execution_slots_busy=2 command_batch_active=false
[2026-10-02 18:50:10.424] [info] [video]   28/48 frames
[2026-10-02 18:50:10.496] [info] [video]   32/48 frames
[2026-10-02 18:50:10.549] [info] [video]   36/48 frames
[2026-10-02 18:50:10.597] [info] [video]   40/48 frames
[2026-10-02 18:50:10.649] [info] [video]   44/48 frames
[2026-10-02 18:50:10.707] [info] [video]   48/48 frames
[2026-10-02 18:50:10.725] [info] [video] writer join complete
[2026-10-02 18:50:10.725] [info] [drain-debug] start drain, capacity=6
[2026-10-02 18:50:10.725] [info] [drain-debug] slot_id=4 has completion, waiting
[2026-10-02 18:50:10.725] [info] [drain-debug] slot_id=4 wait complete
[2026-10-02 18:50:10.725] [info] [drain-debug] slot_id=5 has completion, waiting
[2026-10-02 18:50:10.725] [info] [drain-debug] slot_id=5 wait complete
[2026-10-02 18:50:10.725] [info] [drain-debug] reap done, busy_count=0
[2026-10-02 18:50:10.725] [info] [video] trimming framebuffer pool
[2026-10-02 18:50:10.725] [info] [video] Released framebuffer pool — memory trimmed
[2026-10-02 18:50:10.725] [info] [video] frame-loop cleanup complete
[2026-10-02 18:50:10.725] [info] [video] Encoder write blocked duration: 0.00 ms
[2026-10-02 18:50:10.725] [info] [video_diag] conversion_and_copy_duration_ms: 0 ms
[2026-10-02 18:50:10.725] [info] [video_diag] conversion_bytes_written=0 encoder_staging_copy_bytes=0 encoder_slot_reuses=0
[2026-10-02 18:50:10.725] [info] [native_av] close: sending encoder flush
[2026-10-02 18:50:10.725] [info] [native_av] close: encoder flush accepted
[2026-10-02 18:50:10.726] [info] [native_av] close: packets drained=true
[2026-10-02 18:50:10.726] [info] [native_av] close: finalizing mux session
[2026-10-02 18:50:10.726] [info] [native_av] close: mux session finalized
[2026-10-02 18:50:10.726] [info] [native_av] Closed native encoder — 48 frames accepted, encoder_packets=48 mux_packets=48 packet_pts=0..47, YUV cache: 0 hits / 0 misses
[2026-10-02 18:50:10.726] [info] [video_native] convert=115.33ms  send_frame=15.76ms  backpressure=0.00ms  flush=1.04ms  receive_packet=0.59ms  mux_write=1.00ms  trailer=0.33ms
[2026-10-02 18:50:10.728] [info] [video] render_ms=680.02 encode_ms=7.15 writer_encode_ms=134.21 wall_ms=2441.80 nvml_stop_ms=0.12
[2026-10-02 18:50:10.728] [info] [video] FFmpeg queue wait duration: 0.53 ms
[2026-10-02 18:50:10.738] [info] [video] copy_eligible=true sha256=968362af94295cc6ae2ae801bf6b2c7b4252a4accda52f8880508fbf726ff407
[2026-10-02 18:50:10.738] [info] [video] Wrote /tmp/velox-phrase-runtime-cert/inputs/vertical_reel_snap/catalog-motions.mp4
[2026-10-02 18:50:10.738] [info] [startup-profile] total=1055.42ms logger=0.11ms cli_bootstrap=9.58ms cli_parse=0.00ms composition=0.31ms plan_read=0.17ms json_parse=1.65ms plan_decode_validate=51.66ms asset_resolve=0.02ms plan_compile=5.76ms other=0.00ms
[2026-10-02 18:50:10.773] [info] [video] Wrote exact per-frame timing sidecar: /tmp/velox-phrase-runtime-cert/inputs/vertical_reel_snap/catalog-motions.mp4.timing.json
[2026-10-02 18:50:10.803] [info] [INFO] job-lifecycle: slot_pool_close_ms=0.0 surface_release_ms=0.1
[2026-10-02 18:50:10.944] [info] [INFO] job-lifecycle: queue_close_ms=0.0 writer_join_ms=0.0 encoder_reset_ms=26.0 decoder_reset_ms=0.0 full_graph_reset_ms=141.6 sink_ctx_reset_ms=0.0 device_runtime_reset_ms=0.0 device_reservation_reset_ms=0.0
[2026-10-02 18:50:10.948] [info] [INFO] job-lifecycle: sidecar_write_ms=38.0 session_teardown_ms=171.9
[2026-10-02 18:50:10.957] [info] [INFO] job-lifecycle: execute_ms=2671.7 receipt_build_ms=0.0 receipt_write_ms=0.0 caller_tail_ms=0.0
