[2026-10-02 18:50:14.095] [info] [overlay-prepare] validated package=/tmp/velox-phrase-runtime-cert/inputs/weightless_float_settle/prepared.json hash=6a4a3f6fbe10a254aeead03e8e87195b965d8f91b042a49df677513bcace229d assets=0 text_runs=1 overlays=2
[2026-10-02 18:50:14.099] [info] [asset-profile] kind=3 path=assets/fonts/Poppins-Bold.ttf bytes=155996 cache=miss invalidated=0 stat=0.01ms hash=3.67ms hashed_bytes=155996 total=3.82ms
[2026-10-02 18:50:14.099] [info] [asset-digest-cache] hits=0 misses=1 invalidations=0 bytes_hashed=155996 lookup_ms=0.01 write_ms=0.02 full_hash_ms=3.67
[2026-10-02 18:50:14.101] [info] [plan-profile] read=0.15ms parse=2.31ms decode=61.80ms resolver=0.04ms compile_validate=6.06ms total=73.61ms
[2026-10-02 18:50:14.102] [info] [asset-profile] kind=3 path=assets/fonts/Poppins-Bold.ttf bytes=155996 cache=hit invalidated=0 stat=0.01ms hash=0.00ms hashed_bytes=0 total=0.10ms
[2026-10-02 18:50:14.102] [info] [asset-digest-cache] hits=1 misses=0 invalidations=0 bytes_hashed=0 lookup_ms=0.01 write_ms=0.00 full_hash_ms=0.00
[2026-10-02 18:50:14.105] [info] [plan-compile-profile] assets=0.21ms fingerprint=2.49ms media_resolution=0.00ms materialize=0.16ms composition_compile=0.00ms compatibility_view=0.16ms total=3.37ms
[2026-10-02 18:50:14.106] [info] [video] Auto-selecting yuv420p pipe pixel format for 1280x720 output
[2026-10-02 18:50:14.106] [info] [video] execution plan resolved (reason: required_gpu_native_full_graph); decode=1 composite=2 encode=1 interop=2 handoff=1 codec=3
[2026-10-02 18:50:14.124] [info] [video-runtime] created persistent runtime for device 0 (CUDA ordinal 0)
[2026-10-02 18:50:14.124] [info] [video] encoder feed capability: host_frame=false direct_yuv=false native_surface=true
[2026-10-02 18:50:14.350] [info] [native_av] CUDA context contract: native=0x556815b17eb0 ffmpeg=0x556815b17eb0
[2026-10-02 18:50:14.370] [info] [native_av] NVENC tuning applied: rc=constqp preset=p1 async_depth=4 nvenc_surfaces=8 qp=23 bitrate=0
[2026-10-02 18:50:14.406] [info] [native_av] encoder bitstream contract: codec=27 profile=100 level=-99 pix_fmt=119 parameter_sets=49 materialized=true
[2026-10-02 18:50:14.406] [info] [native_av] Opened native encoder: 1280x720 @ 24fps, codec=h264_nvenc, rc=constqp, preset=p1, output='/tmp/velox-phrase-runtime-cert/inputs/weightless_float_settle/catalog-motions.partial.mp4'
[2026-10-02 18:50:15.713] [info] [pool-warm] Pre-allocated and pre-imported 6 execution slots (1280x720) for native NVENC
[2026-10-02 18:50:15.806] [info] chronon3d::vulkan text batch formats: dst_image.format=109 atlas_image.format=44 atlas_encoding=2 (shader contract: dst rgba32f, atlas rgba8)
[2026-10-02 18:50:15.808] [info] [temp-lifetime] frame=0 after_level=0 live=[0,1,3,] retired=[]
[2026-10-02 18:50:15.808] [info] [exec-level-diag] frame=0 level=0 nodes=3 input_ms=0.007 dispatch_ms=6.418 fb_release_ms=0.009
[2026-10-02 18:50:15.808] [info] [graph-edge] frame=0 level=1 consumer_id=2 input_index=0 producer_id=0 producer_level=0
[2026-10-02 18:50:15.808] [info] [graph-edge] frame=0 level=1 consumer_id=2 input_index=1 producer_id=1 producer_level=0
[2026-10-02 18:50:15.808] [info] [graph-edge] frame=0 level=1 consumer_id=4 input_index=0 producer_id=3 producer_level=0
[2026-10-02 18:50:15.812] [info] [temp-lifetime] frame=0 after_level=1 live=[2,4,] retired=[0,1,3,]
[2026-10-02 18:50:15.812] [info] [exec-level-diag] frame=0 level=1 nodes=2 input_ms=0.056 dispatch_ms=4.411 fb_release_ms=0.023
[2026-10-02 18:50:15.812] [info] [graph-edge] frame=0 level=2 consumer_id=5 input_index=0 producer_id=2 producer_level=1
[2026-10-02 18:50:15.812] [info] [graph-edge] frame=0 level=2 consumer_id=5 input_index=1 producer_id=4 producer_level=1
[2026-10-02 18:50:15.813] [info] [temp-lifetime] frame=0 after_level=2 live=[5,] retired=[2,4,]
[2026-10-02 18:50:15.813] [info] [exec-level-diag] frame=0 level=2 nodes=1 input_ms=0.029 dispatch_ms=0.225 fb_release_ms=0.010
[2026-10-02 18:50:15.813] [info] [video] Exporting via Arena-backed SIMD pipeline
[2026-10-02 18:50:15.825] [info] [temp-lifetime] frame=1 after_level=0 live=[0,1,3,] retired=[]
[2026-10-02 18:50:15.825] [info] [exec-level-diag] frame=1 level=0 nodes=3 input_ms=0.004 dispatch_ms=1.288 fb_release_ms=0.005
[2026-10-02 18:50:15.825] [info] [graph-edge] frame=1 level=1 consumer_id=2 input_index=0 producer_id=0 producer_level=0
[2026-10-02 18:50:15.825] [info] [graph-edge] frame=1 level=1 consumer_id=2 input_index=1 producer_id=1 producer_level=0
[2026-10-02 18:50:15.825] [info] [graph-edge] frame=1 level=1 consumer_id=4 input_index=0 producer_id=3 producer_level=0
[2026-10-02 18:50:15.825] [info] [temp-lifetime] frame=1 after_level=1 live=[2,4,] retired=[0,1,3,]
[2026-10-02 18:50:15.826] [info] [exec-level-diag] frame=1 level=1 nodes=2 input_ms=0.042 dispatch_ms=0.606 fb_release_ms=0.021
[2026-10-02 18:50:15.826] [info] [graph-edge] frame=1 level=2 consumer_id=5 input_index=0 producer_id=2 producer_level=1
[2026-10-02 18:50:15.826] [info] [graph-edge] frame=1 level=2 consumer_id=5 input_index=1 producer_id=4 producer_level=1
[2026-10-02 18:50:15.826] [info] [temp-lifetime] frame=1 after_level=2 live=[5,] retired=[2,4,]
[2026-10-02 18:50:15.826] [info] [exec-level-diag] frame=1 level=2 nodes=1 input_ms=0.041 dispatch_ms=0.244 fb_release_ms=0.013
[2026-10-02 18:50:15.841] [info] [temp-lifetime] frame=2 after_level=0 live=[0,1,3,] retired=[]
[2026-10-02 18:50:15.841] [info] [exec-level-diag] frame=2 level=0 nodes=3 input_ms=0.005 dispatch_ms=1.526 fb_release_ms=0.004
[2026-10-02 18:50:15.841] [info] [graph-edge] frame=2 level=1 consumer_id=2 input_index=0 producer_id=0 producer_level=0
[2026-10-02 18:50:15.841] [info] [graph-edge] frame=2 level=1 consumer_id=2 input_index=1 producer_id=1 producer_level=0
[2026-10-02 18:50:15.841] [info] [graph-edge] frame=2 level=1 consumer_id=4 input_index=0 producer_id=3 producer_level=0
[2026-10-02 18:50:15.842] [info] [temp-lifetime] frame=2 after_level=1 live=[2,4,] retired=[0,1,3,]
[2026-10-02 18:50:15.842] [info] [exec-level-diag] frame=2 level=1 nodes=2 input_ms=0.031 dispatch_ms=0.682 fb_release_ms=0.020
[2026-10-02 18:50:15.842] [info] [graph-edge] frame=2 level=2 consumer_id=5 input_index=0 producer_id=2 producer_level=1
[2026-10-02 18:50:15.842] [info] [graph-edge] frame=2 level=2 consumer_id=5 input_index=1 producer_id=4 producer_level=1
[2026-10-02 18:50:15.842] [info] [temp-lifetime] frame=2 after_level=2 live=[5,] retired=[2,4,]
[2026-10-02 18:50:15.842] [info] [exec-level-diag] frame=2 level=2 nodes=1 input_ms=0.066 dispatch_ms=0.260 fb_release_ms=0.013
[2026-10-02 18:50:15.843] [info] [video]   4/48 frames
[2026-10-02 18:50:15.904] [info] [video]   8/48 frames
[2026-10-02 18:50:15.954] [info] [video]   12/48 frames
[2026-10-02 18:50:16.013] [info] [video]   16/48 frames
[2026-10-02 18:50:16.060] [info] [video]   20/48 frames
[2026-10-02 18:50:16.106] [info] [video]   24/48 frames
[2026-10-02 18:50:16.128] [info] [vulkan-lifecycle] frame=25 vram_bytes=333283328 live_surfaces=13 surface_bindings=7 registry_live_handles=107 physical_images=13 deferred_releases=2 vma_allocations=50 surfaces_created=157 surfaces_released=150 queue_packages=1 execution_slots_busy=2 command_batch_active=false
[2026-10-02 18:50:16.148] [info] [video]   28/48 frames
[2026-10-02 18:50:16.189] [info] [video]   32/48 frames
[2026-10-02 18:50:16.246] [info] [video]   36/48 frames
[2026-10-02 18:50:16.296] [info] [video]   40/48 frames
[2026-10-02 18:50:16.344] [info] [video]   44/48 frames
[2026-10-02 18:50:16.393] [info] [video]   48/48 frames
[2026-10-02 18:50:16.407] [info] [video] writer join complete
[2026-10-02 18:50:16.407] [info] [drain-debug] start drain, capacity=6
[2026-10-02 18:50:16.407] [info] [drain-debug] slot_id=4 has completion, waiting
[2026-10-02 18:50:16.407] [info] [drain-debug] slot_id=4 wait complete
[2026-10-02 18:50:16.407] [info] [drain-debug] slot_id=5 has completion, waiting
[2026-10-02 18:50:16.407] [info] [drain-debug] slot_id=5 wait complete
[2026-10-02 18:50:16.407] [info] [drain-debug] reap done, busy_count=0
[2026-10-02 18:50:16.407] [info] [video] trimming framebuffer pool
[2026-10-02 18:50:16.407] [info] [video] Released framebuffer pool — memory trimmed
[2026-10-02 18:50:16.407] [info] [video] frame-loop cleanup complete
[2026-10-02 18:50:16.407] [info] [video] Encoder write blocked duration: 0.00 ms
[2026-10-02 18:50:16.407] [info] [video_diag] conversion_and_copy_duration_ms: 0 ms
[2026-10-02 18:50:16.407] [info] [video_diag] conversion_bytes_written=0 encoder_staging_copy_bytes=0 encoder_slot_reuses=0
[2026-10-02 18:50:16.407] [info] [native_av] close: sending encoder flush
[2026-10-02 18:50:16.407] [info] [native_av] close: encoder flush accepted
[2026-10-02 18:50:16.408] [info] [native_av] close: packets drained=true
[2026-10-02 18:50:16.408] [info] [native_av] close: finalizing mux session
[2026-10-02 18:50:16.408] [info] [native_av] close: mux session finalized
[2026-10-02 18:50:16.408] [info] [native_av] Closed native encoder — 48 frames accepted, encoder_packets=48 mux_packets=48 packet_pts=0..47, YUV cache: 0 hits / 0 misses
[2026-10-02 18:50:16.408] [info] [video_native] convert=109.40ms  send_frame=15.63ms  backpressure=0.00ms  flush=1.10ms  receive_packet=0.86ms  mux_write=0.90ms  trailer=0.21ms
[2026-10-02 18:50:16.410] [info] [video] render_ms=665.86 encode_ms=7.11 writer_encode_ms=131.66 wall_ms=2303.87 nvml_stop_ms=0.14
[2026-10-02 18:50:16.410] [info] [video] FFmpeg queue wait duration: 0.53 ms
[2026-10-02 18:50:16.416] [info] [video] copy_eligible=true sha256=ffc527601a52e46f6e2cf56c33b64cea3c4a284fae14c772301f141b8c85864b
[2026-10-02 18:50:16.416] [info] [video] Wrote /tmp/velox-phrase-runtime-cert/inputs/weightless_float_settle/catalog-motions.mp4
[2026-10-02 18:50:16.417] [info] [startup-profile] total=971.85ms logger=0.10ms cli_bootstrap=10.03ms cli_parse=0.00ms composition=0.35ms plan_read=0.15ms json_parse=2.31ms plan_decode_validate=61.80ms asset_resolve=0.04ms plan_compile=6.06ms other=0.00ms
[2026-10-02 18:50:16.447] [info] [video] Wrote exact per-frame timing sidecar: /tmp/velox-phrase-runtime-cert/inputs/weightless_float_settle/catalog-motions.mp4.timing.json
[2026-10-02 18:50:16.480] [info] [INFO] job-lifecycle: slot_pool_close_ms=0.0 surface_release_ms=0.1
[2026-10-02 18:50:16.605] [info] [INFO] job-lifecycle: queue_close_ms=0.0 writer_join_ms=0.0 encoder_reset_ms=29.7 decoder_reset_ms=0.0 full_graph_reset_ms=125.8 sink_ctx_reset_ms=0.0 device_runtime_reset_ms=0.0 device_reservation_reset_ms=0.0
[2026-10-02 18:50:16.606] [info] [INFO] job-lifecycle: sidecar_write_ms=33.1 session_teardown_ms=155.8
[2026-10-02 18:50:16.613] [info] [INFO] job-lifecycle: execute_ms=2507.2 receipt_build_ms=0.0 receipt_write_ms=0.0 caller_tail_ms=0.0
