[2026-10-02 18:39:48.198] [info] [overlay-prepare] validated package=/tmp/velox-image-software-cert/inputs/image_depth_float/prepared.json hash=f7d5251f2076163d7493c0c09c215b22f160a113b0ef3794cc238bbb180b4979 assets=1 text_runs=1 overlays=3
[2026-10-02 18:39:48.203] [info] [asset-profile] kind=3 path=assets/fonts/Poppins-Bold.ttf bytes=155996 cache=miss invalidated=0 stat=0.01ms hash=4.76ms hashed_bytes=155996 total=4.94ms
[2026-10-02 18:39:48.204] [info] [asset-profile] kind=0 path=assets/semantic/certification-image.jpg bytes=4146 cache=miss invalidated=0 stat=0.01ms hash=0.11ms hashed_bytes=4146 total=0.23ms
[2026-10-02 18:39:48.204] [info] [asset-digest-cache] hits=0 misses=2 invalidations=0 bytes_hashed=160142 lookup_ms=0.01 write_ms=0.04 full_hash_ms=4.87
[2026-10-02 18:39:48.205] [info] [plan-profile] read=0.14ms parse=1.42ms decode=399.28ms resolver=0.02ms compile_validate=6.97ms total=410.15ms
[2026-10-02 18:39:48.205] [info] [asset-profile] kind=3 path=assets/fonts/Poppins-Bold.ttf bytes=155996 cache=hit invalidated=0 stat=0.01ms hash=0.00ms hashed_bytes=0 total=0.08ms
[2026-10-02 18:39:48.206] [info] [asset-profile] kind=0 path=assets/semantic/certification-image.jpg bytes=4146 cache=hit invalidated=0 stat=0.01ms hash=0.00ms hashed_bytes=0 total=0.09ms
[2026-10-02 18:39:48.206] [info] [asset-digest-cache] hits=2 misses=0 invalidations=0 bytes_hashed=0 lookup_ms=0.01 write_ms=0.00 full_hash_ms=0.00
[2026-10-02 18:39:48.208] [info] [plan-compile-profile] assets=0.43ms fingerprint=1.63ms media_resolution=0.00ms materialize=0.19ms composition_compile=0.00ms compatibility_view=0.09ms total=2.71ms
[2026-10-02 18:39:48.209] [info] [video] Auto-selecting yuv420p pipe pixel format for 640x360 output
[2026-10-02 18:39:48.209] [info] [video] execution plan resolved (reason: render_graph_default); decode=2 composite=3 encode=2 interop=0 handoff=3 codec=3
[2026-10-02 18:39:48.233] [info] [video-runtime] created persistent runtime for device 0 (CUDA ordinal 0)
[2026-10-02 18:39:48.233] [info] [video] encoder feed capability: host_frame=true direct_yuv=false native_surface=false
[libx264 @ 0x5596354fa800] using cpu capabilities: MMX2 SSE2Fast SSSE3 SSE4.2 AVX
[libx264 @ 0x5596354fa800] profile High, level 3.0, 4:2:0, 8-bit
[libx264 @ 0x5596354fa800] 264 - core 163 r3060 5db6aa6 - H.264/MPEG-4 AVC codec - Copyleft 2003-2021 - http://www.videolan.org/x264.html - options: cabac=1 ref=3 deblock=1:0:0 analyse=0x3:0x113 me=hex subme=7 psy=1 psy_rd=1.00:0.00 mixed_ref=1 me_range=16 chroma_me=1 trellis=1 8x8dct=1 cqm=0 deadzone=21,11 fast_pskip=1 chroma_qp_offset=-2 threads=1 lookahead_threads=1 sliced_threads=0 nr=0 decimate=1 interlaced=0 bluray_compat=0 constrained_intra=0 bframes=0 weightp=2 keyint=48 keyint_min=4 scenecut=40 intra_refresh=0 rc_lookahead=40 rc=crf mbtree=1 crf=23.0 qcomp=0.60 qpmin=0 qpmax=69 qpstep=4 ip_ratio=1.40 aq=1:1.00
[2026-10-02 18:39:48.237] [info] [native_av] encoder bitstream contract: codec=27 profile=100 level=-99 pix_fmt=0 parameter_sets=43 materialized=true
[2026-10-02 18:39:48.237] [info] [native_av] Opened native encoder: 640x360 @ 24fps, codec=libx264, rc=crf, preset=medium, output='/tmp/velox-image-software-cert/inputs/image_depth_float/catalog-motions.partial.mp4'
[2026-10-02 18:39:49.481] [info] ImageCache: loaded 'assets/semantic/certification-image.jpg' (480x360) in 710.016ms
[2026-10-02 18:39:50.148] [info] [temp-lifetime] frame=0 after_level=0 live=[0,1,5,10,] retired=[]
[2026-10-02 18:39:50.149] [info] [exec-level-diag] frame=0 level=0 nodes=4 input_ms=0.004 dispatch_ms=421.356 fb_release_ms=0.012
[2026-10-02 18:39:50.149] [info] [graph-edge] frame=0 level=1 consumer_id=2 input_index=0 producer_id=1 producer_level=0
[2026-10-02 18:39:50.149] [info] [graph-edge] frame=0 level=1 consumer_id=6 input_index=0 producer_id=5 producer_level=0
[2026-10-02 18:39:50.160] [info] [temp-lifetime] frame=0 after_level=1 live=[0,2,6,10,] retired=[1,5,]
[2026-10-02 18:39:50.160] [info] [exec-level-diag] frame=0 level=1 nodes=2 input_ms=0.079 dispatch_ms=11.176 fb_release_ms=0.027
[2026-10-02 18:39:50.160] [info] [graph-edge] frame=0 level=2 consumer_id=3 input_index=0 producer_id=2 producer_level=1
[2026-10-02 18:39:50.160] [info] [graph-edge] frame=0 level=2 consumer_id=7 input_index=0 producer_id=6 producer_level=1
[2026-10-02 18:39:50.161] [info] [temp-lifetime] frame=0 after_level=2 live=[0,3,7,10,] retired=[2,6,]
[2026-10-02 18:39:50.161] [info] [exec-level-diag] frame=0 level=2 nodes=2 input_ms=0.143 dispatch_ms=0.293 fb_release_ms=0.015
[2026-10-02 18:39:50.161] [info] [graph-edge] frame=0 level=3 consumer_id=4 input_index=0 producer_id=0 producer_level=0
[2026-10-02 18:39:50.161] [info] [graph-edge] frame=0 level=3 consumer_id=4 input_index=1 producer_id=3 producer_level=2
[2026-10-02 18:39:50.161] [info] [graph-edge] frame=0 level=3 consumer_id=8 input_index=0 producer_id=7 producer_level=2
[2026-10-02 18:39:50.368] [info] [temp-lifetime] frame=0 after_level=3 live=[4,8,10,] retired=[0,3,7,]
[2026-10-02 18:39:50.368] [info] [exec-level-diag] frame=0 level=3 nodes=2 input_ms=0.183 dispatch_ms=207.108 fb_release_ms=0.077
[2026-10-02 18:39:50.369] [info] [graph-edge] frame=0 level=4 consumer_id=9 input_index=0 producer_id=4 producer_level=3
[2026-10-02 18:39:50.369] [info] [graph-edge] frame=0 level=4 consumer_id=9 input_index=1 producer_id=8 producer_level=3
[2026-10-02 18:39:50.371] [info] [temp-lifetime] frame=0 after_level=4 live=[9,10,] retired=[4,8,]
[2026-10-02 18:39:50.372] [info] [exec-level-diag] frame=0 level=4 nodes=1 input_ms=0.086 dispatch_ms=2.680 fb_release_ms=0.054
[2026-10-02 18:39:50.372] [info] [graph-edge] frame=0 level=5 consumer_id=11 input_index=0 producer_id=9 producer_level=4
[2026-10-02 18:39:50.372] [info] [graph-edge] frame=0 level=5 consumer_id=11 input_index=1 producer_id=10 producer_level=0
[2026-10-02 18:39:50.372] [info] [temp-lifetime] frame=0 after_level=5 live=[11,] retired=[9,10,]
[2026-10-02 18:39:50.372] [info] [exec-level-diag] frame=0 level=5 nodes=1 input_ms=0.106 dispatch_ms=0.215 fb_release_ms=0.048
[2026-10-02 18:39:50.772] [info] [temp-lifetime] frame=0 after_level=0 live=[0,1,5,10,] retired=[]
[2026-10-02 18:39:50.772] [info] [exec-level-diag] frame=0 level=0 nodes=4 input_ms=0.007 dispatch_ms=394.420 fb_release_ms=0.015
[2026-10-02 18:39:50.772] [info] [graph-edge] frame=0 level=1 consumer_id=2 input_index=0 producer_id=1 producer_level=0
[2026-10-02 18:39:50.772] [info] [graph-edge] frame=0 level=1 consumer_id=6 input_index=0 producer_id=5 producer_level=0
[2026-10-02 18:39:50.793] [info] [temp-lifetime] frame=0 after_level=1 live=[0,2,6,10,] retired=[1,5,]
[2026-10-02 18:39:50.794] [info] [exec-level-diag] frame=0 level=1 nodes=2 input_ms=0.113 dispatch_ms=20.905 fb_release_ms=0.067
[2026-10-02 18:39:50.794] [info] [graph-edge] frame=0 level=2 consumer_id=3 input_index=0 producer_id=2 producer_level=1
[2026-10-02 18:39:50.794] [info] [graph-edge] frame=0 level=2 consumer_id=7 input_index=0 producer_id=6 producer_level=1
[2026-10-02 18:39:50.794] [info] [temp-lifetime] frame=0 after_level=2 live=[0,3,7,10,] retired=[2,6,]
[2026-10-02 18:39:50.795] [info] [exec-level-diag] frame=0 level=2 nodes=2 input_ms=0.135 dispatch_ms=0.550 fb_release_ms=0.015
[2026-10-02 18:39:50.795] [info] [graph-edge] frame=0 level=3 consumer_id=4 input_index=0 producer_id=0 producer_level=0
[2026-10-02 18:39:50.795] [info] [graph-edge] frame=0 level=3 consumer_id=4 input_index=1 producer_id=3 producer_level=2
[2026-10-02 18:39:50.795] [info] [graph-edge] frame=0 level=3 consumer_id=8 input_index=0 producer_id=7 producer_level=2
[2026-10-02 18:39:51.036] [info] [temp-lifetime] frame=0 after_level=3 live=[4,8,10,] retired=[0,3,7,]
[2026-10-02 18:39:51.036] [info] [exec-level-diag] frame=0 level=3 nodes=2 input_ms=0.156 dispatch_ms=240.702 fb_release_ms=0.094
[2026-10-02 18:39:51.036] [info] [graph-edge] frame=0 level=4 consumer_id=9 input_index=0 producer_id=4 producer_level=3
[2026-10-02 18:39:51.036] [info] [graph-edge] frame=0 level=4 consumer_id=9 input_index=1 producer_id=8 producer_level=3
[2026-10-02 18:39:51.037] [info] [temp-lifetime] frame=0 after_level=4 live=[9,10,] retired=[4,8,]
[2026-10-02 18:39:51.038] [info] [exec-level-diag] frame=0 level=4 nodes=1 input_ms=0.088 dispatch_ms=1.376 fb_release_ms=0.021
[2026-10-02 18:39:51.038] [info] [graph-edge] frame=0 level=5 consumer_id=11 input_index=0 producer_id=9 producer_level=4
[2026-10-02 18:39:51.038] [info] [graph-edge] frame=0 level=5 consumer_id=11 input_index=1 producer_id=10 producer_level=0
[2026-10-02 18:39:51.038] [info] [temp-lifetime] frame=0 after_level=5 live=[11,] retired=[9,10,]
[2026-10-02 18:39:51.038] [info] [exec-level-diag] frame=0 level=5 nodes=1 input_ms=0.067 dispatch_ms=0.131 fb_release_ms=0.022
[2026-10-02 18:39:51.097] [info] [pool-warm] Pre-allocated 4 canvas buffers (640x384 bucket) at startup
[2026-10-02 18:39:52.771] [info] [pool-warm] Pre-allocated 3 buffers (text-bbox+glow-pad) bucket 1920x1024 at startup
[2026-10-02 18:39:52.838] [info] [pool-warm] Pre-allocated 3 buffers (downsample-half) bucket 1024x640 at startup
[2026-10-02 18:39:52.863] [info] [pool-warm] Pre-allocated 3 buffers (downsample-quarter) bucket 512x384 at startup
[2026-10-02 18:39:53.369] [info] [temp-lifetime] frame=0 after_level=0 live=[0,1,5,10,] retired=[]
[2026-10-02 18:39:53.369] [info] [exec-level-diag] frame=0 level=0 nodes=4 input_ms=0.006 dispatch_ms=475.509 fb_release_ms=0.016
[2026-10-02 18:39:53.369] [info] [graph-edge] frame=0 level=1 consumer_id=2 input_index=0 producer_id=1 producer_level=0
[2026-10-02 18:39:53.369] [info] [graph-edge] frame=0 level=1 consumer_id=6 input_index=0 producer_id=5 producer_level=0
[2026-10-02 18:39:53.378] [info] [temp-lifetime] frame=0 after_level=1 live=[0,2,6,10,] retired=[1,5,]
[2026-10-02 18:39:53.378] [info] [exec-level-diag] frame=0 level=1 nodes=2 input_ms=0.032 dispatch_ms=8.337 fb_release_ms=0.030
[2026-10-02 18:39:53.378] [info] [graph-edge] frame=0 level=2 consumer_id=3 input_index=0 producer_id=2 producer_level=1
[2026-10-02 18:39:53.378] [info] [graph-edge] frame=0 level=2 consumer_id=7 input_index=0 producer_id=6 producer_level=1
[2026-10-02 18:39:53.378] [info] [temp-lifetime] frame=0 after_level=2 live=[0,3,7,10,] retired=[2,6,]
[2026-10-02 18:39:53.378] [info] [exec-level-diag] frame=0 level=2 nodes=2 input_ms=0.026 dispatch_ms=0.300 fb_release_ms=0.012
[2026-10-02 18:39:53.378] [info] [graph-edge] frame=0 level=3 consumer_id=4 input_index=0 producer_id=0 producer_level=0
[2026-10-02 18:39:53.378] [info] [graph-edge] frame=0 level=3 consumer_id=4 input_index=1 producer_id=3 producer_level=2
[2026-10-02 18:39:53.378] [info] [graph-edge] frame=0 level=3 consumer_id=8 input_index=0 producer_id=7 producer_level=2
[2026-10-02 18:39:53.640] [info] [temp-lifetime] frame=0 after_level=3 live=[4,8,10,] retired=[0,3,7,]
[2026-10-02 18:39:53.640] [info] [exec-level-diag] frame=0 level=3 nodes=2 input_ms=0.043 dispatch_ms=261.808 fb_release_ms=0.070
[2026-10-02 18:39:53.640] [info] [graph-edge] frame=0 level=4 consumer_id=9 input_index=0 producer_id=4 producer_level=3
[2026-10-02 18:39:53.640] [info] [graph-edge] frame=0 level=4 consumer_id=9 input_index=1 producer_id=8 producer_level=3
[2026-10-02 18:39:53.653] [info] [temp-lifetime] frame=0 after_level=4 live=[9,10,] retired=[4,8,]
[2026-10-02 18:39:53.653] [info] [exec-level-diag] frame=0 level=4 nodes=1 input_ms=0.032 dispatch_ms=12.685 fb_release_ms=0.051
[2026-10-02 18:39:53.653] [info] [graph-edge] frame=0 level=5 consumer_id=11 input_index=0 producer_id=9 producer_level=4
[2026-10-02 18:39:53.653] [info] [graph-edge] frame=0 level=5 consumer_id=11 input_index=1 producer_id=10 producer_level=0
[2026-10-02 18:39:53.653] [info] [temp-lifetime] frame=0 after_level=5 live=[11,] retired=[9,10,]
[2026-10-02 18:39:53.653] [info] [exec-level-diag] frame=0 level=5 nodes=1 input_ms=0.027 dispatch_ms=0.248 fb_release_ms=0.023
[2026-10-02 18:39:53.654] [info] [video] Exporting via Arena-backed SIMD pipeline
[2026-10-02 18:39:54.046] [info] [temp-lifetime] frame=1 after_level=0 live=[0,1,5,10,] retired=[]
[2026-10-02 18:39:54.046] [info] [exec-level-diag] frame=1 level=0 nodes=4 input_ms=0.004 dispatch_ms=388.217 fb_release_ms=0.016
[2026-10-02 18:39:54.046] [info] [graph-edge] frame=1 level=1 consumer_id=2 input_index=0 producer_id=1 producer_level=0
[2026-10-02 18:39:54.046] [info] [graph-edge] frame=1 level=1 consumer_id=6 input_index=0 producer_id=5 producer_level=0
[2026-10-02 18:39:54.052] [info] [temp-lifetime] frame=1 after_level=1 live=[0,2,6,10,] retired=[1,5,]
[2026-10-02 18:39:54.052] [info] [exec-level-diag] frame=1 level=1 nodes=2 input_ms=0.034 dispatch_ms=6.170 fb_release_ms=0.018
[2026-10-02 18:39:54.052] [info] [graph-edge] frame=1 level=2 consumer_id=3 input_index=0 producer_id=2 producer_level=1
[2026-10-02 18:39:54.052] [info] [graph-edge] frame=1 level=2 consumer_id=7 input_index=0 producer_id=6 producer_level=1
[2026-10-02 18:39:54.053] [info] [temp-lifetime] frame=1 after_level=2 live=[0,3,7,10,] retired=[2,6,]
[2026-10-02 18:39:54.053] [info] [exec-level-diag] frame=1 level=2 nodes=2 input_ms=0.023 dispatch_ms=0.323 fb_release_ms=0.012
[2026-10-02 18:39:54.053] [info] [graph-edge] frame=1 level=3 consumer_id=4 input_index=0 producer_id=0 producer_level=0
[2026-10-02 18:39:54.053] [info] [graph-edge] frame=1 level=3 consumer_id=4 input_index=1 producer_id=3 producer_level=2
[2026-10-02 18:39:54.053] [info] [graph-edge] frame=1 level=3 consumer_id=8 input_index=0 producer_id=7 producer_level=2
[2026-10-02 18:39:54.211] [info] [temp-lifetime] frame=1 after_level=3 live=[4,8,10,] retired=[0,3,7,]
[2026-10-02 18:39:54.211] [info] [exec-level-diag] frame=1 level=3 nodes=2 input_ms=0.037 dispatch_ms=154.235 fb_release_ms=3.780
[2026-10-02 18:39:54.211] [info] [graph-edge] frame=1 level=4 consumer_id=9 input_index=0 producer_id=4 producer_level=3
[2026-10-02 18:39:54.211] [info] [graph-edge] frame=1 level=4 consumer_id=9 input_index=1 producer_id=8 producer_level=3
[2026-10-02 18:39:54.212] [info] [temp-lifetime] frame=1 after_level=4 live=[9,10,] retired=[4,8,]
[2026-10-02 18:39:54.212] [info] [exec-level-diag] frame=1 level=4 nodes=1 input_ms=0.034 dispatch_ms=1.140 fb_release_ms=0.020
[2026-10-02 18:39:54.212] [info] [graph-edge] frame=1 level=5 consumer_id=11 input_index=0 producer_id=9 producer_level=4
[2026-10-02 18:39:54.212] [info] [graph-edge] frame=1 level=5 consumer_id=11 input_index=1 producer_id=10 producer_level=0
[2026-10-02 18:39:54.212] [info] [temp-lifetime] frame=1 after_level=5 live=[11,] retired=[9,10,]
[2026-10-02 18:39:54.212] [info] [exec-level-diag] frame=1 level=5 nodes=1 input_ms=0.022 dispatch_ms=0.139 fb_release_ms=0.021
[2026-10-02 18:39:54.624] [info] [temp-lifetime] frame=2 after_level=0 live=[0,1,5,10,] retired=[]
[2026-10-02 18:39:54.624] [info] [exec-level-diag] frame=2 level=0 nodes=4 input_ms=0.004 dispatch_ms=406.883 fb_release_ms=0.015
[2026-10-02 18:39:54.624] [info] [graph-edge] frame=2 level=1 consumer_id=2 input_index=0 producer_id=1 producer_level=0
[2026-10-02 18:39:54.624] [info] [graph-edge] frame=2 level=1 consumer_id=6 input_index=0 producer_id=5 producer_level=0
[2026-10-02 18:39:54.631] [info] [temp-lifetime] frame=2 after_level=1 live=[0,2,6,10,] retired=[1,5,]
[2026-10-02 18:39:54.631] [info] [exec-level-diag] frame=2 level=1 nodes=2 input_ms=0.043 dispatch_ms=6.495 fb_release_ms=0.028
[2026-10-02 18:39:54.631] [info] [graph-edge] frame=2 level=2 consumer_id=3 input_index=0 producer_id=2 producer_level=1
[2026-10-02 18:39:54.631] [info] [graph-edge] frame=2 level=2 consumer_id=7 input_index=0 producer_id=6 producer_level=1
[2026-10-02 18:39:54.631] [info] [temp-lifetime] frame=2 after_level=2 live=[0,3,7,10,] retired=[2,6,]
[2026-10-02 18:39:54.631] [info] [exec-level-diag] frame=2 level=2 nodes=2 input_ms=0.029 dispatch_ms=0.412 fb_release_ms=0.010
[2026-10-02 18:39:54.631] [info] [graph-edge] frame=2 level=3 consumer_id=4 input_index=0 producer_id=0 producer_level=0
[2026-10-02 18:39:54.631] [info] [graph-edge] frame=2 level=3 consumer_id=4 input_index=1 producer_id=3 producer_level=2
[2026-10-02 18:39:54.631] [info] [graph-edge] frame=2 level=3 consumer_id=8 input_index=0 producer_id=7 producer_level=2
[2026-10-02 18:39:54.833] [info] [temp-lifetime] frame=2 after_level=3 live=[4,8,10,] retired=[0,3,7,]
[2026-10-02 18:39:54.833] [info] [exec-level-diag] frame=2 level=3 nodes=2 input_ms=0.030 dispatch_ms=200.823 fb_release_ms=0.516
[2026-10-02 18:39:54.833] [info] [graph-edge] frame=2 level=4 consumer_id=9 input_index=0 producer_id=4 producer_level=3
[2026-10-02 18:39:54.833] [info] [graph-edge] frame=2 level=4 consumer_id=9 input_index=1 producer_id=8 producer_level=3
[2026-10-02 18:39:54.836] [info] [temp-lifetime] frame=2 after_level=4 live=[9,10,] retired=[4,8,]
[2026-10-02 18:39:54.836] [info] [exec-level-diag] frame=2 level=4 nodes=1 input_ms=0.052 dispatch_ms=2.343 fb_release_ms=0.051
[2026-10-02 18:39:54.836] [info] [graph-edge] frame=2 level=5 consumer_id=11 input_index=0 producer_id=9 producer_level=4
[2026-10-02 18:39:54.836] [info] [graph-edge] frame=2 level=5 consumer_id=11 input_index=1 producer_id=10 producer_level=0
[2026-10-02 18:39:54.836] [info] [temp-lifetime] frame=2 after_level=5 live=[11,] retired=[9,10,]
[2026-10-02 18:39:54.836] [info] [exec-level-diag] frame=2 level=5 nodes=1 input_ms=0.029 dispatch_ms=0.217 fb_release_ms=0.067
[2026-10-02 18:39:54.837] [info] [video]   4/48 frames
[2026-10-02 18:39:57.406] [info] [video]   8/48 frames
[2026-10-02 18:39:59.918] [info] [video]   12/48 frames
[2026-10-02 18:40:02.445] [info] [video]   16/48 frames
[2026-10-02 18:40:04.929] [info] [video]   20/48 frames
[2026-10-02 18:40:07.430] [info] [video]   24/48 frames
[2026-10-02 18:40:09.930] [info] [video]   28/48 frames
[2026-10-02 18:40:12.352] [info] [video]   32/48 frames
[2026-10-02 18:40:15.024] [info] [video]   36/48 frames
[2026-10-02 18:40:17.364] [info] [video]   40/48 frames
[2026-10-02 18:40:19.783] [info] [video]   44/48 frames
[2026-10-02 18:40:22.197] [info] [video]   48/48 frames
[2026-10-02 18:40:22.845] [info] [video] writer join complete
[2026-10-02 18:40:22.845] [info] [drain-debug] start drain, capacity=6
[2026-10-02 18:40:22.845] [info] [drain-debug] reap done, busy_count=0
[2026-10-02 18:40:22.845] [info] [video] trimming framebuffer pool
[2026-10-02 18:40:23.100] [info] [video] Released framebuffer pool — memory trimmed
[2026-10-02 18:40:23.101] [info] [video] frame-loop cleanup complete
[2026-10-02 18:40:23.101] [info] [video] Encoder write blocked duration: 0.00 ms
[2026-10-02 18:40:23.101] [info] [video_diag] conversion_and_copy_duration_ms: 258 ms
[2026-10-02 18:40:23.101] [info] [video_diag] conversion_bytes_written=0 encoder_staging_copy_bytes=0 encoder_slot_reuses=0
[2026-10-02 18:40:23.101] [info] [native_av] close: sending encoder flush
[2026-10-02 18:40:23.101] [info] [native_av] close: encoder flush accepted
[2026-10-02 18:40:23.646] [info] [native_av] close: packets drained=true
[2026-10-02 18:40:23.646] [info] [native_av] close: finalizing mux session
[2026-10-02 18:40:23.646] [info] [native_av] close: mux session finalized
[2026-10-02 18:40:23.646] [info] [native_av] Closed native encoder — 48 frames accepted, encoder_packets=48 mux_packets=48 packet_pts=0..47, YUV cache: 0 hits / 48 misses
[2026-10-02 18:40:23.647] [info] [video_native] convert=286.26ms  send_frame=166.87ms  backpressure=60.82ms  flush=545.67ms  receive_packet=604.23ms  mux_write=1.41ms  trailer=0.35ms
[2026-10-02 18:40:23.647] [info] [video] render_ms=29894.80 encode_ms=863.25 writer_encode_ms=524.20 wall_ms=35437.64 nvml_stop_ms=0.16
[2026-10-02 18:40:23.647] [info] [video] FFmpeg queue wait duration: 0.73 ms
[2026-10-02 18:40:23.651] [info] [video] copy_eligible=true sha256=889f7782837a486bf7dcaaf5f7a4fa5e8cadaeebf5989d245186bd3fa8ba1340
[2026-10-02 18:40:23.651] [info] [video] Wrote /tmp/velox-image-software-cert/inputs/image_depth_float/catalog-motions.mp4
[2026-10-02 18:40:23.651] [info] [startup-profile] total=509.81ms logger=0.10ms cli_bootstrap=9.15ms cli_parse=0.00ms composition=0.27ms plan_read=0.14ms json_parse=1.42ms plan_decode_validate=399.28ms asset_resolve=0.02ms plan_compile=6.97ms other=0.00ms
[2026-10-02 18:40:23.683] [info] [video] Wrote exact per-frame timing sidecar: /tmp/velox-image-software-cert/inputs/image_depth_float/catalog-motions.mp4.timing.json
[libx264 @ 0x5596354fa800] frame I:2     Avg QP:15.09  size:  1654
[libx264 @ 0x5596354fa800] frame P:46    Avg QP:17.26  size:   902
[libx264 @ 0x5596354fa800] mb I  I16..4: 66.6% 31.4%  2.0%
[libx264 @ 0x5596354fa800] mb P  I16..4:  8.4%  7.0%  0.2%  P16..4: 18.0%  1.8%  0.5%  0.0%  0.0%    skip:64.1%
[libx264 @ 0x5596354fa800] 8x8 transform intra:41.8% inter:93.1%
[libx264 @ 0x5596354fa800] coded y,uvDC,uvAC intra: 3.4% 39.9% 18.0% inter: 2.6% 11.9% 1.4%
[libx264 @ 0x5596354fa800] i16 v,h,dc,p: 63% 35%  2%  0%
[libx264 @ 0x5596354fa800] i8 v,h,dc,ddl,ddr,vr,hd,vl,hu: 16% 11% 70%  1%  0%  0%  0%  0%  1%
[libx264 @ 0x5596354fa800] i4 v,h,dc,ddl,ddr,vr,hd,vl,hu: 45% 34% 20%  0%  0%  0%  0%  0%  0%
[libx264 @ 0x5596354fa800] i8c dc,h,v,p: 44% 29% 26%  0%
[libx264 @ 0x5596354fa800] Weighted P-Frames: Y:37.0% UV:32.6%
[libx264 @ 0x5596354fa800] ref P L0: 90.2%  2.1%  5.5%  1.8%  0.4%
[libx264 @ 0x5596354fa800] kb/s:179.20
[2026-10-02 18:40:23.688] [info] [INFO] job-lifecycle: slot_pool_close_ms=0.0 surface_release_ms=0.0
[2026-10-02 18:40:23.725] [info] [INFO] job-lifecycle: queue_close_ms=0.0 writer_join_ms=0.0 encoder_reset_ms=2.0 decoder_reset_ms=0.0 full_graph_reset_ms=37.6 sink_ctx_reset_ms=0.0 device_runtime_reset_ms=0.0 device_reservation_reset_ms=0.0
[2026-10-02 18:40:23.732] [info] [INFO] job-lifecycle: sidecar_write_ms=34.5 session_teardown_ms=46.1
[2026-10-02 18:40:23.744] [info] [INFO] job-lifecycle: execute_ms=35535.0 receipt_build_ms=0.0 receipt_write_ms=0.0 caller_tail_ms=0.0
