[2026-10-02 18:44:20.977] [info] [overlay-prepare] validated package=/tmp/velox-image-software-cert/inputs/image_soft_yaw_glow/prepared.json hash=bbfe9eb320be7d6e942cb49e626b6544040e2337ebcc8fa86b9ee228fb6f7f97 assets=1 text_runs=1 overlays=3
[2026-10-02 18:44:20.985] [info] [asset-profile] kind=3 path=assets/fonts/Poppins-Bold.ttf bytes=155996 cache=miss invalidated=0 stat=0.01ms hash=6.75ms hashed_bytes=155996 total=7.00ms
[2026-10-02 18:44:20.985] [info] [asset-profile] kind=0 path=assets/semantic/certification-image.jpg bytes=4146 cache=miss invalidated=0 stat=0.02ms hash=0.24ms hashed_bytes=4146 total=0.49ms
[2026-10-02 18:44:20.986] [info] [asset-digest-cache] hits=0 misses=2 invalidations=0 bytes_hashed=160142 lookup_ms=0.02 write_ms=0.05 full_hash_ms=6.98
[2026-10-02 18:44:20.988] [info] [plan-profile] read=0.16ms parse=1.56ms decode=441.27ms resolver=0.05ms compile_validate=10.70ms total=456.38ms
[2026-10-02 18:44:20.989] [info] [asset-profile] kind=3 path=assets/fonts/Poppins-Bold.ttf bytes=155996 cache=hit invalidated=0 stat=0.02ms hash=0.00ms hashed_bytes=0 total=0.22ms
[2026-10-02 18:44:20.989] [info] [asset-profile] kind=0 path=assets/semantic/certification-image.jpg bytes=4146 cache=hit invalidated=0 stat=0.02ms hash=0.00ms hashed_bytes=0 total=0.20ms
[2026-10-02 18:44:20.990] [info] [asset-digest-cache] hits=2 misses=0 invalidations=0 bytes_hashed=0 lookup_ms=0.03 write_ms=0.00 full_hash_ms=0.00
[2026-10-02 18:44:20.993] [info] [plan-compile-profile] assets=0.95ms fingerprint=2.65ms media_resolution=0.01ms materialize=0.37ms composition_compile=0.00ms compatibility_view=0.17ms total=4.72ms
[2026-10-02 18:44:20.995] [info] [video] Auto-selecting yuv420p pipe pixel format for 640x360 output
[2026-10-02 18:44:20.995] [info] [video] execution plan resolved (reason: render_graph_default); decode=2 composite=3 encode=2 interop=0 handoff=3 codec=3
[2026-10-02 18:44:21.092] [info] [video-runtime] created persistent runtime for device 0 (CUDA ordinal 0)
[2026-10-02 18:44:21.092] [info] [video] encoder feed capability: host_frame=true direct_yuv=false native_surface=false
[libx264 @ 0x55a6ab524300] using cpu capabilities: MMX2 SSE2Fast SSSE3 SSE4.2 AVX
[libx264 @ 0x55a6ab524300] profile High, level 3.0, 4:2:0, 8-bit
[libx264 @ 0x55a6ab524300] 264 - core 163 r3060 5db6aa6 - H.264/MPEG-4 AVC codec - Copyleft 2003-2021 - http://www.videolan.org/x264.html - options: cabac=1 ref=3 deblock=1:0:0 analyse=0x3:0x113 me=hex subme=7 psy=1 psy_rd=1.00:0.00 mixed_ref=1 me_range=16 chroma_me=1 trellis=1 8x8dct=1 cqm=0 deadzone=21,11 fast_pskip=1 chroma_qp_offset=-2 threads=1 lookahead_threads=1 sliced_threads=0 nr=0 decimate=1 interlaced=0 bluray_compat=0 constrained_intra=0 bframes=0 weightp=2 keyint=48 keyint_min=4 scenecut=40 intra_refresh=0 rc_lookahead=40 rc=crf mbtree=1 crf=23.0 qcomp=0.60 qpmin=0 qpmax=69 qpstep=4 ip_ratio=1.40 aq=1:1.00
[2026-10-02 18:44:21.096] [info] [native_av] encoder bitstream contract: codec=27 profile=100 level=-99 pix_fmt=0 parameter_sets=43 materialized=true
[2026-10-02 18:44:21.097] [info] [native_av] Opened native encoder: 640x360 @ 24fps, codec=libx264, rc=crf, preset=medium, output='/tmp/velox-image-software-cert/inputs/image_soft_yaw_glow/catalog-motions.partial.mp4'
[2026-10-02 18:44:22.455] [info] ImageCache: loaded 'assets/semantic/certification-image.jpg' (480x360) in 822.433ms
[2026-10-02 18:44:23.024] [info] [temp-lifetime] frame=0 after_level=0 live=[0,1,5,10,] retired=[]
[2026-10-02 18:44:23.024] [info] [exec-level-diag] frame=0 level=0 nodes=4 input_ms=0.008 dispatch_ms=455.945 fb_release_ms=0.017
[2026-10-02 18:44:23.024] [info] [graph-edge] frame=0 level=1 consumer_id=2 input_index=0 producer_id=1 producer_level=0
[2026-10-02 18:44:23.024] [info] [graph-edge] frame=0 level=1 consumer_id=6 input_index=0 producer_id=5 producer_level=0
[2026-10-02 18:44:23.042] [info] [temp-lifetime] frame=0 after_level=1 live=[0,2,6,10,] retired=[1,5,]
[2026-10-02 18:44:23.042] [info] [exec-level-diag] frame=0 level=1 nodes=2 input_ms=0.114 dispatch_ms=17.711 fb_release_ms=0.033
[2026-10-02 18:44:23.042] [info] [graph-edge] frame=0 level=2 consumer_id=3 input_index=0 producer_id=2 producer_level=1
[2026-10-02 18:44:23.042] [info] [graph-edge] frame=0 level=2 consumer_id=7 input_index=0 producer_id=6 producer_level=1
[2026-10-02 18:44:23.043] [info] [temp-lifetime] frame=0 after_level=2 live=[0,3,7,10,] retired=[2,6,]
[2026-10-02 18:44:23.043] [info] [exec-level-diag] frame=0 level=2 nodes=2 input_ms=0.031 dispatch_ms=0.324 fb_release_ms=0.009
[2026-10-02 18:44:23.043] [info] [graph-edge] frame=0 level=3 consumer_id=4 input_index=0 producer_id=0 producer_level=0
[2026-10-02 18:44:23.043] [info] [graph-edge] frame=0 level=3 consumer_id=4 input_index=1 producer_id=3 producer_level=2
[2026-10-02 18:44:23.043] [info] [graph-edge] frame=0 level=3 consumer_id=8 input_index=0 producer_id=7 producer_level=2
[2026-10-02 18:44:23.285] [info] [temp-lifetime] frame=0 after_level=3 live=[4,8,10,] retired=[0,3,7,]
[2026-10-02 18:44:23.285] [info] [exec-level-diag] frame=0 level=3 nodes=2 input_ms=0.029 dispatch_ms=241.870 fb_release_ms=0.059
[2026-10-02 18:44:23.285] [info] [graph-edge] frame=0 level=4 consumer_id=9 input_index=0 producer_id=4 producer_level=3
[2026-10-02 18:44:23.285] [info] [graph-edge] frame=0 level=4 consumer_id=9 input_index=1 producer_id=8 producer_level=3
[2026-10-02 18:44:23.286] [info] [temp-lifetime] frame=0 after_level=4 live=[9,10,] retired=[4,8,]
[2026-10-02 18:44:23.286] [info] [exec-level-diag] frame=0 level=4 nodes=1 input_ms=0.047 dispatch_ms=1.308 fb_release_ms=0.021
[2026-10-02 18:44:23.286] [info] [graph-edge] frame=0 level=5 consumer_id=11 input_index=0 producer_id=9 producer_level=4
[2026-10-02 18:44:23.286] [info] [graph-edge] frame=0 level=5 consumer_id=11 input_index=1 producer_id=10 producer_level=0
[2026-10-02 18:44:23.286] [info] [temp-lifetime] frame=0 after_level=5 live=[11,] retired=[9,10,]
[2026-10-02 18:44:23.286] [info] [exec-level-diag] frame=0 level=5 nodes=1 input_ms=0.021 dispatch_ms=0.120 fb_release_ms=0.024
[2026-10-02 18:44:23.709] [info] [temp-lifetime] frame=0 after_level=0 live=[0,1,5,10,] retired=[]
[2026-10-02 18:44:23.709] [info] [exec-level-diag] frame=0 level=0 nodes=4 input_ms=0.005 dispatch_ms=416.283 fb_release_ms=0.014
[2026-10-02 18:44:23.709] [info] [graph-edge] frame=0 level=1 consumer_id=2 input_index=0 producer_id=1 producer_level=0
[2026-10-02 18:44:23.709] [info] [graph-edge] frame=0 level=1 consumer_id=6 input_index=0 producer_id=5 producer_level=0
[2026-10-02 18:44:23.722] [info] [temp-lifetime] frame=0 after_level=1 live=[0,2,6,10,] retired=[1,5,]
[2026-10-02 18:44:23.722] [info] [exec-level-diag] frame=0 level=1 nodes=2 input_ms=0.037 dispatch_ms=12.805 fb_release_ms=0.029
[2026-10-02 18:44:23.722] [info] [graph-edge] frame=0 level=2 consumer_id=3 input_index=0 producer_id=2 producer_level=1
[2026-10-02 18:44:23.722] [info] [graph-edge] frame=0 level=2 consumer_id=7 input_index=0 producer_id=6 producer_level=1
[2026-10-02 18:44:23.722] [info] [temp-lifetime] frame=0 after_level=2 live=[0,3,7,10,] retired=[2,6,]
[2026-10-02 18:44:23.723] [info] [exec-level-diag] frame=0 level=2 nodes=2 input_ms=0.135 dispatch_ms=0.326 fb_release_ms=0.014
[2026-10-02 18:44:23.723] [info] [graph-edge] frame=0 level=3 consumer_id=4 input_index=0 producer_id=0 producer_level=0
[2026-10-02 18:44:23.723] [info] [graph-edge] frame=0 level=3 consumer_id=4 input_index=1 producer_id=3 producer_level=2
[2026-10-02 18:44:23.723] [info] [graph-edge] frame=0 level=3 consumer_id=8 input_index=0 producer_id=7 producer_level=2
[2026-10-02 18:44:23.964] [info] [temp-lifetime] frame=0 after_level=3 live=[4,8,10,] retired=[0,3,7,]
[2026-10-02 18:44:23.965] [info] [exec-level-diag] frame=0 level=3 nodes=2 input_ms=0.187 dispatch_ms=241.371 fb_release_ms=0.144
[2026-10-02 18:44:23.965] [info] [graph-edge] frame=0 level=4 consumer_id=9 input_index=0 producer_id=4 producer_level=3
[2026-10-02 18:44:23.965] [info] [graph-edge] frame=0 level=4 consumer_id=9 input_index=1 producer_id=8 producer_level=3
[2026-10-02 18:44:23.968] [info] [temp-lifetime] frame=0 after_level=4 live=[9,10,] retired=[4,8,]
[2026-10-02 18:44:23.968] [info] [exec-level-diag] frame=0 level=4 nodes=1 input_ms=0.224 dispatch_ms=2.218 fb_release_ms=0.084
[2026-10-02 18:44:23.968] [info] [graph-edge] frame=0 level=5 consumer_id=11 input_index=0 producer_id=9 producer_level=4
[2026-10-02 18:44:23.968] [info] [graph-edge] frame=0 level=5 consumer_id=11 input_index=1 producer_id=10 producer_level=0
[2026-10-02 18:44:23.969] [info] [temp-lifetime] frame=0 after_level=5 live=[11,] retired=[9,10,]
[2026-10-02 18:44:23.969] [info] [exec-level-diag] frame=0 level=5 nodes=1 input_ms=0.192 dispatch_ms=0.317 fb_release_ms=0.036
[2026-10-02 18:44:24.034] [info] [pool-warm] Pre-allocated 4 canvas buffers (640x384 bucket) at startup
[2026-10-02 18:44:24.654] [info] [pool-warm] Pre-allocated 3 buffers (text-bbox+glow-pad) bucket 1920x1024 at startup
[2026-10-02 18:44:24.731] [info] [pool-warm] Pre-allocated 3 buffers (downsample-half) bucket 1024x640 at startup
[2026-10-02 18:44:24.750] [info] [pool-warm] Pre-allocated 3 buffers (downsample-quarter) bucket 512x384 at startup
[2026-10-02 18:44:25.286] [info] [temp-lifetime] frame=0 after_level=0 live=[0,1,5,10,] retired=[]
[2026-10-02 18:44:25.286] [info] [exec-level-diag] frame=0 level=0 nodes=4 input_ms=0.011 dispatch_ms=503.036 fb_release_ms=0.014
[2026-10-02 18:44:25.286] [info] [graph-edge] frame=0 level=1 consumer_id=2 input_index=0 producer_id=1 producer_level=0
[2026-10-02 18:44:25.286] [info] [graph-edge] frame=0 level=1 consumer_id=6 input_index=0 producer_id=5 producer_level=0
[2026-10-02 18:44:25.291] [info] [temp-lifetime] frame=0 after_level=1 live=[0,2,6,10,] retired=[1,5,]
[2026-10-02 18:44:25.291] [info] [exec-level-diag] frame=0 level=1 nodes=2 input_ms=0.034 dispatch_ms=5.175 fb_release_ms=0.018
[2026-10-02 18:44:25.291] [info] [graph-edge] frame=0 level=2 consumer_id=3 input_index=0 producer_id=2 producer_level=1
[2026-10-02 18:44:25.291] [info] [graph-edge] frame=0 level=2 consumer_id=7 input_index=0 producer_id=6 producer_level=1
[2026-10-02 18:44:25.291] [info] [temp-lifetime] frame=0 after_level=2 live=[0,3,7,10,] retired=[2,6,]
[2026-10-02 18:44:25.291] [info] [exec-level-diag] frame=0 level=2 nodes=2 input_ms=0.021 dispatch_ms=0.426 fb_release_ms=0.010
[2026-10-02 18:44:25.291] [info] [graph-edge] frame=0 level=3 consumer_id=4 input_index=0 producer_id=0 producer_level=0
[2026-10-02 18:44:25.291] [info] [graph-edge] frame=0 level=3 consumer_id=4 input_index=1 producer_id=3 producer_level=2
[2026-10-02 18:44:25.291] [info] [graph-edge] frame=0 level=3 consumer_id=8 input_index=0 producer_id=7 producer_level=2
[2026-10-02 18:44:25.484] [info] [temp-lifetime] frame=0 after_level=3 live=[4,8,10,] retired=[0,3,7,]
[2026-10-02 18:44:25.484] [info] [exec-level-diag] frame=0 level=3 nodes=2 input_ms=0.046 dispatch_ms=192.630 fb_release_ms=0.064
[2026-10-02 18:44:25.485] [info] [graph-edge] frame=0 level=4 consumer_id=9 input_index=0 producer_id=4 producer_level=3
[2026-10-02 18:44:25.485] [info] [graph-edge] frame=0 level=4 consumer_id=9 input_index=1 producer_id=8 producer_level=3
[2026-10-02 18:44:25.487] [info] [temp-lifetime] frame=0 after_level=4 live=[9,10,] retired=[4,8,]
[2026-10-02 18:44:25.488] [info] [exec-level-diag] frame=0 level=4 nodes=1 input_ms=0.130 dispatch_ms=2.783 fb_release_ms=0.024
[2026-10-02 18:44:25.488] [info] [graph-edge] frame=0 level=5 consumer_id=11 input_index=0 producer_id=9 producer_level=4
[2026-10-02 18:44:25.488] [info] [graph-edge] frame=0 level=5 consumer_id=11 input_index=1 producer_id=10 producer_level=0
[2026-10-02 18:44:25.488] [info] [temp-lifetime] frame=0 after_level=5 live=[11,] retired=[9,10,]
[2026-10-02 18:44:25.488] [info] [exec-level-diag] frame=0 level=5 nodes=1 input_ms=0.155 dispatch_ms=0.130 fb_release_ms=0.037
[2026-10-02 18:44:25.489] [info] [video] Exporting via Arena-backed SIMD pipeline
[2026-10-02 18:44:25.898] [info] [temp-lifetime] frame=1 after_level=0 live=[0,1,5,10,] retired=[]
[2026-10-02 18:44:25.898] [info] [exec-level-diag] frame=1 level=0 nodes=4 input_ms=0.006 dispatch_ms=404.100 fb_release_ms=0.023
[2026-10-02 18:44:25.898] [info] [graph-edge] frame=1 level=1 consumer_id=2 input_index=0 producer_id=1 producer_level=0
[2026-10-02 18:44:25.898] [info] [graph-edge] frame=1 level=1 consumer_id=6 input_index=0 producer_id=5 producer_level=0
[2026-10-02 18:44:25.904] [info] [temp-lifetime] frame=1 after_level=1 live=[0,2,6,10,] retired=[1,5,]
[2026-10-02 18:44:25.904] [info] [exec-level-diag] frame=1 level=1 nodes=2 input_ms=0.056 dispatch_ms=5.734 fb_release_ms=0.026
[2026-10-02 18:44:25.904] [info] [graph-edge] frame=1 level=2 consumer_id=3 input_index=0 producer_id=2 producer_level=1
[2026-10-02 18:44:25.904] [info] [graph-edge] frame=1 level=2 consumer_id=7 input_index=0 producer_id=6 producer_level=1
[2026-10-02 18:44:25.904] [info] [temp-lifetime] frame=1 after_level=2 live=[0,3,7,10,] retired=[2,6,]
[2026-10-02 18:44:25.905] [info] [exec-level-diag] frame=1 level=2 nodes=2 input_ms=0.196 dispatch_ms=0.287 fb_release_ms=0.016
[2026-10-02 18:44:25.905] [info] [graph-edge] frame=1 level=3 consumer_id=4 input_index=0 producer_id=0 producer_level=0
[2026-10-02 18:44:25.905] [info] [graph-edge] frame=1 level=3 consumer_id=4 input_index=1 producer_id=3 producer_level=2
[2026-10-02 18:44:25.905] [info] [graph-edge] frame=1 level=3 consumer_id=8 input_index=0 producer_id=7 producer_level=2
[2026-10-02 18:44:26.124] [info] [temp-lifetime] frame=1 after_level=3 live=[4,8,10,] retired=[0,3,7,]
[2026-10-02 18:44:26.124] [info] [exec-level-diag] frame=1 level=3 nodes=2 input_ms=0.255 dispatch_ms=219.056 fb_release_ms=0.061
[2026-10-02 18:44:26.124] [info] [graph-edge] frame=1 level=4 consumer_id=9 input_index=0 producer_id=4 producer_level=3
[2026-10-02 18:44:26.124] [info] [graph-edge] frame=1 level=4 consumer_id=9 input_index=1 producer_id=8 producer_level=3
[2026-10-02 18:44:26.128] [info] [temp-lifetime] frame=1 after_level=4 live=[9,10,] retired=[4,8,]
[2026-10-02 18:44:26.129] [info] [exec-level-diag] frame=1 level=4 nodes=1 input_ms=0.089 dispatch_ms=3.957 fb_release_ms=0.050
[2026-10-02 18:44:26.129] [info] [graph-edge] frame=1 level=5 consumer_id=11 input_index=0 producer_id=9 producer_level=4
[2026-10-02 18:44:26.129] [info] [graph-edge] frame=1 level=5 consumer_id=11 input_index=1 producer_id=10 producer_level=0
[2026-10-02 18:44:26.129] [info] [temp-lifetime] frame=1 after_level=5 live=[11,] retired=[9,10,]
[2026-10-02 18:44:26.129] [info] [exec-level-diag] frame=1 level=5 nodes=1 input_ms=0.123 dispatch_ms=0.220 fb_release_ms=0.020
[2026-10-02 18:44:26.584] [info] [temp-lifetime] frame=2 after_level=0 live=[0,1,5,10,] retired=[]
[2026-10-02 18:44:26.584] [info] [exec-level-diag] frame=2 level=0 nodes=4 input_ms=0.007 dispatch_ms=433.100 fb_release_ms=0.015
[2026-10-02 18:44:26.584] [info] [graph-edge] frame=2 level=1 consumer_id=2 input_index=0 producer_id=1 producer_level=0
[2026-10-02 18:44:26.584] [info] [graph-edge] frame=2 level=1 consumer_id=6 input_index=0 producer_id=5 producer_level=0
[2026-10-02 18:44:26.594] [info] [temp-lifetime] frame=2 after_level=1 live=[0,2,6,10,] retired=[1,5,]
[2026-10-02 18:44:26.594] [info] [exec-level-diag] frame=2 level=1 nodes=2 input_ms=0.038 dispatch_ms=9.889 fb_release_ms=0.028
[2026-10-02 18:44:26.594] [info] [graph-edge] frame=2 level=2 consumer_id=3 input_index=0 producer_id=2 producer_level=1
[2026-10-02 18:44:26.594] [info] [graph-edge] frame=2 level=2 consumer_id=7 input_index=0 producer_id=6 producer_level=1
[2026-10-02 18:44:26.595] [info] [temp-lifetime] frame=2 after_level=2 live=[0,3,7,10,] retired=[2,6,]
[2026-10-02 18:44:26.595] [info] [exec-level-diag] frame=2 level=2 nodes=2 input_ms=0.038 dispatch_ms=0.376 fb_release_ms=0.014
[2026-10-02 18:44:26.595] [info] [graph-edge] frame=2 level=3 consumer_id=4 input_index=0 producer_id=0 producer_level=0
[2026-10-02 18:44:26.595] [info] [graph-edge] frame=2 level=3 consumer_id=4 input_index=1 producer_id=3 producer_level=2
[2026-10-02 18:44:26.595] [info] [graph-edge] frame=2 level=3 consumer_id=8 input_index=0 producer_id=7 producer_level=2
[2026-10-02 18:44:26.792] [info] [temp-lifetime] frame=2 after_level=3 live=[4,8,10,] retired=[0,3,7,]
[2026-10-02 18:44:26.792] [info] [exec-level-diag] frame=2 level=3 nodes=2 input_ms=0.158 dispatch_ms=196.375 fb_release_ms=0.063
[2026-10-02 18:44:26.792] [info] [graph-edge] frame=2 level=4 consumer_id=9 input_index=0 producer_id=4 producer_level=3
[2026-10-02 18:44:26.792] [info] [graph-edge] frame=2 level=4 consumer_id=9 input_index=1 producer_id=8 producer_level=3
[2026-10-02 18:44:26.795] [info] [temp-lifetime] frame=2 after_level=4 live=[9,10,] retired=[4,8,]
[2026-10-02 18:44:26.795] [info] [exec-level-diag] frame=2 level=4 nodes=1 input_ms=0.185 dispatch_ms=2.492 fb_release_ms=0.033
[2026-10-02 18:44:26.795] [info] [graph-edge] frame=2 level=5 consumer_id=11 input_index=0 producer_id=9 producer_level=4
[2026-10-02 18:44:26.795] [info] [graph-edge] frame=2 level=5 consumer_id=11 input_index=1 producer_id=10 producer_level=0
[2026-10-02 18:44:26.795] [info] [temp-lifetime] frame=2 after_level=5 live=[11,] retired=[9,10,]
[2026-10-02 18:44:26.795] [info] [exec-level-diag] frame=2 level=5 nodes=1 input_ms=0.096 dispatch_ms=0.127 fb_release_ms=0.186
[2026-10-02 18:44:26.796] [info] [video]   4/48 frames
[2026-10-02 18:44:29.589] [info] [video]   8/48 frames
[2026-10-02 18:44:32.011] [info] [video]   12/48 frames
[2026-10-02 18:44:34.436] [info] [video]   16/48 frames
[2026-10-02 18:44:36.772] [info] [video]   20/48 frames
[2026-10-02 18:44:39.196] [info] [video]   24/48 frames
[2026-10-02 18:44:41.642] [info] [video]   28/48 frames
[2026-10-02 18:44:44.008] [info] [video]   32/48 frames
[2026-10-02 18:44:46.537] [info] [video]   36/48 frames
[2026-10-02 18:44:48.976] [info] [video]   40/48 frames
[2026-10-02 18:44:51.368] [info] [video]   44/48 frames
[2026-10-02 18:44:53.697] [info] [video]   48/48 frames
[2026-10-02 18:44:54.363] [info] [video] writer join complete
[2026-10-02 18:44:54.363] [info] [drain-debug] start drain, capacity=6
[2026-10-02 18:44:54.363] [info] [drain-debug] reap done, busy_count=0
[2026-10-02 18:44:54.363] [info] [video] trimming framebuffer pool
[2026-10-02 18:44:54.592] [info] [video] Released framebuffer pool — memory trimmed
[2026-10-02 18:44:54.592] [info] [video] frame-loop cleanup complete
[2026-10-02 18:44:54.592] [info] [video] Encoder write blocked duration: 0.00 ms
[2026-10-02 18:44:54.592] [info] [video_diag] conversion_and_copy_duration_ms: 303 ms
[2026-10-02 18:44:54.593] [info] [video_diag] conversion_bytes_written=0 encoder_staging_copy_bytes=0 encoder_slot_reuses=0
[2026-10-02 18:44:54.593] [info] [native_av] close: sending encoder flush
[2026-10-02 18:44:54.593] [info] [native_av] close: encoder flush accepted
[2026-10-02 18:44:54.951] [info] [native_av] close: packets drained=true
[2026-10-02 18:44:54.951] [info] [native_av] close: finalizing mux session
[2026-10-02 18:44:54.951] [info] [native_av] close: mux session finalized
[2026-10-02 18:44:54.951] [info] [native_av] Closed native encoder — 48 frames accepted, encoder_packets=48 mux_packets=48 packet_pts=0..47, YUV cache: 0 hits / 48 misses
[2026-10-02 18:44:54.951] [info] [video_native] convert=324.75ms  send_frame=182.39ms  backpressure=69.60ms  flush=358.53ms  receive_packet=426.44ms  mux_write=0.98ms  trailer=0.33ms
[2026-10-02 18:44:54.951] [info] [video] render_ms=29535.59 encode_ms=642.51 writer_encode_ms=578.76 wall_ms=33956.22 nvml_stop_ms=0.16
[2026-10-02 18:44:54.952] [info] [video] FFmpeg queue wait duration: 0.68 ms
[2026-10-02 18:44:54.955] [info] [video] copy_eligible=true sha256=d99054455f19347bf007a7144f938073f5ab41b87772a92f6e55d95429a4f2a6
[2026-10-02 18:44:54.955] [info] [video] Wrote /tmp/velox-image-software-cert/inputs/image_soft_yaw_glow/catalog-motions.mp4
[2026-10-02 18:44:54.955] [info] [startup-profile] total=621.87ms logger=0.16ms cli_bootstrap=11.03ms cli_parse=0.00ms composition=0.59ms plan_read=0.16ms json_parse=1.56ms plan_decode_validate=441.27ms asset_resolve=0.05ms plan_compile=10.70ms other=0.00ms
[2026-10-02 18:44:54.996] [info] [video] Wrote exact per-frame timing sidecar: /tmp/velox-image-software-cert/inputs/image_soft_yaw_glow/catalog-motions.mp4.timing.json
[libx264 @ 0x55a6ab524300] frame I:1     Avg QP:12.00  size:    90
[libx264 @ 0x55a6ab524300] frame P:47    Avg QP:16.00  size:   729
[libx264 @ 0x55a6ab524300] mb I  I16..4: 100.0%  0.0%  0.0%
[libx264 @ 0x55a6ab524300] mb P  I16..4:  4.9%  7.1%  0.1%  P16..4: 17.7%  1.5%  0.4%  0.0%  0.0%    skip:68.3%
[libx264 @ 0x55a6ab524300] 8x8 transform intra:50.0% inter:92.8%
[libx264 @ 0x55a6ab524300] coded y,uvDC,uvAC intra: 2.4% 22.9% 8.5% inter: 1.8% 9.8% 1.4%
[libx264 @ 0x55a6ab524300] i16 v,h,dc,p: 73% 24%  3%  0%
[libx264 @ 0x55a6ab524300] i8 v,h,dc,ddl,ddr,vr,hd,vl,hu: 15% 10% 74%  1%  0%  0%  0%  0%  0%
[libx264 @ 0x55a6ab524300] i4 v,h,dc,ddl,ddr,vr,hd,vl,hu: 43% 28% 28%  0%  0%  0%  0%  0%  0%
[libx264 @ 0x55a6ab524300] i8c dc,h,v,p: 53% 22% 25%  0%
[libx264 @ 0x55a6ab524300] Weighted P-Frames: Y:25.5% UV:23.4%
[libx264 @ 0x55a6ab524300] ref P L0: 85.1%  0.7%  9.4%  4.6%  0.2%
[libx264 @ 0x55a6ab524300] kb/s:137.45
[2026-10-02 18:44:55.001] [info] [INFO] job-lifecycle: slot_pool_close_ms=0.0 surface_release_ms=0.0
[2026-10-02 18:44:55.043] [info] [INFO] job-lifecycle: queue_close_ms=0.0 writer_join_ms=0.0 encoder_reset_ms=1.6 decoder_reset_ms=0.0 full_graph_reset_ms=42.3 sink_ctx_reset_ms=0.0 device_runtime_reset_ms=0.0 device_reservation_reset_ms=0.0
[2026-10-02 18:44:55.052] [info] [INFO] job-lifecycle: sidecar_write_ms=44.5 session_teardown_ms=52.3
[2026-10-02 18:44:55.063] [info] [INFO] job-lifecycle: execute_ms=34067.9 receipt_build_ms=0.0 receipt_write_ms=0.0 caller_tail_ms=0.0
