[2026-10-02 18:44:55.603] [info] [overlay-prepare] validated package=/tmp/velox-image-software-cert/inputs/image_split_light_reveal/prepared.json hash=904e606b7a33d771ac22e72e9197624d71f2514740aa02a17b3b74916fd0dc96 assets=1 text_runs=1 overlays=3
[2026-10-02 18:44:55.608] [info] [asset-profile] kind=3 path=assets/fonts/Poppins-Bold.ttf bytes=155996 cache=miss invalidated=0 stat=0.01ms hash=3.70ms hashed_bytes=155996 total=3.85ms
[2026-10-02 18:44:55.608] [info] [asset-profile] kind=0 path=assets/semantic/certification-image.jpg bytes=4146 cache=miss invalidated=0 stat=0.01ms hash=0.15ms hashed_bytes=4146 total=0.28ms
[2026-10-02 18:44:55.608] [info] [asset-digest-cache] hits=0 misses=2 invalidations=0 bytes_hashed=160142 lookup_ms=0.01 write_ms=0.03 full_hash_ms=3.84
[2026-10-02 18:44:55.610] [info] [plan-profile] read=0.15ms parse=0.99ms decode=413.50ms resolver=0.03ms compile_validate=5.93ms total=422.44ms
[2026-10-02 18:44:55.610] [info] [asset-profile] kind=3 path=assets/fonts/Poppins-Bold.ttf bytes=155996 cache=hit invalidated=0 stat=0.01ms hash=0.00ms hashed_bytes=0 total=0.10ms
[2026-10-02 18:44:55.610] [info] [asset-profile] kind=0 path=assets/semantic/certification-image.jpg bytes=4146 cache=hit invalidated=0 stat=0.01ms hash=0.00ms hashed_bytes=0 total=0.11ms
[2026-10-02 18:44:55.610] [info] [asset-digest-cache] hits=2 misses=0 invalidations=0 bytes_hashed=0 lookup_ms=0.01 write_ms=0.00 full_hash_ms=0.00
[2026-10-02 18:44:55.612] [info] [plan-compile-profile] assets=0.48ms fingerprint=1.39ms media_resolution=0.01ms materialize=0.21ms composition_compile=0.00ms compatibility_view=0.09ms total=2.55ms
[2026-10-02 18:44:55.613] [info] [video] Auto-selecting yuv420p pipe pixel format for 640x360 output
[2026-10-02 18:44:55.614] [info] [video] execution plan resolved (reason: render_graph_default); decode=2 composite=3 encode=2 interop=0 handoff=3 codec=3
[2026-10-02 18:44:55.648] [info] [video-runtime] created persistent runtime for device 0 (CUDA ordinal 0)
[2026-10-02 18:44:55.648] [info] [video] encoder feed capability: host_frame=true direct_yuv=false native_surface=false
[libx264 @ 0x5564d203d700] using cpu capabilities: MMX2 SSE2Fast SSSE3 SSE4.2 AVX
[libx264 @ 0x5564d203d700] profile High, level 3.0, 4:2:0, 8-bit
[libx264 @ 0x5564d203d700] 264 - core 163 r3060 5db6aa6 - H.264/MPEG-4 AVC codec - Copyleft 2003-2021 - http://www.videolan.org/x264.html - options: cabac=1 ref=3 deblock=1:0:0 analyse=0x3:0x113 me=hex subme=7 psy=1 psy_rd=1.00:0.00 mixed_ref=1 me_range=16 chroma_me=1 trellis=1 8x8dct=1 cqm=0 deadzone=21,11 fast_pskip=1 chroma_qp_offset=-2 threads=1 lookahead_threads=1 sliced_threads=0 nr=0 decimate=1 interlaced=0 bluray_compat=0 constrained_intra=0 bframes=0 weightp=2 keyint=48 keyint_min=4 scenecut=40 intra_refresh=0 rc_lookahead=40 rc=crf mbtree=1 crf=23.0 qcomp=0.60 qpmin=0 qpmax=69 qpstep=4 ip_ratio=1.40 aq=1:1.00
[2026-10-02 18:44:55.652] [info] [native_av] encoder bitstream contract: codec=27 profile=100 level=-99 pix_fmt=0 parameter_sets=43 materialized=true
[2026-10-02 18:44:55.652] [info] [native_av] Opened native encoder: 640x360 @ 24fps, codec=libx264, rc=crf, preset=medium, output='/tmp/velox-image-software-cert/inputs/image_split_light_reveal/catalog-motions.partial.mp4'
[2026-10-02 18:44:57.093] [info] ImageCache: loaded 'assets/semantic/certification-image.jpg' (480x360) in 850.305ms
[2026-10-02 18:44:57.376] [info] [temp-lifetime] frame=0 after_level=0 live=[0,1,3,5,] retired=[]
[2026-10-02 18:44:57.376] [info] [exec-level-diag] frame=0 level=0 nodes=4 input_ms=0.007 dispatch_ms=82.580 fb_release_ms=0.012
[2026-10-02 18:44:57.376] [info] [graph-edge] frame=0 level=1 consumer_id=2 input_index=0 producer_id=0 producer_level=0
[2026-10-02 18:44:57.376] [info] [graph-edge] frame=0 level=1 consumer_id=2 input_index=1 producer_id=1 producer_level=0
[2026-10-02 18:44:57.408] [info] [temp-lifetime] frame=0 after_level=1 live=[2,3,5,] retired=[0,1,]
[2026-10-02 18:44:57.408] [info] [exec-level-diag] frame=0 level=1 nodes=1 input_ms=0.036 dispatch_ms=31.541 fb_release_ms=0.038
[2026-10-02 18:44:57.408] [info] [graph-edge] frame=0 level=2 consumer_id=4 input_index=0 producer_id=2 producer_level=1
[2026-10-02 18:44:57.408] [info] [graph-edge] frame=0 level=2 consumer_id=4 input_index=1 producer_id=3 producer_level=0
[2026-10-02 18:44:57.408] [info] [temp-lifetime] frame=0 after_level=2 live=[4,5,] retired=[2,3,]
[2026-10-02 18:44:57.408] [info] [exec-level-diag] frame=0 level=2 nodes=1 input_ms=0.069 dispatch_ms=0.332 fb_release_ms=0.012
[2026-10-02 18:44:57.409] [info] [graph-edge] frame=0 level=3 consumer_id=6 input_index=0 producer_id=4 producer_level=2
[2026-10-02 18:44:57.409] [info] [graph-edge] frame=0 level=3 consumer_id=6 input_index=1 producer_id=5 producer_level=0
[2026-10-02 18:44:57.409] [info] [temp-lifetime] frame=0 after_level=3 live=[6,] retired=[4,5,]
[2026-10-02 18:44:57.409] [info] [exec-level-diag] frame=0 level=3 nodes=1 input_ms=0.031 dispatch_ms=0.186 fb_release_ms=0.065
[2026-10-02 18:44:57.456] [info] [pool-warm] Pre-allocated 4 canvas buffers (640x384 bucket) at startup
[2026-10-02 18:44:58.426] [info] [pool-warm] Pre-allocated 3 buffers (text-bbox+glow-pad) bucket 1920x1024 at startup
[2026-10-02 18:44:58.504] [info] [pool-warm] Pre-allocated 3 buffers (downsample-half) bucket 1024x640 at startup
[2026-10-02 18:44:58.535] [info] [pool-warm] Pre-allocated 3 buffers (downsample-quarter) bucket 512x384 at startup
[2026-10-02 18:44:58.576] [info] [video] Exporting via Arena-backed SIMD pipeline
[2026-10-02 18:44:58.614] [info] [temp-lifetime] frame=1 after_level=0 live=[0,1,3,5,] retired=[]
[2026-10-02 18:44:58.614] [info] [exec-level-diag] frame=1 level=0 nodes=4 input_ms=0.008 dispatch_ms=33.584 fb_release_ms=0.015
[2026-10-02 18:44:58.615] [info] [graph-edge] frame=1 level=1 consumer_id=2 input_index=0 producer_id=0 producer_level=0
[2026-10-02 18:44:58.615] [info] [graph-edge] frame=1 level=1 consumer_id=2 input_index=1 producer_id=1 producer_level=0
[2026-10-02 18:44:58.620] [info] [temp-lifetime] frame=1 after_level=1 live=[2,3,5,] retired=[0,1,]
[2026-10-02 18:44:58.620] [info] [exec-level-diag] frame=1 level=1 nodes=1 input_ms=0.123 dispatch_ms=4.929 fb_release_ms=0.029
[2026-10-02 18:44:58.620] [info] [graph-edge] frame=1 level=2 consumer_id=4 input_index=0 producer_id=2 producer_level=1
[2026-10-02 18:44:58.620] [info] [graph-edge] frame=1 level=2 consumer_id=4 input_index=1 producer_id=3 producer_level=0
[2026-10-02 18:44:58.620] [info] [temp-lifetime] frame=1 after_level=2 live=[4,5,] retired=[2,3,]
[2026-10-02 18:44:58.620] [info] [exec-level-diag] frame=1 level=2 nodes=1 input_ms=0.112 dispatch_ms=0.280 fb_release_ms=0.012
[2026-10-02 18:44:58.620] [info] [graph-edge] frame=1 level=3 consumer_id=6 input_index=0 producer_id=4 producer_level=2
[2026-10-02 18:44:58.620] [info] [graph-edge] frame=1 level=3 consumer_id=6 input_index=1 producer_id=5 producer_level=0
[2026-10-02 18:44:58.621] [info] [temp-lifetime] frame=1 after_level=3 live=[6,] retired=[4,5,]
[2026-10-02 18:44:58.621] [info] [exec-level-diag] frame=1 level=3 nodes=1 input_ms=0.145 dispatch_ms=0.160 fb_release_ms=0.049
[2026-10-02 18:44:58.644] [info] [temp-lifetime] frame=2 after_level=0 live=[0,1,3,5,] retired=[]
[2026-10-02 18:44:58.644] [info] [exec-level-diag] frame=2 level=0 nodes=4 input_ms=0.005 dispatch_ms=18.464 fb_release_ms=0.010
[2026-10-02 18:44:58.644] [info] [graph-edge] frame=2 level=1 consumer_id=2 input_index=0 producer_id=0 producer_level=0
[2026-10-02 18:44:58.644] [info] [graph-edge] frame=2 level=1 consumer_id=2 input_index=1 producer_id=1 producer_level=0
[2026-10-02 18:44:58.647] [info] [temp-lifetime] frame=2 after_level=1 live=[2,3,5,] retired=[0,1,]
[2026-10-02 18:44:58.647] [info] [exec-level-diag] frame=2 level=1 nodes=1 input_ms=0.108 dispatch_ms=3.350 fb_release_ms=0.014
[2026-10-02 18:44:58.647] [info] [graph-edge] frame=2 level=2 consumer_id=4 input_index=0 producer_id=2 producer_level=1
[2026-10-02 18:44:58.648] [info] [graph-edge] frame=2 level=2 consumer_id=4 input_index=1 producer_id=3 producer_level=0
[2026-10-02 18:44:58.648] [info] [temp-lifetime] frame=2 after_level=2 live=[4,5,] retired=[2,3,]
[2026-10-02 18:44:58.648] [info] [exec-level-diag] frame=2 level=2 nodes=1 input_ms=0.099 dispatch_ms=0.218 fb_release_ms=0.008
[2026-10-02 18:44:58.648] [info] [graph-edge] frame=2 level=3 consumer_id=6 input_index=0 producer_id=4 producer_level=2
[2026-10-02 18:44:58.648] [info] [graph-edge] frame=2 level=3 consumer_id=6 input_index=1 producer_id=5 producer_level=0
[2026-10-02 18:44:58.648] [info] [temp-lifetime] frame=2 after_level=3 live=[6,] retired=[4,5,]
[2026-10-02 18:44:58.648] [info] [exec-level-diag] frame=2 level=3 nodes=1 input_ms=0.125 dispatch_ms=0.174 fb_release_ms=0.026
[2026-10-02 18:44:58.649] [info] [video]   4/48 frames
[2026-10-02 18:44:58.772] [info] [video]   8/48 frames
[2026-10-02 18:44:58.908] [info] [video]   12/48 frames
[2026-10-02 18:44:59.046] [info] [video]   16/48 frames
[2026-10-02 18:44:59.198] [info] [video]   20/48 frames
[2026-10-02 18:44:59.388] [info] [video]   24/48 frames
[2026-10-02 18:44:59.601] [info] [video]   28/48 frames
[2026-10-02 18:44:59.726] [info] [video]   32/48 frames
[2026-10-02 18:44:59.831] [info] [video]   36/48 frames
[2026-10-02 18:44:59.967] [info] [video]   40/48 frames
[2026-10-02 18:45:00.066] [info] [video]   44/48 frames
[2026-10-02 18:45:00.172] [info] [video]   48/48 frames
[2026-10-02 18:45:00.242] [info] [video] writer join complete
[2026-10-02 18:45:00.242] [info] [drain-debug] start drain, capacity=6
[2026-10-02 18:45:00.242] [info] [drain-debug] reap done, busy_count=0
[2026-10-02 18:45:00.242] [info] [video] trimming framebuffer pool
[2026-10-02 18:45:00.471] [info] [video] Released framebuffer pool — memory trimmed
[2026-10-02 18:45:00.471] [info] [video] frame-loop cleanup complete
[2026-10-02 18:45:00.471] [info] [video] Encoder write blocked duration: 0.00 ms
[2026-10-02 18:45:00.471] [info] [video_diag] conversion_and_copy_duration_ms: 282 ms
[2026-10-02 18:45:00.471] [info] [video_diag] conversion_bytes_written=0 encoder_staging_copy_bytes=0 encoder_slot_reuses=0
[2026-10-02 18:45:00.471] [info] [native_av] close: sending encoder flush
[2026-10-02 18:45:00.471] [info] [native_av] close: encoder flush accepted
[2026-10-02 18:45:00.969] [info] [native_av] close: packets drained=true
[2026-10-02 18:45:00.969] [info] [native_av] close: finalizing mux session
[2026-10-02 18:45:00.970] [info] [native_av] close: mux session finalized
[2026-10-02 18:45:00.970] [info] [native_av] Closed native encoder — 48 frames accepted, encoder_packets=48 mux_packets=48 packet_pts=0..47, YUV cache: 0 hits / 48 misses
[2026-10-02 18:45:00.970] [info] [video_native] convert=309.39ms  send_frame=150.31ms  backpressure=58.16ms  flush=498.67ms  receive_packet=554.43ms  mux_write=1.67ms  trailer=0.41ms
[2026-10-02 18:45:00.970] [info] [video] render_ms=1625.94 encode_ms=772.23 writer_encode_ms=520.14 wall_ms=5356.36 nvml_stop_ms=0.17
[2026-10-02 18:45:00.970] [info] [video] FFmpeg queue wait duration: 0.78 ms
[2026-10-02 18:45:00.973] [info] [video] copy_eligible=true sha256=1e334b148fe62e49a2605a5fa3461b5fce7aabe38539609949d27cc3c50e0268
[2026-10-02 18:45:00.973] [info] [video] Wrote /tmp/velox-image-software-cert/inputs/image_split_light_reveal/catalog-motions.mp4
[2026-10-02 18:45:00.973] [info] [startup-profile] total=518.78ms logger=0.12ms cli_bootstrap=11.28ms cli_parse=0.00ms composition=0.44ms plan_read=0.15ms json_parse=0.99ms plan_decode_validate=413.50ms asset_resolve=0.03ms plan_compile=5.93ms other=0.00ms
[2026-10-02 18:45:01.007] [info] [video] Wrote exact per-frame timing sidecar: /tmp/velox-image-software-cert/inputs/image_split_light_reveal/catalog-motions.mp4.timing.json
[libx264 @ 0x5564d203d700] frame I:1     Avg QP:11.00  size:    91
[libx264 @ 0x5564d203d700] frame P:47    Avg QP:15.52  size:   631
[libx264 @ 0x5564d203d700] mb I  I16..4: 100.0%  0.0%  0.0%
[libx264 @ 0x5564d203d700] mb P  I16..4:  6.6%  6.1%  0.1%  P16..4: 16.4%  1.2%  0.5%  0.0%  0.0%    skip:69.2%
[libx264 @ 0x5564d203d700] 8x8 transform intra:40.8% inter:90.0%
[libx264 @ 0x5564d203d700] coded y,uvDC,uvAC intra: 1.2% 22.7% 10.6% inter: 1.4% 9.2% 1.1%
[libx264 @ 0x5564d203d700] i16 v,h,dc,p: 71% 26%  2%  0%
[libx264 @ 0x5564d203d700] i8 v,h,dc,ddl,ddr,vr,hd,vl,hu: 45% 12% 42%  1%  0%  0%  0%  0%  0%
[libx264 @ 0x5564d203d700] i4 v,h,dc,ddl,ddr,vr,hd,vl,hu: 47% 34% 17%  0%  0%  0%  0%  0%  0%
[libx264 @ 0x5564d203d700] i8c dc,h,v,p: 43% 24% 32%  0%
[libx264 @ 0x5564d203d700] Weighted P-Frames: Y:25.5% UV:23.4%
[libx264 @ 0x5564d203d700] ref P L0: 91.1%  0.8%  6.0%  2.1%
[libx264 @ 0x5564d203d700] kb/s:119.08
[2026-10-02 18:45:01.011] [info] [INFO] job-lifecycle: slot_pool_close_ms=0.0 surface_release_ms=0.0
[2026-10-02 18:45:01.051] [info] [INFO] job-lifecycle: queue_close_ms=0.0 writer_join_ms=0.0 encoder_reset_ms=1.5 decoder_reset_ms=0.0 full_graph_reset_ms=39.3 sink_ctx_reset_ms=0.0 device_runtime_reset_ms=0.0 device_reservation_reset_ms=0.0
[2026-10-02 18:45:01.058] [info] [INFO] job-lifecycle: sidecar_write_ms=36.4 session_teardown_ms=47.9
[2026-10-02 18:45:01.070] [info] [INFO] job-lifecycle: execute_ms=5456.3 receipt_build_ms=0.0 receipt_write_ms=0.0 caller_tail_ms=0.0
