[2026-10-02 18:45:08.185] [info] [overlay-prepare] validated package=/tmp/velox-image-software-cert/inputs/image_stack_focus/prepared.json hash=19d26f901678e7893e9dc0cf2789df1854b17f267c024b4f06fda22d2cab5c08 assets=2 text_runs=0 overlays=3
[2026-10-02 18:45:08.188] [info] [asset-profile] kind=0 path=assets/semantic/certification-image.jpg bytes=4146 cache=miss invalidated=0 stat=0.01ms hash=2.93ms hashed_bytes=4146 total=3.08ms
[2026-10-02 18:45:08.189] [info] [asset-profile] kind=0 path=assets/semantic/certification_image_back.jpg bytes=4146 cache=miss invalidated=0 stat=0.01ms hash=0.16ms hashed_bytes=4146 total=0.30ms
[2026-10-02 18:45:08.189] [info] [asset-digest-cache] hits=0 misses=2 invalidations=0 bytes_hashed=8292 lookup_ms=0.01 write_ms=0.02 full_hash_ms=3.09
[2026-10-02 18:45:08.190] [info] [plan-profile] read=0.15ms parse=1.10ms decode=449.96ms resolver=0.03ms compile_validate=4.85ms total=457.60ms
[2026-10-02 18:45:08.190] [info] [asset-profile] kind=0 path=assets/semantic/certification-image.jpg bytes=4146 cache=hit invalidated=0 stat=0.01ms hash=0.00ms hashed_bytes=0 total=0.10ms
[2026-10-02 18:45:08.191] [info] [asset-profile] kind=0 path=assets/semantic/certification_image_back.jpg bytes=4146 cache=hit invalidated=0 stat=0.01ms hash=0.00ms hashed_bytes=0 total=0.12ms
[2026-10-02 18:45:08.191] [info] [asset-digest-cache] hits=2 misses=0 invalidations=0 bytes_hashed=0 lookup_ms=0.01 write_ms=0.00 full_hash_ms=0.00
[2026-10-02 18:45:08.193] [info] [plan-compile-profile] assets=0.49ms fingerprint=1.29ms media_resolution=0.01ms materialize=0.03ms composition_compile=0.00ms compatibility_view=0.06ms total=2.24ms
[2026-10-02 18:45:08.193] [info] [video] Auto-selecting yuv420p pipe pixel format for 640x360 output
[2026-10-02 18:45:08.193] [info] [video] execution plan resolved (reason: render_graph_default); decode=2 composite=3 encode=2 interop=0 handoff=3 codec=3
[2026-10-02 18:45:08.224] [info] [video-runtime] created persistent runtime for device 0 (CUDA ordinal 0)
[2026-10-02 18:45:08.225] [info] [video] encoder feed capability: host_frame=true direct_yuv=false native_surface=false
[libx264 @ 0x55a8bf71c900] using cpu capabilities: MMX2 SSE2Fast SSSE3 SSE4.2 AVX
[libx264 @ 0x55a8bf71c900] profile High, level 3.0, 4:2:0, 8-bit
[libx264 @ 0x55a8bf71c900] 264 - core 163 r3060 5db6aa6 - H.264/MPEG-4 AVC codec - Copyleft 2003-2021 - http://www.videolan.org/x264.html - options: cabac=1 ref=3 deblock=1:0:0 analyse=0x3:0x113 me=hex subme=7 psy=1 psy_rd=1.00:0.00 mixed_ref=1 me_range=16 chroma_me=1 trellis=1 8x8dct=1 cqm=0 deadzone=21,11 fast_pskip=1 chroma_qp_offset=-2 threads=1 lookahead_threads=1 sliced_threads=0 nr=0 decimate=1 interlaced=0 bluray_compat=0 constrained_intra=0 bframes=0 weightp=2 keyint=48 keyint_min=4 scenecut=40 intra_refresh=0 rc_lookahead=40 rc=crf mbtree=1 crf=23.0 qcomp=0.60 qpmin=0 qpmax=69 qpstep=4 ip_ratio=1.40 aq=1:1.00
[2026-10-02 18:45:08.228] [info] [native_av] encoder bitstream contract: codec=27 profile=100 level=-99 pix_fmt=0 parameter_sets=43 materialized=true
[2026-10-02 18:45:08.228] [info] [native_av] Opened native encoder: 640x360 @ 24fps, codec=libx264, rc=crf, preset=medium, output='/tmp/velox-image-software-cert/inputs/image_stack_focus/catalog-motions.partial.mp4'
[2026-10-02 18:45:09.087] [info] ImageCache: loaded 'assets/semantic/certification_image_back.jpg' (480x360) in 815.229ms
[2026-10-02 18:45:09.863] [info] ImageCache: loaded 'assets/semantic/certification-image.jpg' (480x360) in 775.630ms
[2026-10-02 18:45:10.174] [info] [temp-lifetime] frame=0 after_level=0 live=[0,1,5,9,] retired=[]
[2026-10-02 18:45:10.174] [info] [exec-level-diag] frame=0 level=0 nodes=4 input_ms=0.008 dispatch_ms=222.190 fb_release_ms=0.016
[2026-10-02 18:45:10.174] [info] [graph-edge] frame=0 level=1 consumer_id=2 input_index=0 producer_id=1 producer_level=0
[2026-10-02 18:45:10.175] [info] [graph-edge] frame=0 level=1 consumer_id=6 input_index=0 producer_id=5 producer_level=0
[2026-10-02 18:45:10.175] [info] [graph-edge] frame=0 level=1 consumer_id=10 input_index=0 producer_id=9 producer_level=0
[2026-10-02 18:45:10.557] [info] [temp-lifetime] frame=0 after_level=1 live=[0,2,6,10,] retired=[1,5,9,]
[2026-10-02 18:45:10.558] [info] [exec-level-diag] frame=0 level=1 nodes=3 input_ms=0.169 dispatch_ms=382.707 fb_release_ms=0.046
[2026-10-02 18:45:10.558] [info] [graph-edge] frame=0 level=2 consumer_id=3 input_index=0 producer_id=2 producer_level=1
[2026-10-02 18:45:10.558] [info] [graph-edge] frame=0 level=2 consumer_id=7 input_index=0 producer_id=6 producer_level=1
[2026-10-02 18:45:10.558] [info] [temp-lifetime] frame=0 after_level=2 live=[0,3,7,10,] retired=[2,6,]
[2026-10-02 18:45:10.558] [info] [exec-level-diag] frame=0 level=2 nodes=2 input_ms=0.129 dispatch_ms=0.416 fb_release_ms=0.010
[2026-10-02 18:45:10.558] [info] [graph-edge] frame=0 level=3 consumer_id=4 input_index=0 producer_id=0 producer_level=0
[2026-10-02 18:45:10.558] [info] [graph-edge] frame=0 level=3 consumer_id=4 input_index=1 producer_id=3 producer_level=2
[2026-10-02 18:45:10.563] [info] [temp-lifetime] frame=0 after_level=3 live=[4,7,10,] retired=[0,3,]
[2026-10-02 18:45:10.563] [info] [exec-level-diag] frame=0 level=3 nodes=1 input_ms=0.102 dispatch_ms=4.511 fb_release_ms=0.036
[2026-10-02 18:45:10.563] [info] [graph-edge] frame=0 level=4 consumer_id=8 input_index=0 producer_id=4 producer_level=3
[2026-10-02 18:45:10.563] [info] [graph-edge] frame=0 level=4 consumer_id=8 input_index=1 producer_id=7 producer_level=2
[2026-10-02 18:45:10.567] [info] [temp-lifetime] frame=0 after_level=4 live=[8,10,] retired=[4,7,]
[2026-10-02 18:45:10.567] [info] [exec-level-diag] frame=0 level=4 nodes=1 input_ms=0.103 dispatch_ms=3.801 fb_release_ms=0.027
[2026-10-02 18:45:10.567] [info] [graph-edge] frame=0 level=5 consumer_id=11 input_index=0 producer_id=8 producer_level=4
[2026-10-02 18:45:10.567] [info] [graph-edge] frame=0 level=5 consumer_id=11 input_index=1 producer_id=10 producer_level=1
[2026-10-02 18:45:10.570] [info] [temp-lifetime] frame=0 after_level=5 live=[11,] retired=[8,10,]
[2026-10-02 18:45:10.570] [info] [exec-level-diag] frame=0 level=5 nodes=1 input_ms=0.103 dispatch_ms=2.257 fb_release_ms=0.029
[2026-10-02 18:45:10.621] [info] [temp-lifetime] frame=0 after_level=0 live=[0,1,5,9,] retired=[]
[2026-10-02 18:45:10.621] [info] [exec-level-diag] frame=0 level=0 nodes=4 input_ms=0.012 dispatch_ms=19.335 fb_release_ms=0.011
[2026-10-02 18:45:10.621] [info] [graph-edge] frame=0 level=1 consumer_id=2 input_index=0 producer_id=1 producer_level=0
[2026-10-02 18:45:10.621] [info] [graph-edge] frame=0 level=1 consumer_id=6 input_index=0 producer_id=5 producer_level=0
[2026-10-02 18:45:10.621] [info] [graph-edge] frame=0 level=1 consumer_id=10 input_index=0 producer_id=9 producer_level=0
[2026-10-02 18:45:10.629] [info] [temp-lifetime] frame=0 after_level=1 live=[0,2,6,10,] retired=[1,5,9,]
[2026-10-02 18:45:10.629] [info] [exec-level-diag] frame=0 level=1 nodes=3 input_ms=0.167 dispatch_ms=7.636 fb_release_ms=0.028
[2026-10-02 18:45:10.629] [info] [graph-edge] frame=0 level=2 consumer_id=3 input_index=0 producer_id=2 producer_level=1
[2026-10-02 18:45:10.629] [info] [graph-edge] frame=0 level=2 consumer_id=7 input_index=0 producer_id=6 producer_level=1
[2026-10-02 18:45:10.630] [info] [temp-lifetime] frame=0 after_level=2 live=[0,3,7,10,] retired=[2,6,]
[2026-10-02 18:45:10.630] [info] [exec-level-diag] frame=0 level=2 nodes=2 input_ms=0.113 dispatch_ms=0.345 fb_release_ms=0.015
[2026-10-02 18:45:10.630] [info] [graph-edge] frame=0 level=3 consumer_id=4 input_index=0 producer_id=0 producer_level=0
[2026-10-02 18:45:10.630] [info] [graph-edge] frame=0 level=3 consumer_id=4 input_index=1 producer_id=3 producer_level=2
[2026-10-02 18:45:10.633] [info] [temp-lifetime] frame=0 after_level=3 live=[4,7,10,] retired=[0,3,]
[2026-10-02 18:45:10.633] [info] [exec-level-diag] frame=0 level=3 nodes=1 input_ms=0.147 dispatch_ms=2.936 fb_release_ms=0.028
[2026-10-02 18:45:10.633] [info] [graph-edge] frame=0 level=4 consumer_id=8 input_index=0 producer_id=4 producer_level=3
[2026-10-02 18:45:10.633] [info] [graph-edge] frame=0 level=4 consumer_id=8 input_index=1 producer_id=7 producer_level=2
[2026-10-02 18:45:10.635] [info] [temp-lifetime] frame=0 after_level=4 live=[8,10,] retired=[4,7,]
[2026-10-02 18:45:10.635] [info] [exec-level-diag] frame=0 level=4 nodes=1 input_ms=0.134 dispatch_ms=1.182 fb_release_ms=0.028
[2026-10-02 18:45:10.635] [info] [graph-edge] frame=0 level=5 consumer_id=11 input_index=0 producer_id=8 producer_level=4
[2026-10-02 18:45:10.635] [info] [graph-edge] frame=0 level=5 consumer_id=11 input_index=1 producer_id=10 producer_level=1
[2026-10-02 18:45:10.636] [info] [temp-lifetime] frame=0 after_level=5 live=[11,] retired=[8,10,]
[2026-10-02 18:45:10.636] [info] [exec-level-diag] frame=0 level=5 nodes=1 input_ms=0.134 dispatch_ms=0.891 fb_release_ms=0.027
[2026-10-02 18:45:10.893] [info] [pool-warm] Pre-allocated 4 canvas buffers (640x384 bucket) at startup
[2026-10-02 18:45:11.528] [info] [pool-warm] Pre-allocated 3 buffers (text-bbox+glow-pad) bucket 1920x1024 at startup
[2026-10-02 18:45:11.735] [info] [pool-warm] Pre-allocated 3 buffers (downsample-half) bucket 1024x640 at startup
[2026-10-02 18:45:11.757] [info] [pool-warm] Pre-allocated 3 buffers (downsample-quarter) bucket 512x384 at startup
[2026-10-02 18:45:11.883] [info] [temp-lifetime] frame=0 after_level=0 live=[0,1,5,9,] retired=[]
[2026-10-02 18:45:11.883] [info] [exec-level-diag] frame=0 level=0 nodes=4 input_ms=0.006 dispatch_ms=85.140 fb_release_ms=0.014
[2026-10-02 18:45:11.883] [info] [graph-edge] frame=0 level=1 consumer_id=2 input_index=0 producer_id=1 producer_level=0
[2026-10-02 18:45:11.883] [info] [graph-edge] frame=0 level=1 consumer_id=6 input_index=0 producer_id=5 producer_level=0
[2026-10-02 18:45:11.883] [info] [graph-edge] frame=0 level=1 consumer_id=10 input_index=0 producer_id=9 producer_level=0
[2026-10-02 18:45:11.889] [info] [temp-lifetime] frame=0 after_level=1 live=[0,2,6,10,] retired=[1,5,9,]
[2026-10-02 18:45:11.889] [info] [exec-level-diag] frame=0 level=1 nodes=3 input_ms=0.038 dispatch_ms=5.563 fb_release_ms=0.025
[2026-10-02 18:45:11.889] [info] [graph-edge] frame=0 level=2 consumer_id=3 input_index=0 producer_id=2 producer_level=1
[2026-10-02 18:45:11.889] [info] [graph-edge] frame=0 level=2 consumer_id=7 input_index=0 producer_id=6 producer_level=1
[2026-10-02 18:45:11.889] [info] [temp-lifetime] frame=0 after_level=2 live=[0,3,7,10,] retired=[2,6,]
[2026-10-02 18:45:11.889] [info] [exec-level-diag] frame=0 level=2 nodes=2 input_ms=0.028 dispatch_ms=0.271 fb_release_ms=0.009
[2026-10-02 18:45:11.889] [info] [graph-edge] frame=0 level=3 consumer_id=4 input_index=0 producer_id=0 producer_level=0
[2026-10-02 18:45:11.889] [info] [graph-edge] frame=0 level=3 consumer_id=4 input_index=1 producer_id=3 producer_level=2
[2026-10-02 18:45:11.892] [info] [temp-lifetime] frame=0 after_level=3 live=[4,7,10,] retired=[0,3,]
[2026-10-02 18:45:11.892] [info] [exec-level-diag] frame=0 level=3 nodes=1 input_ms=0.020 dispatch_ms=2.572 fb_release_ms=0.021
[2026-10-02 18:45:11.892] [info] [graph-edge] frame=0 level=4 consumer_id=8 input_index=0 producer_id=4 producer_level=3
[2026-10-02 18:45:11.892] [info] [graph-edge] frame=0 level=4 consumer_id=8 input_index=1 producer_id=7 producer_level=2
[2026-10-02 18:45:11.894] [info] [temp-lifetime] frame=0 after_level=4 live=[8,10,] retired=[4,7,]
[2026-10-02 18:45:11.894] [info] [exec-level-diag] frame=0 level=4 nodes=1 input_ms=0.020 dispatch_ms=1.860 fb_release_ms=0.019
[2026-10-02 18:45:11.894] [info] [graph-edge] frame=0 level=5 consumer_id=11 input_index=0 producer_id=8 producer_level=4
[2026-10-02 18:45:11.894] [info] [graph-edge] frame=0 level=5 consumer_id=11 input_index=1 producer_id=10 producer_level=1
[2026-10-02 18:45:11.895] [info] [temp-lifetime] frame=0 after_level=5 live=[11,] retired=[8,10,]
[2026-10-02 18:45:11.895] [info] [exec-level-diag] frame=0 level=5 nodes=1 input_ms=0.019 dispatch_ms=0.858 fb_release_ms=0.021
[2026-10-02 18:45:11.895] [info] [video] Exporting via Arena-backed SIMD pipeline
[2026-10-02 18:45:11.912] [info] [temp-lifetime] frame=1 after_level=0 live=[0,1,5,9,] retired=[]
[2026-10-02 18:45:11.912] [info] [exec-level-diag] frame=1 level=0 nodes=4 input_ms=0.003 dispatch_ms=13.739 fb_release_ms=0.010
[2026-10-02 18:45:11.912] [info] [graph-edge] frame=1 level=1 consumer_id=2 input_index=0 producer_id=1 producer_level=0
[2026-10-02 18:45:11.912] [info] [graph-edge] frame=1 level=1 consumer_id=6 input_index=0 producer_id=5 producer_level=0
[2026-10-02 18:45:11.912] [info] [graph-edge] frame=1 level=1 consumer_id=10 input_index=0 producer_id=9 producer_level=0
[2026-10-02 18:45:11.917] [info] [temp-lifetime] frame=1 after_level=1 live=[0,2,6,10,] retired=[1,5,9,]
[2026-10-02 18:45:11.917] [info] [exec-level-diag] frame=1 level=1 nodes=3 input_ms=0.037 dispatch_ms=4.814 fb_release_ms=0.018
[2026-10-02 18:45:11.917] [info] [graph-edge] frame=1 level=2 consumer_id=3 input_index=0 producer_id=2 producer_level=1
[2026-10-02 18:45:11.917] [info] [graph-edge] frame=1 level=2 consumer_id=7 input_index=0 producer_id=6 producer_level=1
[2026-10-02 18:45:11.918] [info] [temp-lifetime] frame=1 after_level=2 live=[0,3,7,10,] retired=[2,6,]
[2026-10-02 18:45:11.918] [info] [exec-level-diag] frame=1 level=2 nodes=2 input_ms=0.022 dispatch_ms=0.281 fb_release_ms=0.009
[2026-10-02 18:45:11.918] [info] [graph-edge] frame=1 level=3 consumer_id=4 input_index=0 producer_id=0 producer_level=0
[2026-10-02 18:45:11.918] [info] [graph-edge] frame=1 level=3 consumer_id=4 input_index=1 producer_id=3 producer_level=2
[2026-10-02 18:45:11.920] [info] [temp-lifetime] frame=1 after_level=3 live=[4,7,10,] retired=[0,3,]
[2026-10-02 18:45:11.920] [info] [exec-level-diag] frame=1 level=3 nodes=1 input_ms=0.019 dispatch_ms=2.295 fb_release_ms=0.023
[2026-10-02 18:45:11.920] [info] [graph-edge] frame=1 level=4 consumer_id=8 input_index=0 producer_id=4 producer_level=3
[2026-10-02 18:45:11.920] [info] [graph-edge] frame=1 level=4 consumer_id=8 input_index=1 producer_id=7 producer_level=2
[2026-10-02 18:45:11.921] [info] [temp-lifetime] frame=1 after_level=4 live=[8,10,] retired=[4,7,]
[2026-10-02 18:45:11.921] [info] [exec-level-diag] frame=1 level=4 nodes=1 input_ms=0.021 dispatch_ms=1.124 fb_release_ms=0.019
[2026-10-02 18:45:11.921] [info] [graph-edge] frame=1 level=5 consumer_id=11 input_index=0 producer_id=8 producer_level=4
[2026-10-02 18:45:11.921] [info] [graph-edge] frame=1 level=5 consumer_id=11 input_index=1 producer_id=10 producer_level=1
[2026-10-02 18:45:11.922] [info] [temp-lifetime] frame=1 after_level=5 live=[11,] retired=[8,10,]
[2026-10-02 18:45:11.922] [info] [exec-level-diag] frame=1 level=5 nodes=1 input_ms=0.020 dispatch_ms=0.788 fb_release_ms=0.017
[2026-10-02 18:45:11.956] [info] [temp-lifetime] frame=2 after_level=0 live=[0,1,5,9,] retired=[]
[2026-10-02 18:45:11.957] [info] [exec-level-diag] frame=2 level=0 nodes=4 input_ms=0.004 dispatch_ms=30.659 fb_release_ms=0.016
[2026-10-02 18:45:11.957] [info] [graph-edge] frame=2 level=1 consumer_id=2 input_index=0 producer_id=1 producer_level=0
[2026-10-02 18:45:11.957] [info] [graph-edge] frame=2 level=1 consumer_id=6 input_index=0 producer_id=5 producer_level=0
[2026-10-02 18:45:11.957] [info] [graph-edge] frame=2 level=1 consumer_id=10 input_index=0 producer_id=9 producer_level=0
[2026-10-02 18:45:11.965] [info] [temp-lifetime] frame=2 after_level=1 live=[0,2,6,10,] retired=[1,5,9,]
[2026-10-02 18:45:11.965] [info] [exec-level-diag] frame=2 level=1 nodes=3 input_ms=0.043 dispatch_ms=7.955 fb_release_ms=0.049
[2026-10-02 18:45:11.965] [info] [graph-edge] frame=2 level=2 consumer_id=3 input_index=0 producer_id=2 producer_level=1
[2026-10-02 18:45:11.965] [info] [graph-edge] frame=2 level=2 consumer_id=7 input_index=0 producer_id=6 producer_level=1
[2026-10-02 18:45:11.966] [info] [temp-lifetime] frame=2 after_level=2 live=[0,3,7,10,] retired=[2,6,]
[2026-10-02 18:45:11.966] [info] [exec-level-diag] frame=2 level=2 nodes=2 input_ms=0.042 dispatch_ms=1.442 fb_release_ms=0.010
[2026-10-02 18:45:11.966] [info] [graph-edge] frame=2 level=3 consumer_id=4 input_index=0 producer_id=0 producer_level=0
[2026-10-02 18:45:11.966] [info] [graph-edge] frame=2 level=3 consumer_id=4 input_index=1 producer_id=3 producer_level=2
[2026-10-02 18:45:11.972] [info] [temp-lifetime] frame=2 after_level=3 live=[4,7,10,] retired=[0,3,]
[2026-10-02 18:45:11.972] [info] [exec-level-diag] frame=2 level=3 nodes=1 input_ms=0.020 dispatch_ms=5.628 fb_release_ms=0.030
[2026-10-02 18:45:11.972] [info] [graph-edge] frame=2 level=4 consumer_id=8 input_index=0 producer_id=4 producer_level=3
[2026-10-02 18:45:11.972] [info] [graph-edge] frame=2 level=4 consumer_id=8 input_index=1 producer_id=7 producer_level=2
[2026-10-02 18:45:11.974] [info] [temp-lifetime] frame=2 after_level=4 live=[8,10,] retired=[4,7,]
[2026-10-02 18:45:11.974] [info] [exec-level-diag] frame=2 level=4 nodes=1 input_ms=0.039 dispatch_ms=1.715 fb_release_ms=0.021
[2026-10-02 18:45:11.974] [info] [graph-edge] frame=2 level=5 consumer_id=11 input_index=0 producer_id=8 producer_level=4
[2026-10-02 18:45:11.974] [info] [graph-edge] frame=2 level=5 consumer_id=11 input_index=1 producer_id=10 producer_level=1
[2026-10-02 18:45:11.975] [info] [temp-lifetime] frame=2 after_level=5 live=[11,] retired=[8,10,]
[2026-10-02 18:45:11.975] [info] [exec-level-diag] frame=2 level=5 nodes=1 input_ms=0.021 dispatch_ms=1.076 fb_release_ms=0.098
[2026-10-02 18:45:11.976] [info] [video]   4/48 frames
[2026-10-02 18:45:12.194] [info] [video]   8/48 frames
[2026-10-02 18:45:12.373] [info] [video]   12/48 frames
[2026-10-02 18:45:12.546] [info] [video]   16/48 frames
[2026-10-02 18:45:12.817] [info] [video]   20/48 frames
[2026-10-02 18:45:13.031] [info] [video]   24/48 frames
[2026-10-02 18:45:13.167] [info] [video]   28/48 frames
[2026-10-02 18:45:13.458] [info] [video]   32/48 frames
[2026-10-02 18:45:13.709] [info] [video]   36/48 frames
[2026-10-02 18:45:14.159] [info] [video]   40/48 frames
[2026-10-02 18:45:14.340] [info] [video]   44/48 frames
[2026-10-02 18:45:14.514] [info] [video]   48/48 frames
[2026-10-02 18:45:14.618] [info] [video] writer join complete
[2026-10-02 18:45:14.619] [info] [drain-debug] start drain, capacity=6
[2026-10-02 18:45:14.619] [info] [drain-debug] reap done, busy_count=0
[2026-10-02 18:45:14.619] [info] [video] trimming framebuffer pool
[2026-10-02 18:45:14.869] [info] [video] Released framebuffer pool — memory trimmed
[2026-10-02 18:45:14.869] [info] [video] frame-loop cleanup complete
[2026-10-02 18:45:14.870] [info] [video] Encoder write blocked duration: 0.00 ms
[2026-10-02 18:45:14.870] [info] [video_diag] conversion_and_copy_duration_ms: 260 ms
[2026-10-02 18:45:14.870] [info] [video_diag] conversion_bytes_written=0 encoder_staging_copy_bytes=0 encoder_slot_reuses=0
[2026-10-02 18:45:14.870] [info] [native_av] close: sending encoder flush
[2026-10-02 18:45:14.870] [info] [native_av] close: encoder flush accepted
[2026-10-02 18:45:15.299] [info] [native_av] close: packets drained=true
[2026-10-02 18:45:15.299] [info] [native_av] close: finalizing mux session
[2026-10-02 18:45:15.299] [info] [native_av] close: mux session finalized
[2026-10-02 18:45:15.299] [info] [native_av] Closed native encoder — 48 frames accepted, encoder_packets=48 mux_packets=48 packet_pts=0..47, YUV cache: 0 hits / 48 misses
[2026-10-02 18:45:15.300] [info] [video_native] convert=285.73ms  send_frame=213.50ms  backpressure=102.10ms  flush=429.77ms  receive_packet=528.27ms  mux_write=2.80ms  trailer=0.37ms
[2026-10-02 18:45:15.300] [info] [video] render_ms=2757.96 encode_ms=751.25 writer_encode_ms=605.47 wall_ms=7106.28 nvml_stop_ms=0.20
[2026-10-02 18:45:15.300] [info] [video] FFmpeg queue wait duration: 0.67 ms
[2026-10-02 18:45:15.303] [info] [video] copy_eligible=true sha256=f7b180d280060f838094b9855d783c9953e949f73aeb53d105a129be42da8dac
[2026-10-02 18:45:15.303] [info] [video] Wrote /tmp/velox-image-software-cert/inputs/image_stack_focus/catalog-motions.mp4
[2026-10-02 18:45:15.303] [info] [startup-profile] total=551.92ms logger=0.15ms cli_bootstrap=13.44ms cli_parse=0.00ms composition=0.50ms plan_read=0.15ms json_parse=1.10ms plan_decode_validate=449.96ms asset_resolve=0.03ms plan_compile=4.85ms other=0.00ms
[2026-10-02 18:45:15.334] [info] [video] Wrote exact per-frame timing sidecar: /tmp/velox-image-software-cert/inputs/image_stack_focus/catalog-motions.mp4.timing.json
[libx264 @ 0x55a8bf71c900] frame I:1     Avg QP:13.94  size:  1294
[libx264 @ 0x55a8bf71c900] frame P:47    Avg QP:16.14  size:   869
[libx264 @ 0x55a8bf71c900] mb I  I16..4: 99.2%  0.4%  0.3%
[libx264 @ 0x55a8bf71c900] mb P  I16..4: 12.7%  4.6%  0.0%  P16..4: 18.6%  1.9%  0.6%  0.0%  0.0%    skip:61.6%
[libx264 @ 0x55a8bf71c900] 8x8 transform intra:23.6% inter:87.1%
[libx264 @ 0x55a8bf71c900] coded y,uvDC,uvAC intra: 1.1% 29.6% 7.2% inter: 3.2% 13.0% 1.4%
[libx264 @ 0x55a8bf71c900] i16 v,h,dc,p: 64% 33%  2%  1%
[libx264 @ 0x55a8bf71c900] i8 v,h,dc,ddl,ddr,vr,hd,vl,hu: 19% 15% 60%  3%  0%  0%  0%  0%  2%
[libx264 @ 0x55a8bf71c900] i4 v,h,dc,ddl,ddr,vr,hd,vl,hu: 51% 35% 11%  1%  0%  0%  1%  1%  0%
[libx264 @ 0x55a8bf71c900] i8c dc,h,v,p: 30% 34% 35%  0%
[libx264 @ 0x55a8bf71c900] Weighted P-Frames: Y:8.5% UV:4.3%
[libx264 @ 0x55a8bf71c900] ref P L0: 79.4%  1.9% 15.0%  3.6%  0.0%
[libx264 @ 0x55a8bf71c900] kb/s:168.60
[2026-10-02 18:45:15.345] [info] [INFO] job-lifecycle: slot_pool_close_ms=0.0 surface_release_ms=0.0
[2026-10-02 18:45:15.398] [info] [INFO] job-lifecycle: queue_close_ms=0.0 writer_join_ms=0.0 encoder_reset_ms=8.9 decoder_reset_ms=0.0 full_graph_reset_ms=52.6 sink_ctx_reset_ms=0.0 device_runtime_reset_ms=0.0 device_reservation_reset_ms=0.0
[2026-10-02 18:45:15.400] [info] [INFO] job-lifecycle: sidecar_write_ms=32.8 session_teardown_ms=63.9
[2026-10-02 18:45:15.412] [info] [INFO] job-lifecycle: execute_ms=7218.3 receipt_build_ms=0.0 receipt_write_ms=0.0 caller_tail_ms=0.0
