[2026-10-02 18:43:01.156] [info] [overlay-prepare] validated package=/tmp/velox-image-software-cert/inputs/image_mask_wipe_border/prepared.json hash=eae2471f8adde42e39d447a514b325c132ad8fbb255a5bfb07371793c2be51aa assets=1 text_runs=1 overlays=3
[2026-10-02 18:43:01.160] [info] [asset-profile] kind=3 path=assets/fonts/Poppins-Bold.ttf bytes=155996 cache=miss invalidated=0 stat=0.01ms hash=3.11ms hashed_bytes=155996 total=3.24ms
[2026-10-02 18:43:01.160] [info] [asset-profile] kind=0 path=assets/semantic/certification-image.jpg bytes=4146 cache=miss invalidated=0 stat=0.01ms hash=0.14ms hashed_bytes=4146 total=0.26ms
[2026-10-02 18:43:01.161] [info] [asset-digest-cache] hits=0 misses=2 invalidations=0 bytes_hashed=160142 lookup_ms=0.01 write_ms=0.03 full_hash_ms=3.24
[2026-10-02 18:43:01.162] [info] [plan-profile] read=0.09ms parse=1.13ms decode=335.35ms resolver=0.03ms compile_validate=4.97ms total=343.05ms
[2026-10-02 18:43:01.162] [info] [asset-profile] kind=3 path=assets/fonts/Poppins-Bold.ttf bytes=155996 cache=hit invalidated=0 stat=0.01ms hash=0.00ms hashed_bytes=0 total=0.08ms
[2026-10-02 18:43:01.162] [info] [asset-profile] kind=0 path=assets/semantic/certification-image.jpg bytes=4146 cache=hit invalidated=0 stat=0.01ms hash=0.00ms hashed_bytes=0 total=0.10ms
[2026-10-02 18:43:01.162] [info] [asset-digest-cache] hits=2 misses=0 invalidations=0 bytes_hashed=0 lookup_ms=0.01 write_ms=0.00 full_hash_ms=0.00
[2026-10-02 18:43:01.164] [info] [plan-compile-profile] assets=0.42ms fingerprint=1.39ms media_resolution=0.00ms materialize=0.19ms composition_compile=0.00ms compatibility_view=0.06ms total=2.38ms
[2026-10-02 18:43:01.165] [info] [video] Auto-selecting yuv420p pipe pixel format for 640x360 output
[2026-10-02 18:43:01.165] [info] [video] execution plan resolved (reason: render_graph_default); decode=2 composite=3 encode=2 interop=0 handoff=3 codec=3
[2026-10-02 18:43:01.192] [info] [video-runtime] created persistent runtime for device 0 (CUDA ordinal 0)
[2026-10-02 18:43:01.193] [info] [video] encoder feed capability: host_frame=true direct_yuv=false native_surface=false
[libx264 @ 0x56296d785000] using cpu capabilities: MMX2 SSE2Fast SSSE3 SSE4.2 AVX
[libx264 @ 0x56296d785000] profile High, level 3.0, 4:2:0, 8-bit
[libx264 @ 0x56296d785000] 264 - core 163 r3060 5db6aa6 - H.264/MPEG-4 AVC codec - Copyleft 2003-2021 - http://www.videolan.org/x264.html - options: cabac=1 ref=3 deblock=1:0:0 analyse=0x3:0x113 me=hex subme=7 psy=1 psy_rd=1.00:0.00 mixed_ref=1 me_range=16 chroma_me=1 trellis=1 8x8dct=1 cqm=0 deadzone=21,11 fast_pskip=1 chroma_qp_offset=-2 threads=1 lookahead_threads=1 sliced_threads=0 nr=0 decimate=1 interlaced=0 bluray_compat=0 constrained_intra=0 bframes=0 weightp=2 keyint=48 keyint_min=4 scenecut=40 intra_refresh=0 rc_lookahead=40 rc=crf mbtree=1 crf=23.0 qcomp=0.60 qpmin=0 qpmax=69 qpstep=4 ip_ratio=1.40 aq=1:1.00
[2026-10-02 18:43:01.195] [info] [native_av] encoder bitstream contract: codec=27 profile=100 level=-99 pix_fmt=0 parameter_sets=43 materialized=true
[2026-10-02 18:43:01.196] [info] [native_av] Opened native encoder: 640x360 @ 24fps, codec=libx264, rc=crf, preset=medium, output='/tmp/velox-image-software-cert/inputs/image_mask_wipe_border/catalog-motions.partial.mp4'
[2026-10-02 18:43:02.338] [info] ImageCache: loaded 'assets/semantic/certification-image.jpg' (480x360) in 669.449ms
[2026-10-02 18:43:02.678] [info] [temp-lifetime] frame=0 after_level=0 live=[0,1,4,7,] retired=[]
[2026-10-02 18:43:02.678] [info] [exec-level-diag] frame=0 level=0 nodes=4 input_ms=0.007 dispatch_ms=228.456 fb_release_ms=0.014
[2026-10-02 18:43:02.678] [info] [graph-edge] frame=0 level=1 consumer_id=2 input_index=0 producer_id=1 producer_level=0
[2026-10-02 18:43:02.678] [info] [graph-edge] frame=0 level=1 consumer_id=5 input_index=0 producer_id=4 producer_level=0
[2026-10-02 18:43:03.044] [info] [temp-lifetime] frame=0 after_level=1 live=[0,2,5,7,] retired=[1,4,]
[2026-10-02 18:43:03.044] [info] [exec-level-diag] frame=0 level=1 nodes=2 input_ms=0.087 dispatch_ms=365.735 fb_release_ms=0.035
[2026-10-02 18:43:03.044] [info] [graph-edge] frame=0 level=2 consumer_id=3 input_index=0 producer_id=0 producer_level=0
[2026-10-02 18:43:03.045] [info] [graph-edge] frame=0 level=2 consumer_id=3 input_index=1 producer_id=2 producer_level=1
[2026-10-02 18:43:03.057] [info] [temp-lifetime] frame=0 after_level=2 live=[3,5,7,] retired=[0,2,]
[2026-10-02 18:43:03.057] [info] [exec-level-diag] frame=0 level=2 nodes=1 input_ms=0.108 dispatch_ms=12.522 fb_release_ms=0.058
[2026-10-02 18:43:03.057] [info] [graph-edge] frame=0 level=3 consumer_id=6 input_index=0 producer_id=3 producer_level=2
[2026-10-02 18:43:03.057] [info] [graph-edge] frame=0 level=3 consumer_id=6 input_index=1 producer_id=5 producer_level=1
[2026-10-02 18:43:03.058] [info] [temp-lifetime] frame=0 after_level=3 live=[6,7,] retired=[3,5,]
[2026-10-02 18:43:03.058] [info] [exec-level-diag] frame=0 level=3 nodes=1 input_ms=0.106 dispatch_ms=0.816 fb_release_ms=0.009
[2026-10-02 18:43:03.059] [info] [graph-edge] frame=0 level=4 consumer_id=8 input_index=0 producer_id=6 producer_level=3
[2026-10-02 18:43:03.059] [info] [graph-edge] frame=0 level=4 consumer_id=8 input_index=1 producer_id=7 producer_level=0
[2026-10-02 18:43:03.059] [info] [temp-lifetime] frame=0 after_level=4 live=[8,] retired=[6,7,]
[2026-10-02 18:43:03.059] [info] [exec-level-diag] frame=0 level=4 nodes=1 input_ms=0.124 dispatch_ms=0.152 fb_release_ms=0.022
[2026-10-02 18:43:03.103] [info] [pool-warm] Pre-allocated 4 canvas buffers (640x384 bucket) at startup
[2026-10-02 18:43:03.329] [info] [pool-warm] Pre-allocated 3 buffers (text-bbox+glow-pad) bucket 1920x1024 at startup
[2026-10-02 18:43:03.404] [info] [pool-warm] Pre-allocated 3 buffers (downsample-half) bucket 1024x640 at startup
[2026-10-02 18:43:03.428] [info] [pool-warm] Pre-allocated 3 buffers (downsample-quarter) bucket 512x384 at startup
[2026-10-02 18:43:03.459] [info] [video] Exporting via Arena-backed SIMD pipeline
[2026-10-02 18:43:03.476] [info] [temp-lifetime] frame=1 after_level=0 live=[0,1,4,7,] retired=[]
[2026-10-02 18:43:03.476] [info] [exec-level-diag] frame=1 level=0 nodes=4 input_ms=0.008 dispatch_ms=13.913 fb_release_ms=0.008
[2026-10-02 18:43:03.476] [info] [graph-edge] frame=1 level=1 consumer_id=2 input_index=0 producer_id=1 producer_level=0
[2026-10-02 18:43:03.476] [info] [graph-edge] frame=1 level=1 consumer_id=5 input_index=0 producer_id=4 producer_level=0
[2026-10-02 18:43:03.719] [info] [temp-lifetime] frame=1 after_level=1 live=[0,2,5,7,] retired=[1,4,]
[2026-10-02 18:43:03.719] [info] [exec-level-diag] frame=1 level=1 nodes=2 input_ms=0.100 dispatch_ms=243.266 fb_release_ms=0.050
[2026-10-02 18:43:03.720] [info] [graph-edge] frame=1 level=2 consumer_id=3 input_index=0 producer_id=0 producer_level=0
[2026-10-02 18:43:03.720] [info] [graph-edge] frame=1 level=2 consumer_id=3 input_index=1 producer_id=2 producer_level=1
[2026-10-02 18:43:03.726] [info] [temp-lifetime] frame=1 after_level=2 live=[3,5,7,] retired=[0,2,]
[2026-10-02 18:43:03.726] [info] [exec-level-diag] frame=1 level=2 nodes=1 input_ms=0.128 dispatch_ms=6.358 fb_release_ms=0.020
[2026-10-02 18:43:03.726] [info] [graph-edge] frame=1 level=3 consumer_id=6 input_index=0 producer_id=3 producer_level=2
[2026-10-02 18:43:03.726] [info] [graph-edge] frame=1 level=3 consumer_id=6 input_index=1 producer_id=5 producer_level=1
[2026-10-02 18:43:03.727] [info] [temp-lifetime] frame=1 after_level=3 live=[6,7,] retired=[3,5,]
[2026-10-02 18:43:03.727] [info] [exec-level-diag] frame=1 level=3 nodes=1 input_ms=0.078 dispatch_ms=1.105 fb_release_ms=0.015
[2026-10-02 18:43:03.727] [info] [graph-edge] frame=1 level=4 consumer_id=8 input_index=0 producer_id=6 producer_level=3
[2026-10-02 18:43:03.728] [info] [graph-edge] frame=1 level=4 consumer_id=8 input_index=1 producer_id=7 producer_level=0
[2026-10-02 18:43:03.728] [info] [temp-lifetime] frame=1 after_level=4 live=[8,] retired=[6,7,]
[2026-10-02 18:43:03.728] [info] [exec-level-diag] frame=1 level=4 nodes=1 input_ms=0.168 dispatch_ms=0.151 fb_release_ms=0.026
[2026-10-02 18:43:03.761] [info] [temp-lifetime] frame=2 after_level=0 live=[0,1,4,7,] retired=[]
[2026-10-02 18:43:03.761] [info] [exec-level-diag] frame=2 level=0 nodes=4 input_ms=0.004 dispatch_ms=18.884 fb_release_ms=0.007
[2026-10-02 18:43:03.761] [info] [graph-edge] frame=2 level=1 consumer_id=2 input_index=0 producer_id=1 producer_level=0
[2026-10-02 18:43:03.761] [info] [graph-edge] frame=2 level=1 consumer_id=5 input_index=0 producer_id=4 producer_level=0
[2026-10-02 18:43:04.000] [info] [temp-lifetime] frame=2 after_level=1 live=[0,2,5,7,] retired=[1,4,]
[2026-10-02 18:43:04.000] [info] [exec-level-diag] frame=2 level=1 nodes=2 input_ms=0.099 dispatch_ms=238.750 fb_release_ms=0.035
[2026-10-02 18:43:04.001] [info] [graph-edge] frame=2 level=2 consumer_id=3 input_index=0 producer_id=0 producer_level=0
[2026-10-02 18:43:04.001] [info] [graph-edge] frame=2 level=2 consumer_id=3 input_index=1 producer_id=2 producer_level=1
[2026-10-02 18:43:04.005] [info] [temp-lifetime] frame=2 after_level=2 live=[3,5,7,] retired=[0,2,]
[2026-10-02 18:43:04.005] [info] [exec-level-diag] frame=2 level=2 nodes=1 input_ms=0.105 dispatch_ms=4.267 fb_release_ms=0.019
[2026-10-02 18:43:04.005] [info] [graph-edge] frame=2 level=3 consumer_id=6 input_index=0 producer_id=3 producer_level=2
[2026-10-02 18:43:04.005] [info] [graph-edge] frame=2 level=3 consumer_id=6 input_index=1 producer_id=5 producer_level=1
[2026-10-02 18:43:04.006] [info] [temp-lifetime] frame=2 after_level=3 live=[6,7,] retired=[3,5,]
[2026-10-02 18:43:04.006] [info] [exec-level-diag] frame=2 level=3 nodes=1 input_ms=0.068 dispatch_ms=0.942 fb_release_ms=0.008
[2026-10-02 18:43:04.006] [info] [graph-edge] frame=2 level=4 consumer_id=8 input_index=0 producer_id=6 producer_level=3
[2026-10-02 18:43:04.006] [info] [graph-edge] frame=2 level=4 consumer_id=8 input_index=1 producer_id=7 producer_level=0
[2026-10-02 18:43:04.006] [info] [temp-lifetime] frame=2 after_level=4 live=[8,] retired=[6,7,]
[2026-10-02 18:43:04.006] [info] [exec-level-diag] frame=2 level=4 nodes=1 input_ms=0.085 dispatch_ms=0.124 fb_release_ms=0.018
[2026-10-02 18:43:04.011] [info] [video]   4/48 frames
[2026-10-02 18:43:05.091] [info] [video]   8/48 frames
[2026-10-02 18:43:06.287] [info] [video]   12/48 frames
[2026-10-02 18:43:07.392] [info] [video]   16/48 frames
[2026-10-02 18:43:08.521] [info] [video]   20/48 frames
[2026-10-02 18:43:09.639] [info] [video]   24/48 frames
[2026-10-02 18:43:10.754] [info] [video]   28/48 frames
[2026-10-02 18:43:11.886] [info] [video]   32/48 frames
[2026-10-02 18:43:13.003] [info] [video]   36/48 frames
[2026-10-02 18:43:14.141] [info] [video]   40/48 frames
[2026-10-02 18:43:15.255] [info] [video]   44/48 frames
[2026-10-02 18:43:16.402] [info] [video]   48/48 frames
[2026-10-02 18:43:16.729] [info] [video] writer join complete
[2026-10-02 18:43:16.729] [info] [drain-debug] start drain, capacity=6
[2026-10-02 18:43:16.729] [info] [drain-debug] reap done, busy_count=0
[2026-10-02 18:43:16.729] [info] [video] trimming framebuffer pool
[2026-10-02 18:43:16.934] [info] [video] Released framebuffer pool — memory trimmed
[2026-10-02 18:43:16.935] [info] [video] frame-loop cleanup complete
[2026-10-02 18:43:16.935] [info] [video] Encoder write blocked duration: 0.00 ms
[2026-10-02 18:43:16.935] [info] [video_diag] conversion_and_copy_duration_ms: 300 ms
[2026-10-02 18:43:16.935] [info] [video_diag] conversion_bytes_written=0 encoder_staging_copy_bytes=0 encoder_slot_reuses=0
[2026-10-02 18:43:16.935] [info] [native_av] close: sending encoder flush
[2026-10-02 18:43:16.935] [info] [native_av] close: encoder flush accepted
[2026-10-02 18:43:17.115] [info] [native_av] close: packets drained=true
[2026-10-02 18:43:17.116] [info] [native_av] close: finalizing mux session
[2026-10-02 18:43:17.116] [info] [native_av] close: mux session finalized
[2026-10-02 18:43:17.116] [info] [native_av] Closed native encoder — 48 frames accepted, encoder_packets=48 mux_packets=48 packet_pts=0..47, YUV cache: 0 hits / 48 misses
[2026-10-02 18:43:17.116] [info] [video_native] convert=322.34ms  send_frame=116.71ms  backpressure=29.91ms  flush=181.04ms  receive_packet=209.42ms  mux_write=0.91ms  trailer=0.26ms
[2026-10-02 18:43:17.116] [info] [video] render_ms=13250.37 encode_ms=409.85 writer_encode_ms=471.57 wall_ms=15950.76 nvml_stop_ms=0.13
[2026-10-02 18:43:17.116] [info] [video] FFmpeg queue wait duration: 0.71 ms
[2026-10-02 18:43:17.119] [info] [video] copy_eligible=true sha256=11da8486552bb986c6a873b68dcfceca2c9e97e28c17f35802ff1bd8985f2ed1
[2026-10-02 18:43:17.119] [info] [video] Wrote /tmp/velox-image-software-cert/inputs/image_mask_wipe_border/catalog-motions.mp4
[2026-10-02 18:43:17.119] [info] [startup-profile] total=424.39ms logger=0.09ms cli_bootstrap=8.01ms cli_parse=0.00ms composition=0.24ms plan_read=0.09ms json_parse=1.13ms plan_decode_validate=335.35ms asset_resolve=0.03ms plan_compile=4.97ms other=0.00ms
[2026-10-02 18:43:17.148] [info] [video] Wrote exact per-frame timing sidecar: /tmp/velox-image-software-cert/inputs/image_mask_wipe_border/catalog-motions.mp4.timing.json
[libx264 @ 0x56296d785000] frame I:1     Avg QP:11.41  size:   314
[libx264 @ 0x56296d785000] frame P:47    Avg QP:18.81  size:   162
[libx264 @ 0x56296d785000] mb I  I16..4: 99.2%  0.3%  0.4%
[libx264 @ 0x56296d785000] mb P  I16..4:  1.1%  0.1%  0.0%  P16..4:  3.3%  0.6%  0.2%  0.0%  0.0%    skip:94.7%
[libx264 @ 0x56296d785000] 8x8 transform intra:2.7% inter:63.2%
[libx264 @ 0x56296d785000] coded y,uvDC,uvAC intra: 1.9% 16.7% 9.1% inter: 0.1% 0.9% 0.3%
[libx264 @ 0x56296d785000] i16 v,h,dc,p: 93%  4%  3%  0%
[libx264 @ 0x56296d785000] i8 v,h,dc,ddl,ddr,vr,hd,vl,hu:  6%  8% 79%  2%  0%  0%  0%  1%  3%
[libx264 @ 0x56296d785000] i4 v,h,dc,ddl,ddr,vr,hd,vl,hu: 54% 32% 11%  0%  0%  0%  0%  1%  1%
[libx264 @ 0x56296d785000] i8c dc,h,v,p: 60%  6% 34%  0%
[libx264 @ 0x56296d785000] Weighted P-Frames: Y:0.0% UV:0.0%
[libx264 @ 0x56296d785000] ref P L0: 60.8%  0.1% 27.4% 11.6%
[libx264 @ 0x56296d785000] kb/s:31.64
[2026-10-02 18:43:17.152] [info] [INFO] job-lifecycle: slot_pool_close_ms=0.0 surface_release_ms=0.0
[2026-10-02 18:43:17.201] [info] [INFO] job-lifecycle: queue_close_ms=0.0 writer_join_ms=0.0 encoder_reset_ms=1.4 decoder_reset_ms=0.0 full_graph_reset_ms=48.9 sink_ctx_reset_ms=0.0 device_runtime_reset_ms=0.0 device_reservation_reset_ms=0.0
[2026-10-02 18:43:17.206] [info] [INFO] job-lifecycle: sidecar_write_ms=31.4 session_teardown_ms=55.3
[2026-10-02 18:43:17.217] [info] [INFO] job-lifecycle: execute_ms=16052.0 receipt_build_ms=0.0 receipt_write_ms=0.0 caller_tail_ms=0.0
