[2026-10-02 18:37:53.661] [info] [overlay-prepare] validated package=/tmp/velox-image-software-cert/inputs/image_border_expand/prepared.json hash=31fb103bdab103224c206864c1d75833639479db471764b390645a55b57c1ca6 assets=1 text_runs=1 overlays=3
[2026-10-02 18:37:53.665] [info] [asset-profile] kind=3 path=assets/fonts/Poppins-Bold.ttf bytes=155996 cache=miss invalidated=0 stat=0.01ms hash=3.79ms hashed_bytes=155996 total=3.94ms
[2026-10-02 18:37:53.666] [info] [asset-profile] kind=0 path=assets/semantic/certification-image.jpg bytes=4146 cache=miss invalidated=0 stat=0.01ms hash=0.12ms hashed_bytes=4146 total=0.24ms
[2026-10-02 18:37:53.666] [info] [asset-digest-cache] hits=0 misses=2 invalidations=0 bytes_hashed=160142 lookup_ms=0.01 write_ms=0.02 full_hash_ms=3.91
[2026-10-02 18:37:53.667] [info] [plan-profile] read=0.11ms parse=1.34ms decode=400.38ms resolver=0.02ms compile_validate=5.77ms total=409.36ms
[2026-10-02 18:37:53.667] [info] [asset-profile] kind=3 path=assets/fonts/Poppins-Bold.ttf bytes=155996 cache=hit invalidated=0 stat=0.01ms hash=0.00ms hashed_bytes=0 total=0.10ms
[2026-10-02 18:37:53.667] [info] [asset-profile] kind=0 path=assets/semantic/certification-image.jpg bytes=4146 cache=hit invalidated=0 stat=0.01ms hash=0.00ms hashed_bytes=0 total=0.10ms
[2026-10-02 18:37:53.667] [info] [asset-digest-cache] hits=2 misses=0 invalidations=0 bytes_hashed=0 lookup_ms=0.01 write_ms=0.00 full_hash_ms=0.00
[2026-10-02 18:37:53.670] [info] [plan-compile-profile] assets=0.36ms fingerprint=1.56ms media_resolution=0.00ms materialize=0.22ms composition_compile=0.00ms compatibility_view=0.07ms total=2.61ms
[2026-10-02 18:37:53.670] [info] [video] Auto-selecting yuv420p pipe pixel format for 640x360 output
[2026-10-02 18:37:53.671] [info] [video] execution plan resolved (reason: render_graph_default); decode=2 composite=3 encode=2 interop=0 handoff=3 codec=3
[2026-10-02 18:37:53.690] [info] [video-runtime] created persistent runtime for device 0 (CUDA ordinal 0)
[2026-10-02 18:37:53.690] [info] [video] encoder feed capability: host_frame=true direct_yuv=false native_surface=false
[libx264 @ 0x557d7b54c480] using cpu capabilities: MMX2 SSE2Fast SSSE3 SSE4.2 AVX
[libx264 @ 0x557d7b54c480] profile High, level 3.0, 4:2:0, 8-bit
[libx264 @ 0x557d7b54c480] 264 - core 163 r3060 5db6aa6 - H.264/MPEG-4 AVC codec - Copyleft 2003-2021 - http://www.videolan.org/x264.html - options: cabac=1 ref=3 deblock=1:0:0 analyse=0x3:0x113 me=hex subme=7 psy=1 psy_rd=1.00:0.00 mixed_ref=1 me_range=16 chroma_me=1 trellis=1 8x8dct=1 cqm=0 deadzone=21,11 fast_pskip=1 chroma_qp_offset=-2 threads=1 lookahead_threads=1 sliced_threads=0 nr=0 decimate=1 interlaced=0 bluray_compat=0 constrained_intra=0 bframes=0 weightp=2 keyint=48 keyint_min=4 scenecut=40 intra_refresh=0 rc_lookahead=40 rc=crf mbtree=1 crf=23.0 qcomp=0.60 qpmin=0 qpmax=69 qpstep=4 ip_ratio=1.40 aq=1:1.00
[2026-10-02 18:37:53.693] [info] [native_av] encoder bitstream contract: codec=27 profile=100 level=-99 pix_fmt=0 parameter_sets=43 materialized=true
[2026-10-02 18:37:53.693] [info] [native_av] Opened native encoder: 640x360 @ 24fps, codec=libx264, rc=crf, preset=medium, output='/tmp/velox-image-software-cert/inputs/image_border_expand/catalog-motions.partial.mp4'
[2026-10-02 18:37:55.041] [info] ImageCache: loaded 'assets/semantic/certification-image.jpg' (480x360) in 787.186ms
[2026-10-02 18:37:55.342] [info] [temp-lifetime] frame=0 after_level=0 live=[0,1,3,5,] retired=[]
[2026-10-02 18:37:55.342] [info] [exec-level-diag] frame=0 level=0 nodes=4 input_ms=0.007 dispatch_ms=196.101 fb_release_ms=0.012
[2026-10-02 18:37:55.343] [info] [graph-edge] frame=0 level=1 consumer_id=2 input_index=0 producer_id=0 producer_level=0
[2026-10-02 18:37:55.343] [info] [graph-edge] frame=0 level=1 consumer_id=2 input_index=1 producer_id=1 producer_level=0
[2026-10-02 18:37:55.356] [info] [temp-lifetime] frame=0 after_level=1 live=[2,3,5,] retired=[0,1,]
[2026-10-02 18:37:55.356] [info] [exec-level-diag] frame=0 level=1 nodes=1 input_ms=0.028 dispatch_ms=13.684 fb_release_ms=0.016
[2026-10-02 18:37:55.356] [info] [graph-edge] frame=0 level=2 consumer_id=4 input_index=0 producer_id=2 producer_level=1
[2026-10-02 18:37:55.356] [info] [graph-edge] frame=0 level=2 consumer_id=4 input_index=1 producer_id=3 producer_level=0
[2026-10-02 18:37:55.357] [info] [temp-lifetime] frame=0 after_level=2 live=[4,5,] retired=[2,3,]
[2026-10-02 18:37:55.357] [info] [exec-level-diag] frame=0 level=2 nodes=1 input_ms=0.021 dispatch_ms=0.655 fb_release_ms=0.009
[2026-10-02 18:37:55.357] [info] [graph-edge] frame=0 level=3 consumer_id=6 input_index=0 producer_id=4 producer_level=2
[2026-10-02 18:37:55.357] [info] [graph-edge] frame=0 level=3 consumer_id=6 input_index=1 producer_id=5 producer_level=0
[2026-10-02 18:37:55.357] [info] [temp-lifetime] frame=0 after_level=3 live=[6,] retired=[4,5,]
[2026-10-02 18:37:55.357] [info] [exec-level-diag] frame=0 level=3 nodes=1 input_ms=0.020 dispatch_ms=0.114 fb_release_ms=0.025
[2026-10-02 18:37:55.393] [info] [pool-warm] Pre-allocated 4 canvas buffers (640x384 bucket) at startup
[2026-10-02 18:37:55.590] [info] [pool-warm] Pre-allocated 3 buffers (text-bbox+glow-pad) bucket 1920x1024 at startup
[2026-10-02 18:37:55.653] [info] [pool-warm] Pre-allocated 3 buffers (downsample-half) bucket 1024x640 at startup
[2026-10-02 18:37:55.674] [info] [pool-warm] Pre-allocated 3 buffers (downsample-quarter) bucket 512x384 at startup
[2026-10-02 18:37:55.700] [info] [video] Exporting via Arena-backed SIMD pipeline
[2026-10-02 18:37:55.894] [info] [temp-lifetime] frame=1 after_level=0 live=[0,1,3,5,] retired=[]
[2026-10-02 18:37:55.894] [info] [exec-level-diag] frame=1 level=0 nodes=4 input_ms=0.008 dispatch_ms=191.008 fb_release_ms=0.013
[2026-10-02 18:37:55.894] [info] [graph-edge] frame=1 level=1 consumer_id=2 input_index=0 producer_id=0 producer_level=0
[2026-10-02 18:37:55.894] [info] [graph-edge] frame=1 level=1 consumer_id=2 input_index=1 producer_id=1 producer_level=0
[2026-10-02 18:37:55.897] [info] [temp-lifetime] frame=1 after_level=1 live=[2,3,5,] retired=[0,1,]
[2026-10-02 18:37:55.897] [info] [exec-level-diag] frame=1 level=1 nodes=1 input_ms=0.034 dispatch_ms=3.137 fb_release_ms=0.014
[2026-10-02 18:37:55.897] [info] [graph-edge] frame=1 level=2 consumer_id=4 input_index=0 producer_id=2 producer_level=1
[2026-10-02 18:37:55.897] [info] [graph-edge] frame=1 level=2 consumer_id=4 input_index=1 producer_id=3 producer_level=0
[2026-10-02 18:37:55.898] [info] [temp-lifetime] frame=1 after_level=2 live=[4,5,] retired=[2,3,]
[2026-10-02 18:37:55.898] [info] [exec-level-diag] frame=1 level=2 nodes=1 input_ms=0.021 dispatch_ms=0.767 fb_release_ms=0.009
[2026-10-02 18:37:55.898] [info] [graph-edge] frame=1 level=3 consumer_id=6 input_index=0 producer_id=4 producer_level=2
[2026-10-02 18:37:55.898] [info] [graph-edge] frame=1 level=3 consumer_id=6 input_index=1 producer_id=5 producer_level=0
[2026-10-02 18:37:55.898] [info] [temp-lifetime] frame=1 after_level=3 live=[6,] retired=[4,5,]
[2026-10-02 18:37:55.898] [info] [exec-level-diag] frame=1 level=3 nodes=1 input_ms=0.029 dispatch_ms=0.125 fb_release_ms=0.036
[2026-10-02 18:37:56.086] [info] [temp-lifetime] frame=2 after_level=0 live=[0,1,3,5,] retired=[]
[2026-10-02 18:37:56.086] [info] [exec-level-diag] frame=2 level=0 nodes=4 input_ms=0.003 dispatch_ms=183.731 fb_release_ms=0.018
[2026-10-02 18:37:56.086] [info] [graph-edge] frame=2 level=1 consumer_id=2 input_index=0 producer_id=0 producer_level=0
[2026-10-02 18:37:56.086] [info] [graph-edge] frame=2 level=1 consumer_id=2 input_index=1 producer_id=1 producer_level=0
[2026-10-02 18:37:56.089] [info] [temp-lifetime] frame=2 after_level=1 live=[2,3,5,] retired=[0,1,]
[2026-10-02 18:37:56.089] [info] [exec-level-diag] frame=2 level=1 nodes=1 input_ms=0.036 dispatch_ms=3.214 fb_release_ms=0.017
[2026-10-02 18:37:56.089] [info] [graph-edge] frame=2 level=2 consumer_id=4 input_index=0 producer_id=2 producer_level=1
[2026-10-02 18:37:56.089] [info] [graph-edge] frame=2 level=2 consumer_id=4 input_index=1 producer_id=3 producer_level=0
[2026-10-02 18:37:56.090] [info] [temp-lifetime] frame=2 after_level=2 live=[4,5,] retired=[2,3,]
[2026-10-02 18:37:56.090] [info] [exec-level-diag] frame=2 level=2 nodes=1 input_ms=0.020 dispatch_ms=0.724 fb_release_ms=0.010
[2026-10-02 18:37:56.090] [info] [graph-edge] frame=2 level=3 consumer_id=6 input_index=0 producer_id=4 producer_level=2
[2026-10-02 18:37:56.090] [info] [graph-edge] frame=2 level=3 consumer_id=6 input_index=1 producer_id=5 producer_level=0
[2026-10-02 18:37:56.090] [info] [temp-lifetime] frame=2 after_level=3 live=[6,] retired=[4,5,]
[2026-10-02 18:37:56.090] [info] [exec-level-diag] frame=2 level=3 nodes=1 input_ms=0.020 dispatch_ms=0.125 fb_release_ms=0.029
[2026-10-02 18:37:56.090] [info] [video]   4/48 frames
[2026-10-02 18:37:56.901] [info] [video]   8/48 frames
[2026-10-02 18:37:57.828] [info] [video]   12/48 frames
[2026-10-02 18:37:58.762] [info] [video]   16/48 frames
[2026-10-02 18:37:59.688] [info] [video]   20/48 frames
[2026-10-02 18:38:00.678] [info] [video]   24/48 frames
[2026-10-02 18:38:01.608] [info] [video]   28/48 frames
[2026-10-02 18:38:02.502] [info] [video]   32/48 frames
[2026-10-02 18:38:03.441] [info] [video]   36/48 frames
[2026-10-02 18:38:04.321] [info] [video]   40/48 frames
[2026-10-02 18:38:05.220] [info] [video]   44/48 frames
[2026-10-02 18:38:06.117] [info] [video]   48/48 frames
[2026-10-02 18:38:06.379] [info] [video] writer join complete
[2026-10-02 18:38:06.379] [info] [drain-debug] start drain, capacity=6
[2026-10-02 18:38:06.379] [info] [drain-debug] reap done, busy_count=0
[2026-10-02 18:38:06.379] [info] [video] trimming framebuffer pool
[2026-10-02 18:38:06.581] [info] [video] Released framebuffer pool — memory trimmed
[2026-10-02 18:38:06.581] [info] [video] frame-loop cleanup complete
[2026-10-02 18:38:06.581] [info] [video] Encoder write blocked duration: 0.00 ms
[2026-10-02 18:38:06.581] [info] [video_diag] conversion_and_copy_duration_ms: 250 ms
[2026-10-02 18:38:06.581] [info] [video_diag] conversion_bytes_written=0 encoder_staging_copy_bytes=0 encoder_slot_reuses=0
[2026-10-02 18:38:06.581] [info] [native_av] close: sending encoder flush
[2026-10-02 18:38:06.581] [info] [native_av] close: encoder flush accepted
[2026-10-02 18:38:06.845] [info] [native_av] close: packets drained=true
[2026-10-02 18:38:06.846] [info] [native_av] close: finalizing mux session
[2026-10-02 18:38:06.846] [info] [native_av] close: mux session finalized
[2026-10-02 18:38:06.846] [info] [native_av] Closed native encoder — 48 frames accepted, encoder_packets=48 mux_packets=48 packet_pts=0..47, YUV cache: 0 hits / 48 misses
[2026-10-02 18:38:06.846] [info] [video_native] convert=278.47ms  send_frame=140.88ms  backpressure=87.83ms  flush=264.65ms  receive_packet=351.07ms  mux_write=0.76ms  trailer=0.34ms
[2026-10-02 18:38:06.846] [info] [video] render_ms=10635.64 encode_ms=513.89 writer_encode_ms=509.47 wall_ms=13175.53 nvml_stop_ms=0.16
[2026-10-02 18:38:06.846] [info] [video] FFmpeg queue wait duration: 0.78 ms
[2026-10-02 18:38:06.849] [info] [video] copy_eligible=true sha256=80b26119b5204abf4385775cd42a2d0b9e60239fa043ca7a4ac9f1412548d262
[2026-10-02 18:38:06.849] [info] [video] Wrote /tmp/velox-image-software-cert/inputs/image_border_expand/catalog-motions.mp4
[2026-10-02 18:38:06.849] [info] [startup-profile] total=489.59ms logger=0.09ms cli_bootstrap=9.66ms cli_parse=0.00ms composition=0.33ms plan_read=0.11ms json_parse=1.34ms plan_decode_validate=400.38ms asset_resolve=0.02ms plan_compile=5.77ms other=0.00ms
[2026-10-02 18:38:06.878] [info] [video] Wrote exact per-frame timing sidecar: /tmp/velox-image-software-cert/inputs/image_border_expand/catalog-motions.mp4.timing.json
[libx264 @ 0x557d7b54c480] frame I:2     Avg QP:17.10  size:   990
[libx264 @ 0x557d7b54c480] frame P:46    Avg QP:14.90  size:   488
[libx264 @ 0x557d7b54c480] mb I  I16..4: 69.5% 29.6%  0.9%
[libx264 @ 0x557d7b54c480] mb P  I16..4:  3.7%  4.3%  0.1%  P16..4: 11.4%  1.0%  0.3%  0.0%  0.0%    skip:79.2%
[libx264 @ 0x557d7b54c480] 8x8 transform intra:44.9% inter:87.8%
[libx264 @ 0x557d7b54c480] coded y,uvDC,uvAC intra: 2.6% 22.3% 10.0% inter: 0.9% 6.0% 1.1%
[libx264 @ 0x557d7b54c480] i16 v,h,dc,p: 62% 35%  3%  0%
[libx264 @ 0x557d7b54c480] i8 v,h,dc,ddl,ddr,vr,hd,vl,hu: 19%  8% 72%  0%  0%  0%  0%  0%  0%
[libx264 @ 0x557d7b54c480] i4 v,h,dc,ddl,ddr,vr,hd,vl,hu: 50% 27% 21%  0%  0%  0%  0%  1%  0%
[libx264 @ 0x557d7b54c480] i8c dc,h,v,p: 56% 23% 22%  0%
[libx264 @ 0x557d7b54c480] Weighted P-Frames: Y:23.9% UV:23.9%
[libx264 @ 0x557d7b54c480] ref P L0: 94.2%  0.7%  3.8%  1.1%  0.3%
[libx264 @ 0x557d7b54c480] kb/s:97.79
[2026-10-02 18:38:06.882] [info] [INFO] job-lifecycle: slot_pool_close_ms=0.0 surface_release_ms=0.0
[2026-10-02 18:38:06.921] [info] [INFO] job-lifecycle: queue_close_ms=0.0 writer_join_ms=0.0 encoder_reset_ms=1.5 decoder_reset_ms=0.0 full_graph_reset_ms=38.4 sink_ctx_reset_ms=0.0 device_runtime_reset_ms=0.0 device_reservation_reset_ms=0.0
[2026-10-02 18:38:06.926] [info] [INFO] job-lifecycle: sidecar_write_ms=31.3 session_teardown_ms=45.7
[2026-10-02 18:38:06.935] [info] [INFO] job-lifecycle: execute_ms=13264.9 receipt_build_ms=0.0 receipt_write_ms=0.0 caller_tail_ms=0.0
