[2026-10-02 18:42:01.220] [info] [overlay-prepare] validated package=/tmp/velox-image-software-cert/inputs/image_glow_pulse_settle/prepared.json hash=32c737e8ae7124528ba471d01cebb2f3b5ea457e7785738f0cec8a2537c58b1c assets=1 text_runs=1 overlays=3
[2026-10-02 18:42:01.224] [info] [asset-profile] kind=3 path=assets/fonts/Poppins-Bold.ttf bytes=155996 cache=miss invalidated=0 stat=0.03ms hash=3.59ms hashed_bytes=155996 total=3.76ms
[2026-10-02 18:42:01.225] [info] [asset-profile] kind=0 path=assets/semantic/certification-image.jpg bytes=4146 cache=miss invalidated=0 stat=0.01ms hash=0.11ms hashed_bytes=4146 total=0.25ms
[2026-10-02 18:42:01.225] [info] [asset-digest-cache] hits=0 misses=2 invalidations=0 bytes_hashed=160142 lookup_ms=0.01 write_ms=0.02 full_hash_ms=3.71
[2026-10-02 18:42:01.226] [info] [plan-profile] read=0.17ms parse=1.37ms decode=409.58ms resolver=0.03ms compile_validate=5.65ms total=418.54ms
[2026-10-02 18:42:01.226] [info] [asset-profile] kind=3 path=assets/fonts/Poppins-Bold.ttf bytes=155996 cache=hit invalidated=0 stat=0.01ms hash=0.00ms hashed_bytes=0 total=0.13ms
[2026-10-02 18:42:01.227] [info] [asset-profile] kind=0 path=assets/semantic/certification-image.jpg bytes=4146 cache=hit invalidated=0 stat=0.01ms hash=0.00ms hashed_bytes=0 total=0.10ms
[2026-10-02 18:42:01.227] [info] [asset-digest-cache] hits=2 misses=0 invalidations=0 bytes_hashed=0 lookup_ms=0.01 write_ms=0.00 full_hash_ms=0.00
[2026-10-02 18:42:01.229] [info] [plan-compile-profile] assets=0.47ms fingerprint=1.55ms media_resolution=0.00ms materialize=0.19ms composition_compile=0.00ms compatibility_view=0.09ms total=2.66ms
[2026-10-02 18:42:01.230] [info] [video] Auto-selecting yuv420p pipe pixel format for 640x360 output
[2026-10-02 18:42:01.230] [info] [video] execution plan resolved (reason: render_graph_default); decode=2 composite=3 encode=2 interop=0 handoff=3 codec=3
[2026-10-02 18:42:01.249] [info] [video-runtime] created persistent runtime for device 0 (CUDA ordinal 0)
[2026-10-02 18:42:01.249] [info] [video] encoder feed capability: host_frame=true direct_yuv=false native_surface=false
[libx264 @ 0x55b34ba75400] using cpu capabilities: MMX2 SSE2Fast SSSE3 SSE4.2 AVX
[libx264 @ 0x55b34ba75400] profile High, level 3.0, 4:2:0, 8-bit
[libx264 @ 0x55b34ba75400] 264 - core 163 r3060 5db6aa6 - H.264/MPEG-4 AVC codec - Copyleft 2003-2021 - http://www.videolan.org/x264.html - options: cabac=1 ref=3 deblock=1:0:0 analyse=0x3:0x113 me=hex subme=7 psy=1 psy_rd=1.00:0.00 mixed_ref=1 me_range=16 chroma_me=1 trellis=1 8x8dct=1 cqm=0 deadzone=21,11 fast_pskip=1 chroma_qp_offset=-2 threads=1 lookahead_threads=1 sliced_threads=0 nr=0 decimate=1 interlaced=0 bluray_compat=0 constrained_intra=0 bframes=0 weightp=2 keyint=48 keyint_min=4 scenecut=40 intra_refresh=0 rc_lookahead=40 rc=crf mbtree=1 crf=23.0 qcomp=0.60 qpmin=0 qpmax=69 qpstep=4 ip_ratio=1.40 aq=1:1.00
[2026-10-02 18:42:01.252] [info] [native_av] encoder bitstream contract: codec=27 profile=100 level=-99 pix_fmt=0 parameter_sets=43 materialized=true
[2026-10-02 18:42:01.253] [info] [native_av] Opened native encoder: 640x360 @ 24fps, codec=libx264, rc=crf, preset=medium, output='/tmp/velox-image-software-cert/inputs/image_glow_pulse_settle/catalog-motions.partial.mp4'
[2026-10-02 18:42:02.615] [info] ImageCache: loaded 'assets/semantic/certification-image.jpg' (480x360) in 817.985ms
[2026-10-02 18:42:02.962] [info] [temp-lifetime] frame=0 after_level=0 live=[0,1,3,6,] retired=[]
[2026-10-02 18:42:02.962] [info] [exec-level-diag] frame=0 level=0 nodes=4 input_ms=0.004 dispatch_ms=240.806 fb_release_ms=0.013
[2026-10-02 18:42:02.963] [info] [graph-edge] frame=0 level=1 consumer_id=2 input_index=0 producer_id=0 producer_level=0
[2026-10-02 18:42:02.963] [info] [graph-edge] frame=0 level=1 consumer_id=2 input_index=1 producer_id=1 producer_level=0
[2026-10-02 18:42:02.963] [info] [graph-edge] frame=0 level=1 consumer_id=4 input_index=0 producer_id=3 producer_level=0
[2026-10-02 18:42:02.977] [info] [temp-lifetime] frame=0 after_level=1 live=[2,4,6,] retired=[0,1,3,]
[2026-10-02 18:42:02.977] [info] [exec-level-diag] frame=0 level=1 nodes=2 input_ms=0.136 dispatch_ms=14.018 fb_release_ms=0.027
[2026-10-02 18:42:02.977] [info] [graph-edge] frame=0 level=2 consumer_id=5 input_index=0 producer_id=2 producer_level=1
[2026-10-02 18:42:02.977] [info] [graph-edge] frame=0 level=2 consumer_id=5 input_index=1 producer_id=4 producer_level=1
[2026-10-02 18:42:02.978] [info] [temp-lifetime] frame=0 after_level=2 live=[5,6,] retired=[2,4,]
[2026-10-02 18:42:02.978] [info] [exec-level-diag] frame=0 level=2 nodes=1 input_ms=0.099 dispatch_ms=1.114 fb_release_ms=0.008
[2026-10-02 18:42:02.978] [info] [graph-edge] frame=0 level=3 consumer_id=7 input_index=0 producer_id=5 producer_level=2
[2026-10-02 18:42:02.978] [info] [graph-edge] frame=0 level=3 consumer_id=7 input_index=1 producer_id=6 producer_level=0
[2026-10-02 18:42:02.978] [info] [temp-lifetime] frame=0 after_level=3 live=[7,] retired=[5,6,]
[2026-10-02 18:42:02.979] [info] [exec-level-diag] frame=0 level=3 nodes=1 input_ms=0.088 dispatch_ms=0.125 fb_release_ms=0.032
[2026-10-02 18:42:03.030] [info] [pool-warm] Pre-allocated 4 canvas buffers (640x384 bucket) at startup
[2026-10-02 18:42:04.612] [info] [pool-warm] Pre-allocated 3 buffers (text-bbox+glow-pad) bucket 1920x1024 at startup
[2026-10-02 18:42:04.778] [info] [pool-warm] Pre-allocated 3 buffers (downsample-half) bucket 1024x640 at startup
[2026-10-02 18:42:04.813] [info] [pool-warm] Pre-allocated 3 buffers (downsample-quarter) bucket 512x384 at startup
[2026-10-02 18:42:04.849] [info] [video] Exporting via Arena-backed SIMD pipeline
[2026-10-02 18:42:04.872] [info] [temp-lifetime] frame=1 after_level=0 live=[0,1,3,6,] retired=[]
[2026-10-02 18:42:04.872] [info] [exec-level-diag] frame=1 level=0 nodes=4 input_ms=0.007 dispatch_ms=18.771 fb_release_ms=0.010
[2026-10-02 18:42:04.872] [info] [graph-edge] frame=1 level=1 consumer_id=2 input_index=0 producer_id=0 producer_level=0
[2026-10-02 18:42:04.872] [info] [graph-edge] frame=1 level=1 consumer_id=2 input_index=1 producer_id=1 producer_level=0
[2026-10-02 18:42:04.872] [info] [graph-edge] frame=1 level=1 consumer_id=4 input_index=0 producer_id=3 producer_level=0
[2026-10-02 18:42:05.235] [info] [temp-lifetime] frame=1 after_level=1 live=[2,4,6,] retired=[0,1,3,]
[2026-10-02 18:42:05.235] [info] [exec-level-diag] frame=1 level=1 nodes=2 input_ms=0.036 dispatch_ms=362.611 fb_release_ms=0.044
[2026-10-02 18:42:05.235] [info] [graph-edge] frame=1 level=2 consumer_id=5 input_index=0 producer_id=2 producer_level=1
[2026-10-02 18:42:05.235] [info] [graph-edge] frame=1 level=2 consumer_id=5 input_index=1 producer_id=4 producer_level=1
[2026-10-02 18:42:05.237] [info] [temp-lifetime] frame=1 after_level=2 live=[5,6,] retired=[2,4,]
[2026-10-02 18:42:05.237] [info] [exec-level-diag] frame=1 level=2 nodes=1 input_ms=0.030 dispatch_ms=1.383 fb_release_ms=0.009
[2026-10-02 18:42:05.237] [info] [graph-edge] frame=1 level=3 consumer_id=7 input_index=0 producer_id=5 producer_level=2
[2026-10-02 18:42:05.237] [info] [graph-edge] frame=1 level=3 consumer_id=7 input_index=1 producer_id=6 producer_level=0
[2026-10-02 18:42:05.237] [info] [temp-lifetime] frame=1 after_level=3 live=[7,] retired=[5,6,]
[2026-10-02 18:42:05.237] [info] [exec-level-diag] frame=1 level=3 nodes=1 input_ms=0.027 dispatch_ms=0.145 fb_release_ms=0.035
[2026-10-02 18:42:05.269] [info] [temp-lifetime] frame=2 after_level=0 live=[0,1,3,6,] retired=[]
[2026-10-02 18:42:05.270] [info] [exec-level-diag] frame=2 level=0 nodes=4 input_ms=0.009 dispatch_ms=23.021 fb_release_ms=0.028
[2026-10-02 18:42:05.270] [info] [graph-edge] frame=2 level=1 consumer_id=2 input_index=0 producer_id=0 producer_level=0
[2026-10-02 18:42:05.270] [info] [graph-edge] frame=2 level=1 consumer_id=2 input_index=1 producer_id=1 producer_level=0
[2026-10-02 18:42:05.270] [info] [graph-edge] frame=2 level=1 consumer_id=4 input_index=0 producer_id=3 producer_level=0
[2026-10-02 18:42:05.626] [info] [temp-lifetime] frame=2 after_level=1 live=[2,4,6,] retired=[0,1,3,]
[2026-10-02 18:42:05.626] [info] [exec-level-diag] frame=2 level=1 nodes=2 input_ms=0.051 dispatch_ms=356.232 fb_release_ms=0.048
[2026-10-02 18:42:05.626] [info] [graph-edge] frame=2 level=2 consumer_id=5 input_index=0 producer_id=2 producer_level=1
[2026-10-02 18:42:05.626] [info] [graph-edge] frame=2 level=2 consumer_id=5 input_index=1 producer_id=4 producer_level=1
[2026-10-02 18:42:05.634] [info] [temp-lifetime] frame=2 after_level=2 live=[5,6,] retired=[2,4,]
[2026-10-02 18:42:05.634] [info] [exec-level-diag] frame=2 level=2 nodes=1 input_ms=0.029 dispatch_ms=7.843 fb_release_ms=0.026
[2026-10-02 18:42:05.634] [info] [graph-edge] frame=2 level=3 consumer_id=7 input_index=0 producer_id=5 producer_level=2
[2026-10-02 18:42:05.634] [info] [graph-edge] frame=2 level=3 consumer_id=7 input_index=1 producer_id=6 producer_level=0
[2026-10-02 18:42:05.634] [info] [temp-lifetime] frame=2 after_level=3 live=[7,] retired=[5,6,]
[2026-10-02 18:42:05.634] [info] [exec-level-diag] frame=2 level=3 nodes=1 input_ms=0.028 dispatch_ms=0.257 fb_release_ms=0.029
[2026-10-02 18:42:05.635] [info] [video]   4/48 frames
[2026-10-02 18:42:07.282] [info] [video]   8/48 frames
[2026-10-02 18:42:09.064] [info] [video]   12/48 frames
[2026-10-02 18:42:10.881] [info] [video]   16/48 frames
[2026-10-02 18:42:12.545] [info] [video]   20/48 frames
[2026-10-02 18:42:13.853] [info] [video]   24/48 frames
[2026-10-02 18:42:13.960] [info] [video]   28/48 frames
[2026-10-02 18:42:14.067] [info] [video]   32/48 frames
[2026-10-02 18:42:14.174] [info] [video]   36/48 frames
[2026-10-02 18:42:14.261] [info] [video]   40/48 frames
[2026-10-02 18:42:14.360] [info] [video]   44/48 frames
[2026-10-02 18:42:14.458] [info] [video]   48/48 frames
[2026-10-02 18:42:14.615] [info] [video] writer join complete
[2026-10-02 18:42:14.615] [info] [drain-debug] start drain, capacity=6
[2026-10-02 18:42:14.615] [info] [drain-debug] reap done, busy_count=0
[2026-10-02 18:42:14.615] [info] [video] trimming framebuffer pool
[2026-10-02 18:42:14.808] [info] [video] Released framebuffer pool — memory trimmed
[2026-10-02 18:42:14.808] [info] [video] frame-loop cleanup complete
[2026-10-02 18:42:14.808] [info] [video] Encoder write blocked duration: 0.00 ms
[2026-10-02 18:42:14.808] [info] [video_diag] conversion_and_copy_duration_ms: 230 ms
[2026-10-02 18:42:14.808] [info] [video_diag] conversion_bytes_written=0 encoder_staging_copy_bytes=0 encoder_slot_reuses=0
[2026-10-02 18:42:14.808] [info] [native_av] close: sending encoder flush
[2026-10-02 18:42:14.808] [info] [native_av] close: encoder flush accepted
[2026-10-02 18:42:15.130] [info] [native_av] close: packets drained=true
[2026-10-02 18:42:15.130] [info] [native_av] close: finalizing mux session
[2026-10-02 18:42:15.130] [info] [native_av] close: mux session finalized
[2026-10-02 18:42:15.130] [info] [native_av] Closed native encoder — 48 frames accepted, encoder_packets=48 mux_packets=48 packet_pts=0..47, YUV cache: 0 hits / 48 misses
[2026-10-02 18:42:15.131] [info] [video_native] convert=257.42ms  send_frame=197.91ms  backpressure=83.12ms  flush=322.24ms  receive_packet=403.45ms  mux_write=1.08ms  trailer=0.40ms
[2026-10-02 18:42:15.131] [info] [video] render_ms=9655.73 encode_ms=631.28 writer_encode_ms=550.35 wall_ms=13900.72 nvml_stop_ms=0.17
[2026-10-02 18:42:15.131] [info] [video] FFmpeg queue wait duration: 0.76 ms
[2026-10-02 18:42:15.134] [info] [video] copy_eligible=true sha256=adb81db069667b151296155303d3136596c65d943eac2935663c499c679a1a93
[2026-10-02 18:42:15.134] [info] [video] Wrote /tmp/velox-image-software-cert/inputs/image_glow_pulse_settle/catalog-motions.mp4
[2026-10-02 18:42:15.134] [info] [startup-profile] total=495.90ms logger=0.11ms cli_bootstrap=9.89ms cli_parse=0.00ms composition=0.31ms plan_read=0.17ms json_parse=1.37ms plan_decode_validate=409.58ms asset_resolve=0.03ms plan_compile=5.65ms other=0.00ms
[2026-10-02 18:42:15.164] [info] [video] Wrote exact per-frame timing sidecar: /tmp/velox-image-software-cert/inputs/image_glow_pulse_settle/catalog-motions.mp4.timing.json
[libx264 @ 0x55b34ba75400] frame I:1     Avg QP:13.66  size:   219
[libx264 @ 0x55b34ba75400] frame P:47    Avg QP:15.35  size:   600
[libx264 @ 0x55b34ba75400] mb I  I16..4: 99.7%  0.0%  0.3%
[libx264 @ 0x55b34ba75400] mb P  I16..4:  4.2%  5.1%  0.1%  P16..4: 11.7%  1.8%  0.4%  0.0%  0.0%    skip:76.6%
[libx264 @ 0x55b34ba75400] 8x8 transform intra:44.3% inter:92.8%
[libx264 @ 0x55b34ba75400] coded y,uvDC,uvAC intra: 2.9% 28.2% 15.6% inter: 1.0% 6.9% 1.3%
[libx264 @ 0x55b34ba75400] i16 v,h,dc,p: 61% 36%  3%  0%
[libx264 @ 0x55b34ba75400] i8 v,h,dc,ddl,ddr,vr,hd,vl,hu: 19% 15% 65%  1%  0%  0%  0%  0%  0%
[libx264 @ 0x55b34ba75400] i4 v,h,dc,ddl,ddr,vr,hd,vl,hu: 52% 31% 16%  0%  0%  0%  0%  0%  0%
[libx264 @ 0x55b34ba75400] i8c dc,h,v,p: 49% 31% 20%  0%
[libx264 @ 0x55b34ba75400] Weighted P-Frames: Y:21.3% UV:19.1%
[libx264 @ 0x55b34ba75400] ref P L0: 88.6%  4.6%  5.1%  1.5%  0.2%
[libx264 @ 0x55b34ba75400] kb/s:113.65
[2026-10-02 18:42:15.168] [info] [INFO] job-lifecycle: slot_pool_close_ms=0.0 surface_release_ms=0.0
[2026-10-02 18:42:15.325] [info] [INFO] job-lifecycle: queue_close_ms=0.0 writer_join_ms=0.0 encoder_reset_ms=1.4 decoder_reset_ms=0.0 full_graph_reset_ms=157.0 sink_ctx_reset_ms=0.0 device_runtime_reset_ms=0.0 device_reservation_reset_ms=0.0
[2026-10-02 18:42:15.331] [info] [INFO] job-lifecycle: sidecar_write_ms=32.7 session_teardown_ms=164.2
[2026-10-02 18:42:15.348] [info] [INFO] job-lifecycle: execute_ms=14118.1 receipt_build_ms=0.0 receipt_write_ms=0.0 caller_tail_ms=0.0
