[2026-10-02 18:37:49.468] [info] [overlay-prepare] validated package=/tmp/velox-image-software-cert/inputs/image_border_draw_in/prepared.json hash=24942ae0303778197999cd598bb1139a7675ebc362fd719d52eb45fb4fa9272f assets=1 text_runs=1 overlays=3
[2026-10-02 18:37:49.472] [info] [asset-profile] kind=3 path=assets/fonts/Poppins-Bold.ttf bytes=155996 cache=miss invalidated=0 stat=0.01ms hash=3.48ms hashed_bytes=155996 total=3.65ms
[2026-10-02 18:37:49.473] [info] [asset-profile] kind=0 path=assets/semantic/certification-image.jpg bytes=4146 cache=miss invalidated=0 stat=0.01ms hash=0.13ms hashed_bytes=4146 total=0.25ms
[2026-10-02 18:37:49.473] [info] [asset-digest-cache] hits=0 misses=2 invalidations=0 bytes_hashed=160142 lookup_ms=0.01 write_ms=0.02 full_hash_ms=3.60
[2026-10-02 18:37:49.474] [info] [plan-profile] read=0.12ms parse=1.25ms decode=404.80ms resolver=0.03ms compile_validate=5.52ms total=413.38ms
[2026-10-02 18:37:49.474] [info] [asset-profile] kind=3 path=assets/fonts/Poppins-Bold.ttf bytes=155996 cache=hit invalidated=0 stat=0.01ms hash=0.00ms hashed_bytes=0 total=0.10ms
[2026-10-02 18:37:49.475] [info] [asset-profile] kind=0 path=assets/semantic/certification-image.jpg bytes=4146 cache=hit invalidated=0 stat=0.01ms hash=0.00ms hashed_bytes=0 total=0.10ms
[2026-10-02 18:37:49.475] [info] [asset-digest-cache] hits=2 misses=0 invalidations=0 bytes_hashed=0 lookup_ms=0.01 write_ms=0.00 full_hash_ms=0.00
[2026-10-02 18:37:49.477] [info] [plan-compile-profile] assets=0.37ms fingerprint=1.47ms media_resolution=0.00ms materialize=0.23ms composition_compile=0.00ms compatibility_view=0.07ms total=2.64ms
[2026-10-02 18:37:49.478] [info] [video] Auto-selecting yuv420p pipe pixel format for 640x360 output
[2026-10-02 18:37:49.478] [info] [video] execution plan resolved (reason: render_graph_default); decode=2 composite=3 encode=2 interop=0 handoff=3 codec=3
[2026-10-02 18:37:49.506] [info] [video-runtime] created persistent runtime for device 0 (CUDA ordinal 0)
[2026-10-02 18:37:49.506] [info] [video] encoder feed capability: host_frame=true direct_yuv=false native_surface=false
[libx264 @ 0x55bf8b6e9380] using cpu capabilities: MMX2 SSE2Fast SSSE3 SSE4.2 AVX
[libx264 @ 0x55bf8b6e9380] profile High, level 3.0, 4:2:0, 8-bit
[libx264 @ 0x55bf8b6e9380] 264 - core 163 r3060 5db6aa6 - H.264/MPEG-4 AVC codec - Copyleft 2003-2021 - http://www.videolan.org/x264.html - options: cabac=1 ref=3 deblock=1:0:0 analyse=0x3:0x113 me=hex subme=7 psy=1 psy_rd=1.00:0.00 mixed_ref=1 me_range=16 chroma_me=1 trellis=1 8x8dct=1 cqm=0 deadzone=21,11 fast_pskip=1 chroma_qp_offset=-2 threads=1 lookahead_threads=1 sliced_threads=0 nr=0 decimate=1 interlaced=0 bluray_compat=0 constrained_intra=0 bframes=0 weightp=2 keyint=48 keyint_min=4 scenecut=40 intra_refresh=0 rc_lookahead=40 rc=crf mbtree=1 crf=23.0 qcomp=0.60 qpmin=0 qpmax=69 qpstep=4 ip_ratio=1.40 aq=1:1.00
[2026-10-02 18:37:49.509] [info] [native_av] encoder bitstream contract: codec=27 profile=100 level=-99 pix_fmt=0 parameter_sets=43 materialized=true
[2026-10-02 18:37:49.510] [info] [native_av] Opened native encoder: 640x360 @ 24fps, codec=libx264, rc=crf, preset=medium, output='/tmp/velox-image-software-cert/inputs/image_border_draw_in/catalog-motions.partial.mp4'
[2026-10-02 18:37:50.851] [info] ImageCache: loaded 'assets/semantic/certification-image.jpg' (480x360) in 791.278ms
[2026-10-02 18:37:50.983] [info] [temp-lifetime] frame=0 after_level=0 live=[0,1,5,] retired=[]
[2026-10-02 18:37:50.983] [info] [exec-level-diag] frame=0 level=0 nodes=3 input_ms=0.006 dispatch_ms=26.288 fb_release_ms=0.009
[2026-10-02 18:37:50.983] [info] [graph-edge] frame=0 level=1 consumer_id=2 input_index=0 producer_id=0 producer_level=0
[2026-10-02 18:37:50.983] [info] [graph-edge] frame=0 level=1 consumer_id=2 input_index=1 producer_id=1 producer_level=0
[2026-10-02 18:37:50.994] [info] [temp-lifetime] frame=0 after_level=1 live=[2,5,] retired=[0,1,]
[2026-10-02 18:37:50.994] [info] [exec-level-diag] frame=0 level=1 nodes=1 input_ms=0.030 dispatch_ms=10.609 fb_release_ms=0.015
[2026-10-02 18:37:50.994] [info] [graph-edge] frame=0 level=2 consumer_id=4 input_index=0 producer_id=2 producer_level=1
[2026-10-02 18:37:50.994] [info] [temp-lifetime] frame=0 after_level=2 live=[4,5,] retired=[2,]
[2026-10-02 18:37:50.994] [info] [exec-level-diag] frame=0 level=2 nodes=1 input_ms=0.016 dispatch_ms=0.128 fb_release_ms=0.007
[2026-10-02 18:37:50.994] [info] [graph-edge] frame=0 level=3 consumer_id=6 input_index=0 producer_id=4 producer_level=2
[2026-10-02 18:37:50.994] [info] [graph-edge] frame=0 level=3 consumer_id=6 input_index=1 producer_id=5 producer_level=0
[2026-10-02 18:37:50.994] [info] [temp-lifetime] frame=0 after_level=3 live=[6,] retired=[4,5,]
[2026-10-02 18:37:50.994] [info] [exec-level-diag] frame=0 level=3 nodes=1 input_ms=0.026 dispatch_ms=0.114 fb_release_ms=0.026
[2026-10-02 18:37:51.035] [info] [pool-warm] Pre-allocated 4 canvas buffers (640x384 bucket) at startup
[2026-10-02 18:37:51.249] [info] [pool-warm] Pre-allocated 3 buffers (text-bbox+glow-pad) bucket 1920x1024 at startup
[2026-10-02 18:37:51.321] [info] [pool-warm] Pre-allocated 3 buffers (downsample-half) bucket 1024x640 at startup
[2026-10-02 18:37:51.344] [info] [pool-warm] Pre-allocated 3 buffers (downsample-quarter) bucket 512x384 at startup
[2026-10-02 18:37:51.373] [info] [video] Exporting via Arena-backed SIMD pipeline
[2026-10-02 18:37:51.395] [info] [temp-lifetime] frame=1 after_level=0 live=[0,1,5,] retired=[]
[2026-10-02 18:37:51.395] [info] [exec-level-diag] frame=1 level=0 nodes=3 input_ms=0.007 dispatch_ms=19.086 fb_release_ms=0.012
[2026-10-02 18:37:51.395] [info] [graph-edge] frame=1 level=1 consumer_id=2 input_index=0 producer_id=0 producer_level=0
[2026-10-02 18:37:51.395] [info] [graph-edge] frame=1 level=1 consumer_id=2 input_index=1 producer_id=1 producer_level=0
[2026-10-02 18:37:51.399] [info] [temp-lifetime] frame=1 after_level=1 live=[2,5,] retired=[0,1,]
[2026-10-02 18:37:51.399] [info] [exec-level-diag] frame=1 level=1 nodes=1 input_ms=0.030 dispatch_ms=4.089 fb_release_ms=0.015
[2026-10-02 18:37:51.399] [info] [graph-edge] frame=1 level=2 consumer_id=4 input_index=0 producer_id=2 producer_level=1
[2026-10-02 18:37:51.399] [info] [temp-lifetime] frame=1 after_level=2 live=[4,5,] retired=[2,]
[2026-10-02 18:37:51.399] [info] [exec-level-diag] frame=1 level=2 nodes=1 input_ms=0.015 dispatch_ms=0.153 fb_release_ms=0.007
[2026-10-02 18:37:51.399] [info] [graph-edge] frame=1 level=3 consumer_id=6 input_index=0 producer_id=4 producer_level=2
[2026-10-02 18:37:51.399] [info] [graph-edge] frame=1 level=3 consumer_id=6 input_index=1 producer_id=5 producer_level=0
[2026-10-02 18:37:51.399] [info] [temp-lifetime] frame=1 after_level=3 live=[6,] retired=[4,5,]
[2026-10-02 18:37:51.399] [info] [exec-level-diag] frame=1 level=3 nodes=1 input_ms=0.026 dispatch_ms=0.115 fb_release_ms=0.028
[2026-10-02 18:37:51.422] [info] [temp-lifetime] frame=2 after_level=0 live=[0,1,5,] retired=[]
[2026-10-02 18:37:51.422] [info] [exec-level-diag] frame=2 level=0 nodes=3 input_ms=0.003 dispatch_ms=19.447 fb_release_ms=0.009
[2026-10-02 18:37:51.422] [info] [graph-edge] frame=2 level=1 consumer_id=2 input_index=0 producer_id=0 producer_level=0
[2026-10-02 18:37:51.422] [info] [graph-edge] frame=2 level=1 consumer_id=2 input_index=1 producer_id=1 producer_level=0
[2026-10-02 18:37:51.430] [info] [temp-lifetime] frame=2 after_level=1 live=[2,5,] retired=[0,1,]
[2026-10-02 18:37:51.430] [info] [exec-level-diag] frame=2 level=1 nodes=1 input_ms=0.027 dispatch_ms=8.100 fb_release_ms=0.015
[2026-10-02 18:37:51.430] [info] [graph-edge] frame=2 level=2 consumer_id=4 input_index=0 producer_id=2 producer_level=1
[2026-10-02 18:37:51.430] [info] [temp-lifetime] frame=2 after_level=2 live=[4,5,] retired=[2,]
[2026-10-02 18:37:51.431] [info] [exec-level-diag] frame=2 level=2 nodes=1 input_ms=0.015 dispatch_ms=0.153 fb_release_ms=0.007
[2026-10-02 18:37:51.431] [info] [graph-edge] frame=2 level=3 consumer_id=6 input_index=0 producer_id=4 producer_level=2
[2026-10-02 18:37:51.431] [info] [graph-edge] frame=2 level=3 consumer_id=6 input_index=1 producer_id=5 producer_level=0
[2026-10-02 18:37:51.431] [info] [temp-lifetime] frame=2 after_level=3 live=[6,] retired=[4,5,]
[2026-10-02 18:37:51.431] [info] [exec-level-diag] frame=2 level=3 nodes=1 input_ms=0.020 dispatch_ms=0.121 fb_release_ms=0.029
[2026-10-02 18:37:51.431] [info] [video]   4/48 frames
[2026-10-02 18:37:51.536] [info] [video]   8/48 frames
[2026-10-02 18:37:51.632] [info] [video]   12/48 frames
[2026-10-02 18:37:51.760] [info] [video]   16/48 frames
[2026-10-02 18:37:51.853] [info] [video]   20/48 frames
[2026-10-02 18:37:51.952] [info] [video]   24/48 frames
[2026-10-02 18:37:52.037] [info] [video]   28/48 frames
[2026-10-02 18:37:52.126] [info] [video]   32/48 frames
[2026-10-02 18:37:52.203] [info] [video]   36/48 frames
[2026-10-02 18:37:52.282] [info] [video]   40/48 frames
[2026-10-02 18:37:52.362] [info] [video]   44/48 frames
[2026-10-02 18:37:52.452] [info] [video]   48/48 frames
[2026-10-02 18:37:52.525] [info] [video] writer join complete
[2026-10-02 18:37:52.525] [info] [drain-debug] start drain, capacity=6
[2026-10-02 18:37:52.526] [info] [drain-debug] reap done, busy_count=0
[2026-10-02 18:37:52.526] [info] [video] trimming framebuffer pool
[2026-10-02 18:37:52.719] [info] [video] Released framebuffer pool — memory trimmed
[2026-10-02 18:37:52.720] [info] [video] frame-loop cleanup complete
[2026-10-02 18:37:52.720] [info] [video] Encoder write blocked duration: 0.00 ms
[2026-10-02 18:37:52.720] [info] [video_diag] conversion_and_copy_duration_ms: 210 ms
[2026-10-02 18:37:52.720] [info] [video_diag] conversion_bytes_written=0 encoder_staging_copy_bytes=0 encoder_slot_reuses=0
[2026-10-02 18:37:52.720] [info] [native_av] close: sending encoder flush
[2026-10-02 18:37:52.720] [info] [native_av] close: encoder flush accepted
[2026-10-02 18:37:53.067] [info] [native_av] close: packets drained=true
[2026-10-02 18:37:53.067] [info] [native_av] close: finalizing mux session
[2026-10-02 18:37:53.067] [info] [native_av] close: mux session finalized
[2026-10-02 18:37:53.067] [info] [native_av] Closed native encoder — 48 frames accepted, encoder_packets=48 mux_packets=48 packet_pts=0..47, YUV cache: 0 hits / 48 misses
[2026-10-02 18:37:53.067] [info] [video_native] convert=230.02ms  send_frame=137.70ms  backpressure=64.78ms  flush=347.31ms  receive_packet=410.77ms  mux_write=0.83ms  trailer=0.28ms
[2026-10-02 18:37:53.067] [info] [video] render_ms=1102.59 encode_ms=595.06 writer_encode_ms=434.02 wall_ms=3589.26 nvml_stop_ms=0.14
[2026-10-02 18:37:53.067] [info] [video] FFmpeg queue wait duration: 0.50 ms
[2026-10-02 18:37:53.070] [info] [video] copy_eligible=true sha256=de11234cd2e94d59e11724d739221c6d12eab8b2a6b13dfcabfa684f3314395a
[2026-10-02 18:37:53.070] [info] [video] Wrote /tmp/velox-image-software-cert/inputs/image_border_draw_in/catalog-motions.mp4
[2026-10-02 18:37:53.070] [info] [startup-profile] total=495.76ms logger=0.11ms cli_bootstrap=9.96ms cli_parse=0.00ms composition=0.35ms plan_read=0.12ms json_parse=1.25ms plan_decode_validate=404.80ms asset_resolve=0.03ms plan_compile=5.52ms other=0.00ms
[2026-10-02 18:37:53.099] [info] [video] Wrote exact per-frame timing sidecar: /tmp/velox-image-software-cert/inputs/image_border_draw_in/catalog-motions.mp4.timing.json
[libx264 @ 0x55bf8b6e9380] frame I:1     Avg QP:11.00  size:    91
[libx264 @ 0x55bf8b6e9380] frame P:47    Avg QP:15.24  size:   658
[libx264 @ 0x55bf8b6e9380] mb I  I16..4: 100.0%  0.0%  0.0%
[libx264 @ 0x55bf8b6e9380] mb P  I16..4:  7.6%  5.5%  0.1%  P16..4: 13.7%  1.1%  0.3%  0.0%  0.0%    skip:71.6%
[libx264 @ 0x55bf8b6e9380] 8x8 transform intra:36.1% inter:94.2%
[libx264 @ 0x55bf8b6e9380] coded y,uvDC,uvAC intra: 1.7% 29.7% 15.6% inter: 1.9% 8.9% 1.3%
[libx264 @ 0x55bf8b6e9380] i16 v,h,dc,p: 69% 28%  2%  0%
[libx264 @ 0x55bf8b6e9380] i8 v,h,dc,ddl,ddr,vr,hd,vl,hu: 20% 13% 66%  1%  0%  0%  0%  0%  0%
[libx264 @ 0x55bf8b6e9380] i4 v,h,dc,ddl,ddr,vr,hd,vl,hu: 59% 26% 14%  0%  1%  0%  0%  0%  0%
[libx264 @ 0x55bf8b6e9380] i8c dc,h,v,p: 49% 28% 24%  0%
[libx264 @ 0x55bf8b6e9380] Weighted P-Frames: Y:31.9% UV:29.8%
[libx264 @ 0x55bf8b6e9380] ref P L0: 94.4%  3.5%  2.1%  0.0%
[libx264 @ 0x55bf8b6e9380] kb/s:124.10
[2026-10-02 18:37:53.102] [info] [INFO] job-lifecycle: slot_pool_close_ms=0.0 surface_release_ms=0.0
[2026-10-02 18:37:53.139] [info] [INFO] job-lifecycle: queue_close_ms=0.0 writer_join_ms=0.0 encoder_reset_ms=0.9 decoder_reset_ms=0.0 full_graph_reset_ms=36.7 sink_ctx_reset_ms=0.0 device_runtime_reset_ms=0.0 device_reservation_reset_ms=0.0
[2026-10-02 18:37:53.145] [info] [INFO] job-lifecycle: sidecar_write_ms=31.1 session_teardown_ms=43.9
[2026-10-02 18:37:53.156] [info] [INFO] job-lifecycle: execute_ms=3678.1 receipt_build_ms=0.0 receipt_write_ms=0.0 caller_tail_ms=0.0
