[2026-10-02 18:38:11.255] [info] [overlay-prepare] validated package=/tmp/velox-image-software-cert/inputs/image_card_flip_soft/prepared.json hash=b092ea9cbf73580a9547ac3ef9f901760bb6d875cbbd8a9e404f3611adeb1fb5 assets=1 text_runs=1 overlays=3
[2026-10-02 18:38:11.259] [info] [asset-profile] kind=3 path=assets/fonts/Poppins-Bold.ttf bytes=155996 cache=miss invalidated=0 stat=0.01ms hash=3.53ms hashed_bytes=155996 total=3.67ms
[2026-10-02 18:38:11.260] [info] [asset-profile] kind=0 path=assets/semantic/certification-image.jpg bytes=4146 cache=miss invalidated=0 stat=0.02ms hash=0.17ms hashed_bytes=4146 total=0.39ms
[2026-10-02 18:38:11.260] [info] [asset-digest-cache] hits=0 misses=2 invalidations=0 bytes_hashed=160142 lookup_ms=0.01 write_ms=0.03 full_hash_ms=3.71
[2026-10-02 18:38:11.262] [info] [plan-profile] read=0.12ms parse=1.57ms decode=408.61ms resolver=0.02ms compile_validate=6.19ms total=418.64ms
[2026-10-02 18:38:11.262] [info] [asset-profile] kind=3 path=assets/fonts/Poppins-Bold.ttf bytes=155996 cache=hit invalidated=0 stat=0.01ms hash=0.00ms hashed_bytes=0 total=0.10ms
[2026-10-02 18:38:11.262] [info] [asset-profile] kind=0 path=assets/semantic/certification-image.jpg bytes=4146 cache=hit invalidated=0 stat=0.01ms hash=0.00ms hashed_bytes=0 total=0.11ms
[2026-10-02 18:38:11.262] [info] [asset-digest-cache] hits=2 misses=0 invalidations=0 bytes_hashed=0 lookup_ms=0.01 write_ms=0.00 full_hash_ms=0.00
[2026-10-02 18:38:11.265] [info] [plan-compile-profile] assets=0.53ms fingerprint=1.85ms media_resolution=0.00ms materialize=0.20ms composition_compile=0.00ms compatibility_view=0.09ms total=3.06ms
[2026-10-02 18:38:11.266] [info] [video] Auto-selecting yuv420p pipe pixel format for 640x360 output
[2026-10-02 18:38:11.266] [info] [video] execution plan resolved (reason: render_graph_default); decode=2 composite=3 encode=2 interop=0 handoff=3 codec=3
[2026-10-02 18:38:11.300] [info] [video-runtime] created persistent runtime for device 0 (CUDA ordinal 0)
[2026-10-02 18:38:11.300] [info] [video] encoder feed capability: host_frame=true direct_yuv=false native_surface=false
[libx264 @ 0x559777b49340] using cpu capabilities: MMX2 SSE2Fast SSSE3 SSE4.2 AVX
[libx264 @ 0x559777b49340] profile High, level 3.0, 4:2:0, 8-bit
[libx264 @ 0x559777b49340] 264 - core 163 r3060 5db6aa6 - H.264/MPEG-4 AVC codec - Copyleft 2003-2021 - http://www.videolan.org/x264.html - options: cabac=1 ref=3 deblock=1:0:0 analyse=0x3:0x113 me=hex subme=7 psy=1 psy_rd=1.00:0.00 mixed_ref=1 me_range=16 chroma_me=1 trellis=1 8x8dct=1 cqm=0 deadzone=21,11 fast_pskip=1 chroma_qp_offset=-2 threads=1 lookahead_threads=1 sliced_threads=0 nr=0 decimate=1 interlaced=0 bluray_compat=0 constrained_intra=0 bframes=0 weightp=2 keyint=48 keyint_min=4 scenecut=40 intra_refresh=0 rc_lookahead=40 rc=crf mbtree=1 crf=23.0 qcomp=0.60 qpmin=0 qpmax=69 qpstep=4 ip_ratio=1.40 aq=1:1.00
[2026-10-02 18:38:11.303] [info] [native_av] encoder bitstream contract: codec=27 profile=100 level=-99 pix_fmt=0 parameter_sets=43 materialized=true
[2026-10-02 18:38:11.304] [info] [native_av] Opened native encoder: 640x360 @ 24fps, codec=libx264, rc=crf, preset=medium, output='/tmp/velox-image-software-cert/inputs/image_card_flip_soft/catalog-motions.partial.mp4'
[2026-10-02 18:38:12.614] [info] ImageCache: loaded 'assets/semantic/certification-image.jpg' (480x360) in 779.323ms
[2026-10-02 18:38:13.109] [info] [temp-lifetime] frame=0 after_level=0 live=[0,1,5,10,] retired=[]
[2026-10-02 18:38:13.109] [info] [exec-level-diag] frame=0 level=0 nodes=4 input_ms=0.006 dispatch_ms=400.212 fb_release_ms=0.012
[2026-10-02 18:38:13.109] [info] [graph-edge] frame=0 level=1 consumer_id=2 input_index=0 producer_id=1 producer_level=0
[2026-10-02 18:38:13.109] [info] [graph-edge] frame=0 level=1 consumer_id=6 input_index=0 producer_id=5 producer_level=0
[2026-10-02 18:38:13.114] [info] [temp-lifetime] frame=0 after_level=1 live=[0,2,6,10,] retired=[1,5,]
[2026-10-02 18:38:13.114] [info] [exec-level-diag] frame=0 level=1 nodes=2 input_ms=0.106 dispatch_ms=4.821 fb_release_ms=0.022
[2026-10-02 18:38:13.115] [info] [graph-edge] frame=0 level=2 consumer_id=3 input_index=0 producer_id=2 producer_level=1
[2026-10-02 18:38:13.115] [info] [graph-edge] frame=0 level=2 consumer_id=7 input_index=0 producer_id=6 producer_level=1
[2026-10-02 18:38:13.115] [info] [temp-lifetime] frame=0 after_level=2 live=[0,3,7,10,] retired=[2,6,]
[2026-10-02 18:38:13.115] [info] [exec-level-diag] frame=0 level=2 nodes=2 input_ms=0.128 dispatch_ms=0.325 fb_release_ms=0.015
[2026-10-02 18:38:13.115] [info] [graph-edge] frame=0 level=3 consumer_id=4 input_index=0 producer_id=0 producer_level=0
[2026-10-02 18:38:13.115] [info] [graph-edge] frame=0 level=3 consumer_id=4 input_index=1 producer_id=3 producer_level=2
[2026-10-02 18:38:13.115] [info] [graph-edge] frame=0 level=3 consumer_id=8 input_index=0 producer_id=7 producer_level=2
[2026-10-02 18:38:13.214] [info] [temp-lifetime] frame=0 after_level=3 live=[4,8,10,] retired=[0,3,7,]
[2026-10-02 18:38:13.214] [info] [exec-level-diag] frame=0 level=3 nodes=2 input_ms=0.187 dispatch_ms=98.809 fb_release_ms=0.059
[2026-10-02 18:38:13.214] [info] [graph-edge] frame=0 level=4 consumer_id=9 input_index=0 producer_id=4 producer_level=3
[2026-10-02 18:38:13.214] [info] [graph-edge] frame=0 level=4 consumer_id=9 input_index=1 producer_id=8 producer_level=3
[2026-10-02 18:38:13.215] [info] [temp-lifetime] frame=0 after_level=4 live=[9,10,] retired=[4,8,]
[2026-10-02 18:38:13.215] [info] [exec-level-diag] frame=0 level=4 nodes=1 input_ms=0.103 dispatch_ms=0.829 fb_release_ms=0.032
[2026-10-02 18:38:13.216] [info] [graph-edge] frame=0 level=5 consumer_id=11 input_index=0 producer_id=9 producer_level=4
[2026-10-02 18:38:13.216] [info] [graph-edge] frame=0 level=5 consumer_id=11 input_index=1 producer_id=10 producer_level=0
[2026-10-02 18:38:13.216] [info] [temp-lifetime] frame=0 after_level=5 live=[11,] retired=[9,10,]
[2026-10-02 18:38:13.216] [info] [exec-level-diag] frame=0 level=5 nodes=1 input_ms=0.125 dispatch_ms=0.169 fb_release_ms=0.036
[2026-10-02 18:38:13.641] [info] [temp-lifetime] frame=0 after_level=0 live=[0,1,5,10,] retired=[]
[2026-10-02 18:38:13.642] [info] [exec-level-diag] frame=0 level=0 nodes=4 input_ms=0.004 dispatch_ms=421.110 fb_release_ms=0.012
[2026-10-02 18:38:13.642] [info] [graph-edge] frame=0 level=1 consumer_id=2 input_index=0 producer_id=1 producer_level=0
[2026-10-02 18:38:13.642] [info] [graph-edge] frame=0 level=1 consumer_id=6 input_index=0 producer_id=5 producer_level=0
[2026-10-02 18:38:13.646] [info] [temp-lifetime] frame=0 after_level=1 live=[0,2,6,10,] retired=[1,5,]
[2026-10-02 18:38:13.646] [info] [exec-level-diag] frame=0 level=1 nodes=2 input_ms=0.047 dispatch_ms=4.701 fb_release_ms=0.027
[2026-10-02 18:38:13.647] [info] [graph-edge] frame=0 level=2 consumer_id=3 input_index=0 producer_id=2 producer_level=1
[2026-10-02 18:38:13.647] [info] [graph-edge] frame=0 level=2 consumer_id=7 input_index=0 producer_id=6 producer_level=1
[2026-10-02 18:38:13.647] [info] [temp-lifetime] frame=0 after_level=2 live=[0,3,7,10,] retired=[2,6,]
[2026-10-02 18:38:13.647] [info] [exec-level-diag] frame=0 level=2 nodes=2 input_ms=0.176 dispatch_ms=0.288 fb_release_ms=0.015
[2026-10-02 18:38:13.647] [info] [graph-edge] frame=0 level=3 consumer_id=4 input_index=0 producer_id=0 producer_level=0
[2026-10-02 18:38:13.647] [info] [graph-edge] frame=0 level=3 consumer_id=4 input_index=1 producer_id=3 producer_level=2
[2026-10-02 18:38:13.647] [info] [graph-edge] frame=0 level=3 consumer_id=8 input_index=0 producer_id=7 producer_level=2
[2026-10-02 18:38:13.754] [info] [temp-lifetime] frame=0 after_level=3 live=[4,8,10,] retired=[0,3,7,]
[2026-10-02 18:38:13.754] [info] [exec-level-diag] frame=0 level=3 nodes=2 input_ms=0.257 dispatch_ms=106.052 fb_release_ms=0.051
[2026-10-02 18:38:13.754] [info] [graph-edge] frame=0 level=4 consumer_id=9 input_index=0 producer_id=4 producer_level=3
[2026-10-02 18:38:13.754] [info] [graph-edge] frame=0 level=4 consumer_id=9 input_index=1 producer_id=8 producer_level=3
[2026-10-02 18:38:13.755] [info] [temp-lifetime] frame=0 after_level=4 live=[9,10,] retired=[4,8,]
[2026-10-02 18:38:13.755] [info] [exec-level-diag] frame=0 level=4 nodes=1 input_ms=0.109 dispatch_ms=0.927 fb_release_ms=0.032
[2026-10-02 18:38:13.755] [info] [graph-edge] frame=0 level=5 consumer_id=11 input_index=0 producer_id=9 producer_level=4
[2026-10-02 18:38:13.755] [info] [graph-edge] frame=0 level=5 consumer_id=11 input_index=1 producer_id=10 producer_level=0
[2026-10-02 18:38:13.756] [info] [temp-lifetime] frame=0 after_level=5 live=[11,] retired=[9,10,]
[2026-10-02 18:38:13.756] [info] [exec-level-diag] frame=0 level=5 nodes=1 input_ms=0.169 dispatch_ms=0.176 fb_release_ms=0.031
[2026-10-02 18:38:13.790] [info] [pool-warm] Pre-allocated 4 canvas buffers (640x384 bucket) at startup
[2026-10-02 18:38:13.983] [info] [pool-warm] Pre-allocated 3 buffers (text-bbox+glow-pad) bucket 1920x1024 at startup
[2026-10-02 18:38:14.052] [info] [pool-warm] Pre-allocated 3 buffers (downsample-half) bucket 1024x640 at startup
[2026-10-02 18:38:14.074] [info] [pool-warm] Pre-allocated 3 buffers (downsample-quarter) bucket 512x384 at startup
[2026-10-02 18:38:14.520] [info] [temp-lifetime] frame=0 after_level=0 live=[0,1,5,10,] retired=[]
[2026-10-02 18:38:14.520] [info] [exec-level-diag] frame=0 level=0 nodes=4 input_ms=0.006 dispatch_ms=418.282 fb_release_ms=0.014
[2026-10-02 18:38:14.520] [info] [graph-edge] frame=0 level=1 consumer_id=2 input_index=0 producer_id=1 producer_level=0
[2026-10-02 18:38:14.521] [info] [graph-edge] frame=0 level=1 consumer_id=6 input_index=0 producer_id=5 producer_level=0
[2026-10-02 18:38:14.523] [info] [temp-lifetime] frame=0 after_level=1 live=[0,2,6,10,] retired=[1,5,]
[2026-10-02 18:38:14.523] [info] [exec-level-diag] frame=0 level=1 nodes=2 input_ms=0.121 dispatch_ms=2.135 fb_release_ms=0.016
[2026-10-02 18:38:14.523] [info] [graph-edge] frame=0 level=2 consumer_id=3 input_index=0 producer_id=2 producer_level=1
[2026-10-02 18:38:14.523] [info] [graph-edge] frame=0 level=2 consumer_id=7 input_index=0 producer_id=6 producer_level=1
[2026-10-02 18:38:14.523] [info] [temp-lifetime] frame=0 after_level=2 live=[0,3,7,10,] retired=[2,6,]
[2026-10-02 18:38:14.523] [info] [exec-level-diag] frame=0 level=2 nodes=2 input_ms=0.108 dispatch_ms=0.235 fb_release_ms=0.018
[2026-10-02 18:38:14.523] [info] [graph-edge] frame=0 level=3 consumer_id=4 input_index=0 producer_id=0 producer_level=0
[2026-10-02 18:38:14.523] [info] [graph-edge] frame=0 level=3 consumer_id=4 input_index=1 producer_id=3 producer_level=2
[2026-10-02 18:38:14.523] [info] [graph-edge] frame=0 level=3 consumer_id=8 input_index=0 producer_id=7 producer_level=2
[2026-10-02 18:38:14.642] [info] [temp-lifetime] frame=0 after_level=3 live=[4,8,10,] retired=[0,3,7,]
[2026-10-02 18:38:14.642] [info] [exec-level-diag] frame=0 level=3 nodes=2 input_ms=0.220 dispatch_ms=118.390 fb_release_ms=0.095
[2026-10-02 18:38:14.642] [info] [graph-edge] frame=0 level=4 consumer_id=9 input_index=0 producer_id=4 producer_level=3
[2026-10-02 18:38:14.642] [info] [graph-edge] frame=0 level=4 consumer_id=9 input_index=1 producer_id=8 producer_level=3
[2026-10-02 18:38:14.645] [info] [temp-lifetime] frame=0 after_level=4 live=[9,10,] retired=[4,8,]
[2026-10-02 18:38:14.645] [info] [exec-level-diag] frame=0 level=4 nodes=1 input_ms=0.153 dispatch_ms=2.380 fb_release_ms=0.028
[2026-10-02 18:38:14.645] [info] [graph-edge] frame=0 level=5 consumer_id=11 input_index=0 producer_id=9 producer_level=4
[2026-10-02 18:38:14.645] [info] [graph-edge] frame=0 level=5 consumer_id=11 input_index=1 producer_id=10 producer_level=0
[2026-10-02 18:38:14.645] [info] [temp-lifetime] frame=0 after_level=5 live=[11,] retired=[9,10,]
[2026-10-02 18:38:14.645] [info] [exec-level-diag] frame=0 level=5 nodes=1 input_ms=0.146 dispatch_ms=0.153 fb_release_ms=0.029
[2026-10-02 18:38:14.646] [info] [video] Exporting via Arena-backed SIMD pipeline
[2026-10-02 18:38:15.055] [info] [temp-lifetime] frame=1 after_level=0 live=[0,1,5,10,] retired=[]
[2026-10-02 18:38:15.055] [info] [exec-level-diag] frame=1 level=0 nodes=4 input_ms=0.004 dispatch_ms=405.020 fb_release_ms=0.013
[2026-10-02 18:38:15.055] [info] [graph-edge] frame=1 level=1 consumer_id=2 input_index=0 producer_id=1 producer_level=0
[2026-10-02 18:38:15.055] [info] [graph-edge] frame=1 level=1 consumer_id=6 input_index=0 producer_id=5 producer_level=0
[2026-10-02 18:38:15.061] [info] [temp-lifetime] frame=1 after_level=1 live=[0,2,6,10,] retired=[1,5,]
[2026-10-02 18:38:15.061] [info] [exec-level-diag] frame=1 level=1 nodes=2 input_ms=0.152 dispatch_ms=5.724 fb_release_ms=0.021
[2026-10-02 18:38:15.061] [info] [graph-edge] frame=1 level=2 consumer_id=3 input_index=0 producer_id=2 producer_level=1
[2026-10-02 18:38:15.061] [info] [graph-edge] frame=1 level=2 consumer_id=7 input_index=0 producer_id=6 producer_level=1
[2026-10-02 18:38:15.063] [info] [temp-lifetime] frame=1 after_level=2 live=[0,3,7,10,] retired=[2,6,]
[2026-10-02 18:38:15.063] [info] [exec-level-diag] frame=1 level=2 nodes=2 input_ms=0.114 dispatch_ms=1.543 fb_release_ms=0.010
[2026-10-02 18:38:15.063] [info] [graph-edge] frame=1 level=3 consumer_id=4 input_index=0 producer_id=0 producer_level=0
[2026-10-02 18:38:15.063] [info] [graph-edge] frame=1 level=3 consumer_id=4 input_index=1 producer_id=3 producer_level=2
[2026-10-02 18:38:15.063] [info] [graph-edge] frame=1 level=3 consumer_id=8 input_index=0 producer_id=7 producer_level=2
[2026-10-02 18:38:15.200] [info] [temp-lifetime] frame=1 after_level=3 live=[4,8,10,] retired=[0,3,7,]
[2026-10-02 18:38:15.200] [info] [exec-level-diag] frame=1 level=3 nodes=2 input_ms=0.101 dispatch_ms=136.980 fb_release_ms=0.070
[2026-10-02 18:38:15.200] [info] [graph-edge] frame=1 level=4 consumer_id=9 input_index=0 producer_id=4 producer_level=3
[2026-10-02 18:38:15.200] [info] [graph-edge] frame=1 level=4 consumer_id=9 input_index=1 producer_id=8 producer_level=3
[2026-10-02 18:38:15.204] [info] [temp-lifetime] frame=1 after_level=4 live=[9,10,] retired=[4,8,]
[2026-10-02 18:38:15.204] [info] [exec-level-diag] frame=1 level=4 nodes=1 input_ms=0.115 dispatch_ms=3.460 fb_release_ms=0.021
[2026-10-02 18:38:15.204] [info] [graph-edge] frame=1 level=5 consumer_id=11 input_index=0 producer_id=9 producer_level=4
[2026-10-02 18:38:15.204] [info] [graph-edge] frame=1 level=5 consumer_id=11 input_index=1 producer_id=10 producer_level=0
[2026-10-02 18:38:15.204] [info] [temp-lifetime] frame=1 after_level=5 live=[11,] retired=[9,10,]
[2026-10-02 18:38:15.204] [info] [exec-level-diag] frame=1 level=5 nodes=1 input_ms=0.099 dispatch_ms=0.131 fb_release_ms=0.020
[2026-10-02 18:38:15.606] [info] [temp-lifetime] frame=2 after_level=0 live=[0,1,5,10,] retired=[]
[2026-10-02 18:38:15.607] [info] [exec-level-diag] frame=2 level=0 nodes=4 input_ms=0.003 dispatch_ms=398.058 fb_release_ms=0.013
[2026-10-02 18:38:15.607] [info] [graph-edge] frame=2 level=1 consumer_id=2 input_index=0 producer_id=1 producer_level=0
[2026-10-02 18:38:15.607] [info] [graph-edge] frame=2 level=1 consumer_id=6 input_index=0 producer_id=5 producer_level=0
[2026-10-02 18:38:15.610] [info] [temp-lifetime] frame=2 after_level=1 live=[0,2,6,10,] retired=[1,5,]
[2026-10-02 18:38:15.610] [info] [exec-level-diag] frame=2 level=1 nodes=2 input_ms=0.101 dispatch_ms=3.168 fb_release_ms=0.015
[2026-10-02 18:38:15.610] [info] [graph-edge] frame=2 level=2 consumer_id=3 input_index=0 producer_id=2 producer_level=1
[2026-10-02 18:38:15.610] [info] [graph-edge] frame=2 level=2 consumer_id=7 input_index=0 producer_id=6 producer_level=1
[2026-10-02 18:38:15.610] [info] [temp-lifetime] frame=2 after_level=2 live=[0,3,7,10,] retired=[2,6,]
[2026-10-02 18:38:15.610] [info] [exec-level-diag] frame=2 level=2 nodes=2 input_ms=0.100 dispatch_ms=0.257 fb_release_ms=0.009
[2026-10-02 18:38:15.611] [info] [graph-edge] frame=2 level=3 consumer_id=4 input_index=0 producer_id=0 producer_level=0
[2026-10-02 18:38:15.611] [info] [graph-edge] frame=2 level=3 consumer_id=4 input_index=1 producer_id=3 producer_level=2
[2026-10-02 18:38:15.611] [info] [graph-edge] frame=2 level=3 consumer_id=8 input_index=0 producer_id=7 producer_level=2
[2026-10-02 18:38:15.755] [info] [temp-lifetime] frame=2 after_level=3 live=[4,8,10,] retired=[0,3,7,]
[2026-10-02 18:38:15.755] [info] [exec-level-diag] frame=2 level=3 nodes=2 input_ms=0.156 dispatch_ms=143.748 fb_release_ms=0.083
[2026-10-02 18:38:15.755] [info] [graph-edge] frame=2 level=4 consumer_id=9 input_index=0 producer_id=4 producer_level=3
[2026-10-02 18:38:15.755] [info] [graph-edge] frame=2 level=4 consumer_id=9 input_index=1 producer_id=8 producer_level=3
[2026-10-02 18:38:15.756] [info] [temp-lifetime] frame=2 after_level=4 live=[9,10,] retired=[4,8,]
[2026-10-02 18:38:15.756] [info] [exec-level-diag] frame=2 level=4 nodes=1 input_ms=0.108 dispatch_ms=0.944 fb_release_ms=0.019
[2026-10-02 18:38:15.756] [info] [graph-edge] frame=2 level=5 consumer_id=11 input_index=0 producer_id=9 producer_level=4
[2026-10-02 18:38:15.756] [info] [graph-edge] frame=2 level=5 consumer_id=11 input_index=1 producer_id=10 producer_level=0
[2026-10-02 18:38:15.756] [info] [temp-lifetime] frame=2 after_level=5 live=[11,] retired=[9,10,]
[2026-10-02 18:38:15.756] [info] [exec-level-diag] frame=2 level=5 nodes=1 input_ms=0.138 dispatch_ms=0.125 fb_release_ms=0.096
[2026-10-02 18:38:15.757] [info] [video]   4/48 frames
[2026-10-02 18:38:17.979] [info] [video]   8/48 frames
[2026-10-02 18:38:20.350] [info] [video]   12/48 frames
[2026-10-02 18:38:22.665] [info] [video]   16/48 frames
[2026-10-02 18:38:25.039] [info] [video]   20/48 frames
[2026-10-02 18:38:27.307] [info] [video]   24/48 frames
[2026-10-02 18:38:29.651] [info] [video]   28/48 frames
[2026-10-02 18:38:31.973] [info] [video]   32/48 frames
[2026-10-02 18:38:34.324] [info] [video]   36/48 frames
[2026-10-02 18:38:36.712] [info] [video]   40/48 frames
[2026-10-02 18:38:39.032] [info] [video]   44/48 frames
[2026-10-02 18:38:41.276] [info] [video]   48/48 frames
[2026-10-02 18:38:41.899] [info] [video] writer join complete
[2026-10-02 18:38:41.899] [info] [drain-debug] start drain, capacity=6
[2026-10-02 18:38:41.899] [info] [drain-debug] reap done, busy_count=0
[2026-10-02 18:38:41.899] [info] [video] trimming framebuffer pool
[2026-10-02 18:38:42.114] [info] [video] Released framebuffer pool — memory trimmed
[2026-10-02 18:38:42.115] [info] [video] frame-loop cleanup complete
[2026-10-02 18:38:42.115] [info] [video] Encoder write blocked duration: 0.00 ms
[2026-10-02 18:38:42.115] [info] [video_diag] conversion_and_copy_duration_ms: 257 ms
[2026-10-02 18:38:42.115] [info] [video_diag] conversion_bytes_written=0 encoder_staging_copy_bytes=0 encoder_slot_reuses=0
[2026-10-02 18:38:42.115] [info] [native_av] close: sending encoder flush
[2026-10-02 18:38:42.115] [info] [native_av] close: encoder flush accepted
[2026-10-02 18:38:42.556] [info] [native_av] close: packets drained=true
[2026-10-02 18:38:42.556] [info] [native_av] close: finalizing mux session
[2026-10-02 18:38:42.556] [info] [native_av] close: mux session finalized
[2026-10-02 18:38:42.556] [info] [native_av] Closed native encoder — 48 frames accepted, encoder_packets=48 mux_packets=48 packet_pts=0..47, YUV cache: 0 hits / 48 misses
[2026-10-02 18:38:42.556] [info] [video_native] convert=284.22ms  send_frame=176.64ms  backpressure=49.81ms  flush=441.49ms  receive_packet=489.81ms  mux_write=0.80ms  trailer=0.32ms
[2026-10-02 18:38:42.557] [info] [video] render_ms=27757.76 encode_ms=700.99 writer_encode_ms=512.80 wall_ms=31290.59 nvml_stop_ms=0.17
[2026-10-02 18:38:42.557] [info] [video] FFmpeg queue wait duration: 0.66 ms
[2026-10-02 18:38:42.560] [info] [video] copy_eligible=true sha256=4bff644c7ebebd04be837b66039a3028ff200f2afe9d27072d81bf049845cd1d
[2026-10-02 18:38:42.560] [info] [video] Wrote /tmp/velox-image-software-cert/inputs/image_card_flip_soft/catalog-motions.mp4
[2026-10-02 18:38:42.560] [info] [startup-profile] total=508.84ms logger=0.10ms cli_bootstrap=10.32ms cli_parse=0.00ms composition=0.33ms plan_read=0.12ms json_parse=1.57ms plan_decode_validate=408.61ms asset_resolve=0.02ms plan_compile=6.19ms other=0.00ms
[2026-10-02 18:38:42.590] [info] [video] Wrote exact per-frame timing sidecar: /tmp/velox-image-software-cert/inputs/image_card_flip_soft/catalog-motions.mp4.timing.json
[libx264 @ 0x559777b49340] frame I:1     Avg QP:11.78  size:    92
[libx264 @ 0x559777b49340] frame P:47    Avg QP:18.35  size:  1005
[libx264 @ 0x559777b49340] mb I  I16..4: 100.0%  0.0%  0.0%
[libx264 @ 0x559777b49340] mb P  I16..4:  7.7%  8.0%  0.2%  P16..4: 16.0%  2.2%  0.8%  0.0%  0.0%    skip:65.1%
[libx264 @ 0x559777b49340] 8x8 transform intra:44.3% inter:83.7%
[libx264 @ 0x559777b49340] coded y,uvDC,uvAC intra: 7.1% 46.7% 25.7% inter: 1.5% 8.0% 1.5%
[libx264 @ 0x559777b49340] i16 v,h,dc,p: 79% 17%  4%  1%
[libx264 @ 0x559777b49340] i8 v,h,dc,ddl,ddr,vr,hd,vl,hu: 32% 16% 47%  2%  1%  0%  1%  0%  1%
[libx264 @ 0x559777b49340] i4 v,h,dc,ddl,ddr,vr,hd,vl,hu: 43% 31% 20%  1%  0%  0%  2%  0%  2%
[libx264 @ 0x559777b49340] i8c dc,h,v,p: 42% 19% 38%  0%
[libx264 @ 0x559777b49340] Weighted P-Frames: Y:25.5% UV:25.5%
[libx264 @ 0x559777b49340] ref P L0: 80.6%  1.6% 11.6%  6.0%  0.2%
[libx264 @ 0x559777b49340] kb/s:189.32
[2026-10-02 18:38:42.594] [info] [INFO] job-lifecycle: slot_pool_close_ms=0.0 surface_release_ms=0.0
[2026-10-02 18:38:42.631] [info] [INFO] job-lifecycle: queue_close_ms=0.0 writer_join_ms=0.0 encoder_reset_ms=1.7 decoder_reset_ms=0.0 full_graph_reset_ms=37.2 sink_ctx_reset_ms=0.0 device_runtime_reset_ms=0.0 device_reservation_reset_ms=0.0
[2026-10-02 18:38:42.638] [info] [INFO] job-lifecycle: sidecar_write_ms=32.3 session_teardown_ms=45.6
[2026-10-02 18:38:42.649] [info] [INFO] job-lifecycle: execute_ms=31383.3 receipt_build_ms=0.0 receipt_write_ms=0.0 caller_tail_ms=0.0
