[2026-10-02 18:43:17.729] [info] [overlay-prepare] validated package=/tmp/velox-image-software-cert/inputs/image_neon_trace/prepared.json hash=6a27561b827b1536c853e40c8dd47602c325fc8ecd8e3dcdfae4ea6f74886cd3 assets=1 text_runs=1 overlays=3
[2026-10-02 18:43:17.734] [info] [asset-profile] kind=3 path=assets/fonts/Poppins-Bold.ttf bytes=155996 cache=miss invalidated=0 stat=0.01ms hash=3.73ms hashed_bytes=155996 total=3.88ms
[2026-10-02 18:43:17.734] [info] [asset-profile] kind=0 path=assets/semantic/certification-image.jpg bytes=4146 cache=miss invalidated=0 stat=0.01ms hash=0.12ms hashed_bytes=4146 total=0.24ms
[2026-10-02 18:43:17.734] [info] [asset-digest-cache] hits=0 misses=2 invalidations=0 bytes_hashed=160142 lookup_ms=0.01 write_ms=0.03 full_hash_ms=3.85
[2026-10-02 18:43:17.735] [info] [plan-profile] read=0.13ms parse=1.29ms decode=404.40ms resolver=0.03ms compile_validate=5.74ms total=413.37ms
[2026-10-02 18:43:17.736] [info] [asset-profile] kind=3 path=assets/fonts/Poppins-Bold.ttf bytes=155996 cache=hit invalidated=0 stat=0.01ms hash=0.00ms hashed_bytes=0 total=0.10ms
[2026-10-02 18:43:17.736] [info] [asset-profile] kind=0 path=assets/semantic/certification-image.jpg bytes=4146 cache=hit invalidated=0 stat=0.01ms hash=0.00ms hashed_bytes=0 total=0.10ms
[2026-10-02 18:43:17.736] [info] [asset-digest-cache] hits=2 misses=0 invalidations=0 bytes_hashed=0 lookup_ms=0.01 write_ms=0.00 full_hash_ms=0.00
[2026-10-02 18:43:17.738] [info] [plan-compile-profile] assets=0.51ms fingerprint=1.48ms media_resolution=0.00ms materialize=0.19ms composition_compile=0.00ms compatibility_view=0.09ms total=2.63ms
[2026-10-02 18:43:17.739] [info] [video] Auto-selecting yuv420p pipe pixel format for 640x360 output
[2026-10-02 18:43:17.739] [info] [video] execution plan resolved (reason: render_graph_default); decode=2 composite=3 encode=2 interop=0 handoff=3 codec=3
[2026-10-02 18:43:17.757] [info] [video-runtime] created persistent runtime for device 0 (CUDA ordinal 0)
[2026-10-02 18:43:17.758] [info] [video] encoder feed capability: host_frame=true direct_yuv=false native_surface=false
[libx264 @ 0x56445c7720c0] using cpu capabilities: MMX2 SSE2Fast SSSE3 SSE4.2 AVX
[libx264 @ 0x56445c7720c0] profile High, level 3.0, 4:2:0, 8-bit
[libx264 @ 0x56445c7720c0] 264 - core 163 r3060 5db6aa6 - H.264/MPEG-4 AVC codec - Copyleft 2003-2021 - http://www.videolan.org/x264.html - options: cabac=1 ref=3 deblock=1:0:0 analyse=0x3:0x113 me=hex subme=7 psy=1 psy_rd=1.00:0.00 mixed_ref=1 me_range=16 chroma_me=1 trellis=1 8x8dct=1 cqm=0 deadzone=21,11 fast_pskip=1 chroma_qp_offset=-2 threads=1 lookahead_threads=1 sliced_threads=0 nr=0 decimate=1 interlaced=0 bluray_compat=0 constrained_intra=0 bframes=0 weightp=2 keyint=48 keyint_min=4 scenecut=40 intra_refresh=0 rc_lookahead=40 rc=crf mbtree=1 crf=23.0 qcomp=0.60 qpmin=0 qpmax=69 qpstep=4 ip_ratio=1.40 aq=1:1.00
[2026-10-02 18:43:17.761] [info] [native_av] encoder bitstream contract: codec=27 profile=100 level=-99 pix_fmt=0 parameter_sets=43 materialized=true
[2026-10-02 18:43:17.761] [info] [native_av] Opened native encoder: 640x360 @ 24fps, codec=libx264, rc=crf, preset=medium, output='/tmp/velox-image-software-cert/inputs/image_neon_trace/catalog-motions.partial.mp4'
[2026-10-02 18:43:19.080] [info] ImageCache: loaded 'assets/semantic/certification-image.jpg' (480x360) in 779.711ms
[2026-10-02 18:43:19.229] [info] [temp-lifetime] frame=0 after_level=0 live=[0,1,4,6,] retired=[]
[2026-10-02 18:43:19.230] [info] [exec-level-diag] frame=0 level=0 nodes=4 input_ms=0.008 dispatch_ms=38.888 fb_release_ms=0.007
[2026-10-02 18:43:19.230] [info] [graph-edge] frame=0 level=1 consumer_id=2 input_index=0 producer_id=0 producer_level=0
[2026-10-02 18:43:19.230] [info] [graph-edge] frame=0 level=1 consumer_id=2 input_index=1 producer_id=1 producer_level=0
[2026-10-02 18:43:19.242] [info] [temp-lifetime] frame=0 after_level=1 live=[2,4,6,] retired=[0,1,]
[2026-10-02 18:43:19.242] [info] [exec-level-diag] frame=0 level=1 nodes=1 input_ms=0.108 dispatch_ms=11.677 fb_release_ms=0.014
[2026-10-02 18:43:19.242] [info] [graph-edge] frame=0 level=2 consumer_id=5 input_index=0 producer_id=2 producer_level=1
[2026-10-02 18:43:19.242] [info] [graph-edge] frame=0 level=2 consumer_id=5 input_index=1 producer_id=4 producer_level=0
[2026-10-02 18:43:19.243] [info] [temp-lifetime] frame=0 after_level=2 live=[5,6,] retired=[2,4,]
[2026-10-02 18:43:19.243] [info] [exec-level-diag] frame=0 level=2 nodes=1 input_ms=0.104 dispatch_ms=1.543 fb_release_ms=0.008
[2026-10-02 18:43:19.244] [info] [graph-edge] frame=0 level=3 consumer_id=7 input_index=0 producer_id=5 producer_level=2
[2026-10-02 18:43:19.244] [info] [graph-edge] frame=0 level=3 consumer_id=7 input_index=1 producer_id=6 producer_level=0
[2026-10-02 18:43:19.244] [info] [temp-lifetime] frame=0 after_level=3 live=[7,] retired=[5,6,]
[2026-10-02 18:43:19.244] [info] [exec-level-diag] frame=0 level=3 nodes=1 input_ms=0.104 dispatch_ms=0.154 fb_release_ms=0.026
[2026-10-02 18:43:19.283] [info] [pool-warm] Pre-allocated 4 canvas buffers (640x384 bucket) at startup
[2026-10-02 18:43:19.500] [info] [pool-warm] Pre-allocated 3 buffers (text-bbox+glow-pad) bucket 1920x1024 at startup
[2026-10-02 18:43:19.567] [info] [pool-warm] Pre-allocated 3 buffers (downsample-half) bucket 1024x640 at startup
[2026-10-02 18:43:19.591] [info] [pool-warm] Pre-allocated 3 buffers (downsample-quarter) bucket 512x384 at startup
[2026-10-02 18:43:19.621] [info] [video] Exporting via Arena-backed SIMD pipeline
[2026-10-02 18:43:19.639] [info] [temp-lifetime] frame=1 after_level=0 live=[0,1,4,6,] retired=[]
[2026-10-02 18:43:19.640] [info] [exec-level-diag] frame=1 level=0 nodes=4 input_ms=0.007 dispatch_ms=15.816 fb_release_ms=0.007
[2026-10-02 18:43:19.640] [info] [graph-edge] frame=1 level=1 consumer_id=2 input_index=0 producer_id=0 producer_level=0
[2026-10-02 18:43:19.640] [info] [graph-edge] frame=1 level=1 consumer_id=2 input_index=1 producer_id=1 producer_level=0
[2026-10-02 18:43:19.644] [info] [temp-lifetime] frame=1 after_level=1 live=[2,4,6,] retired=[0,1,]
[2026-10-02 18:43:19.644] [info] [exec-level-diag] frame=1 level=1 nodes=1 input_ms=0.103 dispatch_ms=4.061 fb_release_ms=0.012
[2026-10-02 18:43:19.644] [info] [graph-edge] frame=1 level=2 consumer_id=5 input_index=0 producer_id=2 producer_level=1
[2026-10-02 18:43:19.644] [info] [graph-edge] frame=1 level=2 consumer_id=5 input_index=1 producer_id=4 producer_level=0
[2026-10-02 18:43:19.647] [info] [temp-lifetime] frame=1 after_level=2 live=[5,6,] retired=[2,4,]
[2026-10-02 18:43:19.647] [info] [exec-level-diag] frame=1 level=2 nodes=1 input_ms=0.070 dispatch_ms=2.788 fb_release_ms=0.008
[2026-10-02 18:43:19.647] [info] [graph-edge] frame=1 level=3 consumer_id=7 input_index=0 producer_id=5 producer_level=2
[2026-10-02 18:43:19.647] [info] [graph-edge] frame=1 level=3 consumer_id=7 input_index=1 producer_id=6 producer_level=0
[2026-10-02 18:43:19.647] [info] [temp-lifetime] frame=1 after_level=3 live=[7,] retired=[5,6,]
[2026-10-02 18:43:19.647] [info] [exec-level-diag] frame=1 level=3 nodes=1 input_ms=0.089 dispatch_ms=0.129 fb_release_ms=0.029
[2026-10-02 18:43:19.671] [info] [temp-lifetime] frame=2 after_level=0 live=[0,1,4,6,] retired=[]
[2026-10-02 18:43:19.671] [info] [exec-level-diag] frame=2 level=0 nodes=4 input_ms=0.003 dispatch_ms=20.626 fb_release_ms=0.009
[2026-10-02 18:43:19.671] [info] [graph-edge] frame=2 level=1 consumer_id=2 input_index=0 producer_id=0 producer_level=0
[2026-10-02 18:43:19.671] [info] [graph-edge] frame=2 level=1 consumer_id=2 input_index=1 producer_id=1 producer_level=0
[2026-10-02 18:43:19.677] [info] [temp-lifetime] frame=2 after_level=1 live=[2,4,6,] retired=[0,1,]
[2026-10-02 18:43:19.677] [info] [exec-level-diag] frame=2 level=1 nodes=1 input_ms=0.103 dispatch_ms=4.988 fb_release_ms=0.015
[2026-10-02 18:43:19.677] [info] [graph-edge] frame=2 level=2 consumer_id=5 input_index=0 producer_id=2 producer_level=1
[2026-10-02 18:43:19.677] [info] [graph-edge] frame=2 level=2 consumer_id=5 input_index=1 producer_id=4 producer_level=0
[2026-10-02 18:43:19.679] [info] [temp-lifetime] frame=2 after_level=2 live=[5,6,] retired=[2,4,]
[2026-10-02 18:43:19.679] [info] [exec-level-diag] frame=2 level=2 nodes=1 input_ms=0.074 dispatch_ms=1.869 fb_release_ms=0.008
[2026-10-02 18:43:19.679] [info] [graph-edge] frame=2 level=3 consumer_id=7 input_index=0 producer_id=5 producer_level=2
[2026-10-02 18:43:19.679] [info] [graph-edge] frame=2 level=3 consumer_id=7 input_index=1 producer_id=6 producer_level=0
[2026-10-02 18:43:19.679] [info] [temp-lifetime] frame=2 after_level=3 live=[7,] retired=[5,6,]
[2026-10-02 18:43:19.679] [info] [exec-level-diag] frame=2 level=3 nodes=1 input_ms=0.093 dispatch_ms=0.134 fb_release_ms=0.026
[2026-10-02 18:43:19.680] [info] [video]   4/48 frames
[2026-10-02 18:43:19.777] [info] [video]   8/48 frames
[2026-10-02 18:43:19.865] [info] [video]   12/48 frames
[2026-10-02 18:43:19.968] [info] [video]   16/48 frames
[2026-10-02 18:43:20.091] [info] [video]   20/48 frames
[2026-10-02 18:43:20.208] [info] [video]   24/48 frames
[2026-10-02 18:43:20.648] [info] [video]   28/48 frames
[2026-10-02 18:43:21.670] [info] [video]   32/48 frames
[2026-10-02 18:43:22.183] [info] [video]   36/48 frames
[2026-10-02 18:43:22.282] [info] [video]   40/48 frames
[2026-10-02 18:43:22.375] [info] [video]   44/48 frames
[2026-10-02 18:43:22.484] [info] [video]   48/48 frames
[2026-10-02 18:43:22.560] [info] [video] writer join complete
[2026-10-02 18:43:22.561] [info] [drain-debug] start drain, capacity=6
[2026-10-02 18:43:22.561] [info] [drain-debug] reap done, busy_count=0
[2026-10-02 18:43:22.561] [info] [video] trimming framebuffer pool
[2026-10-02 18:43:22.619] [info] [video] Released framebuffer pool — memory trimmed
[2026-10-02 18:43:22.619] [info] [video] frame-loop cleanup complete
[2026-10-02 18:43:22.619] [info] [video] Encoder write blocked duration: 0.00 ms
[2026-10-02 18:43:22.619] [info] [video_diag] conversion_and_copy_duration_ms: 222 ms
[2026-10-02 18:43:22.619] [info] [video_diag] conversion_bytes_written=0 encoder_staging_copy_bytes=0 encoder_slot_reuses=0
[2026-10-02 18:43:22.619] [info] [native_av] close: sending encoder flush
[2026-10-02 18:43:22.619] [info] [native_av] close: encoder flush accepted
[2026-10-02 18:43:22.848] [info] [native_av] close: packets drained=true
[2026-10-02 18:43:22.848] [info] [native_av] close: finalizing mux session
[2026-10-02 18:43:22.848] [info] [native_av] close: mux session finalized
[2026-10-02 18:43:22.848] [info] [native_av] Closed native encoder — 48 frames accepted, encoder_packets=48 mux_packets=48 packet_pts=0..47, YUV cache: 0 hits / 48 misses
[2026-10-02 18:43:22.848] [info] [video_native] convert=250.80ms  send_frame=127.27ms  backpressure=53.07ms  flush=229.16ms  receive_packet=280.68ms  mux_write=0.77ms  trailer=0.38ms
[2026-10-02 18:43:22.849] [info] [video] render_ms=2889.56 encode_ms=340.79 writer_encode_ms=439.65 wall_ms=5109.25 nvml_stop_ms=0.17
[2026-10-02 18:43:22.849] [info] [video] FFmpeg queue wait duration: 0.65 ms
[2026-10-02 18:43:22.851] [info] [video] copy_eligible=true sha256=06e99dd4bdc523afcc0886fdd2b739cd6fc32c0a3866bdfea1804bba84f134f2
[2026-10-02 18:43:22.852] [info] [video] Wrote /tmp/velox-image-software-cert/inputs/image_neon_trace/catalog-motions.mp4
[2026-10-02 18:43:22.852] [info] [startup-profile] total=491.56ms logger=0.11ms cli_bootstrap=10.08ms cli_parse=0.00ms composition=0.31ms plan_read=0.13ms json_parse=1.29ms plan_decode_validate=404.40ms asset_resolve=0.03ms plan_compile=5.74ms other=0.00ms
[2026-10-02 18:43:22.882] [info] [video] Wrote exact per-frame timing sidecar: /tmp/velox-image-software-cert/inputs/image_neon_trace/catalog-motions.mp4.timing.json
[libx264 @ 0x56445c7720c0] frame I:1     Avg QP:12.00  size:    90
[libx264 @ 0x56445c7720c0] frame P:47    Avg QP:14.09  size:   343
[libx264 @ 0x56445c7720c0] mb I  I16..4: 100.0%  0.0%  0.0%
[libx264 @ 0x56445c7720c0] mb P  I16..4:  7.5%  0.3%  0.1%  P16..4:  5.9%  0.2%  0.0%  0.0%  0.0%    skip:85.8%
[libx264 @ 0x56445c7720c0] 8x8 transform intra:3.3% inter:92.3%
[libx264 @ 0x56445c7720c0] coded y,uvDC,uvAC intra: 2.1% 23.4% 10.1% inter: 0.6% 4.3% 1.2%
[libx264 @ 0x56445c7720c0] i16 v,h,dc,p: 76% 22%  3%  0%
[libx264 @ 0x56445c7720c0] i8 v,h,dc,ddl,ddr,vr,hd,vl,hu:  5% 19% 40% 25%  1%  1%  0%  4%  5%
[libx264 @ 0x56445c7720c0] i4 v,h,dc,ddl,ddr,vr,hd,vl,hu: 11% 54% 18%  4%  0%  0%  2%  7%  4%
[libx264 @ 0x56445c7720c0] i8c dc,h,v,p: 52% 27% 21%  0%
[libx264 @ 0x56445c7720c0] Weighted P-Frames: Y:14.9% UV:12.8%
[libx264 @ 0x56445c7720c0] ref P L0: 90.4%  0.7%  5.9%  3.0%
[libx264 @ 0x56445c7720c0] kb/s:64.92
[2026-10-02 18:43:22.887] [info] [INFO] job-lifecycle: slot_pool_close_ms=0.0 surface_release_ms=0.0
[2026-10-02 18:43:23.102] [info] [INFO] job-lifecycle: queue_close_ms=0.0 writer_join_ms=0.0 encoder_reset_ms=1.9 decoder_reset_ms=0.0 full_graph_reset_ms=214.8 sink_ctx_reset_ms=0.0 device_runtime_reset_ms=0.0 device_reservation_reset_ms=0.0
[2026-10-02 18:43:23.109] [info] [INFO] job-lifecycle: sidecar_write_ms=33.2 session_teardown_ms=223.7
[2026-10-02 18:43:23.118] [info] [INFO] job-lifecycle: execute_ms=5379.4 receipt_build_ms=0.0 receipt_write_ms=0.0 caller_tail_ms=0.0
