[2026-10-02 18:42:15.864] [info] [overlay-prepare] validated package=/tmp/velox-image-software-cert/inputs/image_glow_ring_expand/prepared.json hash=f2b3f5a86712a6e63bfa1bb712497968c6dfcc57654064831af8c78832c2b444 assets=1 text_runs=1 overlays=3
[2026-10-02 18:42:15.868] [info] [asset-profile] kind=3 path=assets/fonts/Poppins-Bold.ttf bytes=155996 cache=miss invalidated=0 stat=0.01ms hash=3.71ms hashed_bytes=155996 total=3.85ms
[2026-10-02 18:42:15.869] [info] [asset-profile] kind=0 path=assets/semantic/certification-image.jpg bytes=4146 cache=miss invalidated=0 stat=0.01ms hash=0.14ms hashed_bytes=4146 total=0.26ms
[2026-10-02 18:42:15.869] [info] [asset-digest-cache] hits=0 misses=2 invalidations=0 bytes_hashed=160142 lookup_ms=0.01 write_ms=0.03 full_hash_ms=3.84
[2026-10-02 18:42:15.870] [info] [plan-profile] read=0.15ms parse=1.33ms decode=400.89ms resolver=0.03ms compile_validate=5.80ms total=409.99ms
[2026-10-02 18:42:15.871] [info] [asset-profile] kind=3 path=assets/fonts/Poppins-Bold.ttf bytes=155996 cache=hit invalidated=0 stat=0.01ms hash=0.00ms hashed_bytes=0 total=0.10ms
[2026-10-02 18:42:15.871] [info] [asset-profile] kind=0 path=assets/semantic/certification-image.jpg bytes=4146 cache=hit invalidated=0 stat=0.01ms hash=0.00ms hashed_bytes=0 total=0.10ms
[2026-10-02 18:42:15.871] [info] [asset-digest-cache] hits=2 misses=0 invalidations=0 bytes_hashed=0 lookup_ms=0.01 write_ms=0.00 full_hash_ms=0.00
[2026-10-02 18:42:15.873] [info] [plan-compile-profile] assets=0.48ms fingerprint=1.47ms media_resolution=0.00ms materialize=0.23ms composition_compile=0.00ms compatibility_view=0.08ms total=2.62ms
[2026-10-02 18:42:15.874] [info] [video] Auto-selecting yuv420p pipe pixel format for 640x360 output
[2026-10-02 18:42:15.874] [info] [video] execution plan resolved (reason: render_graph_default); decode=2 composite=3 encode=2 interop=0 handoff=3 codec=3
[2026-10-02 18:42:15.919] [info] [video-runtime] created persistent runtime for device 0 (CUDA ordinal 0)
[2026-10-02 18:42:15.919] [info] [video] encoder feed capability: host_frame=true direct_yuv=false native_surface=false
[libx264 @ 0x55abfd0ecfc0] using cpu capabilities: MMX2 SSE2Fast SSSE3 SSE4.2 AVX
[libx264 @ 0x55abfd0ecfc0] profile High, level 3.0, 4:2:0, 8-bit
[libx264 @ 0x55abfd0ecfc0] 264 - core 163 r3060 5db6aa6 - H.264/MPEG-4 AVC codec - Copyleft 2003-2021 - http://www.videolan.org/x264.html - options: cabac=1 ref=3 deblock=1:0:0 analyse=0x3:0x113 me=hex subme=7 psy=1 psy_rd=1.00:0.00 mixed_ref=1 me_range=16 chroma_me=1 trellis=1 8x8dct=1 cqm=0 deadzone=21,11 fast_pskip=1 chroma_qp_offset=-2 threads=1 lookahead_threads=1 sliced_threads=0 nr=0 decimate=1 interlaced=0 bluray_compat=0 constrained_intra=0 bframes=0 weightp=2 keyint=48 keyint_min=4 scenecut=40 intra_refresh=0 rc_lookahead=40 rc=crf mbtree=1 crf=23.0 qcomp=0.60 qpmin=0 qpmax=69 qpstep=4 ip_ratio=1.40 aq=1:1.00
[2026-10-02 18:42:15.922] [info] [native_av] encoder bitstream contract: codec=27 profile=100 level=-99 pix_fmt=0 parameter_sets=43 materialized=true
[2026-10-02 18:42:15.923] [info] [native_av] Opened native encoder: 640x360 @ 24fps, codec=libx264, rc=crf, preset=medium, output='/tmp/velox-image-software-cert/inputs/image_glow_ring_expand/catalog-motions.partial.mp4'
[2026-10-02 18:42:17.259] [info] ImageCache: loaded 'assets/semantic/certification-image.jpg' (480x360) in 794.382ms
[2026-10-02 18:42:17.591] [info] [temp-lifetime] frame=0 after_level=0 live=[0,1,3,6,] retired=[]
[2026-10-02 18:42:17.591] [info] [exec-level-diag] frame=0 level=0 nodes=4 input_ms=0.021 dispatch_ms=229.747 fb_release_ms=0.014
[2026-10-02 18:42:17.591] [info] [graph-edge] frame=0 level=1 consumer_id=2 input_index=0 producer_id=0 producer_level=0
[2026-10-02 18:42:17.591] [info] [graph-edge] frame=0 level=1 consumer_id=2 input_index=1 producer_id=1 producer_level=0
[2026-10-02 18:42:17.591] [info] [graph-edge] frame=0 level=1 consumer_id=4 input_index=0 producer_id=3 producer_level=0
[2026-10-02 18:42:18.436] [info] [temp-lifetime] frame=0 after_level=1 live=[2,4,6,] retired=[0,1,3,]
[2026-10-02 18:42:18.436] [info] [exec-level-diag] frame=0 level=1 nodes=2 input_ms=0.168 dispatch_ms=844.900 fb_release_ms=0.040
[2026-10-02 18:42:18.436] [info] [graph-edge] frame=0 level=2 consumer_id=5 input_index=0 producer_id=2 producer_level=1
[2026-10-02 18:42:18.436] [info] [graph-edge] frame=0 level=2 consumer_id=5 input_index=1 producer_id=4 producer_level=1
[2026-10-02 18:42:18.438] [info] [temp-lifetime] frame=0 after_level=2 live=[5,6,] retired=[2,4,]
[2026-10-02 18:42:18.438] [info] [exec-level-diag] frame=0 level=2 nodes=1 input_ms=0.107 dispatch_ms=1.199 fb_release_ms=0.017
[2026-10-02 18:42:18.438] [info] [graph-edge] frame=0 level=3 consumer_id=7 input_index=0 producer_id=5 producer_level=2
[2026-10-02 18:42:18.438] [info] [graph-edge] frame=0 level=3 consumer_id=7 input_index=1 producer_id=6 producer_level=0
[2026-10-02 18:42:18.438] [info] [temp-lifetime] frame=0 after_level=3 live=[7,] retired=[5,6,]
[2026-10-02 18:42:18.438] [info] [exec-level-diag] frame=0 level=3 nodes=1 input_ms=0.069 dispatch_ms=0.127 fb_release_ms=0.025
[2026-10-02 18:42:18.479] [info] [pool-warm] Pre-allocated 4 canvas buffers (640x384 bucket) at startup
[2026-10-02 18:42:18.695] [info] [pool-warm] Pre-allocated 3 buffers (text-bbox+glow-pad) bucket 1920x1024 at startup
[2026-10-02 18:42:18.761] [info] [pool-warm] Pre-allocated 3 buffers (downsample-half) bucket 1024x640 at startup
[2026-10-02 18:42:18.784] [info] [pool-warm] Pre-allocated 3 buffers (downsample-quarter) bucket 512x384 at startup
[2026-10-02 18:42:18.812] [info] [video] Exporting via Arena-backed SIMD pipeline
[2026-10-02 18:42:19.027] [info] [temp-lifetime] frame=1 after_level=0 live=[0,1,3,6,] retired=[]
[2026-10-02 18:42:19.027] [info] [exec-level-diag] frame=1 level=0 nodes=4 input_ms=0.008 dispatch_ms=203.793 fb_release_ms=0.008
[2026-10-02 18:42:19.027] [info] [graph-edge] frame=1 level=1 consumer_id=2 input_index=0 producer_id=0 producer_level=0
[2026-10-02 18:42:19.027] [info] [graph-edge] frame=1 level=1 consumer_id=2 input_index=1 producer_id=1 producer_level=0
[2026-10-02 18:42:19.027] [info] [graph-edge] frame=1 level=1 consumer_id=4 input_index=0 producer_id=3 producer_level=0
[2026-10-02 18:42:19.620] [info] [temp-lifetime] frame=1 after_level=1 live=[2,4,6,] retired=[0,1,3,]
[2026-10-02 18:42:19.620] [info] [exec-level-diag] frame=1 level=1 nodes=2 input_ms=0.154 dispatch_ms=592.395 fb_release_ms=0.056
[2026-10-02 18:42:19.620] [info] [graph-edge] frame=1 level=2 consumer_id=5 input_index=0 producer_id=2 producer_level=1
[2026-10-02 18:42:19.620] [info] [graph-edge] frame=1 level=2 consumer_id=5 input_index=1 producer_id=4 producer_level=1
[2026-10-02 18:42:19.623] [info] [temp-lifetime] frame=1 after_level=2 live=[5,6,] retired=[2,4,]
[2026-10-02 18:42:19.623] [info] [exec-level-diag] frame=1 level=2 nodes=1 input_ms=0.250 dispatch_ms=2.911 fb_release_ms=0.016
[2026-10-02 18:42:19.624] [info] [graph-edge] frame=1 level=3 consumer_id=7 input_index=0 producer_id=5 producer_level=2
[2026-10-02 18:42:19.624] [info] [graph-edge] frame=1 level=3 consumer_id=7 input_index=1 producer_id=6 producer_level=0
[2026-10-02 18:42:19.624] [info] [temp-lifetime] frame=1 after_level=3 live=[7,] retired=[5,6,]
[2026-10-02 18:42:19.624] [info] [exec-level-diag] frame=1 level=3 nodes=1 input_ms=0.101 dispatch_ms=0.162 fb_release_ms=0.022
[2026-10-02 18:42:19.853] [info] [temp-lifetime] frame=2 after_level=0 live=[0,1,3,6,] retired=[]
[2026-10-02 18:42:19.853] [info] [exec-level-diag] frame=2 level=0 nodes=4 input_ms=0.004 dispatch_ms=224.285 fb_release_ms=0.011
[2026-10-02 18:42:19.853] [info] [graph-edge] frame=2 level=1 consumer_id=2 input_index=0 producer_id=0 producer_level=0
[2026-10-02 18:42:19.853] [info] [graph-edge] frame=2 level=1 consumer_id=2 input_index=1 producer_id=1 producer_level=0
[2026-10-02 18:42:19.853] [info] [graph-edge] frame=2 level=1 consumer_id=4 input_index=0 producer_id=3 producer_level=0
[2026-10-02 18:42:20.577] [info] [temp-lifetime] frame=2 after_level=1 live=[2,4,6,] retired=[0,1,3,]
[2026-10-02 18:42:20.578] [info] [exec-level-diag] frame=2 level=1 nodes=2 input_ms=0.520 dispatch_ms=723.715 fb_release_ms=0.056
[2026-10-02 18:42:20.578] [info] [graph-edge] frame=2 level=2 consumer_id=5 input_index=0 producer_id=2 producer_level=1
[2026-10-02 18:42:20.578] [info] [graph-edge] frame=2 level=2 consumer_id=5 input_index=1 producer_id=4 producer_level=1
[2026-10-02 18:42:20.580] [info] [temp-lifetime] frame=2 after_level=2 live=[5,6,] retired=[2,4,]
[2026-10-02 18:42:20.580] [info] [exec-level-diag] frame=2 level=2 nodes=1 input_ms=0.132 dispatch_ms=2.631 fb_release_ms=0.021
[2026-10-02 18:42:20.581] [info] [graph-edge] frame=2 level=3 consumer_id=7 input_index=0 producer_id=5 producer_level=2
[2026-10-02 18:42:20.581] [info] [graph-edge] frame=2 level=3 consumer_id=7 input_index=1 producer_id=6 producer_level=0
[2026-10-02 18:42:20.581] [info] [temp-lifetime] frame=2 after_level=3 live=[7,] retired=[5,6,]
[2026-10-02 18:42:20.581] [info] [exec-level-diag] frame=2 level=3 nodes=1 input_ms=0.067 dispatch_ms=0.155 fb_release_ms=0.026
[2026-10-02 18:42:20.581] [info] [video]   4/48 frames
[2026-10-02 18:42:24.016] [info] [video]   8/48 frames
[2026-10-02 18:42:27.512] [info] [video]   12/48 frames
[2026-10-02 18:42:31.162] [info] [video]   16/48 frames
[2026-10-02 18:42:34.681] [info] [video]   20/48 frames
[2026-10-02 18:42:38.429] [info] [video]   24/48 frames
[2026-10-02 18:42:42.198] [info] [video]   28/48 frames
[2026-10-02 18:42:45.799] [info] [video]   32/48 frames
[2026-10-02 18:42:49.145] [info] [video]   36/48 frames
[2026-10-02 18:42:52.617] [info] [video]   40/48 frames
[2026-10-02 18:42:55.984] [info] [video]   44/48 frames
[2026-10-02 18:42:59.312] [info] [video]   48/48 frames
[2026-10-02 18:43:00.287] [info] [video] writer join complete
[2026-10-02 18:43:00.287] [info] [drain-debug] start drain, capacity=6
[2026-10-02 18:43:00.287] [info] [drain-debug] reap done, busy_count=0
[2026-10-02 18:43:00.287] [info] [video] trimming framebuffer pool
[2026-10-02 18:43:00.479] [info] [video] Released framebuffer pool — memory trimmed
[2026-10-02 18:43:00.479] [info] [video] frame-loop cleanup complete
[2026-10-02 18:43:00.480] [info] [video] Encoder write blocked duration: 0.00 ms
[2026-10-02 18:43:00.480] [info] [video_diag] conversion_and_copy_duration_ms: 190 ms
[2026-10-02 18:43:00.480] [info] [video_diag] conversion_bytes_written=0 encoder_staging_copy_bytes=0 encoder_slot_reuses=0
[2026-10-02 18:43:00.480] [info] [native_av] close: sending encoder flush
[2026-10-02 18:43:00.480] [info] [native_av] close: encoder flush accepted
[2026-10-02 18:43:00.636] [info] [native_av] close: packets drained=true
[2026-10-02 18:43:00.636] [info] [native_av] close: finalizing mux session
[2026-10-02 18:43:00.637] [info] [native_av] close: mux session finalized
[2026-10-02 18:43:00.637] [info] [native_av] Closed native encoder — 48 frames accepted, encoder_packets=48 mux_packets=48 packet_pts=0..47, YUV cache: 0 hits / 48 misses
[2026-10-02 18:43:00.637] [info] [video_native] convert=216.77ms  send_frame=98.17ms  backpressure=30.58ms  flush=157.15ms  receive_packet=186.29ms  mux_write=0.65ms  trailer=0.46ms
[2026-10-02 18:43:00.637] [info] [video] render_ms=41459.00 encode_ms=369.90 writer_encode_ms=347.48 wall_ms=44763.17 nvml_stop_ms=0.20
[2026-10-02 18:43:00.637] [info] [video] FFmpeg queue wait duration: 0.66 ms
[2026-10-02 18:43:00.641] [info] [video] copy_eligible=true sha256=b140982c5b75865c882662691e85097a51757e1c9dffbb24e2a4862892a4251f
[2026-10-02 18:43:00.641] [info] [video] Wrote /tmp/velox-image-software-cert/inputs/image_glow_ring_expand/catalog-motions.mp4
[2026-10-02 18:43:00.641] [info] [startup-profile] total=512.25ms logger=0.12ms cli_bootstrap=9.98ms cli_parse=0.00ms composition=0.33ms plan_read=0.15ms json_parse=1.33ms plan_decode_validate=400.89ms asset_resolve=0.03ms plan_compile=5.80ms other=0.00ms
[2026-10-02 18:43:00.667] [info] [video] Wrote exact per-frame timing sidecar: /tmp/velox-image-software-cert/inputs/image_glow_ring_expand/catalog-motions.mp4.timing.json
[libx264 @ 0x55abfd0ecfc0] frame I:1     Avg QP:13.60  size:  3495
[libx264 @ 0x55abfd0ecfc0] frame P:47    Avg QP:15.49  size:   192
[libx264 @ 0x55abfd0ecfc0] mb I  I16..4: 93.0%  6.0%  1.0%
[libx264 @ 0x55abfd0ecfc0] mb P  I16..4:  1.1%  0.1%  0.0%  P16..4:  4.6%  0.6%  0.1%  0.0%  0.0%    skip:93.4%
[libx264 @ 0x55abfd0ecfc0] 8x8 transform intra:6.8% inter:85.1%
[libx264 @ 0x55abfd0ecfc0] coded y,uvDC,uvAC intra: 2.9% 40.1% 30.9% inter: 0.3% 1.6% 0.3%
[libx264 @ 0x55abfd0ecfc0] i16 v,h,dc,p: 54% 43%  3%  0%
[libx264 @ 0x55abfd0ecfc0] i8 v,h,dc,ddl,ddr,vr,hd,vl,hu: 44% 29% 14%  0%  0%  0%  0%  0% 12%
[libx264 @ 0x55abfd0ecfc0] i4 v,h,dc,ddl,ddr,vr,hd,vl,hu: 59% 32%  8%  1%  0%  0%  0%  0%  0%
[libx264 @ 0x55abfd0ecfc0] i8c dc,h,v,p: 32% 41% 26%  0%
[libx264 @ 0x55abfd0ecfc0] Weighted P-Frames: Y:0.0% UV:0.0%
[libx264 @ 0x55abfd0ecfc0] ref P L0: 60.9%  0.6% 24.4% 14.1%
[libx264 @ 0x55abfd0ecfc0] kb/s:50.08
[2026-10-02 18:43:00.670] [info] [INFO] job-lifecycle: slot_pool_close_ms=0.0 surface_release_ms=0.0
[2026-10-02 18:43:00.703] [info] [INFO] job-lifecycle: queue_close_ms=0.0 writer_join_ms=0.0 encoder_reset_ms=1.4 decoder_reset_ms=0.0 full_graph_reset_ms=32.0 sink_ctx_reset_ms=0.0 device_runtime_reset_ms=0.0 device_reservation_reset_ms=0.0
[2026-10-02 18:43:00.703] [info] [INFO] job-lifecycle: sidecar_write_ms=27.9 session_teardown_ms=33.8
[2026-10-02 18:43:00.716] [info] [INFO] job-lifecycle: execute_ms=44842.0 receipt_build_ms=0.0 receipt_write_ms=0.0 caller_tail_ms=0.0
